GAS LISTING /tmp/cca4xmd4.s 			page 1


   1               		.file	"adc.cpp"
   2               	__SP_H__ = 0x3e
   3               	__SP_L__ = 0x3d
   4               	__SREG__ = 0x3f
   5               	__tmp_reg__ = 0
   6               	__zero_reg__ = 1
   7               		.text
   8               	.Ltext0:
   9               		.cfi_sections	.debug_frame
  10               		.section	.text._ZN3AdcC2Ev,"ax",@progbits
  11               	.global	_ZN3AdcC2Ev
  13               	_ZN3AdcC2Ev:
  14               	.LFB79:
  15               		.file 1 "funsape/peripheral/adc.cpp"
   1:funsape/peripheral/adc.cpp **** //!
   2:funsape/peripheral/adc.cpp **** //! ****************************************************************************
   3:funsape/peripheral/adc.cpp **** //! @file           adc.cpp
   4:funsape/peripheral/adc.cpp **** //! @author         Leandro Schwarz (bladabuska+funsapeavr8lib@gmail.com)
   5:funsape/peripheral/adc.cpp **** //! @brief          Analog-to-Digital Converter peripheral control.
   6:funsape/peripheral/adc.cpp **** //! @details        This file provides peripheral control for the ADC
   7:funsape/peripheral/adc.cpp **** //!                     peripheral control for the FunSAPE++ AVR8 Library.
   8:funsape/peripheral/adc.cpp **** //! @date           2026-04-01
   9:funsape/peripheral/adc.cpp **** //! @version        26.04
  10:funsape/peripheral/adc.cpp **** //! @copyright      MIT License
  11:funsape/peripheral/adc.cpp **** //! @note           No notes at this time.
  12:funsape/peripheral/adc.cpp **** //! @todo           No items in todo list yet.
  13:funsape/peripheral/adc.cpp **** //! @bug            No bugs detected yet.
  14:funsape/peripheral/adc.cpp **** //! ****************************************************************************
  15:funsape/peripheral/adc.cpp **** //! @attention
  16:funsape/peripheral/adc.cpp **** //!
  17:funsape/peripheral/adc.cpp **** //! MIT License
  18:funsape/peripheral/adc.cpp **** //!
  19:funsape/peripheral/adc.cpp **** //! Copyright (c) 2026 Leandro Schwarz
  20:funsape/peripheral/adc.cpp **** //!
  21:funsape/peripheral/adc.cpp **** //! Permission is hereby granted, free of charge, to any person obtaining a copy
  22:funsape/peripheral/adc.cpp **** //!     of this software and associated documentation files (the "Software"), to
  23:funsape/peripheral/adc.cpp **** //!     deal in the Software without restriction, including without limitation
  24:funsape/peripheral/adc.cpp **** //!     the rights to use, copy, modify, merge, publish, distribute, sublicense,
  25:funsape/peripheral/adc.cpp **** //!     and/or sell copies of the Software, and to permit persons to whom the
  26:funsape/peripheral/adc.cpp **** //!     Software is furnished to do so, subject to the following conditions:
  27:funsape/peripheral/adc.cpp **** //!
  28:funsape/peripheral/adc.cpp **** //! The above copyright notice and this permission notice shall be included in
  29:funsape/peripheral/adc.cpp **** //!     all copies or substantial portions of the Software.
  30:funsape/peripheral/adc.cpp **** //!
  31:funsape/peripheral/adc.cpp **** //! THE SOFTWARE IS PROVIDED "AS IS", WITHOUT WARRANTY OF ANY KIND, EXPRESS OR
  32:funsape/peripheral/adc.cpp **** //!     IMPLIED, INCLUDING BUT NOT LIMITED TO THE WARRANTIES OF MERCHANTABILITY,
  33:funsape/peripheral/adc.cpp **** //!     FITNESS FOR A PARTICULAR PURPOSE AND NONINFRINGEMENT. IN NO EVENT SHALL
  34:funsape/peripheral/adc.cpp **** //!     THE AUTHORS OR COPYRIGHT HOLDERS BE LIABLE FOR ANY CLAIM, DAMAGES OR
  35:funsape/peripheral/adc.cpp **** //!     OTHER LIABILITY, WHETHER IN AN ACTION OF CONTRACT, TORT OR OTHERWISE,
  36:funsape/peripheral/adc.cpp **** //!     ARISING FROM, OUT OF OR IN CONNECTION WITH THE SOFTWARE OR THE USE OR
  37:funsape/peripheral/adc.cpp **** //!     OTHER DEALINGS IN THE SOFTWARE.
  38:funsape/peripheral/adc.cpp **** //!
  39:funsape/peripheral/adc.cpp **** //! ****************************************************************************
  40:funsape/peripheral/adc.cpp **** //!
  41:funsape/peripheral/adc.cpp **** 
  42:funsape/peripheral/adc.cpp **** // =============================================================================
  43:funsape/peripheral/adc.cpp **** // System file dependencies
GAS LISTING /tmp/cca4xmd4.s 			page 2


  44:funsape/peripheral/adc.cpp **** // =============================================================================
  45:funsape/peripheral/adc.cpp **** 
  46:funsape/peripheral/adc.cpp **** #include "adc.hpp"
  47:funsape/peripheral/adc.cpp **** #if !defined(__ADC_HPP)
  48:funsape/peripheral/adc.cpp **** #    error Error 1 - Header file (adc.hpp) is missing or corrupted!
  49:funsape/peripheral/adc.cpp **** #elif __ADC_HPP != 2604
  50:funsape/peripheral/adc.cpp **** #    error Error 6 - Build mismatch between header file (adc.hpp) and source file (adc.cpp)!
  51:funsape/peripheral/adc.cpp **** #endif
  52:funsape/peripheral/adc.cpp **** 
  53:funsape/peripheral/adc.cpp **** // =============================================================================
  54:funsape/peripheral/adc.cpp **** // File exclusive - Constants
  55:funsape/peripheral/adc.cpp **** // =============================================================================
  56:funsape/peripheral/adc.cpp **** 
  57:funsape/peripheral/adc.cpp **** // NONE
  58:funsape/peripheral/adc.cpp **** 
  59:funsape/peripheral/adc.cpp **** // =============================================================================
  60:funsape/peripheral/adc.cpp **** // File exclusive - New data types
  61:funsape/peripheral/adc.cpp **** // =============================================================================
  62:funsape/peripheral/adc.cpp **** 
  63:funsape/peripheral/adc.cpp **** // NONE
  64:funsape/peripheral/adc.cpp **** 
  65:funsape/peripheral/adc.cpp **** // =============================================================================
  66:funsape/peripheral/adc.cpp **** // File exclusive - Macro-functions
  67:funsape/peripheral/adc.cpp **** // =============================================================================
  68:funsape/peripheral/adc.cpp **** 
  69:funsape/peripheral/adc.cpp **** // NONE
  70:funsape/peripheral/adc.cpp **** 
  71:funsape/peripheral/adc.cpp **** // =============================================================================
  72:funsape/peripheral/adc.cpp **** // Global variables
  73:funsape/peripheral/adc.cpp **** // =============================================================================
  74:funsape/peripheral/adc.cpp **** 
  75:funsape/peripheral/adc.cpp **** Adc Adc::_instance;
  76:funsape/peripheral/adc.cpp **** 
  77:funsape/peripheral/adc.cpp **** // =============================================================================
  78:funsape/peripheral/adc.cpp **** // Static functions declarations
  79:funsape/peripheral/adc.cpp **** // =============================================================================
  80:funsape/peripheral/adc.cpp **** 
  81:funsape/peripheral/adc.cpp **** // NONE
  82:funsape/peripheral/adc.cpp **** 
  83:funsape/peripheral/adc.cpp **** // =============================================================================
  84:funsape/peripheral/adc.cpp **** // Public function definitions
  85:funsape/peripheral/adc.cpp **** // =============================================================================
  86:funsape/peripheral/adc.cpp **** 
  87:funsape/peripheral/adc.cpp **** // NONE
  88:funsape/peripheral/adc.cpp **** 
  89:funsape/peripheral/adc.cpp **** // =============================================================================
  90:funsape/peripheral/adc.cpp **** // Class constructors
  91:funsape/peripheral/adc.cpp **** // =============================================================================
  92:funsape/peripheral/adc.cpp **** 
  93:funsape/peripheral/adc.cpp **** Adc::Adc() :
  16               		.loc 1 93 0
  17               		.cfi_startproc
  18               	.LVL0:
  19               	/* prologue: function */
  20               	/* frame size = 0 */
  21               	/* stack size = 0 */
  22               	.L__stack_usage = 0
GAS LISTING /tmp/cca4xmd4.s 			page 3


  23 0000 FC01      		movw r30,r24
  24               	.LBB4:
  94:funsape/peripheral/adc.cpp ****     _isInitialized(false),
  95:funsape/peripheral/adc.cpp ****     _lastError(Error::NONE),
  96:funsape/peripheral/adc.cpp ****     _isEnabled(false),
  97:funsape/peripheral/adc.cpp ****     _prescaler(Adc::Prescaler::DISABLED),
  98:funsape/peripheral/adc.cpp ****     _reference(Adc::Reference::EXTERNAL),
  99:funsape/peripheral/adc.cpp ****     _channel(Adc::Channel::CHANNEL_0),
 100:funsape/peripheral/adc.cpp ****     _mode(Adc::Mode::SINGLE_CONVERSION),
 101:funsape/peripheral/adc.cpp ****     _dataAdjust(Adc::DataPresetation::RIGHT)
  25               		.loc 1 101 0
  26 0002 8081      		ld r24,Z
  27               	.LVL1:
  28 0004 8E7F      		andi r24,lo8(~(1<<0))
  29 0006 8083      		st Z,r24
  30 0008 1282      		std Z+2,__zero_reg__
  31 000a 1182      		std Z+1,__zero_reg__
  32 000c 8381      		ldd r24,Z+3
  33 000e 8E7F      		andi r24,lo8(~(1<<0))
  34 0010 8383      		std Z+3,r24
  35 0012 1482      		std Z+4,__zero_reg__
  36 0014 1582      		std Z+5,__zero_reg__
  37 0016 1682      		std Z+6,__zero_reg__
  38 0018 88E0      		ldi r24,lo8(8)
  39 001a 90E0      		ldi r25,0
  40 001c 9087      		std Z+8,r25
  41 001e 8783      		std Z+7,r24
  42 0020 8185      		ldd r24,Z+9
  43 0022 8E7F      		andi r24,lo8(~(1<<0))
  44 0024 8187      		std Z+9,r24
  45               	/* epilogue start */
  46               	.LBE4:
 102:funsape/peripheral/adc.cpp **** {
 103:funsape/peripheral/adc.cpp ****     // Mark passage for debugging purpose
 104:funsape/peripheral/adc.cpp ****     debugMark(PSTR("Adc::Adc(void)"), Debug::CodeIndex::ADC_MODULE);
 105:funsape/peripheral/adc.cpp **** 
 106:funsape/peripheral/adc.cpp ****     // Returns successfully
 107:funsape/peripheral/adc.cpp ****     debugMessage(Error::NONE, Debug::CodeIndex::ADC_MODULE);
 108:funsape/peripheral/adc.cpp ****     return;
 109:funsape/peripheral/adc.cpp **** }
  47               		.loc 1 109 0
  48 0026 0895      		ret
  49               		.cfi_endproc
  50               	.LFE79:
  52               	.global	_ZN3AdcC1Ev
  53               		.set	_ZN3AdcC1Ev,_ZN3AdcC2Ev
  54               		.section	.text._ZN3AdcD2Ev,"ax",@progbits
  55               	.global	_ZN3AdcD2Ev
  57               	_ZN3AdcD2Ev:
  58               	.LFB82:
 110:funsape/peripheral/adc.cpp **** 
 111:funsape/peripheral/adc.cpp **** Adc::~Adc()
  59               		.loc 1 111 0
  60               		.cfi_startproc
  61               	.LVL2:
  62               	/* prologue: function */
  63               	/* frame size = 0 */
GAS LISTING /tmp/cca4xmd4.s 			page 4


  64               	/* stack size = 0 */
  65               	.L__stack_usage = 0
  66               	/* epilogue start */
 112:funsape/peripheral/adc.cpp **** {
 113:funsape/peripheral/adc.cpp ****     // Mark passage for debugging purpose
 114:funsape/peripheral/adc.cpp ****     debugMark(PSTR("Adc::~Adc(void)"), Debug::CodeIndex::ADC_MODULE);
 115:funsape/peripheral/adc.cpp **** 
 116:funsape/peripheral/adc.cpp ****     // Returns successfully
 117:funsape/peripheral/adc.cpp ****     debugMessage(Error::NONE, Debug::CodeIndex::ADC_MODULE);
 118:funsape/peripheral/adc.cpp ****     return;
 119:funsape/peripheral/adc.cpp **** }
  67               		.loc 1 119 0
  68 0000 0895      		ret
  69               		.cfi_endproc
  70               	.LFE82:
  72               	.global	_ZN3AdcD1Ev
  73               		.set	_ZN3AdcD1Ev,_ZN3AdcD2Ev
  74               		.section	.text._Z41__static_initialization_and_destruction_0ii,"ax",@progbits
  76               	_Z41__static_initialization_and_destruction_0ii:
  77               	.LFB94:
 120:funsape/peripheral/adc.cpp **** 
 121:funsape/peripheral/adc.cpp **** // =============================================================================
 122:funsape/peripheral/adc.cpp **** // Class own methods - Public
 123:funsape/peripheral/adc.cpp **** // =============================================================================
 124:funsape/peripheral/adc.cpp **** 
 125:funsape/peripheral/adc.cpp **** //     ///////////////////     CONTROL AND STATUS     ///////////////////     //
 126:funsape/peripheral/adc.cpp **** 
 127:funsape/peripheral/adc.cpp **** bool_t Adc::init(const Adc::Mode mode_p, const Adc::Reference reference_p, const Adc::Prescaler pre
 128:funsape/peripheral/adc.cpp **** {
 129:funsape/peripheral/adc.cpp ****     // Mark passage for debugging purpose
 130:funsape/peripheral/adc.cpp ****     debugMark(PSTR("Adc::init(const Adc::Mode, const Adc::Reference, const Adc::Prescaler)"), Debug
 131:funsape/peripheral/adc.cpp **** 
 132:funsape/peripheral/adc.cpp ****     // Local variables
 133:funsape/peripheral/adc.cpp ****     uint8_t auxAdcsrA   = MCU_ADC_CONTROL_A_REG;
 134:funsape/peripheral/adc.cpp ****     uint8_t auxAdcsrB   = MCU_ADC_CONTROL_B_REG;
 135:funsape/peripheral/adc.cpp ****     uint8_t auxAdmux    = MCU_ADC_MUX_REG;
 136:funsape/peripheral/adc.cpp **** 
 137:funsape/peripheral/adc.cpp ****     // Configure mode
 138:funsape/peripheral/adc.cpp ****     clrMaskOffset(auxAdcsrB, 0x07, MCU_ADC_TRIGGER_SOURCE_BIT_POS);
 139:funsape/peripheral/adc.cpp ****     if(mode_p == Adc::Mode::SINGLE_CONVERSION) {
 140:funsape/peripheral/adc.cpp ****         clrBit(auxAdcsrA, MCU_ADC_AUTO_TRIGGER_BIT_POS);
 141:funsape/peripheral/adc.cpp ****     } else {
 142:funsape/peripheral/adc.cpp ****         setBit(auxAdcsrA, MCU_ADC_AUTO_TRIGGER_BIT_POS);
 143:funsape/peripheral/adc.cpp ****         switch(mode_p) {
 144:funsape/peripheral/adc.cpp ****         case Adc::Mode::SINGLE_CONVERSION:                                                   break;
 145:funsape/peripheral/adc.cpp ****         case Adc::Mode::AUTO_CONTINUOUS:                                                     break;
 146:funsape/peripheral/adc.cpp ****         case Adc::Mode::AUTO_ANALOG_COMP:        setMaskOffset(auxAdcsrB, 0x01, MCU_ADC_TRIGGER_SOU
 147:funsape/peripheral/adc.cpp ****         case Adc::Mode::AUTO_INT0:               setMaskOffset(auxAdcsrB, 0x02, MCU_ADC_TRIGGER_SOU
 148:funsape/peripheral/adc.cpp ****         case Adc::Mode::AUTO_TIMER0_COMPA:       setMaskOffset(auxAdcsrB, 0x03, MCU_ADC_TRIGGER_SOU
 149:funsape/peripheral/adc.cpp ****         case Adc::Mode::AUTO_TIMER0_OVERFLOW:    setMaskOffset(auxAdcsrB, 0x04, MCU_ADC_TRIGGER_SOU
 150:funsape/peripheral/adc.cpp ****         case Adc::Mode::AUTO_TIMER1_COMPB:       setMaskOffset(auxAdcsrB, 0x05, MCU_ADC_TRIGGER_SOU
 151:funsape/peripheral/adc.cpp ****         case Adc::Mode::AUTO_TIMER1_OVERFLOW:    setMaskOffset(auxAdcsrB, 0x06, MCU_ADC_TRIGGER_SOU
 152:funsape/peripheral/adc.cpp ****         case Adc::Mode::AUTO_TIMER1_CAPTURE:     setMaskOffset(auxAdcsrB, 0x07, MCU_ADC_TRIGGER_SOU
 153:funsape/peripheral/adc.cpp ****         }
 154:funsape/peripheral/adc.cpp ****     }
 155:funsape/peripheral/adc.cpp **** 
 156:funsape/peripheral/adc.cpp ****     // Configure reference
GAS LISTING /tmp/cca4xmd4.s 			page 5


 157:funsape/peripheral/adc.cpp ****     clrMaskOffset(auxAdmux, 0x03, MCU_ADC_REFERENCE_BIT_POS);
 158:funsape/peripheral/adc.cpp ****     switch(reference_p) {
 159:funsape/peripheral/adc.cpp ****     case Adc::Reference::EXTERNAL:                                                   break;
 160:funsape/peripheral/adc.cpp ****     case Adc::Reference::POWER_SUPPLY:   setMaskOffset(auxAdmux, 0x01, MCU_ADC_REFERENCE_BIT_POS); 
 161:funsape/peripheral/adc.cpp ****     case Adc::Reference::INTERNAL:       setMaskOffset(auxAdmux, 0x03, MCU_ADC_REFERENCE_BIT_POS); 
 162:funsape/peripheral/adc.cpp ****     }
 163:funsape/peripheral/adc.cpp **** 
 164:funsape/peripheral/adc.cpp ****     // Configure prescaler
 165:funsape/peripheral/adc.cpp ****     clrMaskOffset(auxAdcsrA, 0x07, MCU_ADC_PRESCALER_BIT_POS);
 166:funsape/peripheral/adc.cpp ****     switch(prescaler_p) {
 167:funsape/peripheral/adc.cpp ****     case Adc::Prescaler::DISABLED:                                                   break;
 168:funsape/peripheral/adc.cpp ****     case Adc::Prescaler::PRESCALER_2:    setMaskOffset(auxAdcsrA, 0x01, MCU_ADC_PRESCALER_BIT_POS);
 169:funsape/peripheral/adc.cpp ****     case Adc::Prescaler::PRESCALER_4:    setMaskOffset(auxAdcsrA, 0x02, MCU_ADC_PRESCALER_BIT_POS);
 170:funsape/peripheral/adc.cpp ****     case Adc::Prescaler::PRESCALER_8:    setMaskOffset(auxAdcsrA, 0x03, MCU_ADC_PRESCALER_BIT_POS);
 171:funsape/peripheral/adc.cpp ****     case Adc::Prescaler::PRESCALER_16:   setMaskOffset(auxAdcsrA, 0x04, MCU_ADC_PRESCALER_BIT_POS);
 172:funsape/peripheral/adc.cpp ****     case Adc::Prescaler::PRESCALER_32:   setMaskOffset(auxAdcsrA, 0x05, MCU_ADC_PRESCALER_BIT_POS);
 173:funsape/peripheral/adc.cpp ****     case Adc::Prescaler::PRESCALER_64:   setMaskOffset(auxAdcsrA, 0x06, MCU_ADC_PRESCALER_BIT_POS);
 174:funsape/peripheral/adc.cpp ****     case Adc::Prescaler::PRESCALER_128:  setMaskOffset(auxAdcsrA, 0x07, MCU_ADC_PRESCALER_BIT_POS);
 175:funsape/peripheral/adc.cpp ****     }
 176:funsape/peripheral/adc.cpp **** 
 177:funsape/peripheral/adc.cpp ****     // Update registers
 178:funsape/peripheral/adc.cpp ****     MCU_ADC_MUX_REG           = auxAdmux;
 179:funsape/peripheral/adc.cpp ****     MCU_ADC_CONTROL_A_REG          = auxAdcsrA;
 180:funsape/peripheral/adc.cpp ****     MCU_ADC_CONTROL_B_REG          = auxAdcsrB;
 181:funsape/peripheral/adc.cpp **** 
 182:funsape/peripheral/adc.cpp ****     // Update class members
 183:funsape/peripheral/adc.cpp ****     this->_mode             = mode_p;
 184:funsape/peripheral/adc.cpp ****     this->_reference        = reference_p;
 185:funsape/peripheral/adc.cpp ****     this->_prescaler        = prescaler_p;
 186:funsape/peripheral/adc.cpp ****     this->_isInitialized    = true;
 187:funsape/peripheral/adc.cpp **** 
 188:funsape/peripheral/adc.cpp ****     // Returns successfully
 189:funsape/peripheral/adc.cpp ****     this->_lastError = Error::NONE;
 190:funsape/peripheral/adc.cpp ****     debugMessage(Error::NONE, Debug::CodeIndex::ADC_MODULE);
 191:funsape/peripheral/adc.cpp ****     return true;
 192:funsape/peripheral/adc.cpp **** }
 193:funsape/peripheral/adc.cpp **** 
 194:funsape/peripheral/adc.cpp **** bool_t Adc::setDataPresetation(const Adc::DataPresetation data_p)
 195:funsape/peripheral/adc.cpp **** {
 196:funsape/peripheral/adc.cpp ****     // Mark passage for debugging purpose
 197:funsape/peripheral/adc.cpp ****     debugMark(PSTR("Adc::setDataPresetation(const Adc::DataPresetation)"), Debug::CodeIndex::ADC_MO
 198:funsape/peripheral/adc.cpp **** 
 199:funsape/peripheral/adc.cpp ****     // Configure Data Adjustment
 200:funsape/peripheral/adc.cpp ****     if(data_p == DataPresetation::RIGHT) {
 201:funsape/peripheral/adc.cpp ****         clrBit(MCU_ADC_MUX_REG, MCU_ADC_ADJUST_BIT_OFFSET);
 202:funsape/peripheral/adc.cpp ****     } else {
 203:funsape/peripheral/adc.cpp ****         setBit(MCU_ADC_MUX_REG, MCU_ADC_ADJUST_BIT_OFFSET);
 204:funsape/peripheral/adc.cpp ****     }
 205:funsape/peripheral/adc.cpp **** 
 206:funsape/peripheral/adc.cpp ****     // Update class members
 207:funsape/peripheral/adc.cpp ****     this->_dataAdjust       = data_p;
 208:funsape/peripheral/adc.cpp **** 
 209:funsape/peripheral/adc.cpp ****     // Returns successfully
 210:funsape/peripheral/adc.cpp ****     this->_lastError = Error::NONE;
 211:funsape/peripheral/adc.cpp ****     debugMessage(Error::NONE, Debug::CodeIndex::ADC_MODULE);
 212:funsape/peripheral/adc.cpp ****     return true;
 213:funsape/peripheral/adc.cpp **** }
GAS LISTING /tmp/cca4xmd4.s 			page 6


 214:funsape/peripheral/adc.cpp **** 
 215:funsape/peripheral/adc.cpp **** bool_t Adc::setMode(const Adc::Mode mode_p)
 216:funsape/peripheral/adc.cpp **** {
 217:funsape/peripheral/adc.cpp ****     // Mark passage for debugging purpose
 218:funsape/peripheral/adc.cpp ****     debugMark(PSTR("Adc::setMode(const Adc::Mode)"), Debug::CodeIndex::ADC_MODULE);
 219:funsape/peripheral/adc.cpp **** 
 220:funsape/peripheral/adc.cpp ****     // Local variables
 221:funsape/peripheral/adc.cpp ****     uint8_t auxAdcsrA = MCU_ADC_CONTROL_A_REG;
 222:funsape/peripheral/adc.cpp ****     uint8_t auxAdcsrB = MCU_ADC_CONTROL_B_REG;
 223:funsape/peripheral/adc.cpp **** 
 224:funsape/peripheral/adc.cpp ****     // Configure mode
 225:funsape/peripheral/adc.cpp ****     clrMaskOffset(auxAdcsrB, 0x07, MCU_ADC_TRIGGER_SOURCE_BIT_POS);
 226:funsape/peripheral/adc.cpp ****     if(mode_p == Adc::Mode::SINGLE_CONVERSION) {
 227:funsape/peripheral/adc.cpp ****         clrBit(auxAdcsrA, MCU_ADC_AUTO_TRIGGER_BIT_POS);
 228:funsape/peripheral/adc.cpp ****     } else {
 229:funsape/peripheral/adc.cpp ****         setBit(auxAdcsrA, MCU_ADC_AUTO_TRIGGER_BIT_POS);
 230:funsape/peripheral/adc.cpp ****         switch(mode_p) {
 231:funsape/peripheral/adc.cpp ****         case Adc::Mode::SINGLE_CONVERSION:                                                   break;
 232:funsape/peripheral/adc.cpp ****         case Adc::Mode::AUTO_CONTINUOUS:                                                     break;
 233:funsape/peripheral/adc.cpp ****         case Adc::Mode::AUTO_ANALOG_COMP:        setMaskOffset(auxAdcsrB, 0x01, MCU_ADC_TRIGGER_SOU
 234:funsape/peripheral/adc.cpp ****         case Adc::Mode::AUTO_INT0:               setMaskOffset(auxAdcsrB, 0x02, MCU_ADC_TRIGGER_SOU
 235:funsape/peripheral/adc.cpp ****         case Adc::Mode::AUTO_TIMER0_COMPA:       setMaskOffset(auxAdcsrB, 0x03, MCU_ADC_TRIGGER_SOU
 236:funsape/peripheral/adc.cpp ****         case Adc::Mode::AUTO_TIMER0_OVERFLOW:    setMaskOffset(auxAdcsrB, 0x04, MCU_ADC_TRIGGER_SOU
 237:funsape/peripheral/adc.cpp ****         case Adc::Mode::AUTO_TIMER1_COMPB:       setMaskOffset(auxAdcsrB, 0x05, MCU_ADC_TRIGGER_SOU
 238:funsape/peripheral/adc.cpp ****         case Adc::Mode::AUTO_TIMER1_OVERFLOW:    setMaskOffset(auxAdcsrB, 0x06, MCU_ADC_TRIGGER_SOU
 239:funsape/peripheral/adc.cpp ****         case Adc::Mode::AUTO_TIMER1_CAPTURE:     setMaskOffset(auxAdcsrB, 0x07, MCU_ADC_TRIGGER_SOU
 240:funsape/peripheral/adc.cpp ****         }
 241:funsape/peripheral/adc.cpp ****     }
 242:funsape/peripheral/adc.cpp **** 
 243:funsape/peripheral/adc.cpp ****     // Update registers
 244:funsape/peripheral/adc.cpp ****     MCU_ADC_CONTROL_A_REG = auxAdcsrA;
 245:funsape/peripheral/adc.cpp ****     MCU_ADC_CONTROL_B_REG = auxAdcsrB;
 246:funsape/peripheral/adc.cpp **** 
 247:funsape/peripheral/adc.cpp ****     // Update class members
 248:funsape/peripheral/adc.cpp ****     this->_mode             = mode_p;
 249:funsape/peripheral/adc.cpp **** 
 250:funsape/peripheral/adc.cpp ****     // Returns successfully
 251:funsape/peripheral/adc.cpp ****     this->_lastError = Error::NONE;
 252:funsape/peripheral/adc.cpp ****     debugMessage(Error::NONE, Debug::CodeIndex::ADC_MODULE);
 253:funsape/peripheral/adc.cpp ****     return true;
 254:funsape/peripheral/adc.cpp **** }
 255:funsape/peripheral/adc.cpp **** 
 256:funsape/peripheral/adc.cpp **** bool_t Adc::setPrescaler(const Adc::Prescaler prescaler_p)
 257:funsape/peripheral/adc.cpp **** {
 258:funsape/peripheral/adc.cpp ****     // Mark passage for debugging purpose
 259:funsape/peripheral/adc.cpp ****     debugMark(PSTR("Adc::setPrescaler(const Adc::Prescaler)"), Debug::CodeIndex::ADC_MODULE);
 260:funsape/peripheral/adc.cpp **** 
 261:funsape/peripheral/adc.cpp ****     // Local variables
 262:funsape/peripheral/adc.cpp ****     uint8_t auxAdcsrA = MCU_ADC_CONTROL_A_REG;
 263:funsape/peripheral/adc.cpp **** 
 264:funsape/peripheral/adc.cpp ****     // Configure prescaler
 265:funsape/peripheral/adc.cpp ****     clrMaskOffset(auxAdcsrA, 0x07, MCU_ADC_PRESCALER_BIT_POS);
 266:funsape/peripheral/adc.cpp ****     switch(prescaler_p) {
 267:funsape/peripheral/adc.cpp ****     case Adc::Prescaler::DISABLED:                                                   break;
 268:funsape/peripheral/adc.cpp ****     case Adc::Prescaler::PRESCALER_2:    setMaskOffset(auxAdcsrA, 0x01, MCU_ADC_PRESCALER_BIT_POS);
 269:funsape/peripheral/adc.cpp ****     case Adc::Prescaler::PRESCALER_4:    setMaskOffset(auxAdcsrA, 0x02, MCU_ADC_PRESCALER_BIT_POS);
 270:funsape/peripheral/adc.cpp ****     case Adc::Prescaler::PRESCALER_8:    setMaskOffset(auxAdcsrA, 0x03, MCU_ADC_PRESCALER_BIT_POS);
GAS LISTING /tmp/cca4xmd4.s 			page 7


 271:funsape/peripheral/adc.cpp ****     case Adc::Prescaler::PRESCALER_16:   setMaskOffset(auxAdcsrA, 0x04, MCU_ADC_PRESCALER_BIT_POS);
 272:funsape/peripheral/adc.cpp ****     case Adc::Prescaler::PRESCALER_32:   setMaskOffset(auxAdcsrA, 0x05, MCU_ADC_PRESCALER_BIT_POS);
 273:funsape/peripheral/adc.cpp ****     case Adc::Prescaler::PRESCALER_64:   setMaskOffset(auxAdcsrA, 0x06, MCU_ADC_PRESCALER_BIT_POS);
 274:funsape/peripheral/adc.cpp ****     case Adc::Prescaler::PRESCALER_128:  setMaskOffset(auxAdcsrA, 0x07, MCU_ADC_PRESCALER_BIT_POS);
 275:funsape/peripheral/adc.cpp ****     }
 276:funsape/peripheral/adc.cpp **** 
 277:funsape/peripheral/adc.cpp ****     // Update registers
 278:funsape/peripheral/adc.cpp ****     MCU_ADC_CONTROL_A_REG = auxAdcsrA;
 279:funsape/peripheral/adc.cpp **** 
 280:funsape/peripheral/adc.cpp ****     // Update class members
 281:funsape/peripheral/adc.cpp ****     this->_prescaler        = prescaler_p;
 282:funsape/peripheral/adc.cpp **** 
 283:funsape/peripheral/adc.cpp ****     // Returns successfully
 284:funsape/peripheral/adc.cpp ****     this->_lastError = Error::NONE;
 285:funsape/peripheral/adc.cpp ****     debugMessage(Error::NONE, Debug::CodeIndex::ADC_MODULE);
 286:funsape/peripheral/adc.cpp ****     return true;
 287:funsape/peripheral/adc.cpp **** }
 288:funsape/peripheral/adc.cpp **** 
 289:funsape/peripheral/adc.cpp **** bool_t Adc::setReference(const Adc::Reference reference_p)
 290:funsape/peripheral/adc.cpp **** {
 291:funsape/peripheral/adc.cpp ****     // Mark passage for debugging purpose
 292:funsape/peripheral/adc.cpp ****     debugMark(PSTR("Adc::setReference(const Adc::Reference)"), Debug::CodeIndex::ADC_MODULE);
 293:funsape/peripheral/adc.cpp **** 
 294:funsape/peripheral/adc.cpp ****     // Local variables
 295:funsape/peripheral/adc.cpp ****     uint8_t auxAdmux = MCU_ADC_MUX_REG;
 296:funsape/peripheral/adc.cpp **** 
 297:funsape/peripheral/adc.cpp ****     // Configure reference
 298:funsape/peripheral/adc.cpp ****     clrMaskOffset(auxAdmux, 0x03, MCU_ADC_REFERENCE_BIT_POS);
 299:funsape/peripheral/adc.cpp ****     switch(reference_p) {
 300:funsape/peripheral/adc.cpp ****     case Adc::Reference::EXTERNAL:                                                   break;
 301:funsape/peripheral/adc.cpp ****     case Adc::Reference::POWER_SUPPLY:   setMaskOffset(auxAdmux, 0x01, MCU_ADC_REFERENCE_BIT_POS); 
 302:funsape/peripheral/adc.cpp ****     case Adc::Reference::INTERNAL:       setMaskOffset(auxAdmux, 0x03, MCU_ADC_REFERENCE_BIT_POS); 
 303:funsape/peripheral/adc.cpp ****     }
 304:funsape/peripheral/adc.cpp **** 
 305:funsape/peripheral/adc.cpp ****     // Update registers
 306:funsape/peripheral/adc.cpp ****     MCU_ADC_MUX_REG = auxAdmux;
 307:funsape/peripheral/adc.cpp **** 
 308:funsape/peripheral/adc.cpp ****     // Update class members
 309:funsape/peripheral/adc.cpp ****     this->_reference        = reference_p;
 310:funsape/peripheral/adc.cpp **** 
 311:funsape/peripheral/adc.cpp ****     // Returns successfully
 312:funsape/peripheral/adc.cpp ****     this->_lastError = Error::NONE;
 313:funsape/peripheral/adc.cpp ****     debugMessage(Error::NONE, Debug::CodeIndex::ADC_MODULE);
 314:funsape/peripheral/adc.cpp ****     return true;
 315:funsape/peripheral/adc.cpp **** }
 316:funsape/peripheral/adc.cpp **** 
 317:funsape/peripheral/adc.cpp **** bool_t Adc::startConversion(void)
 318:funsape/peripheral/adc.cpp **** {
 319:funsape/peripheral/adc.cpp ****     // Mark passage for debugging purpose
 320:funsape/peripheral/adc.cpp ****     debugMark(PSTR("Adc::startConversion(void)"), Debug::CodeIndex::ADC_MODULE);
 321:funsape/peripheral/adc.cpp **** 
 322:funsape/peripheral/adc.cpp ****     // Checks for errors
 323:funsape/peripheral/adc.cpp ****     if(!this->_isEnabled) {
 324:funsape/peripheral/adc.cpp ****         // Returns error
 325:funsape/peripheral/adc.cpp ****         this->_lastError = Error::DEVICE_DISABLED;
 326:funsape/peripheral/adc.cpp ****         debugMessage(Error::DEVICE_DISABLED, Debug::CodeIndex::ADC_MODULE);
 327:funsape/peripheral/adc.cpp ****         return false;
GAS LISTING /tmp/cca4xmd4.s 			page 8


 328:funsape/peripheral/adc.cpp ****     }
 329:funsape/peripheral/adc.cpp ****     if(!this->_isInitialized) {
 330:funsape/peripheral/adc.cpp ****         // Returns error
 331:funsape/peripheral/adc.cpp ****         this->_lastError = Error::NOT_INITIALIZED;
 332:funsape/peripheral/adc.cpp ****         debugMessage(Error::NOT_INITIALIZED, Debug::CodeIndex::ADC_MODULE);
 333:funsape/peripheral/adc.cpp ****         return false;
 334:funsape/peripheral/adc.cpp ****     }
 335:funsape/peripheral/adc.cpp **** 
 336:funsape/peripheral/adc.cpp ****     // Starts conversion
 337:funsape/peripheral/adc.cpp ****     setBit(MCU_ADC_CONTROL_A_REG, MCU_ADC_START_CONVERSION_BIT_OFFSET);
 338:funsape/peripheral/adc.cpp **** 
 339:funsape/peripheral/adc.cpp ****     // Returns successfully
 340:funsape/peripheral/adc.cpp ****     this->_lastError = Error::NONE;
 341:funsape/peripheral/adc.cpp ****     debugMessage(Error::NONE, Debug::CodeIndex::ADC_MODULE);
 342:funsape/peripheral/adc.cpp ****     return true;
 343:funsape/peripheral/adc.cpp **** }
 344:funsape/peripheral/adc.cpp **** 
 345:funsape/peripheral/adc.cpp **** bool_t Adc::waitUntilConversionFinish(void)
 346:funsape/peripheral/adc.cpp **** {
 347:funsape/peripheral/adc.cpp ****     // Mark passage for debugging purpose
 348:funsape/peripheral/adc.cpp ****     debugMark(PSTR("Adc::waitUntilConversionFinish(void)"), Debug::CodeIndex::ADC_MODULE);
 349:funsape/peripheral/adc.cpp **** 
 350:funsape/peripheral/adc.cpp ****     // Checks for errors
 351:funsape/peripheral/adc.cpp ****     if(!this->_isEnabled) {
 352:funsape/peripheral/adc.cpp ****         // Returns error
 353:funsape/peripheral/adc.cpp ****         this->_lastError = Error::DEVICE_DISABLED;
 354:funsape/peripheral/adc.cpp ****         debugMessage(Error::DEVICE_DISABLED, Debug::CodeIndex::ADC_MODULE);
 355:funsape/peripheral/adc.cpp ****         return false;
 356:funsape/peripheral/adc.cpp ****     }
 357:funsape/peripheral/adc.cpp ****     if(!this->_isInitialized) {
 358:funsape/peripheral/adc.cpp ****         // Returns error
 359:funsape/peripheral/adc.cpp ****         this->_lastError = Error::NOT_INITIALIZED;
 360:funsape/peripheral/adc.cpp ****         debugMessage(Error::NOT_INITIALIZED, Debug::CodeIndex::ADC_MODULE);
 361:funsape/peripheral/adc.cpp ****         return false;
 362:funsape/peripheral/adc.cpp ****     }
 363:funsape/peripheral/adc.cpp **** 
 364:funsape/peripheral/adc.cpp ****     // Waits until conversion finishes
 365:funsape/peripheral/adc.cpp ****     waitUntilBitIsClear(MCU_ADC_CONTROL_A_REG, MCU_ADC_START_CONVERSION_BIT_OFFSET);
 366:funsape/peripheral/adc.cpp **** 
 367:funsape/peripheral/adc.cpp ****     // Returns successfully
 368:funsape/peripheral/adc.cpp ****     this->_lastError = Error::NONE;
 369:funsape/peripheral/adc.cpp ****     debugMessage(Error::NONE, Debug::CodeIndex::ADC_MODULE);
 370:funsape/peripheral/adc.cpp ****     return true;
 371:funsape/peripheral/adc.cpp **** }
 372:funsape/peripheral/adc.cpp **** 
 373:funsape/peripheral/adc.cpp **** //     ////////////////////     CHANNEL CONTROL     /////////////////////     //
 374:funsape/peripheral/adc.cpp **** 
 375:funsape/peripheral/adc.cpp **** bool_t Adc::setChannel(const Adc::Channel channel_p)
 376:funsape/peripheral/adc.cpp **** {
 377:funsape/peripheral/adc.cpp ****     // Mark passage for debugging purpose
 378:funsape/peripheral/adc.cpp ****     debugMark(PSTR("Adc::setChannel(const Adc::Channel)"), Debug::CodeIndex::ADC_MODULE);
 379:funsape/peripheral/adc.cpp **** 
 380:funsape/peripheral/adc.cpp ****     // Local variables
 381:funsape/peripheral/adc.cpp ****     uint8_t auxAdmux = MCU_ADC_MUX_REG;
 382:funsape/peripheral/adc.cpp **** 
 383:funsape/peripheral/adc.cpp ****     // Configure channel
 384:funsape/peripheral/adc.cpp ****     clrMaskOffset(auxAdmux, 0x0F, MCU_ADC_MUX_BIT_POS);
GAS LISTING /tmp/cca4xmd4.s 			page 9


 385:funsape/peripheral/adc.cpp ****     switch(channel_p) {
 386:funsape/peripheral/adc.cpp ****     case Adc::Channel::CHANNEL_0:                                            break;
 387:funsape/peripheral/adc.cpp ****     case Adc::Channel::CHANNEL_1:    setMaskOffset(auxAdmux, 0x01, MCU_ADC_MUX_BIT_POS);    break;
 388:funsape/peripheral/adc.cpp ****     case Adc::Channel::CHANNEL_2:    setMaskOffset(auxAdmux, 0x02, MCU_ADC_MUX_BIT_POS);    break;
 389:funsape/peripheral/adc.cpp ****     case Adc::Channel::CHANNEL_3:    setMaskOffset(auxAdmux, 0x03, MCU_ADC_MUX_BIT_POS);    break;
 390:funsape/peripheral/adc.cpp ****     case Adc::Channel::CHANNEL_4:    setMaskOffset(auxAdmux, 0x04, MCU_ADC_MUX_BIT_POS);    break;
 391:funsape/peripheral/adc.cpp ****     case Adc::Channel::CHANNEL_5:    setMaskOffset(auxAdmux, 0x05, MCU_ADC_MUX_BIT_POS);    break;
 392:funsape/peripheral/adc.cpp ****     case Adc::Channel::CHANNEL_6:    setMaskOffset(auxAdmux, 0x06, MCU_ADC_MUX_BIT_POS);    break;
 393:funsape/peripheral/adc.cpp ****     case Adc::Channel::CHANNEL_7:    setMaskOffset(auxAdmux, 0x07, MCU_ADC_MUX_BIT_POS);    break;
 394:funsape/peripheral/adc.cpp ****     case Adc::Channel::TEMPERATURE:  setMaskOffset(auxAdmux, 0x08, MCU_ADC_MUX_BIT_POS);    break;
 395:funsape/peripheral/adc.cpp ****     case Adc::Channel::BAND_GAP:     setMaskOffset(auxAdmux, 0x0E, MCU_ADC_MUX_BIT_POS);    break;
 396:funsape/peripheral/adc.cpp ****     case Adc::Channel::GND:          setMaskOffset(auxAdmux, 0x0F, MCU_ADC_MUX_BIT_POS);    break;
 397:funsape/peripheral/adc.cpp ****     }
 398:funsape/peripheral/adc.cpp **** 
 399:funsape/peripheral/adc.cpp ****     // Update registers
 400:funsape/peripheral/adc.cpp ****     MCU_ADC_MUX_REG = auxAdmux;
 401:funsape/peripheral/adc.cpp **** 
 402:funsape/peripheral/adc.cpp ****     // Update class members
 403:funsape/peripheral/adc.cpp ****     this->_channel          = channel_p;
 404:funsape/peripheral/adc.cpp **** 
 405:funsape/peripheral/adc.cpp ****     // Returns successfully
 406:funsape/peripheral/adc.cpp ****     this->_lastError = Error::NONE;
 407:funsape/peripheral/adc.cpp ****     debugMessage(Error::NONE, Debug::CodeIndex::ADC_MODULE);
 408:funsape/peripheral/adc.cpp ****     return true;
 409:funsape/peripheral/adc.cpp **** }
 410:funsape/peripheral/adc.cpp **** 
 411:funsape/peripheral/adc.cpp **** // =============================================================================
 412:funsape/peripheral/adc.cpp **** // Class own methods - Private
 413:funsape/peripheral/adc.cpp **** // =============================================================================
 414:funsape/peripheral/adc.cpp **** 
 415:funsape/peripheral/adc.cpp **** // NONE
 416:funsape/peripheral/adc.cpp **** 
 417:funsape/peripheral/adc.cpp **** // =============================================================================
 418:funsape/peripheral/adc.cpp **** // Class own methods - Protected
 419:funsape/peripheral/adc.cpp **** // =============================================================================
 420:funsape/peripheral/adc.cpp **** 
 421:funsape/peripheral/adc.cpp **** // NONE
 422:funsape/peripheral/adc.cpp **** 
 423:funsape/peripheral/adc.cpp **** // =============================================================================
 424:funsape/peripheral/adc.cpp **** // Static functions definitions
 425:funsape/peripheral/adc.cpp **** // =============================================================================
 426:funsape/peripheral/adc.cpp **** 
 427:funsape/peripheral/adc.cpp **** // NONE
 428:funsape/peripheral/adc.cpp **** 
 429:funsape/peripheral/adc.cpp **** // =============================================================================
 430:funsape/peripheral/adc.cpp **** // Interrupt callback functions
 431:funsape/peripheral/adc.cpp **** // =============================================================================
 432:funsape/peripheral/adc.cpp **** 
 433:funsape/peripheral/adc.cpp **** void weakened adcConversionCompleteCallback(void)
 434:funsape/peripheral/adc.cpp **** {
 435:funsape/peripheral/adc.cpp ****     return;
 436:funsape/peripheral/adc.cpp **** }
 437:funsape/peripheral/adc.cpp **** 
 438:funsape/peripheral/adc.cpp **** // =============================================================================
 439:funsape/peripheral/adc.cpp **** // Interrupt handlers
 440:funsape/peripheral/adc.cpp **** // =============================================================================
 441:funsape/peripheral/adc.cpp **** 
GAS LISTING /tmp/cca4xmd4.s 			page 10


 442:funsape/peripheral/adc.cpp **** //!
 443:funsape/peripheral/adc.cpp **** //! @cond
 444:funsape/peripheral/adc.cpp **** //!
 445:funsape/peripheral/adc.cpp **** 
 446:funsape/peripheral/adc.cpp **** ISR(ADC_vect)
 447:funsape/peripheral/adc.cpp **** {
 448:funsape/peripheral/adc.cpp ****     adcConversionCompleteCallback();
 449:funsape/peripheral/adc.cpp **** }
  78               		.loc 1 449 0
  79               		.cfi_startproc
  80               	.LVL3:
  81               	/* prologue: function */
  82               	/* frame size = 0 */
  83               	/* stack size = 0 */
  84               	.L__stack_usage = 0
  85               		.loc 1 449 0
  86 0000 0197      		sbiw r24,1
  87 0002 01F0      		breq .L5
  88               	.LVL4:
  89               	.L3:
  90               	/* epilogue start */
  91 0004 0895      		ret
  92               	.LVL5:
  93               	.L5:
  94               		.loc 1 449 0 is_stmt 0 discriminator 1
  95 0006 6F3F      		cpi r22,-1
  96 0008 7F4F      		sbci r23,-1
  97               	.LVL6:
  98 000a 01F4      		brne .L3
  75:funsape/peripheral/adc.cpp **** 
  99               		.loc 1 75 0 is_stmt 1
 100 000c 80E0      		ldi r24,lo8(_ZN3Adc9_instanceE)
 101 000e 90E0      		ldi r25,hi8(_ZN3Adc9_instanceE)
 102 0010 0E94 0000 		call _ZN3AdcC1Ev
 103               	.LVL7:
 104               		.loc 1 449 0
 105 0014 00C0      		rjmp .L3
 106               		.cfi_endproc
 107               	.LFE94:
 109               		.section	.text._ZN3Adc4initENS_4ModeENS_9ReferenceENS_9PrescalerE,"ax",@progbits
 110               	.global	_ZN3Adc4initENS_4ModeENS_9ReferenceENS_9PrescalerE
 112               	_ZN3Adc4initENS_4ModeENS_9ReferenceENS_9PrescalerE:
 113               	.LFB84:
 128:funsape/peripheral/adc.cpp ****     // Mark passage for debugging purpose
 114               		.loc 1 128 0
 115               		.cfi_startproc
 116               	.LVL8:
 117               	/* prologue: function */
 118               	/* frame size = 0 */
 119               	/* stack size = 0 */
 120               	.L__stack_usage = 0
 121 0000 DC01      		movw r26,r24
 133:funsape/peripheral/adc.cpp ****     uint8_t auxAdcsrB   = MCU_ADC_CONTROL_B_REG;
 122               		.loc 1 133 0
 123 0002 9091 7A00 		lds r25,122
 124               	.LVL9:
 134:funsape/peripheral/adc.cpp ****     uint8_t auxAdmux    = MCU_ADC_MUX_REG;
GAS LISTING /tmp/cca4xmd4.s 			page 11


 125               		.loc 1 134 0
 126 0006 3091 7B00 		lds r19,123
 127               	.LVL10:
 135:funsape/peripheral/adc.cpp **** 
 128               		.loc 1 135 0
 129 000a 8091 7C00 		lds r24,124
 130               	.LVL11:
 138:funsape/peripheral/adc.cpp ****     if(mode_p == Adc::Mode::SINGLE_CONVERSION) {
 131               		.loc 1 138 0
 132 000e 387F      		andi r19,lo8(-8)
 133               	.LVL12:
 139:funsape/peripheral/adc.cpp ****         clrBit(auxAdcsrA, MCU_ADC_AUTO_TRIGGER_BIT_POS);
 134               		.loc 1 139 0
 135 0010 6830      		cpi r22,8
 136 0012 7105      		cpc r23,__zero_reg__
 137 0014 01F0      		breq .L29
 142:funsape/peripheral/adc.cpp ****         switch(mode_p) {
 138               		.loc 1 142 0
 139 0016 9062      		ori r25,lo8(32)
 140               	.LVL13:
 143:funsape/peripheral/adc.cpp ****         case Adc::Mode::SINGLE_CONVERSION:                                                   break;
 141               		.loc 1 143 0
 142 0018 FB01      		movw r30,r22
 143 001a 3197      		sbiw r30,1
 144 001c E730      		cpi r30,7
 145 001e F105      		cpc r31,__zero_reg__
 146 0020 00F4      		brsh .L8
 147 0022 E050      		subi r30,lo8(-(gs(.L10)))
 148 0024 F040      		sbci r31,hi8(-(gs(.L10)))
 149 0026 0C94 0000 		jmp __tablejump2__
 150               		.p2align	1
 151               	.L10:
 152 002a 0000      		.word gs(.L9)
 153 002c 0000      		.word gs(.L11)
 154 002e 0000      		.word gs(.L12)
 155 0030 0000      		.word gs(.L13)
 156 0032 0000      		.word gs(.L14)
 157 0034 0000      		.word gs(.L15)
 158 0036 0000      		.word gs(.L16)
 159               	.L29:
 140:funsape/peripheral/adc.cpp ****     } else {
 160               		.loc 1 140 0
 161 0038 9F7D      		andi r25,lo8(-33)
 162               	.LVL14:
 163               	.L8:
 157:funsape/peripheral/adc.cpp ****     switch(reference_p) {
 164               		.loc 1 157 0
 165 003a 8F73      		andi r24,lo8(63)
 166               	.LVL15:
 158:funsape/peripheral/adc.cpp ****     case Adc::Reference::EXTERNAL:                                                   break;
 167               		.loc 1 158 0
 168 003c 4130      		cpi r20,lo8(1)
 169 003e 01F0      		breq .L18
 170 0040 4230      		cpi r20,lo8(2)
 171 0042 01F0      		breq .L19
 172               	.L17:
 165:funsape/peripheral/adc.cpp ****     switch(prescaler_p) {
GAS LISTING /tmp/cca4xmd4.s 			page 12


 173               		.loc 1 165 0
 174 0044 987F      		andi r25,lo8(-8)
 175               	.LVL16:
 166:funsape/peripheral/adc.cpp ****     case Adc::Prescaler::DISABLED:                                                   break;
 176               		.loc 1 166 0
 177 0046 EFEF      		ldi r30,lo8(-1)
 178 0048 E20F      		add r30,r18
 179 004a E730      		cpi r30,lo8(7)
 180 004c 00F4      		brsh .L20
 181 004e F0E0      		ldi r31,0
 182 0050 E050      		subi r30,lo8(-(gs(.L22)))
 183 0052 F040      		sbci r31,hi8(-(gs(.L22)))
 184 0054 0C94 0000 		jmp __tablejump2__
 185               		.p2align	1
 186               	.L22:
 187 0058 0000      		.word gs(.L21)
 188 005a 0000      		.word gs(.L23)
 189 005c 0000      		.word gs(.L24)
 190 005e 0000      		.word gs(.L25)
 191 0060 0000      		.word gs(.L26)
 192 0062 0000      		.word gs(.L27)
 193 0064 0000      		.word gs(.L28)
 194               	.L9:
 146:funsape/peripheral/adc.cpp ****         case Adc::Mode::AUTO_INT0:               setMaskOffset(auxAdcsrB, 0x02, MCU_ADC_TRIGGER_SOU
 195               		.loc 1 146 0
 196 0066 3160      		ori r19,lo8(1)
 197               	.LVL17:
 198 0068 00C0      		rjmp .L8
 199               	.L11:
 147:funsape/peripheral/adc.cpp ****         case Adc::Mode::AUTO_TIMER0_COMPA:       setMaskOffset(auxAdcsrB, 0x03, MCU_ADC_TRIGGER_SOU
 200               		.loc 1 147 0
 201 006a 3260      		ori r19,lo8(2)
 202               	.LVL18:
 203 006c 00C0      		rjmp .L8
 204               	.L12:
 148:funsape/peripheral/adc.cpp ****         case Adc::Mode::AUTO_TIMER0_OVERFLOW:    setMaskOffset(auxAdcsrB, 0x04, MCU_ADC_TRIGGER_SOU
 205               		.loc 1 148 0
 206 006e 3360      		ori r19,lo8(3)
 207               	.LVL19:
 208 0070 00C0      		rjmp .L8
 209               	.L13:
 149:funsape/peripheral/adc.cpp ****         case Adc::Mode::AUTO_TIMER1_COMPB:       setMaskOffset(auxAdcsrB, 0x05, MCU_ADC_TRIGGER_SOU
 210               		.loc 1 149 0
 211 0072 3460      		ori r19,lo8(4)
 212               	.LVL20:
 213 0074 00C0      		rjmp .L8
 214               	.L14:
 150:funsape/peripheral/adc.cpp ****         case Adc::Mode::AUTO_TIMER1_OVERFLOW:    setMaskOffset(auxAdcsrB, 0x06, MCU_ADC_TRIGGER_SOU
 215               		.loc 1 150 0
 216 0076 3560      		ori r19,lo8(5)
 217               	.LVL21:
 218 0078 00C0      		rjmp .L8
 219               	.L15:
 151:funsape/peripheral/adc.cpp ****         case Adc::Mode::AUTO_TIMER1_CAPTURE:     setMaskOffset(auxAdcsrB, 0x07, MCU_ADC_TRIGGER_SOU
 220               		.loc 1 151 0
 221 007a 3660      		ori r19,lo8(6)
 222               	.LVL22:
GAS LISTING /tmp/cca4xmd4.s 			page 13


 223 007c 00C0      		rjmp .L8
 224               	.L16:
 152:funsape/peripheral/adc.cpp ****         }
 225               		.loc 1 152 0
 226 007e 3760      		ori r19,lo8(7)
 227               	.LVL23:
 228 0080 00C0      		rjmp .L8
 229               	.L18:
 160:funsape/peripheral/adc.cpp ****     case Adc::Reference::INTERNAL:       setMaskOffset(auxAdmux, 0x03, MCU_ADC_REFERENCE_BIT_POS); 
 230               		.loc 1 160 0
 231 0082 8064      		ori r24,lo8(64)
 232               	.LVL24:
 233 0084 00C0      		rjmp .L17
 234               	.L19:
 161:funsape/peripheral/adc.cpp ****     }
 235               		.loc 1 161 0
 236 0086 806C      		ori r24,lo8(-64)
 237               	.LVL25:
 238 0088 00C0      		rjmp .L17
 239               	.L21:
 168:funsape/peripheral/adc.cpp ****     case Adc::Prescaler::PRESCALER_4:    setMaskOffset(auxAdcsrA, 0x02, MCU_ADC_PRESCALER_BIT_POS);
 240               		.loc 1 168 0
 241 008a 9160      		ori r25,lo8(1)
 242               	.LVL26:
 243               	.L20:
 178:funsape/peripheral/adc.cpp ****     MCU_ADC_CONTROL_A_REG          = auxAdcsrA;
 244               		.loc 1 178 0
 245 008c 8093 7C00 		sts 124,r24
 179:funsape/peripheral/adc.cpp ****     MCU_ADC_CONTROL_B_REG          = auxAdcsrB;
 246               		.loc 1 179 0
 247 0090 9093 7A00 		sts 122,r25
 180:funsape/peripheral/adc.cpp **** 
 248               		.loc 1 180 0
 249 0094 3093 7B00 		sts 123,r19
 183:funsape/peripheral/adc.cpp ****     this->_reference        = reference_p;
 250               		.loc 1 183 0
 251 0098 1896      		adiw r26,7+1
 252 009a 7C93      		st X,r23
 253 009c 6E93      		st -X,r22
 254 009e 1797      		sbiw r26,7
 184:funsape/peripheral/adc.cpp ****     this->_prescaler        = prescaler_p;
 255               		.loc 1 184 0
 256 00a0 1596      		adiw r26,5
 257 00a2 4C93      		st X,r20
 258 00a4 1597      		sbiw r26,5
 185:funsape/peripheral/adc.cpp ****     this->_isInitialized    = true;
 259               		.loc 1 185 0
 260 00a6 1496      		adiw r26,4
 261 00a8 2C93      		st X,r18
 262 00aa 1497      		sbiw r26,4
 186:funsape/peripheral/adc.cpp **** 
 263               		.loc 1 186 0
 264 00ac 8C91      		ld r24,X
 265               	.LVL27:
 266 00ae 8160      		ori r24,lo8(1<<0)
 267 00b0 8C93      		st X,r24
 189:funsape/peripheral/adc.cpp ****     debugMessage(Error::NONE, Debug::CodeIndex::ADC_MODULE);
GAS LISTING /tmp/cca4xmd4.s 			page 14


 268               		.loc 1 189 0
 269 00b2 1296      		adiw r26,1+1
 270 00b4 1C92      		st X,__zero_reg__
 271 00b6 1E92      		st -X,__zero_reg__
 272 00b8 1197      		sbiw r26,1
 273               	.LVL28:
 192:funsape/peripheral/adc.cpp **** 
 274               		.loc 1 192 0
 275 00ba 81E0      		ldi r24,lo8(1)
 276               	/* epilogue start */
 277 00bc 0895      		ret
 278               	.LVL29:
 279               	.L23:
 169:funsape/peripheral/adc.cpp ****     case Adc::Prescaler::PRESCALER_8:    setMaskOffset(auxAdcsrA, 0x03, MCU_ADC_PRESCALER_BIT_POS);
 280               		.loc 1 169 0
 281 00be 9260      		ori r25,lo8(2)
 282               	.LVL30:
 283 00c0 00C0      		rjmp .L20
 284               	.L24:
 170:funsape/peripheral/adc.cpp ****     case Adc::Prescaler::PRESCALER_16:   setMaskOffset(auxAdcsrA, 0x04, MCU_ADC_PRESCALER_BIT_POS);
 285               		.loc 1 170 0
 286 00c2 9360      		ori r25,lo8(3)
 287               	.LVL31:
 288 00c4 00C0      		rjmp .L20
 289               	.L25:
 171:funsape/peripheral/adc.cpp ****     case Adc::Prescaler::PRESCALER_32:   setMaskOffset(auxAdcsrA, 0x05, MCU_ADC_PRESCALER_BIT_POS);
 290               		.loc 1 171 0
 291 00c6 9460      		ori r25,lo8(4)
 292               	.LVL32:
 293 00c8 00C0      		rjmp .L20
 294               	.L26:
 172:funsape/peripheral/adc.cpp ****     case Adc::Prescaler::PRESCALER_64:   setMaskOffset(auxAdcsrA, 0x06, MCU_ADC_PRESCALER_BIT_POS);
 295               		.loc 1 172 0
 296 00ca 9560      		ori r25,lo8(5)
 297               	.LVL33:
 298 00cc 00C0      		rjmp .L20
 299               	.L27:
 173:funsape/peripheral/adc.cpp ****     case Adc::Prescaler::PRESCALER_128:  setMaskOffset(auxAdcsrA, 0x07, MCU_ADC_PRESCALER_BIT_POS);
 300               		.loc 1 173 0
 301 00ce 9660      		ori r25,lo8(6)
 302               	.LVL34:
 303 00d0 00C0      		rjmp .L20
 304               	.L28:
 174:funsape/peripheral/adc.cpp ****     }
 305               		.loc 1 174 0
 306 00d2 9760      		ori r25,lo8(7)
 307               	.LVL35:
 308 00d4 00C0      		rjmp .L20
 309               		.cfi_endproc
 310               	.LFE84:
 312               		.section	.text._ZN3Adc18setDataPresetationENS_15DataPresetationE,"ax",@progbits
 313               	.global	_ZN3Adc18setDataPresetationENS_15DataPresetationE
 315               	_ZN3Adc18setDataPresetationENS_15DataPresetationE:
 316               	.LFB85:
 195:funsape/peripheral/adc.cpp ****     // Mark passage for debugging purpose
 317               		.loc 1 195 0
 318               		.cfi_startproc
GAS LISTING /tmp/cca4xmd4.s 			page 15


 319               	.LVL36:
 320               	/* prologue: function */
 321               	/* frame size = 0 */
 322               	/* stack size = 0 */
 323               	.L__stack_usage = 0
 324 0000 FC01      		movw r30,r24
 200:funsape/peripheral/adc.cpp ****         clrBit(MCU_ADC_MUX_REG, MCU_ADC_ADJUST_BIT_OFFSET);
 325               		.loc 1 200 0
 326 0002 6623      		tst r22
 327 0004 01F0      		breq .L33
 203:funsape/peripheral/adc.cpp ****     }
 328               		.loc 1 203 0
 329 0006 ACE7      		ldi r26,lo8(124)
 330 0008 B0E0      		ldi r27,0
 331 000a 8C91      		ld r24,X
 332               	.LVL37:
 333 000c 8062      		ori r24,lo8(32)
 334 000e 8C93      		st X,r24
 335               	.L32:
 207:funsape/peripheral/adc.cpp **** 
 336               		.loc 1 207 0
 337 0010 8185      		ldd r24,Z+9
 338 0012 60FB      		bst r22,0
 339 0014 80F9      		bld r24,0
 340 0016 8187      		std Z+9,r24
 210:funsape/peripheral/adc.cpp ****     debugMessage(Error::NONE, Debug::CodeIndex::ADC_MODULE);
 341               		.loc 1 210 0
 342 0018 1282      		std Z+2,__zero_reg__
 343 001a 1182      		std Z+1,__zero_reg__
 213:funsape/peripheral/adc.cpp **** 
 344               		.loc 1 213 0
 345 001c 81E0      		ldi r24,lo8(1)
 346               	/* epilogue start */
 347 001e 0895      		ret
 348               	.LVL38:
 349               	.L33:
 201:funsape/peripheral/adc.cpp ****     } else {
 350               		.loc 1 201 0
 351 0020 ACE7      		ldi r26,lo8(124)
 352 0022 B0E0      		ldi r27,0
 353 0024 8C91      		ld r24,X
 354               	.LVL39:
 355 0026 8F7D      		andi r24,lo8(-33)
 356 0028 8C93      		st X,r24
 357 002a 00C0      		rjmp .L32
 358               		.cfi_endproc
 359               	.LFE85:
 361               		.section	.text._ZN3Adc7setModeENS_4ModeE,"ax",@progbits
 362               	.global	_ZN3Adc7setModeENS_4ModeE
 364               	_ZN3Adc7setModeENS_4ModeE:
 365               	.LFB86:
 216:funsape/peripheral/adc.cpp ****     // Mark passage for debugging purpose
 366               		.loc 1 216 0
 367               		.cfi_startproc
 368               	.LVL40:
 369               	/* prologue: function */
 370               	/* frame size = 0 */
GAS LISTING /tmp/cca4xmd4.s 			page 16


 371               	/* stack size = 0 */
 372               	.L__stack_usage = 0
 373 0000 DC01      		movw r26,r24
 221:funsape/peripheral/adc.cpp ****     uint8_t auxAdcsrB = MCU_ADC_CONTROL_B_REG;
 374               		.loc 1 221 0
 375 0002 2091 7A00 		lds r18,122
 376               	.LVL41:
 222:funsape/peripheral/adc.cpp **** 
 377               		.loc 1 222 0
 378 0006 9091 7B00 		lds r25,123
 379               	.LVL42:
 225:funsape/peripheral/adc.cpp ****     if(mode_p == Adc::Mode::SINGLE_CONVERSION) {
 380               		.loc 1 225 0
 381 000a 987F      		andi r25,lo8(-8)
 382               	.LVL43:
 226:funsape/peripheral/adc.cpp ****         clrBit(auxAdcsrA, MCU_ADC_AUTO_TRIGGER_BIT_POS);
 383               		.loc 1 226 0
 384 000c 6830      		cpi r22,8
 385 000e 7105      		cpc r23,__zero_reg__
 386 0010 01F0      		breq .L45
 229:funsape/peripheral/adc.cpp ****         switch(mode_p) {
 387               		.loc 1 229 0
 388 0012 2062      		ori r18,lo8(32)
 389               	.LVL44:
 230:funsape/peripheral/adc.cpp ****         case Adc::Mode::SINGLE_CONVERSION:                                                   break;
 390               		.loc 1 230 0
 391 0014 FB01      		movw r30,r22
 392 0016 3197      		sbiw r30,1
 393 0018 E730      		cpi r30,7
 394 001a F105      		cpc r31,__zero_reg__
 395 001c 00F4      		brsh .L36
 396 001e E050      		subi r30,lo8(-(gs(.L38)))
 397 0020 F040      		sbci r31,hi8(-(gs(.L38)))
 398 0022 0C94 0000 		jmp __tablejump2__
 399               		.p2align	1
 400               	.L38:
 401 0026 0000      		.word gs(.L37)
 402 0028 0000      		.word gs(.L39)
 403 002a 0000      		.word gs(.L40)
 404 002c 0000      		.word gs(.L41)
 405 002e 0000      		.word gs(.L42)
 406 0030 0000      		.word gs(.L43)
 407 0032 0000      		.word gs(.L44)
 408               	.L45:
 227:funsape/peripheral/adc.cpp ****     } else {
 409               		.loc 1 227 0
 410 0034 2F7D      		andi r18,lo8(-33)
 411               	.LVL45:
 412               	.L36:
 244:funsape/peripheral/adc.cpp ****     MCU_ADC_CONTROL_B_REG = auxAdcsrB;
 413               		.loc 1 244 0
 414 0036 2093 7A00 		sts 122,r18
 245:funsape/peripheral/adc.cpp **** 
 415               		.loc 1 245 0
 416 003a 9093 7B00 		sts 123,r25
 248:funsape/peripheral/adc.cpp **** 
 417               		.loc 1 248 0
GAS LISTING /tmp/cca4xmd4.s 			page 17


 418 003e 1896      		adiw r26,7+1
 419 0040 7C93      		st X,r23
 420 0042 6E93      		st -X,r22
 421 0044 1797      		sbiw r26,7
 251:funsape/peripheral/adc.cpp ****     debugMessage(Error::NONE, Debug::CodeIndex::ADC_MODULE);
 422               		.loc 1 251 0
 423 0046 1296      		adiw r26,1+1
 424 0048 1C92      		st X,__zero_reg__
 425 004a 1E92      		st -X,__zero_reg__
 426 004c 1197      		sbiw r26,1
 427               	.LVL46:
 254:funsape/peripheral/adc.cpp **** 
 428               		.loc 1 254 0
 429 004e 81E0      		ldi r24,lo8(1)
 430               	.LVL47:
 431               	/* epilogue start */
 432 0050 0895      		ret
 433               	.LVL48:
 434               	.L37:
 233:funsape/peripheral/adc.cpp ****         case Adc::Mode::AUTO_INT0:               setMaskOffset(auxAdcsrB, 0x02, MCU_ADC_TRIGGER_SOU
 435               		.loc 1 233 0
 436 0052 9160      		ori r25,lo8(1)
 437               	.LVL49:
 438 0054 00C0      		rjmp .L36
 439               	.L39:
 234:funsape/peripheral/adc.cpp ****         case Adc::Mode::AUTO_TIMER0_COMPA:       setMaskOffset(auxAdcsrB, 0x03, MCU_ADC_TRIGGER_SOU
 440               		.loc 1 234 0
 441 0056 9260      		ori r25,lo8(2)
 442               	.LVL50:
 443 0058 00C0      		rjmp .L36
 444               	.L40:
 235:funsape/peripheral/adc.cpp ****         case Adc::Mode::AUTO_TIMER0_OVERFLOW:    setMaskOffset(auxAdcsrB, 0x04, MCU_ADC_TRIGGER_SOU
 445               		.loc 1 235 0
 446 005a 9360      		ori r25,lo8(3)
 447               	.LVL51:
 448 005c 00C0      		rjmp .L36
 449               	.L41:
 236:funsape/peripheral/adc.cpp ****         case Adc::Mode::AUTO_TIMER1_COMPB:       setMaskOffset(auxAdcsrB, 0x05, MCU_ADC_TRIGGER_SOU
 450               		.loc 1 236 0
 451 005e 9460      		ori r25,lo8(4)
 452               	.LVL52:
 453 0060 00C0      		rjmp .L36
 454               	.L42:
 237:funsape/peripheral/adc.cpp ****         case Adc::Mode::AUTO_TIMER1_OVERFLOW:    setMaskOffset(auxAdcsrB, 0x06, MCU_ADC_TRIGGER_SOU
 455               		.loc 1 237 0
 456 0062 9560      		ori r25,lo8(5)
 457               	.LVL53:
 458 0064 00C0      		rjmp .L36
 459               	.L43:
 238:funsape/peripheral/adc.cpp ****         case Adc::Mode::AUTO_TIMER1_CAPTURE:     setMaskOffset(auxAdcsrB, 0x07, MCU_ADC_TRIGGER_SOU
 460               		.loc 1 238 0
 461 0066 9660      		ori r25,lo8(6)
 462               	.LVL54:
 463 0068 00C0      		rjmp .L36
 464               	.L44:
 239:funsape/peripheral/adc.cpp ****         }
 465               		.loc 1 239 0
GAS LISTING /tmp/cca4xmd4.s 			page 18


 466 006a 9760      		ori r25,lo8(7)
 467               	.LVL55:
 468 006c 00C0      		rjmp .L36
 469               		.cfi_endproc
 470               	.LFE86:
 472               		.section	.text._ZN3Adc12setPrescalerENS_9PrescalerE,"ax",@progbits
 473               	.global	_ZN3Adc12setPrescalerENS_9PrescalerE
 475               	_ZN3Adc12setPrescalerENS_9PrescalerE:
 476               	.LFB87:
 257:funsape/peripheral/adc.cpp ****     // Mark passage for debugging purpose
 477               		.loc 1 257 0
 478               		.cfi_startproc
 479               	.LVL56:
 480               	/* prologue: function */
 481               	/* frame size = 0 */
 482               	/* stack size = 0 */
 483               	.L__stack_usage = 0
 484 0000 DC01      		movw r26,r24
 262:funsape/peripheral/adc.cpp **** 
 485               		.loc 1 262 0
 486 0002 9091 7A00 		lds r25,122
 487               	.LVL57:
 265:funsape/peripheral/adc.cpp ****     switch(prescaler_p) {
 488               		.loc 1 265 0
 489 0006 987F      		andi r25,lo8(-8)
 490               	.LVL58:
 266:funsape/peripheral/adc.cpp ****     case Adc::Prescaler::DISABLED:                                                   break;
 491               		.loc 1 266 0
 492 0008 EFEF      		ldi r30,lo8(-1)
 493 000a E60F      		add r30,r22
 494 000c E730      		cpi r30,lo8(7)
 495 000e 00F4      		brsh .L47
 496 0010 F0E0      		ldi r31,0
 497 0012 E050      		subi r30,lo8(-(gs(.L49)))
 498 0014 F040      		sbci r31,hi8(-(gs(.L49)))
 499 0016 0C94 0000 		jmp __tablejump2__
 500               		.p2align	1
 501               	.L49:
 502 001a 0000      		.word gs(.L48)
 503 001c 0000      		.word gs(.L50)
 504 001e 0000      		.word gs(.L51)
 505 0020 0000      		.word gs(.L52)
 506 0022 0000      		.word gs(.L53)
 507 0024 0000      		.word gs(.L54)
 508 0026 0000      		.word gs(.L55)
 509               	.L48:
 268:funsape/peripheral/adc.cpp ****     case Adc::Prescaler::PRESCALER_4:    setMaskOffset(auxAdcsrA, 0x02, MCU_ADC_PRESCALER_BIT_POS);
 510               		.loc 1 268 0
 511 0028 9160      		ori r25,lo8(1)
 512               	.LVL59:
 513               	.L47:
 278:funsape/peripheral/adc.cpp **** 
 514               		.loc 1 278 0
 515 002a 9093 7A00 		sts 122,r25
 281:funsape/peripheral/adc.cpp **** 
 516               		.loc 1 281 0
 517 002e 1496      		adiw r26,4
GAS LISTING /tmp/cca4xmd4.s 			page 19


 518 0030 6C93      		st X,r22
 519 0032 1497      		sbiw r26,4
 284:funsape/peripheral/adc.cpp ****     debugMessage(Error::NONE, Debug::CodeIndex::ADC_MODULE);
 520               		.loc 1 284 0
 521 0034 1296      		adiw r26,1+1
 522 0036 1C92      		st X,__zero_reg__
 523 0038 1E92      		st -X,__zero_reg__
 524 003a 1197      		sbiw r26,1
 525               	.LVL60:
 287:funsape/peripheral/adc.cpp **** 
 526               		.loc 1 287 0
 527 003c 81E0      		ldi r24,lo8(1)
 528               	.LVL61:
 529               	/* epilogue start */
 530 003e 0895      		ret
 531               	.LVL62:
 532               	.L50:
 269:funsape/peripheral/adc.cpp ****     case Adc::Prescaler::PRESCALER_8:    setMaskOffset(auxAdcsrA, 0x03, MCU_ADC_PRESCALER_BIT_POS);
 533               		.loc 1 269 0
 534 0040 9260      		ori r25,lo8(2)
 535               	.LVL63:
 536 0042 00C0      		rjmp .L47
 537               	.L51:
 270:funsape/peripheral/adc.cpp ****     case Adc::Prescaler::PRESCALER_16:   setMaskOffset(auxAdcsrA, 0x04, MCU_ADC_PRESCALER_BIT_POS);
 538               		.loc 1 270 0
 539 0044 9360      		ori r25,lo8(3)
 540               	.LVL64:
 541 0046 00C0      		rjmp .L47
 542               	.L52:
 271:funsape/peripheral/adc.cpp ****     case Adc::Prescaler::PRESCALER_32:   setMaskOffset(auxAdcsrA, 0x05, MCU_ADC_PRESCALER_BIT_POS);
 543               		.loc 1 271 0
 544 0048 9460      		ori r25,lo8(4)
 545               	.LVL65:
 546 004a 00C0      		rjmp .L47
 547               	.L53:
 272:funsape/peripheral/adc.cpp ****     case Adc::Prescaler::PRESCALER_64:   setMaskOffset(auxAdcsrA, 0x06, MCU_ADC_PRESCALER_BIT_POS);
 548               		.loc 1 272 0
 549 004c 9560      		ori r25,lo8(5)
 550               	.LVL66:
 551 004e 00C0      		rjmp .L47
 552               	.L54:
 273:funsape/peripheral/adc.cpp ****     case Adc::Prescaler::PRESCALER_128:  setMaskOffset(auxAdcsrA, 0x07, MCU_ADC_PRESCALER_BIT_POS);
 553               		.loc 1 273 0
 554 0050 9660      		ori r25,lo8(6)
 555               	.LVL67:
 556 0052 00C0      		rjmp .L47
 557               	.L55:
 274:funsape/peripheral/adc.cpp ****     }
 558               		.loc 1 274 0
 559 0054 9760      		ori r25,lo8(7)
 560               	.LVL68:
 561 0056 00C0      		rjmp .L47
 562               		.cfi_endproc
 563               	.LFE87:
 565               		.section	.text._ZN3Adc12setReferenceENS_9ReferenceE,"ax",@progbits
 566               	.global	_ZN3Adc12setReferenceENS_9ReferenceE
 568               	_ZN3Adc12setReferenceENS_9ReferenceE:
GAS LISTING /tmp/cca4xmd4.s 			page 20


 569               	.LFB88:
 290:funsape/peripheral/adc.cpp ****     // Mark passage for debugging purpose
 570               		.loc 1 290 0
 571               		.cfi_startproc
 572               	.LVL69:
 573               	/* prologue: function */
 574               	/* frame size = 0 */
 575               	/* stack size = 0 */
 576               	.L__stack_usage = 0
 577 0000 FC01      		movw r30,r24
 295:funsape/peripheral/adc.cpp **** 
 578               		.loc 1 295 0
 579 0002 9091 7C00 		lds r25,124
 580               	.LVL70:
 298:funsape/peripheral/adc.cpp ****     switch(reference_p) {
 581               		.loc 1 298 0
 582 0006 9F73      		andi r25,lo8(63)
 583               	.LVL71:
 299:funsape/peripheral/adc.cpp ****     case Adc::Reference::EXTERNAL:                                                   break;
 584               		.loc 1 299 0
 585 0008 6130      		cpi r22,lo8(1)
 586 000a 01F0      		breq .L58
 587 000c 6230      		cpi r22,lo8(2)
 588 000e 01F0      		breq .L59
 589               	.L57:
 306:funsape/peripheral/adc.cpp **** 
 590               		.loc 1 306 0
 591 0010 9093 7C00 		sts 124,r25
 309:funsape/peripheral/adc.cpp **** 
 592               		.loc 1 309 0
 593 0014 6583      		std Z+5,r22
 312:funsape/peripheral/adc.cpp ****     debugMessage(Error::NONE, Debug::CodeIndex::ADC_MODULE);
 594               		.loc 1 312 0
 595 0016 1282      		std Z+2,__zero_reg__
 596 0018 1182      		std Z+1,__zero_reg__
 597               	.LVL72:
 315:funsape/peripheral/adc.cpp **** 
 598               		.loc 1 315 0
 599 001a 81E0      		ldi r24,lo8(1)
 600               	.LVL73:
 601               	/* epilogue start */
 602 001c 0895      		ret
 603               	.LVL74:
 604               	.L58:
 301:funsape/peripheral/adc.cpp ****     case Adc::Reference::INTERNAL:       setMaskOffset(auxAdmux, 0x03, MCU_ADC_REFERENCE_BIT_POS); 
 605               		.loc 1 301 0
 606 001e 9064      		ori r25,lo8(64)
 607               	.LVL75:
 608 0020 00C0      		rjmp .L57
 609               	.L59:
 302:funsape/peripheral/adc.cpp ****     }
 610               		.loc 1 302 0
 611 0022 906C      		ori r25,lo8(-64)
 612               	.LVL76:
 613 0024 00C0      		rjmp .L57
 614               		.cfi_endproc
 615               	.LFE88:
GAS LISTING /tmp/cca4xmd4.s 			page 21


 617               		.section	.text._ZN3Adc15startConversionEv,"ax",@progbits
 618               	.global	_ZN3Adc15startConversionEv
 620               	_ZN3Adc15startConversionEv:
 621               	.LFB89:
 318:funsape/peripheral/adc.cpp ****     // Mark passage for debugging purpose
 622               		.loc 1 318 0
 623               		.cfi_startproc
 624               	.LVL77:
 625               	/* prologue: function */
 626               	/* frame size = 0 */
 627               	/* stack size = 0 */
 628               	.L__stack_usage = 0
 629 0000 FC01      		movw r30,r24
 323:funsape/peripheral/adc.cpp ****         // Returns error
 630               		.loc 1 323 0
 631 0002 9381      		ldd r25,Z+3
 632 0004 892F      		mov r24,r25
 633 0006 8170      		andi r24,1
 634               	.LVL78:
 635 0008 90FF      		sbrs r25,0
 636 000a 00C0      		rjmp .L64
 329:funsape/peripheral/adc.cpp ****         // Returns error
 637               		.loc 1 329 0
 638 000c 9081      		ld r25,Z
 639 000e 892F      		mov r24,r25
 640 0010 8170      		andi r24,1
 641 0012 90FF      		sbrs r25,0
 642 0014 00C0      		rjmp .L65
 337:funsape/peripheral/adc.cpp **** 
 643               		.loc 1 337 0
 644 0016 AAE7      		ldi r26,lo8(122)
 645 0018 B0E0      		ldi r27,0
 646 001a 9C91      		ld r25,X
 647 001c 9064      		ori r25,lo8(64)
 648 001e 9C93      		st X,r25
 340:funsape/peripheral/adc.cpp ****     debugMessage(Error::NONE, Debug::CodeIndex::ADC_MODULE);
 649               		.loc 1 340 0
 650 0020 1282      		std Z+2,__zero_reg__
 651 0022 1182      		std Z+1,__zero_reg__
 652               	/* epilogue start */
 343:funsape/peripheral/adc.cpp **** 
 653               		.loc 1 343 0
 654 0024 0895      		ret
 655               	.L64:
 325:funsape/peripheral/adc.cpp ****         debugMessage(Error::DEVICE_DISABLED, Debug::CodeIndex::ADC_MODULE);
 656               		.loc 1 325 0
 657 0026 2CE0      		ldi r18,lo8(12)
 658 0028 30E0      		ldi r19,0
 659 002a 3283      		std Z+2,r19
 660 002c 2183      		std Z+1,r18
 327:funsape/peripheral/adc.cpp ****     }
 661               		.loc 1 327 0
 662 002e 0895      		ret
 663               	.L65:
 331:funsape/peripheral/adc.cpp ****         debugMessage(Error::NOT_INITIALIZED, Debug::CodeIndex::ADC_MODULE);
 664               		.loc 1 331 0
 665 0030 26E0      		ldi r18,lo8(6)
GAS LISTING /tmp/cca4xmd4.s 			page 22


 666 0032 30E0      		ldi r19,0
 667 0034 3283      		std Z+2,r19
 668 0036 2183      		std Z+1,r18
 333:funsape/peripheral/adc.cpp ****     }
 669               		.loc 1 333 0
 670 0038 0895      		ret
 671               		.cfi_endproc
 672               	.LFE89:
 674               		.section	.text._ZN3Adc25waitUntilConversionFinishEv,"ax",@progbits
 675               	.global	_ZN3Adc25waitUntilConversionFinishEv
 677               	_ZN3Adc25waitUntilConversionFinishEv:
 678               	.LFB90:
 346:funsape/peripheral/adc.cpp ****     // Mark passage for debugging purpose
 679               		.loc 1 346 0
 680               		.cfi_startproc
 681               	.LVL79:
 682               	/* prologue: function */
 683               	/* frame size = 0 */
 684               	/* stack size = 0 */
 685               	.L__stack_usage = 0
 686 0000 FC01      		movw r30,r24
 351:funsape/peripheral/adc.cpp ****         // Returns error
 687               		.loc 1 351 0
 688 0002 9381      		ldd r25,Z+3
 689 0004 892F      		mov r24,r25
 690 0006 8170      		andi r24,1
 691               	.LVL80:
 692 0008 90FF      		sbrs r25,0
 693 000a 00C0      		rjmp .L70
 357:funsape/peripheral/adc.cpp ****         // Returns error
 694               		.loc 1 357 0
 695 000c 9081      		ld r25,Z
 696 000e 892F      		mov r24,r25
 697 0010 8170      		andi r24,1
 698 0012 90FF      		sbrs r25,0
 699 0014 00C0      		rjmp .L71
 700               	.L69:
 365:funsape/peripheral/adc.cpp **** 
 701               		.loc 1 365 0
 702 0016 9091 7A00 		lds r25,122
 703 001a 96FD      		sbrc r25,6
 704 001c 00C0      		rjmp .L69
 368:funsape/peripheral/adc.cpp ****     debugMessage(Error::NONE, Debug::CodeIndex::ADC_MODULE);
 705               		.loc 1 368 0
 706 001e 1282      		std Z+2,__zero_reg__
 707 0020 1182      		std Z+1,__zero_reg__
 708               	/* epilogue start */
 371:funsape/peripheral/adc.cpp **** 
 709               		.loc 1 371 0
 710 0022 0895      		ret
 711               	.L70:
 353:funsape/peripheral/adc.cpp ****         debugMessage(Error::DEVICE_DISABLED, Debug::CodeIndex::ADC_MODULE);
 712               		.loc 1 353 0
 713 0024 2CE0      		ldi r18,lo8(12)
 714 0026 30E0      		ldi r19,0
 715 0028 3283      		std Z+2,r19
 716 002a 2183      		std Z+1,r18
GAS LISTING /tmp/cca4xmd4.s 			page 23


 355:funsape/peripheral/adc.cpp ****     }
 717               		.loc 1 355 0
 718 002c 0895      		ret
 719               	.L71:
 359:funsape/peripheral/adc.cpp ****         debugMessage(Error::NOT_INITIALIZED, Debug::CodeIndex::ADC_MODULE);
 720               		.loc 1 359 0
 721 002e 26E0      		ldi r18,lo8(6)
 722 0030 30E0      		ldi r19,0
 723 0032 3283      		std Z+2,r19
 724 0034 2183      		std Z+1,r18
 361:funsape/peripheral/adc.cpp ****     }
 725               		.loc 1 361 0
 726 0036 0895      		ret
 727               		.cfi_endproc
 728               	.LFE90:
 730               		.section	.text._ZN3Adc10setChannelENS_7ChannelE,"ax",@progbits
 731               	.global	_ZN3Adc10setChannelENS_7ChannelE
 733               	_ZN3Adc10setChannelENS_7ChannelE:
 734               	.LFB91:
 376:funsape/peripheral/adc.cpp ****     // Mark passage for debugging purpose
 735               		.loc 1 376 0
 736               		.cfi_startproc
 737               	.LVL81:
 738               	/* prologue: function */
 739               	/* frame size = 0 */
 740               	/* stack size = 0 */
 741               	.L__stack_usage = 0
 742 0000 DC01      		movw r26,r24
 381:funsape/peripheral/adc.cpp **** 
 743               		.loc 1 381 0
 744 0002 9091 7C00 		lds r25,124
 745               	.LVL82:
 384:funsape/peripheral/adc.cpp ****     switch(channel_p) {
 746               		.loc 1 384 0
 747 0006 907F      		andi r25,lo8(-16)
 748               	.LVL83:
 385:funsape/peripheral/adc.cpp ****     case Adc::Channel::CHANNEL_0:                                            break;
 749               		.loc 1 385 0
 750 0008 EFEF      		ldi r30,lo8(-1)
 751 000a E60F      		add r30,r22
 752 000c EA30      		cpi r30,lo8(10)
 753 000e 00F4      		brsh .L73
 754 0010 F0E0      		ldi r31,0
 755 0012 E050      		subi r30,lo8(-(gs(.L75)))
 756 0014 F040      		sbci r31,hi8(-(gs(.L75)))
 757 0016 0C94 0000 		jmp __tablejump2__
 758               		.p2align	1
 759               	.L75:
 760 001a 0000      		.word gs(.L74)
 761 001c 0000      		.word gs(.L76)
 762 001e 0000      		.word gs(.L77)
 763 0020 0000      		.word gs(.L78)
 764 0022 0000      		.word gs(.L79)
 765 0024 0000      		.word gs(.L80)
 766 0026 0000      		.word gs(.L81)
 767 0028 0000      		.word gs(.L82)
 768 002a 0000      		.word gs(.L83)
GAS LISTING /tmp/cca4xmd4.s 			page 24


 769 002c 0000      		.word gs(.L84)
 770               	.L74:
 387:funsape/peripheral/adc.cpp ****     case Adc::Channel::CHANNEL_2:    setMaskOffset(auxAdmux, 0x02, MCU_ADC_MUX_BIT_POS);    break;
 771               		.loc 1 387 0
 772 002e 9160      		ori r25,lo8(1)
 773               	.LVL84:
 774               	.L73:
 400:funsape/peripheral/adc.cpp **** 
 775               		.loc 1 400 0
 776 0030 9093 7C00 		sts 124,r25
 403:funsape/peripheral/adc.cpp **** 
 777               		.loc 1 403 0
 778 0034 1696      		adiw r26,6
 779 0036 6C93      		st X,r22
 780 0038 1697      		sbiw r26,6
 406:funsape/peripheral/adc.cpp ****     debugMessage(Error::NONE, Debug::CodeIndex::ADC_MODULE);
 781               		.loc 1 406 0
 782 003a 1296      		adiw r26,1+1
 783 003c 1C92      		st X,__zero_reg__
 784 003e 1E92      		st -X,__zero_reg__
 785 0040 1197      		sbiw r26,1
 786               	.LVL85:
 409:funsape/peripheral/adc.cpp **** 
 787               		.loc 1 409 0
 788 0042 81E0      		ldi r24,lo8(1)
 789               	.LVL86:
 790               	/* epilogue start */
 791 0044 0895      		ret
 792               	.LVL87:
 793               	.L76:
 388:funsape/peripheral/adc.cpp ****     case Adc::Channel::CHANNEL_3:    setMaskOffset(auxAdmux, 0x03, MCU_ADC_MUX_BIT_POS);    break;
 794               		.loc 1 388 0
 795 0046 9260      		ori r25,lo8(2)
 796               	.LVL88:
 797 0048 00C0      		rjmp .L73
 798               	.L77:
 389:funsape/peripheral/adc.cpp ****     case Adc::Channel::CHANNEL_4:    setMaskOffset(auxAdmux, 0x04, MCU_ADC_MUX_BIT_POS);    break;
 799               		.loc 1 389 0
 800 004a 9360      		ori r25,lo8(3)
 801               	.LVL89:
 802 004c 00C0      		rjmp .L73
 803               	.L78:
 390:funsape/peripheral/adc.cpp ****     case Adc::Channel::CHANNEL_5:    setMaskOffset(auxAdmux, 0x05, MCU_ADC_MUX_BIT_POS);    break;
 804               		.loc 1 390 0
 805 004e 9460      		ori r25,lo8(4)
 806               	.LVL90:
 807 0050 00C0      		rjmp .L73
 808               	.L79:
 391:funsape/peripheral/adc.cpp ****     case Adc::Channel::CHANNEL_6:    setMaskOffset(auxAdmux, 0x06, MCU_ADC_MUX_BIT_POS);    break;
 809               		.loc 1 391 0
 810 0052 9560      		ori r25,lo8(5)
 811               	.LVL91:
 812 0054 00C0      		rjmp .L73
 813               	.L80:
 392:funsape/peripheral/adc.cpp ****     case Adc::Channel::CHANNEL_7:    setMaskOffset(auxAdmux, 0x07, MCU_ADC_MUX_BIT_POS);    break;
 814               		.loc 1 392 0
 815 0056 9660      		ori r25,lo8(6)
GAS LISTING /tmp/cca4xmd4.s 			page 25


 816               	.LVL92:
 817 0058 00C0      		rjmp .L73
 818               	.L81:
 393:funsape/peripheral/adc.cpp ****     case Adc::Channel::TEMPERATURE:  setMaskOffset(auxAdmux, 0x08, MCU_ADC_MUX_BIT_POS);    break;
 819               		.loc 1 393 0
 820 005a 9760      		ori r25,lo8(7)
 821               	.LVL93:
 822 005c 00C0      		rjmp .L73
 823               	.L82:
 394:funsape/peripheral/adc.cpp ****     case Adc::Channel::BAND_GAP:     setMaskOffset(auxAdmux, 0x0E, MCU_ADC_MUX_BIT_POS);    break;
 824               		.loc 1 394 0
 825 005e 9860      		ori r25,lo8(8)
 826               	.LVL94:
 827 0060 00C0      		rjmp .L73
 828               	.L83:
 395:funsape/peripheral/adc.cpp ****     case Adc::Channel::GND:          setMaskOffset(auxAdmux, 0x0F, MCU_ADC_MUX_BIT_POS);    break;
 829               		.loc 1 395 0
 830 0062 9E60      		ori r25,lo8(14)
 831               	.LVL95:
 832 0064 00C0      		rjmp .L73
 833               	.L84:
 396:funsape/peripheral/adc.cpp ****     }
 834               		.loc 1 396 0
 835 0066 9F60      		ori r25,lo8(15)
 836               	.LVL96:
 837 0068 00C0      		rjmp .L73
 838               		.cfi_endproc
 839               	.LFE91:
 841               		.section	.text._Z29adcConversionCompleteCallbackv,"ax",@progbits
 842               		.weak	_Z29adcConversionCompleteCallbackv
 844               	_Z29adcConversionCompleteCallbackv:
 845               	.LFB92:
 434:funsape/peripheral/adc.cpp ****     return;
 846               		.loc 1 434 0
 847               		.cfi_startproc
 848               	/* prologue: function */
 849               	/* frame size = 0 */
 850               	/* stack size = 0 */
 851               	.L__stack_usage = 0
 852               	/* epilogue start */
 436:funsape/peripheral/adc.cpp **** 
 853               		.loc 1 436 0
 854 0000 0895      		ret
 855               		.cfi_endproc
 856               	.LFE92:
 858               		.section	.text.__vector_21,"ax",@progbits
 859               	.global	__vector_21
 861               	__vector_21:
 862               	.LFB93:
 447:funsape/peripheral/adc.cpp ****     adcConversionCompleteCallback();
 863               		.loc 1 447 0
 864               		.cfi_startproc
 865 0000 1F92      		push r1
 866               	.LCFI0:
 867               		.cfi_def_cfa_offset 3
 868               		.cfi_offset 1, -2
 869 0002 0F92      		push r0
GAS LISTING /tmp/cca4xmd4.s 			page 26


 870               	.LCFI1:
 871               		.cfi_def_cfa_offset 4
 872               		.cfi_offset 0, -3
 873 0004 0FB6      		in r0,__SREG__
 874 0006 0F92      		push r0
 875 0008 1124      		clr __zero_reg__
 876 000a 2F93      		push r18
 877               	.LCFI2:
 878               		.cfi_def_cfa_offset 5
 879               		.cfi_offset 18, -4
 880 000c 3F93      		push r19
 881               	.LCFI3:
 882               		.cfi_def_cfa_offset 6
 883               		.cfi_offset 19, -5
 884 000e 4F93      		push r20
 885               	.LCFI4:
 886               		.cfi_def_cfa_offset 7
 887               		.cfi_offset 20, -6
 888 0010 5F93      		push r21
 889               	.LCFI5:
 890               		.cfi_def_cfa_offset 8
 891               		.cfi_offset 21, -7
 892 0012 6F93      		push r22
 893               	.LCFI6:
 894               		.cfi_def_cfa_offset 9
 895               		.cfi_offset 22, -8
 896 0014 7F93      		push r23
 897               	.LCFI7:
 898               		.cfi_def_cfa_offset 10
 899               		.cfi_offset 23, -9
 900 0016 8F93      		push r24
 901               	.LCFI8:
 902               		.cfi_def_cfa_offset 11
 903               		.cfi_offset 24, -10
 904 0018 9F93      		push r25
 905               	.LCFI9:
 906               		.cfi_def_cfa_offset 12
 907               		.cfi_offset 25, -11
 908 001a AF93      		push r26
 909               	.LCFI10:
 910               		.cfi_def_cfa_offset 13
 911               		.cfi_offset 26, -12
 912 001c BF93      		push r27
 913               	.LCFI11:
 914               		.cfi_def_cfa_offset 14
 915               		.cfi_offset 27, -13
 916 001e EF93      		push r30
 917               	.LCFI12:
 918               		.cfi_def_cfa_offset 15
 919               		.cfi_offset 30, -14
 920 0020 FF93      		push r31
 921               	.LCFI13:
 922               		.cfi_def_cfa_offset 16
 923               		.cfi_offset 31, -15
 924               	/* prologue: Signal */
 925               	/* frame size = 0 */
 926               	/* stack size = 15 */
GAS LISTING /tmp/cca4xmd4.s 			page 27


 927               	.L__stack_usage = 15
 448:funsape/peripheral/adc.cpp **** }
 928               		.loc 1 448 0
 929 0022 0E94 0000 		call _Z29adcConversionCompleteCallbackv
 930               	.LVL97:
 931               	/* epilogue start */
 932               		.loc 1 449 0
 933 0026 FF91      		pop r31
 934 0028 EF91      		pop r30
 935 002a BF91      		pop r27
 936 002c AF91      		pop r26
 937 002e 9F91      		pop r25
 938 0030 8F91      		pop r24
 939 0032 7F91      		pop r23
 940 0034 6F91      		pop r22
 941 0036 5F91      		pop r21
 942 0038 4F91      		pop r20
 943 003a 3F91      		pop r19
 944 003c 2F91      		pop r18
 945 003e 0F90      		pop r0
 946 0040 0FBE      		out __SREG__,r0
 947 0042 0F90      		pop r0
 948 0044 1F90      		pop r1
 949 0046 1895      		reti
 950               		.cfi_endproc
 951               	.LFE93:
 953               		.section	.text._GLOBAL__sub_I__ZN3Adc9_instanceE,"ax",@progbits
 955               	_GLOBAL__sub_I__ZN3Adc9_instanceE:
 956               	.LFB95:
 957               		.loc 1 449 0
 958               		.cfi_startproc
 959               	/* prologue: function */
 960               	/* frame size = 0 */
 961               	/* stack size = 0 */
 962               	.L__stack_usage = 0
 963               		.loc 1 449 0
 964 0000 6FEF      		ldi r22,lo8(-1)
 965 0002 7FEF      		ldi r23,lo8(-1)
 966 0004 81E0      		ldi r24,lo8(1)
 967 0006 90E0      		ldi r25,0
 968 0008 0E94 0000 		call _Z41__static_initialization_and_destruction_0ii
 969               	.LVL98:
 970               	/* epilogue start */
 971 000c 0895      		ret
 972               		.cfi_endproc
 973               	.LFE95:
 975               		.global __do_global_ctors
 976               		.section .ctors,"a",@progbits
 977               		.p2align	1
 978 0000 0000      		.word	gs(_GLOBAL__sub_I__ZN3Adc9_instanceE)
 979               		.section	.text._GLOBAL__sub_D__ZN3Adc9_instanceE,"ax",@progbits
 981               	_GLOBAL__sub_D__ZN3Adc9_instanceE:
 982               	.LFB96:
 983               		.loc 1 449 0
 984               		.cfi_startproc
 985               	/* prologue: function */
 986               	/* frame size = 0 */
GAS LISTING /tmp/cca4xmd4.s 			page 28


 987               	/* stack size = 0 */
 988               	.L__stack_usage = 0
 989               		.loc 1 449 0
 990 0000 6FEF      		ldi r22,lo8(-1)
 991 0002 7FEF      		ldi r23,lo8(-1)
 992 0004 90E0      		ldi r25,0
 993 0006 80E0      		ldi r24,0
 994 0008 0E94 0000 		call _Z41__static_initialization_and_destruction_0ii
 995               	.LVL99:
 996               	/* epilogue start */
 997 000c 0895      		ret
 998               		.cfi_endproc
 999               	.LFE96:
 1001               		.global __do_global_dtors
 1002               		.section .dtors,"a",@progbits
 1003               		.p2align	1
 1004 0000 0000      		.word	gs(_GLOBAL__sub_D__ZN3Adc9_instanceE)
 1005               	.global	_ZN3Adc9_instanceE
 1006               		.section	.bss._ZN3Adc9_instanceE,"aw",@nobits
 1009               	_ZN3Adc9_instanceE:
 1010 0000 0000 0000 		.zero	10
 1010      0000 0000 
 1010      0000 
 1011               		.text
 1012               	.Letext0:
 1013               		.file 2 "/usr/lib/avr/include/stdint.h"
 1014               		.file 3 "funsape/peripheral/../config/atmega328p.hpp"
 1015               		.file 4 "/usr/lib/avr/include/stdio.h"
 1016               		.file 5 "funsape/peripheral/../globalDefines.hpp"
 1017               		.file 6 "funsape/peripheral/../util/debug.hpp"
 1018               		.file 7 "funsape/peripheral/adc.hpp"
GAS LISTING /tmp/cca4xmd4.s 			page 29


DEFINED SYMBOLS
                            *ABS*:0000000000000000 adc.cpp
     /tmp/cca4xmd4.s:2      *ABS*:000000000000003e __SP_H__
     /tmp/cca4xmd4.s:3      *ABS*:000000000000003d __SP_L__
     /tmp/cca4xmd4.s:4      *ABS*:000000000000003f __SREG__
     /tmp/cca4xmd4.s:5      *ABS*:0000000000000000 __tmp_reg__
     /tmp/cca4xmd4.s:6      *ABS*:0000000000000001 __zero_reg__
     /tmp/cca4xmd4.s:13     .text._ZN3AdcC2Ev:0000000000000000 _ZN3AdcC2Ev
     /tmp/cca4xmd4.s:13     .text._ZN3AdcC2Ev:0000000000000000 _ZN3AdcC1Ev
     /tmp/cca4xmd4.s:57     .text._ZN3AdcD2Ev:0000000000000000 _ZN3AdcD2Ev
     /tmp/cca4xmd4.s:57     .text._ZN3AdcD2Ev:0000000000000000 _ZN3AdcD1Ev
     /tmp/cca4xmd4.s:76     .text._Z41__static_initialization_and_destruction_0ii:0000000000000000 _Z41__static_initialization_and_destruction_0ii
     /tmp/cca4xmd4.s:1009   .bss._ZN3Adc9_instanceE:0000000000000000 _ZN3Adc9_instanceE
     /tmp/cca4xmd4.s:112    .text._ZN3Adc4initENS_4ModeENS_9ReferenceENS_9PrescalerE:0000000000000000 _ZN3Adc4initENS_4ModeENS_9ReferenceENS_9PrescalerE
     /tmp/cca4xmd4.s:315    .text._ZN3Adc18setDataPresetationENS_15DataPresetationE:0000000000000000 _ZN3Adc18setDataPresetationENS_15DataPresetationE
     /tmp/cca4xmd4.s:364    .text._ZN3Adc7setModeENS_4ModeE:0000000000000000 _ZN3Adc7setModeENS_4ModeE
     /tmp/cca4xmd4.s:475    .text._ZN3Adc12setPrescalerENS_9PrescalerE:0000000000000000 _ZN3Adc12setPrescalerENS_9PrescalerE
     /tmp/cca4xmd4.s:568    .text._ZN3Adc12setReferenceENS_9ReferenceE:0000000000000000 _ZN3Adc12setReferenceENS_9ReferenceE
     /tmp/cca4xmd4.s:620    .text._ZN3Adc15startConversionEv:0000000000000000 _ZN3Adc15startConversionEv
     /tmp/cca4xmd4.s:677    .text._ZN3Adc25waitUntilConversionFinishEv:0000000000000000 _ZN3Adc25waitUntilConversionFinishEv
     /tmp/cca4xmd4.s:733    .text._ZN3Adc10setChannelENS_7ChannelE:0000000000000000 _ZN3Adc10setChannelENS_7ChannelE
     /tmp/cca4xmd4.s:844    .text._Z29adcConversionCompleteCallbackv:0000000000000000 _Z29adcConversionCompleteCallbackv
     /tmp/cca4xmd4.s:861    .text.__vector_21:0000000000000000 __vector_21
     /tmp/cca4xmd4.s:955    .text._GLOBAL__sub_I__ZN3Adc9_instanceE:0000000000000000 _GLOBAL__sub_I__ZN3Adc9_instanceE
     /tmp/cca4xmd4.s:981    .text._GLOBAL__sub_D__ZN3Adc9_instanceE:0000000000000000 _GLOBAL__sub_D__ZN3Adc9_instanceE

UNDEFINED SYMBOLS
__tablejump2__
__do_global_ctors
__do_global_dtors
__do_clear_bss
