Archive member included to satisfy reference by file (symbol)

/usr/lib/gcc/avr/7.3.0/avr5/libgcc.a(_exit.o)
                              /usr/lib/gcc/avr/7.3.0/../../../avr/lib/avr5/crtatmega328p.o (exit)
/usr/lib/gcc/avr/7.3.0/avr5/libgcc.a(_tablejump2.o)
                              build/sevenSegmentsDisplay.o (__tablejump2__)
/usr/lib/gcc/avr/7.3.0/avr5/libgcc.a(_clear_bss.o)
                              build/adc.o (__do_clear_bss)
/usr/lib/gcc/avr/7.3.0/avr5/libgcc.a(_ctors.o)
                              build/adc.o (__do_global_ctors)
/usr/lib/gcc/avr/7.3.0/avr5/libgcc.a(_dtors.o)
                              build/adc.o (__do_global_dtors)
/usr/lib/gcc/avr/7.3.0/avr5/libgcc.a(_umulhisi3.o)
                              build/gpioBus.o (__umulhisi3)
/usr/lib/gcc/avr/7.3.0/../../../avr/lib/avr5/libc.a(printf.o)
                              build/debug.o (printf)
/usr/lib/gcc/avr/7.3.0/../../../avr/lib/avr5/libc.a(sprintf_p.o)
                              build/debug.o (sprintf_P)
/usr/lib/gcc/avr/7.3.0/../../../avr/lib/avr5/libc.a(vfprintf_std.o)
                              /usr/lib/gcc/avr/7.3.0/../../../avr/lib/avr5/libc.a(printf.o) (vfprintf)
/usr/lib/gcc/avr/7.3.0/../../../avr/lib/avr5/libc.a(strnlen_P.o)
                              /usr/lib/gcc/avr/7.3.0/../../../avr/lib/avr5/libc.a(vfprintf_std.o) (strnlen_P)
/usr/lib/gcc/avr/7.3.0/../../../avr/lib/avr5/libc.a(strnlen.o)
                              /usr/lib/gcc/avr/7.3.0/../../../avr/lib/avr5/libc.a(vfprintf_std.o) (strnlen)
/usr/lib/gcc/avr/7.3.0/../../../avr/lib/avr5/libc.a(fputc.o)
                              /usr/lib/gcc/avr/7.3.0/../../../avr/lib/avr5/libc.a(vfprintf_std.o) (fputc)
/usr/lib/gcc/avr/7.3.0/../../../avr/lib/avr5/libc.a(iob.o)
                              /usr/lib/gcc/avr/7.3.0/../../../avr/lib/avr5/libc.a(printf.o) (__iob)
/usr/lib/gcc/avr/7.3.0/../../../avr/lib/avr5/libc.a(ultoa_invert.o)
                              /usr/lib/gcc/avr/7.3.0/../../../avr/lib/avr5/libc.a(vfprintf_std.o) (__ultoa_invert)
/usr/lib/gcc/avr/7.3.0/avr5/libgcc.a(_prologue.o)
                              /usr/lib/gcc/avr/7.3.0/../../../avr/lib/avr5/libc.a(printf.o) (__prologue_saves__)
/usr/lib/gcc/avr/7.3.0/avr5/libgcc.a(_epilogue.o)
                              /usr/lib/gcc/avr/7.3.0/../../../avr/lib/avr5/libc.a(printf.o) (__epilogue_restores__)

Allocating common symbols
Common symbol       size              file

__iob               0x6               /usr/lib/gcc/avr/7.3.0/../../../avr/lib/avr5/libc.a(iob.o)

Discarded input sections

 .data          0x0000000000000000        0x0 /usr/lib/gcc/avr/7.3.0/../../../avr/lib/avr5/crtatmega328p.o
 .bss           0x0000000000000000        0x0 /usr/lib/gcc/avr/7.3.0/../../../avr/lib/avr5/crtatmega328p.o
 .debug_abbrev  0x0000000000000000      0x5a2 /usr/lib/gcc/avr/7.3.0/../../../avr/lib/avr5/crtatmega328p.o
 .debug_info    0x0000000000000000      0x5f4 /usr/lib/gcc/avr/7.3.0/../../../avr/lib/avr5/crtatmega328p.o
 .debug_line    0x0000000000000000       0x1a /usr/lib/gcc/avr/7.3.0/../../../avr/lib/avr5/crtatmega328p.o
 .debug_str     0x0000000000000000      0x208 /usr/lib/gcc/avr/7.3.0/../../../avr/lib/avr5/crtatmega328p.o
 .text          0x0000000000000000        0x0 build/sevenSegmentsDisplay.o
 .data          0x0000000000000000        0x0 build/sevenSegmentsDisplay.o
 .bss           0x0000000000000000        0x0 build/sevenSegmentsDisplay.o
 .text._Z22convertToSevenSegmentshb24SevenSegmentsDisplayType
                0x0000000000000000      0x292 build/sevenSegmentsDisplay.o
 .text._Z22convertToSevenSegments17SevenSegmentsCodeb24SevenSegmentsDisplayType
                0x0000000000000000        0x6 build/sevenSegmentsDisplay.o
 .debug_info    0x0000000000000000      0x40d build/sevenSegmentsDisplay.o
 .debug_abbrev  0x0000000000000000      0x1a1 build/sevenSegmentsDisplay.o
 .debug_loc     0x0000000000000000      0x51a build/sevenSegmentsDisplay.o
 .debug_aranges
                0x0000000000000000       0x28 build/sevenSegmentsDisplay.o
 .debug_ranges  0x0000000000000000       0x18 build/sevenSegmentsDisplay.o
 .debug_line    0x0000000000000000      0x1f1 build/sevenSegmentsDisplay.o
 .debug_str     0x0000000000000000      0x469 build/sevenSegmentsDisplay.o
 .comment       0x0000000000000000       0x12 build/sevenSegmentsDisplay.o
 .debug_frame   0x0000000000000000       0x34 build/sevenSegmentsDisplay.o
 .avr.prop      0x0000000000000000       0x16 build/sevenSegmentsDisplay.o
 .text          0x0000000000000000        0x0 build/sevenSegmentsMuxDisplay.o
 .data          0x0000000000000000        0x0 build/sevenSegmentsMuxDisplay.o
 .bss           0x0000000000000000        0x0 build/sevenSegmentsMuxDisplay.o
 .text._ZN23SevenSegmentsMuxDisplayC2Ev
                0x0000000000000000       0x3e build/sevenSegmentsMuxDisplay.o
 .text._ZN23SevenSegmentsMuxDisplayD2Ev
                0x0000000000000000        0x2 build/sevenSegmentsMuxDisplay.o
 .text._ZN23SevenSegmentsMuxDisplay4initE24SevenSegmentsDisplayType
                0x0000000000000000       0xc4 build/sevenSegmentsMuxDisplay.o
 .text._ZN23SevenSegmentsMuxDisplay8setPortsEP7GpioBusS1_10LogicLevel
                0x0000000000000000       0xcc build/sevenSegmentsMuxDisplay.o
 .text._ZN23SevenSegmentsMuxDisplay13showNextDigitEv
                0x0000000000000000      0x150 build/sevenSegmentsMuxDisplay.o
 .text._ZN23SevenSegmentsMuxDisplay17updateDigitValuesEPKhPKb
                0x0000000000000000       0xc0 build/sevenSegmentsMuxDisplay.o
 .debug_info    0x0000000000000000     0x1521 build/sevenSegmentsMuxDisplay.o
 .debug_abbrev  0x0000000000000000      0x41e build/sevenSegmentsMuxDisplay.o
 .debug_loc     0x0000000000000000      0x47f build/sevenSegmentsMuxDisplay.o
 .debug_aranges
                0x0000000000000000       0x48 build/sevenSegmentsMuxDisplay.o
 .debug_ranges  0x0000000000000000       0x50 build/sevenSegmentsMuxDisplay.o
 .debug_line    0x0000000000000000      0x4d3 build/sevenSegmentsMuxDisplay.o
 .debug_str     0x0000000000000000     0x11b4 build/sevenSegmentsMuxDisplay.o
 .comment       0x0000000000000000       0x12 build/sevenSegmentsMuxDisplay.o
 .debug_frame   0x0000000000000000       0xc0 build/sevenSegmentsMuxDisplay.o
 .text          0x0000000000000000        0x0 build/adc.o
 .data          0x0000000000000000        0x0 build/adc.o
 .bss           0x0000000000000000        0x0 build/adc.o
 .text._ZN3AdcD2Ev
                0x0000000000000000        0x2 build/adc.o
 .text._ZN3Adc4initENS_4ModeENS_9ReferenceENS_9PrescalerE
                0x0000000000000000       0xd6 build/adc.o
 .text._ZN3Adc18setDataPresetationENS_15DataPresetationE
                0x0000000000000000       0x2c build/adc.o
 .text._ZN3Adc7setModeENS_4ModeE
                0x0000000000000000       0x6e build/adc.o
 .text._ZN3Adc12setPrescalerENS_9PrescalerE
                0x0000000000000000       0x58 build/adc.o
 .text._ZN3Adc12setReferenceENS_9ReferenceE
                0x0000000000000000       0x26 build/adc.o
 .text._ZN3Adc15startConversionEv
                0x0000000000000000       0x3a build/adc.o
 .text._ZN3Adc25waitUntilConversionFinishEv
                0x0000000000000000       0x38 build/adc.o
 .text._ZN3Adc10setChannelENS_7ChannelE
                0x0000000000000000       0x6a build/adc.o
 .debug_info    0x0000000000000000     0x134b build/adc.o
 .debug_abbrev  0x0000000000000000      0x403 build/adc.o
 .debug_loc     0x0000000000000000      0x40b build/adc.o
 .debug_aranges
                0x0000000000000000       0x90 build/adc.o
 .debug_ranges  0x0000000000000000       0x80 build/adc.o
 .debug_line    0x0000000000000000      0x510 build/adc.o
 .debug_str     0x0000000000000000     0x12e6 build/adc.o
 .debug_frame   0x0000000000000000      0x158 build/adc.o
 .avr.prop      0x0000000000000000       0x55 build/adc.o
 .text          0x0000000000000000        0x0 build/gpioBus.o
 .data          0x0000000000000000        0x0 build/gpioBus.o
 .bss           0x0000000000000000        0x0 build/gpioBus.o
 .text._ZN7GpioBusC2Ev
                0x0000000000000000       0x20 build/gpioBus.o
 .text._ZN7GpioBusD2Ev
                0x0000000000000000        0x2 build/gpioBus.o
 .text._ZN7GpioBus4initEPVh8PinIndexh
                0x0000000000000000       0xd6 build/gpioBus.o
 .text._ZN7GpioBus7setModeE7PinMode
                0x0000000000000000       0x70 build/gpioBus.o
 .text._ZN7GpioBus5writeEh
                0x0000000000000000       0x40 build/gpioBus.o
 .debug_info    0x0000000000000000      0xf68 build/gpioBus.o
 .debug_abbrev  0x0000000000000000      0x307 build/gpioBus.o
 .debug_loc     0x0000000000000000      0x218 build/gpioBus.o
 .debug_aranges
                0x0000000000000000       0x40 build/gpioBus.o
 .debug_ranges  0x0000000000000000       0x30 build/gpioBus.o
 .debug_line    0x0000000000000000      0x26e build/gpioBus.o
 .debug_str     0x0000000000000000      0xeb1 build/gpioBus.o
 .comment       0x0000000000000000       0x12 build/gpioBus.o
 .debug_frame   0x0000000000000000       0x70 build/gpioBus.o
 .text          0x0000000000000000        0x0 build/gpioPin.o
 .data          0x0000000000000000        0x0 build/gpioPin.o
 .bss           0x0000000000000000        0x0 build/gpioPin.o
 .text._ZN7GpioPinC2Ev
                0x0000000000000000       0x1c build/gpioPin.o
 .text._ZN7GpioPinD2Ev
                0x0000000000000000        0x2 build/gpioPin.o
 .text._ZN7GpioPin4initEPVh8PinIndex
                0x0000000000000000       0x68 build/gpioPin.o
 .text._ZN7GpioPin7setModeE7PinMode
                0x0000000000000000       0x6e build/gpioPin.o
 .debug_info    0x0000000000000000      0xdd3 build/gpioPin.o
 .debug_abbrev  0x0000000000000000      0x2ed build/gpioPin.o
 .debug_loc     0x0000000000000000      0x11b build/gpioPin.o
 .debug_aranges
                0x0000000000000000       0x38 build/gpioPin.o
 .debug_ranges  0x0000000000000000       0x28 build/gpioPin.o
 .debug_line    0x0000000000000000      0x1f1 build/gpioPin.o
 .debug_str     0x0000000000000000      0xdc3 build/gpioPin.o
 .comment       0x0000000000000000       0x12 build/gpioPin.o
 .debug_frame   0x0000000000000000       0x54 build/gpioPin.o
 .text          0x0000000000000000        0x0 build/int0.o
 .data          0x0000000000000000        0x0 build/int0.o
 .bss           0x0000000000000000        0x0 build/int0.o
 .text._ZN4Int0D2Ev
                0x0000000000000000        0x2 build/int0.o
 .text._ZN4Int04initENS_9SenseModeE
                0x0000000000000000       0x1e build/int0.o
 .text._ZN4Int010setPinModeE7PinMode
                0x0000000000000000       0x38 build/int0.o
 .text._ZN4Int012setSenseModeENS_9SenseModeE
                0x0000000000000000       0x18 build/int0.o
 .debug_info    0x0000000000000000      0xe92 build/int0.o
 .debug_abbrev  0x0000000000000000      0x3b8 build/int0.o
 .debug_loc     0x0000000000000000      0x229 build/int0.o
 .debug_aranges
                0x0000000000000000       0x68 build/int0.o
 .debug_ranges  0x0000000000000000       0x58 build/int0.o
 .debug_line    0x0000000000000000      0x289 build/int0.o
 .debug_str     0x0000000000000000      0xec7 build/int0.o
 .debug_frame   0x0000000000000000      0x108 build/int0.o
 .text          0x0000000000000000        0x0 build/int1.o
 .data          0x0000000000000000        0x0 build/int1.o
 .bss           0x0000000000000000        0x0 build/int1.o
 .text._ZN4Int1D2Ev
                0x0000000000000000        0x2 build/int1.o
 .text._ZN4Int14initENS_9SenseModeE
                0x0000000000000000       0x2a build/int1.o
 .text._ZN4Int110setPinModeE7PinMode
                0x0000000000000000       0x38 build/int1.o
 .text._ZN4Int112setSenseModeENS_9SenseModeE
                0x0000000000000000       0x24 build/int1.o
 .debug_info    0x0000000000000000      0xe92 build/int1.o
 .debug_abbrev  0x0000000000000000      0x3b8 build/int1.o
 .debug_loc     0x0000000000000000      0x229 build/int1.o
 .debug_aranges
                0x0000000000000000       0x68 build/int1.o
 .debug_ranges  0x0000000000000000       0x58 build/int1.o
 .debug_line    0x0000000000000000      0x289 build/int1.o
 .debug_str     0x0000000000000000      0xec7 build/int1.o
 .debug_frame   0x0000000000000000      0x108 build/int1.o
 .text          0x0000000000000000        0x0 build/pcint0.o
 .data          0x0000000000000000        0x0 build/pcint0.o
 .bss           0x0000000000000000        0x0 build/pcint0.o
 .text._ZN6Pcint0D2Ev
                0x0000000000000000        0x2 build/pcint0.o
 .text._ZN6Pcint011disablePinsENS_3PinE
                0x0000000000000000       0x1a build/pcint0.o
 .text._ZN6Pcint010enablePinsENS_3PinE
                0x0000000000000000       0x18 build/pcint0.o
 .text._ZN6Pcint04initENS_3PinE
                0x0000000000000000       0x1a build/pcint0.o
 .text._ZN6Pcint010setPinModeENS_3PinE7PinMode
                0x0000000000000000       0x6c build/pcint0.o
 .debug_info    0x0000000000000000      0xf8e build/pcint0.o
 .debug_abbrev  0x0000000000000000      0x3e6 build/pcint0.o
 .debug_loc     0x0000000000000000      0x3b2 build/pcint0.o
 .debug_aranges
                0x0000000000000000       0x70 build/pcint0.o
 .debug_ranges  0x0000000000000000       0x60 build/pcint0.o
 .debug_line    0x0000000000000000      0x328 build/pcint0.o
 .debug_str     0x0000000000000000      0xf86 build/pcint0.o
 .debug_frame   0x0000000000000000      0x118 build/pcint0.o
 .text          0x0000000000000000        0x0 build/pcint1.o
 .data          0x0000000000000000        0x0 build/pcint1.o
 .bss           0x0000000000000000        0x0 build/pcint1.o
 .text._ZN6Pcint1D2Ev
                0x0000000000000000        0x2 build/pcint1.o
 .text._ZN6Pcint111disablePinsENS_3PinE
                0x0000000000000000       0x1e build/pcint1.o
 .text._ZN6Pcint110enablePinsENS_3PinE
                0x0000000000000000       0x1c build/pcint1.o
 .text._ZN6Pcint14initENS_3PinE
                0x0000000000000000       0x1e build/pcint1.o
 .text._ZN6Pcint110setPinModeENS_3PinE7PinMode
                0x0000000000000000       0x64 build/pcint1.o
 .debug_info    0x0000000000000000      0xf88 build/pcint1.o
 .debug_abbrev  0x0000000000000000      0x3e6 build/pcint1.o
 .debug_loc     0x0000000000000000      0x39a build/pcint1.o
 .debug_aranges
                0x0000000000000000       0x70 build/pcint1.o
 .debug_ranges  0x0000000000000000       0x60 build/pcint1.o
 .debug_line    0x0000000000000000      0x340 build/pcint1.o
 .debug_str     0x0000000000000000      0xf80 build/pcint1.o
 .debug_frame   0x0000000000000000      0x118 build/pcint1.o
 .text          0x0000000000000000        0x0 build/pcint2.o
 .data          0x0000000000000000        0x0 build/pcint2.o
 .bss           0x0000000000000000        0x0 build/pcint2.o
 .text._ZN6Pcint2D2Ev
                0x0000000000000000        0x2 build/pcint2.o
 .text._ZN6Pcint211disablePinsENS_3PinE
                0x0000000000000000       0x1a build/pcint2.o
 .text._ZN6Pcint210enablePinsENS_3PinE
                0x0000000000000000       0x18 build/pcint2.o
 .text._ZN6Pcint24initENS_3PinE
                0x0000000000000000       0x1a build/pcint2.o
 .text._ZN6Pcint210setPinModeENS_3PinE7PinMode
                0x0000000000000000       0x6c build/pcint2.o
 .debug_info    0x0000000000000000      0xf8e build/pcint2.o
 .debug_abbrev  0x0000000000000000      0x3e6 build/pcint2.o
 .debug_loc     0x0000000000000000      0x3b2 build/pcint2.o
 .debug_aranges
                0x0000000000000000       0x70 build/pcint2.o
 .debug_ranges  0x0000000000000000       0x60 build/pcint2.o
 .debug_line    0x0000000000000000      0x328 build/pcint2.o
 .debug_str     0x0000000000000000      0xf8e build/pcint2.o
 .debug_frame   0x0000000000000000      0x118 build/pcint2.o
 .text          0x0000000000000000        0x0 build/timer0.o
 .data          0x0000000000000000        0x0 build/timer0.o
 .bss           0x0000000000000000        0x0 build/timer0.o
 .text._ZN6Timer0D2Ev
                0x0000000000000000        0x2 build/timer0.o
 .text._ZN6Timer04initENS_4ModeENS_11ClockSourceE
                0x0000000000000000       0x44 build/timer0.o
 .text._ZN6Timer014setClockSourceENS_11ClockSourceE
                0x0000000000000000       0x14 build/timer0.o
 .text._ZN6Timer07setModeENS_4ModeE
                0x0000000000000000       0x38 build/timer0.o
 .text._ZN6Timer013setOutputModeENS_10OutputModeES0_
                0x0000000000000000       0x26 build/timer0.o
 .debug_info    0x0000000000000000     0x121c build/timer0.o
 .debug_abbrev  0x0000000000000000      0x3d6 build/timer0.o
 .debug_loc     0x0000000000000000      0x47b build/timer0.o
 .debug_aranges
                0x0000000000000000       0x90 build/timer0.o
 .debug_ranges  0x0000000000000000       0x80 build/timer0.o
 .debug_line    0x0000000000000000      0x360 build/timer0.o
 .debug_str     0x0000000000000000     0x1411 build/timer0.o
 .debug_frame   0x0000000000000000      0x200 build/timer0.o
 .text          0x0000000000000000        0x0 build/timer1.o
 .data          0x0000000000000000        0x0 build/timer1.o
 .bss           0x0000000000000000        0x0 build/timer1.o
 .text._ZN6Timer1D2Ev
                0x0000000000000000        0x2 build/timer1.o
 .text._ZN6Timer14initENS_4ModeENS_11ClockSourceE
                0x0000000000000000       0x54 build/timer1.o
 .text._ZN6Timer114setClockSourceENS_11ClockSourceE
                0x0000000000000000       0x18 build/timer1.o
 .text._ZN6Timer119setInputCaptureModeE4Edgeb
                0x0000000000000000       0x26 build/timer1.o
 .text._ZN6Timer17setModeENS_4ModeE
                0x0000000000000000       0x48 build/timer1.o
 .text._ZN6Timer113setOutputModeENS_10OutputModeES0_
                0x0000000000000000       0x2a build/timer1.o
 .debug_info    0x0000000000000000     0x13e4 build/timer1.o
 .debug_abbrev  0x0000000000000000      0x3f0 build/timer1.o
 .debug_loc     0x0000000000000000      0x5fa build/timer1.o
 .debug_aranges
                0x0000000000000000       0xa8 build/timer1.o
 .debug_ranges  0x0000000000000000       0x98 build/timer1.o
 .debug_line    0x0000000000000000      0x3e1 build/timer1.o
 .debug_str     0x0000000000000000     0x16f4 build/timer1.o
 .debug_frame   0x0000000000000000      0x29c build/timer1.o
 .text          0x0000000000000000        0x0 build/timer2.o
 .data          0x0000000000000000        0x0 build/timer2.o
 .bss           0x0000000000000000        0x0 build/timer2.o
 .text._ZN6Timer2D2Ev
                0x0000000000000000        0x2 build/timer2.o
 .text._ZN6Timer24initENS_4ModeENS_11ClockSourceE
                0x0000000000000000       0x54 build/timer2.o
 .text._ZN6Timer214setClockSourceENS_11ClockSourceE
                0x0000000000000000       0x18 build/timer2.o
 .text._ZN6Timer27setModeENS_4ModeE
                0x0000000000000000       0x48 build/timer2.o
 .text._ZN6Timer213setOutputModeENS_10OutputModeES0_
                0x0000000000000000       0x2a build/timer2.o
 .debug_info    0x0000000000000000     0x121c build/timer2.o
 .debug_abbrev  0x0000000000000000      0x3f0 build/timer2.o
 .debug_loc     0x0000000000000000      0x4d9 build/timer2.o
 .debug_aranges
                0x0000000000000000       0x90 build/timer2.o
 .debug_ranges  0x0000000000000000       0x80 build/timer2.o
 .debug_line    0x0000000000000000      0x360 build/timer2.o
 .debug_str     0x0000000000000000     0x140a build/timer2.o
 .debug_frame   0x0000000000000000      0x218 build/timer2.o
 .text          0x0000000000000000        0x0 build/debug.o
 .data          0x0000000000000000        0x0 build/debug.o
 .bss           0x0000000000000000        0x0 build/debug.o
 .text._ZN5DebugD2Ev
                0x0000000000000000        0x2 build/debug.o
 .text._ZN5Debug4initEb
                0x0000000000000000       0x18 build/debug.o
 .text._ZN5Debug7logMarkEPKhjS1_NS_9CodeIndexE
                0x0000000000000000       0x7e build/debug.o
 .text._ZN5Debug10logMessageE5ErrorPKhj
                0x0000000000000000       0x9a build/debug.o
 .text._ZN5Debug10logMessageE5ErrorPKhjNS_9CodeIndexE
                0x0000000000000000       0xa8 build/debug.o
 .text._ZN5Debug12printMessageEPKc
                0x0000000000000000       0x1e build/debug.o
 .progmem.data._ZZN5Debug10logMessageE5ErrorPKhjNS_9CodeIndexEE3__c
                0x0000000000000000       0x10 build/debug.o
 .progmem.data._ZZN5Debug10logMessageE5ErrorPKhjE3__c
                0x0000000000000000       0x10 build/debug.o
 .progmem.data._ZZN5Debug7logMarkEPKhjS1_NS_9CodeIndexEE3__c
                0x0000000000000000       0x11 build/debug.o
 .debug_info    0x0000000000000000      0xea4 build/debug.o
 .debug_abbrev  0x0000000000000000      0x3b0 build/debug.o
 .debug_loc     0x0000000000000000      0x6e7 build/debug.o
 .debug_aranges
                0x0000000000000000       0x68 build/debug.o
 .debug_ranges  0x0000000000000000       0x58 build/debug.o
 .debug_line    0x0000000000000000      0x2a4 build/debug.o
 .debug_str     0x0000000000000000      0xcc0 build/debug.o
 .debug_frame   0x0000000000000000      0x15c build/debug.o
 .text          0x0000000000000000        0x0 build/main.o
 .data          0x0000000000000000        0x0 build/main.o
 .bss           0x0000000000000000        0x0 build/main.o
 .debug_info    0x0000000000000000      0x191 build/main.o
 .debug_abbrev  0x0000000000000000      0x139 build/main.o
 .debug_loc     0x0000000000000000       0x6e build/main.o
 .debug_aranges
                0x0000000000000000       0x28 build/main.o
 .debug_ranges  0x0000000000000000       0x18 build/main.o
 .debug_line    0x0000000000000000       0xfa build/main.o
 .debug_str     0x0000000000000000      0x202 build/main.o
 .debug_frame   0x0000000000000000       0x48 build/main.o
 .text          0x0000000000000000        0x0 /usr/lib/gcc/avr/7.3.0/avr5/libgcc.a(_exit.o)
 .data          0x0000000000000000        0x0 /usr/lib/gcc/avr/7.3.0/avr5/libgcc.a(_exit.o)
 .bss           0x0000000000000000        0x0 /usr/lib/gcc/avr/7.3.0/avr5/libgcc.a(_exit.o)
 .text.libgcc.mul
                0x0000000000000000        0x0 /usr/lib/gcc/avr/7.3.0/avr5/libgcc.a(_exit.o)
 .text.libgcc.div
                0x0000000000000000        0x0 /usr/lib/gcc/avr/7.3.0/avr5/libgcc.a(_exit.o)
 .text.libgcc   0x0000000000000000        0x0 /usr/lib/gcc/avr/7.3.0/avr5/libgcc.a(_exit.o)
 .text.libgcc.prologue
                0x0000000000000000        0x0 /usr/lib/gcc/avr/7.3.0/avr5/libgcc.a(_exit.o)
 .text.libgcc.builtins
                0x0000000000000000        0x0 /usr/lib/gcc/avr/7.3.0/avr5/libgcc.a(_exit.o)
 .text.libgcc.fmul
                0x0000000000000000        0x0 /usr/lib/gcc/avr/7.3.0/avr5/libgcc.a(_exit.o)
 .text.libgcc.fixed
                0x0000000000000000        0x0 /usr/lib/gcc/avr/7.3.0/avr5/libgcc.a(_exit.o)
 .text          0x0000000000000000        0x0 /usr/lib/gcc/avr/7.3.0/avr5/libgcc.a(_tablejump2.o)
 .data          0x0000000000000000        0x0 /usr/lib/gcc/avr/7.3.0/avr5/libgcc.a(_tablejump2.o)
 .bss           0x0000000000000000        0x0 /usr/lib/gcc/avr/7.3.0/avr5/libgcc.a(_tablejump2.o)
 .text.libgcc.mul
                0x0000000000000000        0x0 /usr/lib/gcc/avr/7.3.0/avr5/libgcc.a(_tablejump2.o)
 .text.libgcc.div
                0x0000000000000000        0x0 /usr/lib/gcc/avr/7.3.0/avr5/libgcc.a(_tablejump2.o)
 .text.libgcc.prologue
                0x0000000000000000        0x0 /usr/lib/gcc/avr/7.3.0/avr5/libgcc.a(_tablejump2.o)
 .text.libgcc.builtins
                0x0000000000000000        0x0 /usr/lib/gcc/avr/7.3.0/avr5/libgcc.a(_tablejump2.o)
 .text.libgcc.fmul
                0x0000000000000000        0x0 /usr/lib/gcc/avr/7.3.0/avr5/libgcc.a(_tablejump2.o)
 .text.libgcc.fixed
                0x0000000000000000        0x0 /usr/lib/gcc/avr/7.3.0/avr5/libgcc.a(_tablejump2.o)
 .text          0x0000000000000000        0x0 /usr/lib/gcc/avr/7.3.0/avr5/libgcc.a(_clear_bss.o)
 .data          0x0000000000000000        0x0 /usr/lib/gcc/avr/7.3.0/avr5/libgcc.a(_clear_bss.o)
 .bss           0x0000000000000000        0x0 /usr/lib/gcc/avr/7.3.0/avr5/libgcc.a(_clear_bss.o)
 .text.libgcc.mul
                0x0000000000000000        0x0 /usr/lib/gcc/avr/7.3.0/avr5/libgcc.a(_clear_bss.o)
 .text.libgcc.div
                0x0000000000000000        0x0 /usr/lib/gcc/avr/7.3.0/avr5/libgcc.a(_clear_bss.o)
 .text.libgcc   0x0000000000000000        0x0 /usr/lib/gcc/avr/7.3.0/avr5/libgcc.a(_clear_bss.o)
 .text.libgcc.prologue
                0x0000000000000000        0x0 /usr/lib/gcc/avr/7.3.0/avr5/libgcc.a(_clear_bss.o)
 .text.libgcc.builtins
                0x0000000000000000        0x0 /usr/lib/gcc/avr/7.3.0/avr5/libgcc.a(_clear_bss.o)
 .text.libgcc.fmul
                0x0000000000000000        0x0 /usr/lib/gcc/avr/7.3.0/avr5/libgcc.a(_clear_bss.o)
 .text.libgcc.fixed
                0x0000000000000000        0x0 /usr/lib/gcc/avr/7.3.0/avr5/libgcc.a(_clear_bss.o)
 .text          0x0000000000000000        0x0 /usr/lib/gcc/avr/7.3.0/avr5/libgcc.a(_ctors.o)
 .data          0x0000000000000000        0x0 /usr/lib/gcc/avr/7.3.0/avr5/libgcc.a(_ctors.o)
 .bss           0x0000000000000000        0x0 /usr/lib/gcc/avr/7.3.0/avr5/libgcc.a(_ctors.o)
 .text.libgcc.mul
                0x0000000000000000        0x0 /usr/lib/gcc/avr/7.3.0/avr5/libgcc.a(_ctors.o)
 .text.libgcc.div
                0x0000000000000000        0x0 /usr/lib/gcc/avr/7.3.0/avr5/libgcc.a(_ctors.o)
 .text.libgcc   0x0000000000000000        0x0 /usr/lib/gcc/avr/7.3.0/avr5/libgcc.a(_ctors.o)
 .text.libgcc.prologue
                0x0000000000000000        0x0 /usr/lib/gcc/avr/7.3.0/avr5/libgcc.a(_ctors.o)
 .text.libgcc.builtins
                0x0000000000000000        0x0 /usr/lib/gcc/avr/7.3.0/avr5/libgcc.a(_ctors.o)
 .text.libgcc.fmul
                0x0000000000000000        0x0 /usr/lib/gcc/avr/7.3.0/avr5/libgcc.a(_ctors.o)
 .text.libgcc.fixed
                0x0000000000000000        0x0 /usr/lib/gcc/avr/7.3.0/avr5/libgcc.a(_ctors.o)
 .text          0x0000000000000000        0x0 /usr/lib/gcc/avr/7.3.0/avr5/libgcc.a(_dtors.o)
 .data          0x0000000000000000        0x0 /usr/lib/gcc/avr/7.3.0/avr5/libgcc.a(_dtors.o)
 .bss           0x0000000000000000        0x0 /usr/lib/gcc/avr/7.3.0/avr5/libgcc.a(_dtors.o)
 .text.libgcc.mul
                0x0000000000000000        0x0 /usr/lib/gcc/avr/7.3.0/avr5/libgcc.a(_dtors.o)
 .text.libgcc.div
                0x0000000000000000        0x0 /usr/lib/gcc/avr/7.3.0/avr5/libgcc.a(_dtors.o)
 .text.libgcc   0x0000000000000000        0x0 /usr/lib/gcc/avr/7.3.0/avr5/libgcc.a(_dtors.o)
 .text.libgcc.prologue
                0x0000000000000000        0x0 /usr/lib/gcc/avr/7.3.0/avr5/libgcc.a(_dtors.o)
 .text.libgcc.builtins
                0x0000000000000000        0x0 /usr/lib/gcc/avr/7.3.0/avr5/libgcc.a(_dtors.o)
 .text.libgcc.fmul
                0x0000000000000000        0x0 /usr/lib/gcc/avr/7.3.0/avr5/libgcc.a(_dtors.o)
 .text.libgcc.fixed
                0x0000000000000000        0x0 /usr/lib/gcc/avr/7.3.0/avr5/libgcc.a(_dtors.o)
 .text          0x0000000000000000        0x0 /usr/lib/gcc/avr/7.3.0/avr5/libgcc.a(_umulhisi3.o)
 .data          0x0000000000000000        0x0 /usr/lib/gcc/avr/7.3.0/avr5/libgcc.a(_umulhisi3.o)
 .bss           0x0000000000000000        0x0 /usr/lib/gcc/avr/7.3.0/avr5/libgcc.a(_umulhisi3.o)
 .text.libgcc.mul
                0x0000000000000000       0x1e /usr/lib/gcc/avr/7.3.0/avr5/libgcc.a(_umulhisi3.o)
 .text.libgcc.div
                0x0000000000000000        0x0 /usr/lib/gcc/avr/7.3.0/avr5/libgcc.a(_umulhisi3.o)
 .text.libgcc   0x0000000000000000        0x0 /usr/lib/gcc/avr/7.3.0/avr5/libgcc.a(_umulhisi3.o)
 .text.libgcc.prologue
                0x0000000000000000        0x0 /usr/lib/gcc/avr/7.3.0/avr5/libgcc.a(_umulhisi3.o)
 .text.libgcc.builtins
                0x0000000000000000        0x0 /usr/lib/gcc/avr/7.3.0/avr5/libgcc.a(_umulhisi3.o)
 .text.libgcc.fmul
                0x0000000000000000        0x0 /usr/lib/gcc/avr/7.3.0/avr5/libgcc.a(_umulhisi3.o)
 .text.libgcc.fixed
                0x0000000000000000        0x0 /usr/lib/gcc/avr/7.3.0/avr5/libgcc.a(_umulhisi3.o)
 .text          0x0000000000000000        0x0 /usr/lib/gcc/avr/7.3.0/../../../avr/lib/avr5/libc.a(printf.o)
 .data          0x0000000000000000        0x0 /usr/lib/gcc/avr/7.3.0/../../../avr/lib/avr5/libc.a(printf.o)
 .bss           0x0000000000000000        0x0 /usr/lib/gcc/avr/7.3.0/../../../avr/lib/avr5/libc.a(printf.o)
 .text.avr-libc
                0x0000000000000000       0x2c /usr/lib/gcc/avr/7.3.0/../../../avr/lib/avr5/libc.a(printf.o)
 .comment       0x0000000000000000       0x12 /usr/lib/gcc/avr/7.3.0/../../../avr/lib/avr5/libc.a(printf.o)
 .text          0x0000000000000000        0x0 /usr/lib/gcc/avr/7.3.0/../../../avr/lib/avr5/libc.a(sprintf_p.o)
 .data          0x0000000000000000        0x0 /usr/lib/gcc/avr/7.3.0/../../../avr/lib/avr5/libc.a(sprintf_p.o)
 .bss           0x0000000000000000        0x0 /usr/lib/gcc/avr/7.3.0/../../../avr/lib/avr5/libc.a(sprintf_p.o)
 .text.avr-libc
                0x0000000000000000       0x46 /usr/lib/gcc/avr/7.3.0/../../../avr/lib/avr5/libc.a(sprintf_p.o)
 .comment       0x0000000000000000       0x12 /usr/lib/gcc/avr/7.3.0/../../../avr/lib/avr5/libc.a(sprintf_p.o)
 .text          0x0000000000000000        0x0 /usr/lib/gcc/avr/7.3.0/../../../avr/lib/avr5/libc.a(vfprintf_std.o)
 .data          0x0000000000000000        0x0 /usr/lib/gcc/avr/7.3.0/../../../avr/lib/avr5/libc.a(vfprintf_std.o)
 .bss           0x0000000000000000        0x0 /usr/lib/gcc/avr/7.3.0/../../../avr/lib/avr5/libc.a(vfprintf_std.o)
 .text.avr-libc
                0x0000000000000000      0x3b4 /usr/lib/gcc/avr/7.3.0/../../../avr/lib/avr5/libc.a(vfprintf_std.o)
 .comment       0x0000000000000000       0x12 /usr/lib/gcc/avr/7.3.0/../../../avr/lib/avr5/libc.a(vfprintf_std.o)
 .text          0x0000000000000000        0x0 /usr/lib/gcc/avr/7.3.0/../../../avr/lib/avr5/libc.a(strnlen_P.o)
 .data          0x0000000000000000        0x0 /usr/lib/gcc/avr/7.3.0/../../../avr/lib/avr5/libc.a(strnlen_P.o)
 .bss           0x0000000000000000        0x0 /usr/lib/gcc/avr/7.3.0/../../../avr/lib/avr5/libc.a(strnlen_P.o)
 .text.avr-libc
                0x0000000000000000       0x16 /usr/lib/gcc/avr/7.3.0/../../../avr/lib/avr5/libc.a(strnlen_P.o)
 .text          0x0000000000000000        0x0 /usr/lib/gcc/avr/7.3.0/../../../avr/lib/avr5/libc.a(strnlen.o)
 .data          0x0000000000000000        0x0 /usr/lib/gcc/avr/7.3.0/../../../avr/lib/avr5/libc.a(strnlen.o)
 .bss           0x0000000000000000        0x0 /usr/lib/gcc/avr/7.3.0/../../../avr/lib/avr5/libc.a(strnlen.o)
 .text.avr-libc
                0x0000000000000000       0x16 /usr/lib/gcc/avr/7.3.0/../../../avr/lib/avr5/libc.a(strnlen.o)
 .text          0x0000000000000000        0x0 /usr/lib/gcc/avr/7.3.0/../../../avr/lib/avr5/libc.a(fputc.o)
 .data          0x0000000000000000        0x0 /usr/lib/gcc/avr/7.3.0/../../../avr/lib/avr5/libc.a(fputc.o)
 .bss           0x0000000000000000        0x0 /usr/lib/gcc/avr/7.3.0/../../../avr/lib/avr5/libc.a(fputc.o)
 .text.avr-libc
                0x0000000000000000       0x60 /usr/lib/gcc/avr/7.3.0/../../../avr/lib/avr5/libc.a(fputc.o)
 .comment       0x0000000000000000       0x12 /usr/lib/gcc/avr/7.3.0/../../../avr/lib/avr5/libc.a(fputc.o)
 .text          0x0000000000000000        0x0 /usr/lib/gcc/avr/7.3.0/../../../avr/lib/avr5/libc.a(iob.o)
 .data          0x0000000000000000        0x0 /usr/lib/gcc/avr/7.3.0/../../../avr/lib/avr5/libc.a(iob.o)
 .bss           0x0000000000000000        0x0 /usr/lib/gcc/avr/7.3.0/../../../avr/lib/avr5/libc.a(iob.o)
 .comment       0x0000000000000000       0x12 /usr/lib/gcc/avr/7.3.0/../../../avr/lib/avr5/libc.a(iob.o)
 COMMON         0x0000000000000000        0x6 /usr/lib/gcc/avr/7.3.0/../../../avr/lib/avr5/libc.a(iob.o)
 .text          0x0000000000000000        0x0 /usr/lib/gcc/avr/7.3.0/../../../avr/lib/avr5/libc.a(ultoa_invert.o)
 .data          0x0000000000000000        0x0 /usr/lib/gcc/avr/7.3.0/../../../avr/lib/avr5/libc.a(ultoa_invert.o)
 .bss           0x0000000000000000        0x0 /usr/lib/gcc/avr/7.3.0/../../../avr/lib/avr5/libc.a(ultoa_invert.o)
 .text.avr-libc
                0x0000000000000000       0xbc /usr/lib/gcc/avr/7.3.0/../../../avr/lib/avr5/libc.a(ultoa_invert.o)
 .text          0x0000000000000000        0x0 /usr/lib/gcc/avr/7.3.0/avr5/libgcc.a(_prologue.o)
 .data          0x0000000000000000        0x0 /usr/lib/gcc/avr/7.3.0/avr5/libgcc.a(_prologue.o)
 .bss           0x0000000000000000        0x0 /usr/lib/gcc/avr/7.3.0/avr5/libgcc.a(_prologue.o)
 .text.libgcc.mul
                0x0000000000000000        0x0 /usr/lib/gcc/avr/7.3.0/avr5/libgcc.a(_prologue.o)
 .text.libgcc.div
                0x0000000000000000        0x0 /usr/lib/gcc/avr/7.3.0/avr5/libgcc.a(_prologue.o)
 .text.libgcc   0x0000000000000000        0x0 /usr/lib/gcc/avr/7.3.0/avr5/libgcc.a(_prologue.o)
 .text.libgcc.prologue
                0x0000000000000000       0x38 /usr/lib/gcc/avr/7.3.0/avr5/libgcc.a(_prologue.o)
 .text.libgcc.builtins
                0x0000000000000000        0x0 /usr/lib/gcc/avr/7.3.0/avr5/libgcc.a(_prologue.o)
 .text.libgcc.fmul
                0x0000000000000000        0x0 /usr/lib/gcc/avr/7.3.0/avr5/libgcc.a(_prologue.o)
 .text.libgcc.fixed
                0x0000000000000000        0x0 /usr/lib/gcc/avr/7.3.0/avr5/libgcc.a(_prologue.o)
 .text          0x0000000000000000        0x0 /usr/lib/gcc/avr/7.3.0/avr5/libgcc.a(_epilogue.o)
 .data          0x0000000000000000        0x0 /usr/lib/gcc/avr/7.3.0/avr5/libgcc.a(_epilogue.o)
 .bss           0x0000000000000000        0x0 /usr/lib/gcc/avr/7.3.0/avr5/libgcc.a(_epilogue.o)
 .text.libgcc.mul
                0x0000000000000000        0x0 /usr/lib/gcc/avr/7.3.0/avr5/libgcc.a(_epilogue.o)
 .text.libgcc.div
                0x0000000000000000        0x0 /usr/lib/gcc/avr/7.3.0/avr5/libgcc.a(_epilogue.o)
 .text.libgcc   0x0000000000000000        0x0 /usr/lib/gcc/avr/7.3.0/avr5/libgcc.a(_epilogue.o)
 .text.libgcc.prologue
                0x0000000000000000       0x36 /usr/lib/gcc/avr/7.3.0/avr5/libgcc.a(_epilogue.o)
 .text.libgcc.builtins
                0x0000000000000000        0x0 /usr/lib/gcc/avr/7.3.0/avr5/libgcc.a(_epilogue.o)
 .text.libgcc.fmul
                0x0000000000000000        0x0 /usr/lib/gcc/avr/7.3.0/avr5/libgcc.a(_epilogue.o)
 .text.libgcc.fixed
                0x0000000000000000        0x0 /usr/lib/gcc/avr/7.3.0/avr5/libgcc.a(_epilogue.o)

Memory Configuration

Name             Origin             Length             Attributes
text             0x0000000000000000 0x0000000000008000 xr
data             0x0000000000800100 0x0000000000000800 rw !x
eeprom           0x0000000000810000 0x0000000000000400 rw !x
fuse             0x0000000000820000 0x0000000000000003 rw !x
lock             0x0000000000830000 0x0000000000000400 rw !x
signature        0x0000000000840000 0x0000000000000400 rw !x
user_signatures  0x0000000000850000 0x0000000000000400 rw !x
*default*        0x0000000000000000 0xffffffffffffffff

Linker script and memory map

Address of section .data set to 0x800100
LOAD /usr/lib/gcc/avr/7.3.0/../../../avr/lib/avr5/crtatmega328p.o
LOAD build/sevenSegmentsDisplay.o
LOAD build/sevenSegmentsMuxDisplay.o
LOAD build/adc.o
LOAD build/gpioBus.o
LOAD build/gpioPin.o
LOAD build/int0.o
LOAD build/int1.o
LOAD build/pcint0.o
LOAD build/pcint1.o
LOAD build/pcint2.o
LOAD build/timer0.o
LOAD build/timer1.o
LOAD build/timer2.o
LOAD build/debug.o
LOAD build/main.o
LOAD /usr/lib/gcc/avr/7.3.0/avr5/libgcc.a
LOAD /usr/lib/gcc/avr/7.3.0/../../../avr/lib/avr5/libm.a
START GROUP
LOAD /usr/lib/gcc/avr/7.3.0/avr5/libgcc.a
LOAD /usr/lib/gcc/avr/7.3.0/../../../avr/lib/avr5/libm.a
LOAD /usr/lib/gcc/avr/7.3.0/../../../avr/lib/avr5/libc.a
LOAD /usr/lib/gcc/avr/7.3.0/../../../avr/lib/avr5/libatmega328p.a
END GROUP
                0x0000000000000000                __TEXT_REGION_ORIGIN__ = DEFINED (__TEXT_REGION_ORIGIN__)?__TEXT_REGION_ORIGIN__:0x0
                [0x0000000000800100]                __DATA_REGION_ORIGIN__ = DEFINED (__DATA_REGION_ORIGIN__)?__DATA_REGION_ORIGIN__:0x800060
                [0x0000000000008000]                __TEXT_REGION_LENGTH__ = DEFINED (__TEXT_REGION_LENGTH__)?__TEXT_REGION_LENGTH__:0x20000
                [0x0000000000000800]                __DATA_REGION_LENGTH__ = DEFINED (__DATA_REGION_LENGTH__)?__DATA_REGION_LENGTH__:0xffa0
                [0x0000000000000400]                __EEPROM_REGION_LENGTH__ = DEFINED (__EEPROM_REGION_LENGTH__)?__EEPROM_REGION_LENGTH__:0x10000
                [0x0000000000000003]                __FUSE_REGION_LENGTH__ = DEFINED (__FUSE_REGION_LENGTH__)?__FUSE_REGION_LENGTH__:0x400
                0x0000000000000400                __LOCK_REGION_LENGTH__ = DEFINED (__LOCK_REGION_LENGTH__)?__LOCK_REGION_LENGTH__:0x400
                0x0000000000000400                __SIGNATURE_REGION_LENGTH__ = DEFINED (__SIGNATURE_REGION_LENGTH__)?__SIGNATURE_REGION_LENGTH__:0x400
                0x0000000000000400                __USER_SIGNATURE_REGION_LENGTH__ = DEFINED (__USER_SIGNATURE_REGION_LENGTH__)?__USER_SIGNATURE_REGION_LENGTH__:0x400

.hash
 *(.hash)

.dynsym
 *(.dynsym)

.dynstr
 *(.dynstr)

.gnu.version
 *(.gnu.version)

.gnu.version_d
 *(.gnu.version_d)

.gnu.version_r
 *(.gnu.version_r)

.rel.init
 *(.rel.init)

.rela.init
 *(.rela.init)

.rel.text
 *(.rel.text)
 *(.rel.text.*)
 *(.rel.gnu.linkonce.t*)

.rela.text
 *(.rela.text)
 *(.rela.text.*)
 *(.rela.gnu.linkonce.t*)

.rel.fini
 *(.rel.fini)

.rela.fini
 *(.rela.fini)

.rel.rodata
 *(.rel.rodata)
 *(.rel.rodata.*)
 *(.rel.gnu.linkonce.r*)

.rela.rodata
 *(.rela.rodata)
 *(.rela.rodata.*)
 *(.rela.gnu.linkonce.r*)

.rel.data
 *(.rel.data)
 *(.rel.data.*)
 *(.rel.gnu.linkonce.d*)

.rela.data
 *(.rela.data)
 *(.rela.data.*)
 *(.rela.gnu.linkonce.d*)

.rel.ctors
 *(.rel.ctors)

.rela.ctors
 *(.rela.ctors)

.rel.dtors
 *(.rel.dtors)

.rela.dtors
 *(.rela.dtors)

.rel.got
 *(.rel.got)

.rela.got
 *(.rela.got)

.rel.bss
 *(.rel.bss)

.rela.bss
 *(.rela.bss)

.rel.plt
 *(.rel.plt)

.rela.plt
 *(.rela.plt)

.text           0x0000000000000000      0x8fa
 *(.vectors)
 .vectors       0x0000000000000000       0x68 /usr/lib/gcc/avr/7.3.0/../../../avr/lib/avr5/crtatmega328p.o
                0x0000000000000000                __vectors
                0x0000000000000000                __vector_default
 *(.vectors)
 *(.progmem.gcc*)
                0x0000000000000068                . = ALIGN (0x2)
                0x0000000000000068                __trampolines_start = .
 *(.trampolines)
 .trampolines   0x0000000000000068        0x0 linker stubs
 *(.trampolines*)
                0x0000000000000068                __trampolines_end = .
 *libprintf_flt.a:*(.progmem.data)
 *libc.a:*(.progmem.data)
 *(.progmem*)
                0x0000000000000068                . = ALIGN (0x2)
 *(.jumptables)
 *(.jumptables*)
 *(.lowtext)
 *(.lowtext*)
                0x0000000000000068                __ctors_start = .
 *(.ctors)
 .ctors         0x0000000000000068        0x2 build/adc.o
 .ctors         0x000000000000006a        0x2 build/int0.o
 .ctors         0x000000000000006c        0x2 build/int1.o
 .ctors         0x000000000000006e        0x2 build/pcint0.o
 .ctors         0x0000000000000070        0x2 build/pcint1.o
 .ctors         0x0000000000000072        0x2 build/pcint2.o
 .ctors         0x0000000000000074        0x2 build/timer0.o
 .ctors         0x0000000000000076        0x2 build/timer1.o
 .ctors         0x0000000000000078        0x2 build/timer2.o
 .ctors         0x000000000000007a        0x2 build/debug.o
                0x000000000000007c                __ctors_end = .
                0x000000000000007c                __dtors_start = .
 *(.dtors)
 .dtors         0x000000000000007c        0x2 build/adc.o
 .dtors         0x000000000000007e        0x2 build/int0.o
 .dtors         0x0000000000000080        0x2 build/int1.o
 .dtors         0x0000000000000082        0x2 build/pcint0.o
 .dtors         0x0000000000000084        0x2 build/pcint1.o
 .dtors         0x0000000000000086        0x2 build/pcint2.o
 .dtors         0x0000000000000088        0x2 build/timer0.o
 .dtors         0x000000000000008a        0x2 build/timer1.o
 .dtors         0x000000000000008c        0x2 build/timer2.o
 .dtors         0x000000000000008e        0x2 build/debug.o
                0x0000000000000090                __dtors_end = .
 SORT(*)(.ctors)
 SORT(*)(.dtors)
 *(.init0)
 .init0         0x0000000000000090        0x0 /usr/lib/gcc/avr/7.3.0/../../../avr/lib/avr5/crtatmega328p.o
                0x0000000000000090                __init
 *(.init0)
 *(.init1)
 *(.init1)
 *(.init2)
 .init2         0x0000000000000090        0xc /usr/lib/gcc/avr/7.3.0/../../../avr/lib/avr5/crtatmega328p.o
 *(.init2)
 *(.init3)
 *(.init3)
 *(.init4)
 .init4         0x000000000000009c       0x10 /usr/lib/gcc/avr/7.3.0/avr5/libgcc.a(_clear_bss.o)
                0x000000000000009c                __do_clear_bss
 *(.init4)
 *(.init5)
 *(.init5)
 *(.init6)
 .init6         0x00000000000000ac       0x16 /usr/lib/gcc/avr/7.3.0/avr5/libgcc.a(_ctors.o)
                0x00000000000000ac                __do_global_ctors
 *(.init6)
 *(.init7)
 *(.init7)
 *(.init8)
 *(.init8)
 *(.init9)
 .init9         0x00000000000000c2        0x8 /usr/lib/gcc/avr/7.3.0/../../../avr/lib/avr5/crtatmega328p.o
 *(.init9)
 *(.text)
 .text          0x00000000000000ca        0x4 /usr/lib/gcc/avr/7.3.0/../../../avr/lib/avr5/crtatmega328p.o
                0x00000000000000ca                __vector_22
                0x00000000000000ca                __vector_24
                0x00000000000000ca                __bad_interrupt
                0x00000000000000ca                __vector_6
                0x00000000000000ca                __vector_23
                0x00000000000000ca                __vector_25
                0x00000000000000ca                __vector_17
                0x00000000000000ca                __vector_19
                0x00000000000000ca                __vector_18
                0x00000000000000ca                __vector_20
                0x00000000000000ce                . = ALIGN (0x2)
 *(.text.*)
 .text._ZN3AdcC2Ev
                0x00000000000000ce       0x28 build/adc.o
                0x00000000000000ce                _ZN3AdcC2Ev
                0x00000000000000ce                _ZN3AdcC1Ev
 .text._Z41__static_initialization_and_destruction_0ii
                0x00000000000000f6       0x16 build/adc.o
 .text._Z29adcConversionCompleteCallbackv
                0x000000000000010c        0x2 build/adc.o
                0x000000000000010c                _Z29adcConversionCompleteCallbackv
 .text.__vector_21
                0x000000000000010e       0x48 build/adc.o
                0x000000000000010e                __vector_21
 .text._GLOBAL__sub_I__ZN3Adc9_instanceE
                0x0000000000000156        0xe build/adc.o
 .text._GLOBAL__sub_D__ZN3Adc9_instanceE
                0x0000000000000164        0xe build/adc.o
 .text._ZN4Int0C2Ev
                0x0000000000000172       0x10 build/int0.o
                0x0000000000000172                _ZN4Int0C2Ev
                0x0000000000000172                _ZN4Int0C1Ev
 .text._Z41__static_initialization_and_destruction_0ii
                0x0000000000000182       0x16 build/int0.o
 .text._Z21int0InterruptCallbackv
                0x0000000000000198        0x2 build/int0.o
                0x0000000000000198                _Z21int0InterruptCallbackv
 .text.__vector_1
                0x000000000000019a       0x48 build/int0.o
                0x000000000000019a                __vector_1
 .text._GLOBAL__sub_I__ZN4Int09_instanceE
                0x00000000000001e2        0xe build/int0.o
 .text._GLOBAL__sub_D__ZN4Int09_instanceE
                0x00000000000001f0        0xe build/int0.o
 .text._ZN4Int1C2Ev
                0x00000000000001fe       0x10 build/int1.o
                0x00000000000001fe                _ZN4Int1C2Ev
                0x00000000000001fe                _ZN4Int1C1Ev
 .text._Z41__static_initialization_and_destruction_0ii
                0x000000000000020e       0x16 build/int1.o
 .text._Z21int1InterruptCallbackv
                0x0000000000000224        0x2 build/int1.o
                0x0000000000000224                _Z21int1InterruptCallbackv
 .text.__vector_2
                0x0000000000000226       0x48 build/int1.o
                0x0000000000000226                __vector_2
 .text._GLOBAL__sub_I__ZN4Int19_instanceE
                0x000000000000026e        0xe build/int1.o
 .text._GLOBAL__sub_D__ZN4Int19_instanceE
                0x000000000000027c        0xe build/int1.o
 .text._ZN6Pcint0C2Ev
                0x000000000000028a       0x10 build/pcint0.o
                0x000000000000028a                _ZN6Pcint0C1Ev
                0x000000000000028a                _ZN6Pcint0C2Ev
 .text._Z41__static_initialization_and_destruction_0ii
                0x000000000000029a       0x16 build/pcint0.o
 .text._Z23pcint0InterruptCallbackv
                0x00000000000002b0        0x2 build/pcint0.o
                0x00000000000002b0                _Z23pcint0InterruptCallbackv
 .text.__vector_3
                0x00000000000002b2       0x48 build/pcint0.o
                0x00000000000002b2                __vector_3
 .text._GLOBAL__sub_I__ZN6Pcint09_instanceE
                0x00000000000002fa        0xe build/pcint0.o
 .text._GLOBAL__sub_D__ZN6Pcint09_instanceE
                0x0000000000000308        0xe build/pcint0.o
 .text._ZN6Pcint1C2Ev
                0x0000000000000316       0x10 build/pcint1.o
                0x0000000000000316                _ZN6Pcint1C2Ev
                0x0000000000000316                _ZN6Pcint1C1Ev
 .text._Z41__static_initialization_and_destruction_0ii
                0x0000000000000326       0x16 build/pcint1.o
 .text._Z23pcint1InterruptCallbackv
                0x000000000000033c        0x2 build/pcint1.o
                0x000000000000033c                _Z23pcint1InterruptCallbackv
 .text.__vector_4
                0x000000000000033e       0x48 build/pcint1.o
                0x000000000000033e                __vector_4
 .text._GLOBAL__sub_I__ZN6Pcint19_instanceE
                0x0000000000000386        0xe build/pcint1.o
 .text._GLOBAL__sub_D__ZN6Pcint19_instanceE
                0x0000000000000394        0xe build/pcint1.o
 .text._ZN6Pcint2C2Ev
                0x00000000000003a2       0x10 build/pcint2.o
                0x00000000000003a2                _ZN6Pcint2C2Ev
                0x00000000000003a2                _ZN6Pcint2C1Ev
 .text._Z41__static_initialization_and_destruction_0ii
                0x00000000000003b2       0x16 build/pcint2.o
 .text._Z23pcint2InterruptCallbackv
                0x00000000000003c8        0x2 build/pcint2.o
                0x00000000000003c8                _Z23pcint2InterruptCallbackv
 .text.__vector_5
                0x00000000000003ca       0x48 build/pcint2.o
                0x00000000000003ca                __vector_5
 .text._GLOBAL__sub_I__ZN6Pcint29_instanceE
                0x0000000000000412        0xe build/pcint2.o
 .text._GLOBAL__sub_D__ZN6Pcint29_instanceE
                0x0000000000000420        0xe build/pcint2.o
 .text._ZN6Timer0C2Ev
                0x000000000000042e       0x12 build/timer0.o
                0x000000000000042e                _ZN6Timer0C1Ev
                0x000000000000042e                _ZN6Timer0C2Ev
 .text._Z41__static_initialization_and_destruction_0ii
                0x0000000000000440       0x16 build/timer0.o
 .text._Z22timer0CompareACallbackv
                0x0000000000000456        0x2 build/timer0.o
                0x0000000000000456                _Z22timer0CompareACallbackv
 .text._Z22timer0CompareBCallbackv
                0x0000000000000458        0x2 build/timer0.o
                0x0000000000000458                _Z22timer0CompareBCallbackv
 .text._Z22timer0OverflowCallbackv
                0x000000000000045a        0x2 build/timer0.o
                0x000000000000045a                _Z22timer0OverflowCallbackv
 .text.__vector_14
                0x000000000000045c       0x48 build/timer0.o
                0x000000000000045c                __vector_14
 .text.__vector_15
                0x00000000000004a4       0x48 build/timer0.o
                0x00000000000004a4                __vector_15
 .text.__vector_16
                0x00000000000004ec       0x48 build/timer0.o
                0x00000000000004ec                __vector_16
 .text._GLOBAL__sub_I__ZN6Timer09_instanceE
                0x0000000000000534        0xe build/timer0.o
 .text._GLOBAL__sub_D__ZN6Timer09_instanceE
                0x0000000000000542        0xe build/timer0.o
 .text._ZN6Timer1C2Ev
                0x0000000000000550       0x12 build/timer1.o
                0x0000000000000550                _ZN6Timer1C2Ev
                0x0000000000000550                _ZN6Timer1C1Ev
 .text._Z41__static_initialization_and_destruction_0ii
                0x0000000000000562       0x16 build/timer1.o
 .text._Z22timer1CompareACallbackv
                0x0000000000000578        0x2 build/timer1.o
                0x0000000000000578                _Z22timer1CompareACallbackv
 .text._Z22timer1CompareBCallbackv
                0x000000000000057a        0x2 build/timer1.o
                0x000000000000057a                _Z22timer1CompareBCallbackv
 .text._Z26timer1InputCaptureCallbackv
                0x000000000000057c        0x2 build/timer1.o
                0x000000000000057c                _Z26timer1InputCaptureCallbackv
 .text._Z22timer1OverflowCallbackv
                0x000000000000057e        0x2 build/timer1.o
                0x000000000000057e                _Z22timer1OverflowCallbackv
 .text.__vector_10
                0x0000000000000580       0x48 build/timer1.o
                0x0000000000000580                __vector_10
 .text.__vector_11
                0x00000000000005c8       0x48 build/timer1.o
                0x00000000000005c8                __vector_11
 .text.__vector_12
                0x0000000000000610       0x48 build/timer1.o
                0x0000000000000610                __vector_12
 .text.__vector_13
                0x0000000000000658       0x48 build/timer1.o
                0x0000000000000658                __vector_13
 .text._GLOBAL__sub_I__ZN6Timer19_instanceE
                0x00000000000006a0        0xe build/timer1.o
 .text._GLOBAL__sub_D__ZN6Timer19_instanceE
                0x00000000000006ae        0xe build/timer1.o
 .text._ZN6Timer2C2Ev
                0x00000000000006bc       0x12 build/timer2.o
                0x00000000000006bc                _ZN6Timer2C1Ev
                0x00000000000006bc                _ZN6Timer2C2Ev
 .text._Z41__static_initialization_and_destruction_0ii
                0x00000000000006ce       0x16 build/timer2.o
 .text._Z22timer2CompareACallbackv
                0x00000000000006e4        0x2 build/timer2.o
                0x00000000000006e4                _Z22timer2CompareACallbackv
 .text._Z22timer2CompareBCallbackv
                0x00000000000006e6        0x2 build/timer2.o
                0x00000000000006e6                _Z22timer2CompareBCallbackv
 .text._Z22timer2OverflowCallbackv
                0x00000000000006e8        0x2 build/timer2.o
                0x00000000000006e8                _Z22timer2OverflowCallbackv
 .text.__vector_7
                0x00000000000006ea       0x48 build/timer2.o
                0x00000000000006ea                __vector_7
 .text.__vector_8
                0x0000000000000732       0x48 build/timer2.o
                0x0000000000000732                __vector_8
 .text.__vector_9
                0x000000000000077a       0x48 build/timer2.o
                0x000000000000077a                __vector_9
 .text._GLOBAL__sub_I__ZN6Timer29_instanceE
                0x00000000000007c2        0xe build/timer2.o
 .text._GLOBAL__sub_D__ZN6Timer29_instanceE
                0x00000000000007d0        0xe build/timer2.o
 .text._ZN5DebugC2Ev
                0x00000000000007de       0x40 build/debug.o
                0x00000000000007de                _ZN5DebugC1Ev
                0x00000000000007de                _ZN5DebugC2Ev
 .text._Z41__static_initialization_and_destruction_0ii
                0x000000000000081e       0x16 build/debug.o
 .text._GLOBAL__sub_I_debug
                0x0000000000000834        0xe build/debug.o
 .text._GLOBAL__sub_D_debug
                0x0000000000000842        0xe build/debug.o
 .text._Z9showDigitPKh
                0x0000000000000850       0x42 build/main.o
                0x0000000000000850                _Z9showDigitPKh
 .text.main     0x0000000000000892       0x42 build/main.o
                0x0000000000000892                main
 .text.libgcc   0x00000000000008d4        0xc /usr/lib/gcc/avr/7.3.0/avr5/libgcc.a(_tablejump2.o)
                0x00000000000008d4                __tablejump2__
                0x00000000000008e0                . = ALIGN (0x2)
 *(.fini9)
 .fini9         0x00000000000008e0        0x0 /usr/lib/gcc/avr/7.3.0/avr5/libgcc.a(_exit.o)
                0x00000000000008e0                exit
                0x00000000000008e0                _exit
 *(.fini9)
 *(.fini8)
 *(.fini8)
 *(.fini7)
 *(.fini7)
 *(.fini6)
 .fini6         0x00000000000008e0       0x16 /usr/lib/gcc/avr/7.3.0/avr5/libgcc.a(_dtors.o)
                0x00000000000008e0                __do_global_dtors
 *(.fini6)
 *(.fini5)
 *(.fini5)
 *(.fini4)
 *(.fini4)
 *(.fini3)
 *(.fini3)
 *(.fini2)
 *(.fini2)
 *(.fini1)
 *(.fini1)
 *(.fini0)
 .fini0         0x00000000000008f6        0x4 /usr/lib/gcc/avr/7.3.0/avr5/libgcc.a(_exit.o)
 *(.fini0)
                0x00000000000008fa                _etext = .

.data           0x0000000000800100        0x0 load address 0x00000000000008fa
                [!provide]                        PROVIDE (__data_start, .)
 *(.data)
 *(.data*)
 *(.gnu.linkonce.d*)
 *(.rodata)
 *(.rodata*)
 *(.gnu.linkonce.r*)
                0x0000000000800100                . = ALIGN (0x2)
                0x0000000000800100                _edata = .
                [!provide]                        PROVIDE (__data_end, .)

.bss            0x0000000000800100       0x52
                0x0000000000800100                PROVIDE (__bss_start, .)
 *(.bss)
 *(.bss*)
 .bss._ZN3Adc9_instanceE
                0x0000000000800100        0xa build/adc.o
                0x0000000000800100                _ZN3Adc9_instanceE
 .bss._ZN4Int09_instanceE
                0x000000000080010a        0x4 build/int0.o
                0x000000000080010a                _ZN4Int09_instanceE
 .bss._ZN4Int19_instanceE
                0x000000000080010e        0x4 build/int1.o
                0x000000000080010e                _ZN4Int19_instanceE
 .bss._ZN6Pcint09_instanceE
                0x0000000000800112        0x4 build/pcint0.o
                0x0000000000800112                _ZN6Pcint09_instanceE
 .bss._ZN6Pcint19_instanceE
                0x0000000000800116        0x4 build/pcint1.o
                0x0000000000800116                _ZN6Pcint19_instanceE
 .bss._ZN6Pcint29_instanceE
                0x000000000080011a        0x4 build/pcint2.o
                0x000000000080011a                _ZN6Pcint29_instanceE
 .bss._ZN6Timer09_instanceE
                0x000000000080011e        0x5 build/timer0.o
                0x000000000080011e                _ZN6Timer09_instanceE
 .bss._ZN6Timer19_instanceE
                0x0000000000800123        0x5 build/timer1.o
                0x0000000000800123                _ZN6Timer19_instanceE
 .bss._ZN6Timer29_instanceE
                0x0000000000800128        0x5 build/timer2.o
                0x0000000000800128                _ZN6Timer29_instanceE
 .bss.debug     0x000000000080012d       0x24 build/debug.o
                0x000000000080012d                debug
 .bss._ZZ9showDigitPKhE7index_p
                0x0000000000800151        0x1 build/main.o
 *(COMMON)
                0x0000000000800152                PROVIDE (__bss_end, .)
                0x00000000000008fa                __data_load_start = LOADADDR (.data)
                0x00000000000008fa                __data_load_end = (__data_load_start + SIZEOF (.data))

.noinit         0x0000000000800152        0x0
                [!provide]                        PROVIDE (__noinit_start, .)
 *(.noinit*)
                [!provide]                        PROVIDE (__noinit_end, .)
                0x0000000000800152                _end = .
                [!provide]                        PROVIDE (__heap_start, .)

.eeprom         0x0000000000810000        0x0
 *(.eeprom*)
                0x0000000000810000                __eeprom_end = .

.fuse
 *(.fuse)
 *(.lfuse)
 *(.hfuse)
 *(.efuse)

.lock
 *(.lock*)

.signature
 *(.signature*)

.user_signatures
 *(.user_signatures*)

.stab
 *(.stab)

.stabstr
 *(.stabstr)

.stab.excl
 *(.stab.excl)

.stab.exclstr
 *(.stab.exclstr)

.stab.index
 *(.stab.index)

.stab.indexstr
 *(.stab.indexstr)

.comment        0x0000000000000000       0x11
 *(.comment)
 .comment       0x0000000000000000       0x11 build/adc.o
                                         0x12 (size before relaxing)
 .comment       0x0000000000000011       0x12 build/int0.o
 .comment       0x0000000000000011       0x12 build/int1.o
 .comment       0x0000000000000011       0x12 build/pcint0.o
 .comment       0x0000000000000011       0x12 build/pcint1.o
 .comment       0x0000000000000011       0x12 build/pcint2.o
 .comment       0x0000000000000011       0x12 build/timer0.o
 .comment       0x0000000000000011       0x12 build/timer1.o
 .comment       0x0000000000000011       0x12 build/timer2.o
 .comment       0x0000000000000011       0x12 build/debug.o
 .comment       0x0000000000000011       0x12 build/main.o

.note.gnu.avr.deviceinfo
                0x0000000000000000       0x40
 .note.gnu.avr.deviceinfo
                0x0000000000000000       0x40 /usr/lib/gcc/avr/7.3.0/../../../avr/lib/avr5/crtatmega328p.o

.note.gnu.build-id
 *(.note.gnu.build-id)

.debug
 *(.debug)

.line
 *(.line)

.debug_srcinfo
 *(.debug_srcinfo)

.debug_sfnames
 *(.debug_sfnames)

.debug_aranges
 *(.debug_aranges)

.debug_pubnames
 *(.debug_pubnames)

.debug_info
 *(.debug_info .gnu.linkonce.wi.*)

.debug_abbrev
 *(.debug_abbrev)

.debug_line
 *(.debug_line .debug_line.* .debug_line_end)

.debug_frame
 *(.debug_frame)

.debug_str
 *(.debug_str)

.debug_loc
 *(.debug_loc)

.debug_macinfo
 *(.debug_macinfo)

.debug_weaknames
 *(.debug_weaknames)

.debug_funcnames
 *(.debug_funcnames)

.debug_typenames
 *(.debug_typenames)

.debug_varnames
 *(.debug_varnames)

.debug_pubtypes
 *(.debug_pubtypes)

.debug_ranges
 *(.debug_ranges)

.debug_macro
 *(.debug_macro)
OUTPUT(build/application.elf elf32-avr)
LOAD linker stubs

Cross Reference Table

Symbol                                            File
_Z21int0InterruptCallbackv                        build/int0.o
_Z21int1InterruptCallbackv                        build/int1.o
_Z22convertToSevenSegments17SevenSegmentsCodeb24SevenSegmentsDisplayType build/sevenSegmentsDisplay.o
_Z22convertToSevenSegmentshb24SevenSegmentsDisplayType build/sevenSegmentsDisplay.o
                                                  build/sevenSegmentsMuxDisplay.o
_Z22timer0CompareACallbackv                       build/timer0.o
_Z22timer0CompareBCallbackv                       build/timer0.o
_Z22timer0OverflowCallbackv                       build/timer0.o
_Z22timer1CompareACallbackv                       build/timer1.o
_Z22timer1CompareBCallbackv                       build/timer1.o
_Z22timer1OverflowCallbackv                       build/timer1.o
_Z22timer2CompareACallbackv                       build/timer2.o
_Z22timer2CompareBCallbackv                       build/timer2.o
_Z22timer2OverflowCallbackv                       build/timer2.o
_Z23pcint0InterruptCallbackv                      build/pcint0.o
_Z23pcint1InterruptCallbackv                      build/pcint1.o
_Z23pcint2InterruptCallbackv                      build/pcint2.o
_Z26timer1InputCaptureCallbackv                   build/timer1.o
_Z29adcConversionCompleteCallbackv                build/adc.o
_Z9showDigitPKh                                   build/main.o
_ZN23SevenSegmentsMuxDisplay13showNextDigitEv     build/sevenSegmentsMuxDisplay.o
_ZN23SevenSegmentsMuxDisplay17updateDigitValuesEPKhPKb build/sevenSegmentsMuxDisplay.o
_ZN23SevenSegmentsMuxDisplay4initE24SevenSegmentsDisplayType build/sevenSegmentsMuxDisplay.o
_ZN23SevenSegmentsMuxDisplay8setPortsEP7GpioBusS1_10LogicLevel build/sevenSegmentsMuxDisplay.o
_ZN23SevenSegmentsMuxDisplayC1Ev                  build/sevenSegmentsMuxDisplay.o
_ZN23SevenSegmentsMuxDisplayC2Ev                  build/sevenSegmentsMuxDisplay.o
_ZN23SevenSegmentsMuxDisplayD1Ev                  build/sevenSegmentsMuxDisplay.o
_ZN23SevenSegmentsMuxDisplayD2Ev                  build/sevenSegmentsMuxDisplay.o
_ZN3Adc10setChannelENS_7ChannelE                  build/adc.o
_ZN3Adc12setPrescalerENS_9PrescalerE              build/adc.o
_ZN3Adc12setReferenceENS_9ReferenceE              build/adc.o
_ZN3Adc15startConversionEv                        build/adc.o
_ZN3Adc18setDataPresetationENS_15DataPresetationE build/adc.o
_ZN3Adc25waitUntilConversionFinishEv              build/adc.o
_ZN3Adc4initENS_4ModeENS_9ReferenceENS_9PrescalerE build/adc.o
_ZN3Adc7setModeENS_4ModeE                         build/adc.o
_ZN3Adc9_instanceE                                build/adc.o
_ZN3AdcC1Ev                                       build/adc.o
_ZN3AdcC2Ev                                       build/adc.o
_ZN3AdcD1Ev                                       build/adc.o
_ZN3AdcD2Ev                                       build/adc.o
_ZN4Int010setPinModeE7PinMode                     build/int0.o
_ZN4Int012setSenseModeENS_9SenseModeE             build/int0.o
_ZN4Int04initENS_9SenseModeE                      build/int0.o
_ZN4Int09_instanceE                               build/int0.o
_ZN4Int0C1Ev                                      build/int0.o
_ZN4Int0C2Ev                                      build/int0.o
_ZN4Int0D1Ev                                      build/int0.o
_ZN4Int0D2Ev                                      build/int0.o
_ZN4Int110setPinModeE7PinMode                     build/int1.o
_ZN4Int112setSenseModeENS_9SenseModeE             build/int1.o
_ZN4Int14initENS_9SenseModeE                      build/int1.o
_ZN4Int19_instanceE                               build/int1.o
_ZN4Int1C1Ev                                      build/int1.o
_ZN4Int1C2Ev                                      build/int1.o
_ZN4Int1D1Ev                                      build/int1.o
_ZN4Int1D2Ev                                      build/int1.o
_ZN5Debug10logMessageE5ErrorPKhj                  build/debug.o
_ZN5Debug10logMessageE5ErrorPKhjNS_9CodeIndexE    build/debug.o
_ZN5Debug12printMessageEPKc                       build/debug.o
_ZN5Debug4initEb                                  build/debug.o
_ZN5Debug7logMarkEPKhjS1_NS_9CodeIndexE           build/debug.o
_ZN5DebugC1Ev                                     build/debug.o
_ZN5DebugC2Ev                                     build/debug.o
_ZN5DebugD1Ev                                     build/debug.o
_ZN5DebugD2Ev                                     build/debug.o
_ZN6Pcint010enablePinsENS_3PinE                   build/pcint0.o
_ZN6Pcint010setPinModeENS_3PinE7PinMode           build/pcint0.o
_ZN6Pcint011disablePinsENS_3PinE                  build/pcint0.o
_ZN6Pcint04initENS_3PinE                          build/pcint0.o
_ZN6Pcint09_instanceE                             build/pcint0.o
_ZN6Pcint0C1Ev                                    build/pcint0.o
_ZN6Pcint0C2Ev                                    build/pcint0.o
_ZN6Pcint0D1Ev                                    build/pcint0.o
_ZN6Pcint0D2Ev                                    build/pcint0.o
_ZN6Pcint110enablePinsENS_3PinE                   build/pcint1.o
_ZN6Pcint110setPinModeENS_3PinE7PinMode           build/pcint1.o
_ZN6Pcint111disablePinsENS_3PinE                  build/pcint1.o
_ZN6Pcint14initENS_3PinE                          build/pcint1.o
_ZN6Pcint19_instanceE                             build/pcint1.o
_ZN6Pcint1C1Ev                                    build/pcint1.o
_ZN6Pcint1C2Ev                                    build/pcint1.o
_ZN6Pcint1D1Ev                                    build/pcint1.o
_ZN6Pcint1D2Ev                                    build/pcint1.o
_ZN6Pcint210enablePinsENS_3PinE                   build/pcint2.o
_ZN6Pcint210setPinModeENS_3PinE7PinMode           build/pcint2.o
_ZN6Pcint211disablePinsENS_3PinE                  build/pcint2.o
_ZN6Pcint24initENS_3PinE                          build/pcint2.o
_ZN6Pcint29_instanceE                             build/pcint2.o
_ZN6Pcint2C1Ev                                    build/pcint2.o
_ZN6Pcint2C2Ev                                    build/pcint2.o
_ZN6Pcint2D1Ev                                    build/pcint2.o
_ZN6Pcint2D2Ev                                    build/pcint2.o
_ZN6Timer013setOutputModeENS_10OutputModeES0_     build/timer0.o
_ZN6Timer014setClockSourceENS_11ClockSourceE      build/timer0.o
_ZN6Timer04initENS_4ModeENS_11ClockSourceE        build/timer0.o
_ZN6Timer07setModeENS_4ModeE                      build/timer0.o
_ZN6Timer09_instanceE                             build/timer0.o
_ZN6Timer0C1Ev                                    build/timer0.o
_ZN6Timer0C2Ev                                    build/timer0.o
_ZN6Timer0D1Ev                                    build/timer0.o
_ZN6Timer0D2Ev                                    build/timer0.o
_ZN6Timer113setOutputModeENS_10OutputModeES0_     build/timer1.o
_ZN6Timer114setClockSourceENS_11ClockSourceE      build/timer1.o
_ZN6Timer119setInputCaptureModeE4Edgeb            build/timer1.o
_ZN6Timer14initENS_4ModeENS_11ClockSourceE        build/timer1.o
_ZN6Timer17setModeENS_4ModeE                      build/timer1.o
_ZN6Timer19_instanceE                             build/timer1.o
_ZN6Timer1C1Ev                                    build/timer1.o
_ZN6Timer1C2Ev                                    build/timer1.o
_ZN6Timer1D1Ev                                    build/timer1.o
_ZN6Timer1D2Ev                                    build/timer1.o
_ZN6Timer213setOutputModeENS_10OutputModeES0_     build/timer2.o
_ZN6Timer214setClockSourceENS_11ClockSourceE      build/timer2.o
_ZN6Timer24initENS_4ModeENS_11ClockSourceE        build/timer2.o
_ZN6Timer27setModeENS_4ModeE                      build/timer2.o
_ZN6Timer29_instanceE                             build/timer2.o
_ZN6Timer2C1Ev                                    build/timer2.o
_ZN6Timer2C2Ev                                    build/timer2.o
_ZN6Timer2D1Ev                                    build/timer2.o
_ZN6Timer2D2Ev                                    build/timer2.o
_ZN7GpioBus4initEPVh8PinIndexh                    build/gpioBus.o
_ZN7GpioBus5writeEh                               build/gpioBus.o
                                                  build/sevenSegmentsMuxDisplay.o
_ZN7GpioBus7setModeE7PinMode                      build/gpioBus.o
                                                  build/sevenSegmentsMuxDisplay.o
_ZN7GpioBusC1Ev                                   build/gpioBus.o
_ZN7GpioBusC2Ev                                   build/gpioBus.o
_ZN7GpioBusD1Ev                                   build/gpioBus.o
_ZN7GpioBusD2Ev                                   build/gpioBus.o
_ZN7GpioPin4initEPVh8PinIndex                     build/gpioPin.o
_ZN7GpioPin7setModeE7PinMode                      build/gpioPin.o
_ZN7GpioPinC1Ev                                   build/gpioPin.o
_ZN7GpioPinC2Ev                                   build/gpioPin.o
_ZN7GpioPinD1Ev                                   build/gpioPin.o
_ZN7GpioPinD2Ev                                   build/gpioPin.o
__DATA_REGION_LENGTH__                            /usr/lib/gcc/avr/7.3.0/../../../avr/lib/avr5/crtatmega328p.o
__DATA_REGION_ORIGIN__                            /usr/lib/gcc/avr/7.3.0/../../../avr/lib/avr5/crtatmega328p.o
__EEPROM_REGION_LENGTH__                          /usr/lib/gcc/avr/7.3.0/../../../avr/lib/avr5/crtatmega328p.o
__FUSE_REGION_LENGTH__                            /usr/lib/gcc/avr/7.3.0/../../../avr/lib/avr5/crtatmega328p.o
__TEXT_REGION_LENGTH__                            /usr/lib/gcc/avr/7.3.0/../../../avr/lib/avr5/crtatmega328p.o
__bad_interrupt                                   /usr/lib/gcc/avr/7.3.0/../../../avr/lib/avr5/crtatmega328p.o
__bss_end                                         /usr/lib/gcc/avr/7.3.0/avr5/libgcc.a(_clear_bss.o)
__bss_start                                       /usr/lib/gcc/avr/7.3.0/avr5/libgcc.a(_clear_bss.o)
__ctors_end                                       /usr/lib/gcc/avr/7.3.0/avr5/libgcc.a(_ctors.o)
__ctors_start                                     /usr/lib/gcc/avr/7.3.0/avr5/libgcc.a(_ctors.o)
__do_clear_bss                                    /usr/lib/gcc/avr/7.3.0/avr5/libgcc.a(_clear_bss.o)
                                                  /usr/lib/gcc/avr/7.3.0/../../../avr/lib/avr5/libc.a(iob.o)
                                                  build/main.o
                                                  build/debug.o
                                                  build/timer2.o
                                                  build/timer1.o
                                                  build/timer0.o
                                                  build/pcint2.o
                                                  build/pcint1.o
                                                  build/pcint0.o
                                                  build/int1.o
                                                  build/int0.o
                                                  build/adc.o
__do_global_ctors                                 /usr/lib/gcc/avr/7.3.0/avr5/libgcc.a(_ctors.o)
                                                  build/debug.o
                                                  build/timer2.o
                                                  build/timer1.o
                                                  build/timer0.o
                                                  build/pcint2.o
                                                  build/pcint1.o
                                                  build/pcint0.o
                                                  build/int1.o
                                                  build/int0.o
                                                  build/adc.o
__do_global_dtors                                 /usr/lib/gcc/avr/7.3.0/avr5/libgcc.a(_dtors.o)
                                                  build/debug.o
                                                  build/timer2.o
                                                  build/timer1.o
                                                  build/timer0.o
                                                  build/pcint2.o
                                                  build/pcint1.o
                                                  build/pcint0.o
                                                  build/int1.o
                                                  build/int0.o
                                                  build/adc.o
__dtors_end                                       /usr/lib/gcc/avr/7.3.0/avr5/libgcc.a(_dtors.o)
__dtors_start                                     /usr/lib/gcc/avr/7.3.0/avr5/libgcc.a(_dtors.o)
__epilogue_restores__                             /usr/lib/gcc/avr/7.3.0/avr5/libgcc.a(_epilogue.o)
                                                  /usr/lib/gcc/avr/7.3.0/../../../avr/lib/avr5/libc.a(vfprintf_std.o)
                                                  /usr/lib/gcc/avr/7.3.0/../../../avr/lib/avr5/libc.a(sprintf_p.o)
                                                  /usr/lib/gcc/avr/7.3.0/../../../avr/lib/avr5/libc.a(printf.o)
__heap_end                                        /usr/lib/gcc/avr/7.3.0/../../../avr/lib/avr5/crtatmega328p.o
__init                                            /usr/lib/gcc/avr/7.3.0/../../../avr/lib/avr5/crtatmega328p.o
__iob                                             /usr/lib/gcc/avr/7.3.0/../../../avr/lib/avr5/libc.a(iob.o)
                                                  /usr/lib/gcc/avr/7.3.0/../../../avr/lib/avr5/libc.a(printf.o)
__prologue_saves__                                /usr/lib/gcc/avr/7.3.0/avr5/libgcc.a(_prologue.o)
                                                  /usr/lib/gcc/avr/7.3.0/../../../avr/lib/avr5/libc.a(vfprintf_std.o)
                                                  /usr/lib/gcc/avr/7.3.0/../../../avr/lib/avr5/libc.a(sprintf_p.o)
                                                  /usr/lib/gcc/avr/7.3.0/../../../avr/lib/avr5/libc.a(printf.o)
__stack                                           /usr/lib/gcc/avr/7.3.0/../../../avr/lib/avr5/crtatmega328p.o
__tablejump2__                                    /usr/lib/gcc/avr/7.3.0/avr5/libgcc.a(_tablejump2.o)
                                                  /usr/lib/gcc/avr/7.3.0/avr5/libgcc.a(_dtors.o)
                                                  /usr/lib/gcc/avr/7.3.0/avr5/libgcc.a(_ctors.o)
                                                  build/adc.o
                                                  build/sevenSegmentsDisplay.o
__ultoa_invert                                    /usr/lib/gcc/avr/7.3.0/../../../avr/lib/avr5/libc.a(ultoa_invert.o)
                                                  /usr/lib/gcc/avr/7.3.0/../../../avr/lib/avr5/libc.a(vfprintf_std.o)
__umulhisi3                                       /usr/lib/gcc/avr/7.3.0/avr5/libgcc.a(_umulhisi3.o)
                                                  build/gpioPin.o
                                                  build/gpioBus.o
__vector_1                                        build/int0.o
                                                  /usr/lib/gcc/avr/7.3.0/../../../avr/lib/avr5/crtatmega328p.o
__vector_10                                       build/timer1.o
                                                  /usr/lib/gcc/avr/7.3.0/../../../avr/lib/avr5/crtatmega328p.o
__vector_11                                       build/timer1.o
                                                  /usr/lib/gcc/avr/7.3.0/../../../avr/lib/avr5/crtatmega328p.o
__vector_12                                       build/timer1.o
                                                  /usr/lib/gcc/avr/7.3.0/../../../avr/lib/avr5/crtatmega328p.o
__vector_13                                       build/timer1.o
                                                  /usr/lib/gcc/avr/7.3.0/../../../avr/lib/avr5/crtatmega328p.o
__vector_14                                       build/timer0.o
                                                  /usr/lib/gcc/avr/7.3.0/../../../avr/lib/avr5/crtatmega328p.o
__vector_15                                       build/timer0.o
                                                  /usr/lib/gcc/avr/7.3.0/../../../avr/lib/avr5/crtatmega328p.o
__vector_16                                       build/timer0.o
                                                  /usr/lib/gcc/avr/7.3.0/../../../avr/lib/avr5/crtatmega328p.o
__vector_17                                       /usr/lib/gcc/avr/7.3.0/../../../avr/lib/avr5/crtatmega328p.o
__vector_18                                       /usr/lib/gcc/avr/7.3.0/../../../avr/lib/avr5/crtatmega328p.o
__vector_19                                       /usr/lib/gcc/avr/7.3.0/../../../avr/lib/avr5/crtatmega328p.o
__vector_2                                        build/int1.o
                                                  /usr/lib/gcc/avr/7.3.0/../../../avr/lib/avr5/crtatmega328p.o
__vector_20                                       /usr/lib/gcc/avr/7.3.0/../../../avr/lib/avr5/crtatmega328p.o
__vector_21                                       build/adc.o
                                                  /usr/lib/gcc/avr/7.3.0/../../../avr/lib/avr5/crtatmega328p.o
__vector_22                                       /usr/lib/gcc/avr/7.3.0/../../../avr/lib/avr5/crtatmega328p.o
__vector_23                                       /usr/lib/gcc/avr/7.3.0/../../../avr/lib/avr5/crtatmega328p.o
__vector_24                                       /usr/lib/gcc/avr/7.3.0/../../../avr/lib/avr5/crtatmega328p.o
__vector_25                                       /usr/lib/gcc/avr/7.3.0/../../../avr/lib/avr5/crtatmega328p.o
__vector_3                                        build/pcint0.o
                                                  /usr/lib/gcc/avr/7.3.0/../../../avr/lib/avr5/crtatmega328p.o
__vector_4                                        build/pcint1.o
                                                  /usr/lib/gcc/avr/7.3.0/../../../avr/lib/avr5/crtatmega328p.o
__vector_5                                        build/pcint2.o
                                                  /usr/lib/gcc/avr/7.3.0/../../../avr/lib/avr5/crtatmega328p.o
__vector_6                                        /usr/lib/gcc/avr/7.3.0/../../../avr/lib/avr5/crtatmega328p.o
__vector_7                                        build/timer2.o
                                                  /usr/lib/gcc/avr/7.3.0/../../../avr/lib/avr5/crtatmega328p.o
__vector_8                                        build/timer2.o
                                                  /usr/lib/gcc/avr/7.3.0/../../../avr/lib/avr5/crtatmega328p.o
__vector_9                                        build/timer2.o
                                                  /usr/lib/gcc/avr/7.3.0/../../../avr/lib/avr5/crtatmega328p.o
__vector_default                                  /usr/lib/gcc/avr/7.3.0/../../../avr/lib/avr5/crtatmega328p.o
__vectors                                         /usr/lib/gcc/avr/7.3.0/../../../avr/lib/avr5/crtatmega328p.o
_exit                                             /usr/lib/gcc/avr/7.3.0/avr5/libgcc.a(_exit.o)
debug                                             build/debug.o
exit                                              /usr/lib/gcc/avr/7.3.0/avr5/libgcc.a(_exit.o)
                                                  /usr/lib/gcc/avr/7.3.0/../../../avr/lib/avr5/crtatmega328p.o
fputc                                             /usr/lib/gcc/avr/7.3.0/../../../avr/lib/avr5/libc.a(fputc.o)
                                                  /usr/lib/gcc/avr/7.3.0/../../../avr/lib/avr5/libc.a(vfprintf_std.o)
main                                              build/main.o
                                                  /usr/lib/gcc/avr/7.3.0/../../../avr/lib/avr5/crtatmega328p.o
printf                                            /usr/lib/gcc/avr/7.3.0/../../../avr/lib/avr5/libc.a(printf.o)
                                                  build/debug.o
sprintf_P                                         /usr/lib/gcc/avr/7.3.0/../../../avr/lib/avr5/libc.a(sprintf_p.o)
                                                  build/debug.o
strnlen                                           /usr/lib/gcc/avr/7.3.0/../../../avr/lib/avr5/libc.a(strnlen.o)
                                                  /usr/lib/gcc/avr/7.3.0/../../../avr/lib/avr5/libc.a(vfprintf_std.o)
strnlen_P                                         /usr/lib/gcc/avr/7.3.0/../../../avr/lib/avr5/libc.a(strnlen_P.o)
                                                  /usr/lib/gcc/avr/7.3.0/../../../avr/lib/avr5/libc.a(vfprintf_std.o)
vfprintf                                          /usr/lib/gcc/avr/7.3.0/../../../avr/lib/avr5/libc.a(vfprintf_std.o)
                                                  /usr/lib/gcc/avr/7.3.0/../../../avr/lib/avr5/libc.a(sprintf_p.o)
                                                  /usr/lib/gcc/avr/7.3.0/../../../avr/lib/avr5/libc.a(printf.o)
