GAS LISTING /tmp/cclttb1W.s 			page 1


   1               		.file	"gpioBus.cpp"
   2               	__SP_H__ = 0x3e
   3               	__SP_L__ = 0x3d
   4               	__SREG__ = 0x3f
   5               	__tmp_reg__ = 0
   6               	__zero_reg__ = 1
   7               		.text
   8               	.Ltext0:
   9               		.cfi_sections	.debug_frame
  10               		.section	.text._ZN7GpioBusC2Ev,"ax",@progbits
  11               	.global	_ZN7GpioBusC2Ev
  13               	_ZN7GpioBusC2Ev:
  14               	.LFB82:
  15               		.file 1 "funsape/peripheral/gpioBus.cpp"
   1:funsape/peripheral/gpioBus.cpp **** //!
   2:funsape/peripheral/gpioBus.cpp **** //! ****************************************************************************
   3:funsape/peripheral/gpioBus.cpp **** //! @file           gpioBus.cpp
   4:funsape/peripheral/gpioBus.cpp **** //! @author         Leandro Schwarz (bladabuska+funsapeavr8lib@gmail.com)
   5:funsape/peripheral/gpioBus.cpp **** //! @brief          GPIO bus peripheral control.
   6:funsape/peripheral/gpioBus.cpp **** //! @details        This file provides driver interface with the GPIO module to
   7:funsape/peripheral/gpioBus.cpp **** //!                     multiple sequential pins for the FunSAPE++ AVR8
   8:funsape/peripheral/gpioBus.cpp **** //!                     Library.
   9:funsape/peripheral/gpioBus.cpp **** //! @date           2026-04-01
  10:funsape/peripheral/gpioBus.cpp **** //! @version        26.04
  11:funsape/peripheral/gpioBus.cpp **** //! @copyright      MIT License
  12:funsape/peripheral/gpioBus.cpp **** //! @note           No notes at this time.
  13:funsape/peripheral/gpioBus.cpp **** //! @todo           No items in todo list yet.
  14:funsape/peripheral/gpioBus.cpp **** //! @warning        When the user calls GpioBus::clr(), GpioBus::cpl(),
  15:funsape/peripheral/gpioBus.cpp **** //!                     GpioBus::set(), GpioBus::low(), GpioBus::high(),
  16:funsape/peripheral/gpioBus.cpp **** //!                     GpioBus::toggle() or GpioBus::write() and the bus is in
  17:funsape/peripheral/gpioBus.cpp **** //!                     PinMode::INPUT_FLOATING mode or in
  18:funsape/peripheral/gpioBus.cpp **** //!                     PinMode::INPUT_PULLED_UP mode, the mode is changed which
  19:funsape/peripheral/gpioBus.cpp **** //!                     could lead to some undefined behavior.
  20:funsape/peripheral/gpioBus.cpp **** //! ****************************************************************************
  21:funsape/peripheral/gpioBus.cpp **** //! @attention
  22:funsape/peripheral/gpioBus.cpp **** //!
  23:funsape/peripheral/gpioBus.cpp **** //! MIT License
  24:funsape/peripheral/gpioBus.cpp **** //!
  25:funsape/peripheral/gpioBus.cpp **** //! Copyright (c) 2026 Leandro Schwarz
  26:funsape/peripheral/gpioBus.cpp **** //!
  27:funsape/peripheral/gpioBus.cpp **** //! Permission is hereby granted, free of charge, to any person obtaining a copy
  28:funsape/peripheral/gpioBus.cpp **** //!     of this software and associated documentation files (the "Software"), to
  29:funsape/peripheral/gpioBus.cpp **** //!     deal in the Software without restriction, including without limitation
  30:funsape/peripheral/gpioBus.cpp **** //!     the rights to use, copy, modify, merge, publish, distribute, sublicense,
  31:funsape/peripheral/gpioBus.cpp **** //!     and/or sell copies of the Software, and to permit persons to whom the
  32:funsape/peripheral/gpioBus.cpp **** //!     Software is furnished to do so, subject to the following conditions:
  33:funsape/peripheral/gpioBus.cpp **** //!
  34:funsape/peripheral/gpioBus.cpp **** //! The above copyright notice and this permission notice shall be included in
  35:funsape/peripheral/gpioBus.cpp **** //!     all copies or substantial portions of the Software.
  36:funsape/peripheral/gpioBus.cpp **** //!
  37:funsape/peripheral/gpioBus.cpp **** //! THE SOFTWARE IS PROVIDED "AS IS", WITHOUT WARRANTY OF ANY KIND, EXPRESS OR
  38:funsape/peripheral/gpioBus.cpp **** //!     IMPLIED, INCLUDING BUT NOT LIMITED TO THE WARRANTIES OF MERCHANTABILITY,
  39:funsape/peripheral/gpioBus.cpp **** //!     FITNESS FOR A PARTICULAR PURPOSE AND NONINFRINGEMENT. IN NO EVENT SHALL
  40:funsape/peripheral/gpioBus.cpp **** //!     THE AUTHORS OR COPYRIGHT HOLDERS BE LIABLE FOR ANY CLAIM, DAMAGES OR
  41:funsape/peripheral/gpioBus.cpp **** //!     OTHER LIABILITY, WHETHER IN AN ACTION OF CONTRACT, TORT OR OTHERWISE,
  42:funsape/peripheral/gpioBus.cpp **** //!     ARISING FROM, OUT OF OR IN CONNECTION WITH THE SOFTWARE OR THE USE OR
  43:funsape/peripheral/gpioBus.cpp **** //!     OTHER DEALINGS IN THE SOFTWARE.
GAS LISTING /tmp/cclttb1W.s 			page 2


  44:funsape/peripheral/gpioBus.cpp **** //!
  45:funsape/peripheral/gpioBus.cpp **** //! ****************************************************************************
  46:funsape/peripheral/gpioBus.cpp **** //!
  47:funsape/peripheral/gpioBus.cpp **** 
  48:funsape/peripheral/gpioBus.cpp **** // =============================================================================
  49:funsape/peripheral/gpioBus.cpp **** // System file dependencies
  50:funsape/peripheral/gpioBus.cpp **** // =============================================================================
  51:funsape/peripheral/gpioBus.cpp **** 
  52:funsape/peripheral/gpioBus.cpp **** #include "gpioBus.hpp"
  53:funsape/peripheral/gpioBus.cpp **** #if !defined(__GPIO_BUS_HPP)
  54:funsape/peripheral/gpioBus.cpp **** #    error Error 1 - Header file (gpioBus.hpp) is missing or corrupted!
  55:funsape/peripheral/gpioBus.cpp **** #elif __GPIO_BUS_HPP != 2604
  56:funsape/peripheral/gpioBus.cpp **** #    error Error 6 - Build mismatch between header file (gpioBus.hpp) and source file (gpioBus.cpp)
  57:funsape/peripheral/gpioBus.cpp **** #endif
  58:funsape/peripheral/gpioBus.cpp **** 
  59:funsape/peripheral/gpioBus.cpp **** // =============================================================================
  60:funsape/peripheral/gpioBus.cpp **** // File exclusive - Constants
  61:funsape/peripheral/gpioBus.cpp **** // =============================================================================
  62:funsape/peripheral/gpioBus.cpp **** 
  63:funsape/peripheral/gpioBus.cpp **** // NONE
  64:funsape/peripheral/gpioBus.cpp **** 
  65:funsape/peripheral/gpioBus.cpp **** // =============================================================================
  66:funsape/peripheral/gpioBus.cpp **** // File exclusive - New data types
  67:funsape/peripheral/gpioBus.cpp **** // =============================================================================
  68:funsape/peripheral/gpioBus.cpp **** 
  69:funsape/peripheral/gpioBus.cpp **** // NONE
  70:funsape/peripheral/gpioBus.cpp **** 
  71:funsape/peripheral/gpioBus.cpp **** // =============================================================================
  72:funsape/peripheral/gpioBus.cpp **** // File exclusive - Macro-functions
  73:funsape/peripheral/gpioBus.cpp **** // =============================================================================
  74:funsape/peripheral/gpioBus.cpp **** 
  75:funsape/peripheral/gpioBus.cpp **** // NONE
  76:funsape/peripheral/gpioBus.cpp **** 
  77:funsape/peripheral/gpioBus.cpp **** // =============================================================================
  78:funsape/peripheral/gpioBus.cpp **** // Global variables
  79:funsape/peripheral/gpioBus.cpp **** // =============================================================================
  80:funsape/peripheral/gpioBus.cpp **** 
  81:funsape/peripheral/gpioBus.cpp **** // NONE
  82:funsape/peripheral/gpioBus.cpp **** 
  83:funsape/peripheral/gpioBus.cpp **** // =============================================================================
  84:funsape/peripheral/gpioBus.cpp **** // Static functions declarations
  85:funsape/peripheral/gpioBus.cpp **** // =============================================================================
  86:funsape/peripheral/gpioBus.cpp **** 
  87:funsape/peripheral/gpioBus.cpp **** // NONE
  88:funsape/peripheral/gpioBus.cpp **** 
  89:funsape/peripheral/gpioBus.cpp **** // =============================================================================
  90:funsape/peripheral/gpioBus.cpp **** // Public function definitions
  91:funsape/peripheral/gpioBus.cpp **** // =============================================================================
  92:funsape/peripheral/gpioBus.cpp **** 
  93:funsape/peripheral/gpioBus.cpp **** // NONE
  94:funsape/peripheral/gpioBus.cpp **** 
  95:funsape/peripheral/gpioBus.cpp **** // =============================================================================
  96:funsape/peripheral/gpioBus.cpp **** // Class constructors
  97:funsape/peripheral/gpioBus.cpp **** // =============================================================================
  98:funsape/peripheral/gpioBus.cpp **** 
  99:funsape/peripheral/gpioBus.cpp **** GpioBus::GpioBus(
  16               		.loc 1 99 0
GAS LISTING /tmp/cclttb1W.s 			page 3


  17               		.cfi_startproc
  18               	.LVL0:
  19               	/* prologue: function */
  20               	/* frame size = 0 */
  21               	/* stack size = 0 */
  22               	.L__stack_usage = 0
  23 0000 FC01      		movw r30,r24
  24               	.LBB2:
 100:funsape/peripheral/gpioBus.cpp ****         void
 101:funsape/peripheral/gpioBus.cpp **** ) :
 102:funsape/peripheral/gpioBus.cpp ****     _regDir(nullptr),
 103:funsape/peripheral/gpioBus.cpp ****     _regOut(nullptr),
 104:funsape/peripheral/gpioBus.cpp ****     _regIn(nullptr),
 105:funsape/peripheral/gpioBus.cpp ****     _pinMask(0x00),
 106:funsape/peripheral/gpioBus.cpp ****     _pinIndex(0),
 107:funsape/peripheral/gpioBus.cpp ****     _busSize(0),
 108:funsape/peripheral/gpioBus.cpp ****     _isInitialized(false),
 109:funsape/peripheral/gpioBus.cpp ****     _lastError(Error::NONE)
  25               		.loc 1 109 0
  26 0002 1182      		std Z+1,__zero_reg__
  27 0004 1082      		st Z,__zero_reg__
  28 0006 1382      		std Z+3,__zero_reg__
  29 0008 1282      		std Z+2,__zero_reg__
  30 000a 1582      		std Z+5,__zero_reg__
  31 000c 1482      		std Z+4,__zero_reg__
  32 000e 1682      		std Z+6,__zero_reg__
  33 0010 1782      		std Z+7,__zero_reg__
  34 0012 8085      		ldd r24,Z+8
  35               	.LVL1:
  36 0014 807F      		andi r24,lo8(-16)
  37 0016 8F7E      		andi r24,lo8(~(1<<4))
  38 0018 8087      		std Z+8,r24
  39 001a 1286      		std Z+10,__zero_reg__
  40 001c 1186      		std Z+9,__zero_reg__
  41               	/* epilogue start */
  42               	.LBE2:
 110:funsape/peripheral/gpioBus.cpp **** {
 111:funsape/peripheral/gpioBus.cpp ****     // Mark passage for debugging purpose
 112:funsape/peripheral/gpioBus.cpp ****     debugMark(PSTR("GpioBus::GpioBus(void)"), Debug::CodeIndex::GPIO_BUS_MODULE);
 113:funsape/peripheral/gpioBus.cpp **** 
 114:funsape/peripheral/gpioBus.cpp ****     // Returns successfully
 115:funsape/peripheral/gpioBus.cpp ****     debugMessage(Error::NONE, Debug::CodeIndex::GPIO_BUS_MODULE);
 116:funsape/peripheral/gpioBus.cpp ****     return;
 117:funsape/peripheral/gpioBus.cpp **** }
  43               		.loc 1 117 0
  44 001e 0895      		ret
  45               		.cfi_endproc
  46               	.LFE82:
  48               	.global	_ZN7GpioBusC1Ev
  49               		.set	_ZN7GpioBusC1Ev,_ZN7GpioBusC2Ev
  50               		.section	.text._ZN7GpioBusD2Ev,"ax",@progbits
  51               	.global	_ZN7GpioBusD2Ev
  53               	_ZN7GpioBusD2Ev:
  54               	.LFB85:
 118:funsape/peripheral/gpioBus.cpp **** 
 119:funsape/peripheral/gpioBus.cpp **** GpioBus::~GpioBus(void)
  55               		.loc 1 119 0
GAS LISTING /tmp/cclttb1W.s 			page 4


  56               		.cfi_startproc
  57               	.LVL2:
  58               	/* prologue: function */
  59               	/* frame size = 0 */
  60               	/* stack size = 0 */
  61               	.L__stack_usage = 0
  62               	/* epilogue start */
 120:funsape/peripheral/gpioBus.cpp **** {
 121:funsape/peripheral/gpioBus.cpp ****     // Mark passage for debugging purpose
 122:funsape/peripheral/gpioBus.cpp ****     debugMark(PSTR("GpioBus::~GpioBus(void)"), Debug::CodeIndex::GPIO_BUS_MODULE);
 123:funsape/peripheral/gpioBus.cpp **** 
 124:funsape/peripheral/gpioBus.cpp ****     // Returns successfully
 125:funsape/peripheral/gpioBus.cpp ****     return;
 126:funsape/peripheral/gpioBus.cpp **** }
  63               		.loc 1 126 0
  64 0000 0895      		ret
  65               		.cfi_endproc
  66               	.LFE85:
  68               	.global	_ZN7GpioBusD1Ev
  69               		.set	_ZN7GpioBusD1Ev,_ZN7GpioBusD2Ev
  70               		.section	.text._ZN7GpioBus4initEPVh8PinIndexh,"ax",@progbits
  71               	.global	_ZN7GpioBus4initEPVh8PinIndexh
  73               	_ZN7GpioBus4initEPVh8PinIndexh:
  74               	.LFB87:
 127:funsape/peripheral/gpioBus.cpp **** 
 128:funsape/peripheral/gpioBus.cpp **** // =============================================================================
 129:funsape/peripheral/gpioBus.cpp **** // Class own methods - Public
 130:funsape/peripheral/gpioBus.cpp **** // =============================================================================
 131:funsape/peripheral/gpioBus.cpp **** 
 132:funsape/peripheral/gpioBus.cpp **** //     ///////////////////     CONTROL AND STATUS     ///////////////////     //
 133:funsape/peripheral/gpioBus.cpp **** 
 134:funsape/peripheral/gpioBus.cpp **** bool_t GpioBus::init(ioRegAddress_t gpioPortAddress_p, const PinIndex gpioBusIndex_p, cuint8_t gpio
 135:funsape/peripheral/gpioBus.cpp **** {
  75               		.loc 1 135 0
  76               		.cfi_startproc
  77               	.LVL3:
  78 0000 CF93      		push r28
  79               	.LCFI0:
  80               		.cfi_def_cfa_offset 3
  81               		.cfi_offset 28, -2
  82 0002 DF93      		push r29
  83               	.LCFI1:
  84               		.cfi_def_cfa_offset 4
  85               		.cfi_offset 29, -3
  86               	/* prologue: function */
  87               	/* frame size = 0 */
  88               	/* stack size = 2 */
  89               	.L__stack_usage = 2
  90 0004 FC01      		movw r30,r24
  91 0006 522F      		mov r21,r18
 136:funsape/peripheral/gpioBus.cpp ****     // Mark passage for debugging purpose
 137:funsape/peripheral/gpioBus.cpp ****     debugMark(PSTR("GpioBus::init(ioRegAddress_t, const PinIndex, cuint8_t)"), Debug::CodeIndex::GP
 138:funsape/peripheral/gpioBus.cpp **** 
 139:funsape/peripheral/gpioBus.cpp ****     // CHECK FOR ERROR - port address invalid
 140:funsape/peripheral/gpioBus.cpp ****     if(!isGpioAddressValid(gpioPortAddress_p)) {
  92               		.loc 1 140 0
  93 0008 CB01      		movw r24,r22
GAS LISTING /tmp/cclttb1W.s 			page 5


  94               	.LVL4:
  95 000a 8397      		sbiw r24,35
  96 000c 0997      		sbiw r24,9
  97 000e 00F0      		brlo .+2
  98 0010 00C0      		rjmp .L8
 141:funsape/peripheral/gpioBus.cpp ****         // Returns error
 142:funsape/peripheral/gpioBus.cpp ****         this->_lastError = Error::GPIO_PORT_INVALID;
 143:funsape/peripheral/gpioBus.cpp ****         debugMessage(Error::GPIO_PORT_INVALID, Debug::CodeIndex::GPIO_BUS_MODULE);
 144:funsape/peripheral/gpioBus.cpp ****         return false;
 145:funsape/peripheral/gpioBus.cpp ****     }
 146:funsape/peripheral/gpioBus.cpp ****     // CHECK FOR ERROR - bus size invalid
 147:funsape/peripheral/gpioBus.cpp ****     if((gpioBusSize_p == 0) || (gpioBusSize_p > 8)) {
  99               		.loc 1 147 0
 100 0012 8FEF      		ldi r24,lo8(-1)
 101 0014 820F      		add r24,r18
 102 0016 8830      		cpi r24,lo8(8)
 103 0018 00F0      		brlo .+2
 104 001a 00C0      		rjmp .L9
 148:funsape/peripheral/gpioBus.cpp ****         // Returns error
 149:funsape/peripheral/gpioBus.cpp ****         this->_lastError = Error::GPIO_BUS_SIZE_INVALID;
 150:funsape/peripheral/gpioBus.cpp ****         debugMessage(Error::GPIO_BUS_SIZE_INVALID, Debug::CodeIndex::GPIO_BUS_MODULE);
 151:funsape/peripheral/gpioBus.cpp ****         return false;
 152:funsape/peripheral/gpioBus.cpp ****     }
 153:funsape/peripheral/gpioBus.cpp ****     // CHECK FOR ERROR - bus out of boundaries
 154:funsape/peripheral/gpioBus.cpp ****     if(((uint8_t)gpioBusIndex_p + gpioBusSize_p) > 8) {
 105               		.loc 1 154 0
 106 001c 242F      		mov r18,r20
 107               	.LVL5:
 108 001e 250F      		add r18,r21
 109 0020 3327      		clr r19
 110 0022 331F      		rol r19
 111 0024 2930      		cpi r18,9
 112 0026 3105      		cpc r19,__zero_reg__
 113 0028 04F0      		brlt .+2
 114 002a 00C0      		rjmp .L10
 155:funsape/peripheral/gpioBus.cpp ****         // Returns error
 156:funsape/peripheral/gpioBus.cpp ****         this->_lastError = Error::GPIO_PIN_OUT_OF_BOUNDARIES;
 157:funsape/peripheral/gpioBus.cpp ****         debugMessage(Error::GPIO_PIN_OUT_OF_BOUNDARIES, Debug::CodeIndex::GPIO_BUS_MODULE);
 158:funsape/peripheral/gpioBus.cpp ****         return false;
 159:funsape/peripheral/gpioBus.cpp ****     }
 160:funsape/peripheral/gpioBus.cpp **** 
 161:funsape/peripheral/gpioBus.cpp ****     // Local variables
 162:funsape/peripheral/gpioBus.cpp ****     uint8_t auxPinMask = (((1 << gpioBusSize_p) - 1) << (uint8_t)gpioBusIndex_p);
 115               		.loc 1 162 0
 116 002c C1E0      		ldi r28,lo8(1)
 117 002e D0E0      		ldi r29,0
 118 0030 052E      		mov r0,r21
 119 0032 00C0      		rjmp 2f
 120               		1:
 121 0034 CC0F      		lsl r28
 122 0036 DD1F      		rol r29
 123               		2:
 124 0038 0A94      		dec r0
 125 003a 02F4      		brpl 1b
 126 003c 2197      		sbiw r28,1
 127 003e 042E      		mov r0,r20
 128 0040 00C0      		rjmp 2f
GAS LISTING /tmp/cclttb1W.s 			page 6


 129               		1:
 130 0042 CC0F      		lsl r28
 131 0044 DD1F      		rol r29
 132               		2:
 133 0046 0A94      		dec r0
 134 0048 02F4      		brpl 1b
 135               	.LVL6:
 163:funsape/peripheral/gpioBus.cpp **** 
 164:funsape/peripheral/gpioBus.cpp ****     // Update data members
 165:funsape/peripheral/gpioBus.cpp ****     this->_regDir                       = getGpioDdrAddress(gpioPortAddress_p);
 136               		.loc 1 165 0
 137 004a 9B01      		movw r18,r22
 138 004c 2052      		subi r18,32
 139 004e 3109      		sbc r19,__zero_reg__
 140 0050 ABEA      		ldi r26,lo8(-85)
 141 0052 BAEA      		ldi r27,lo8(-86)
 142 0054 0E94 0000 		call __umulhisi3
 143               	.LVL7:
 144 0058 9695      		lsr r25
 145 005a 8795      		ror r24
 146 005c DC01      		movw r26,r24
 147 005e AA0F      		lsl r26
 148 0060 BB1F      		rol r27
 149 0062 A80F      		add r26,r24
 150 0064 B91F      		adc r27,r25
 151 0066 CD01      		movw r24,r26
 152 0068 8196      		adiw r24,33
 153 006a 9183      		std Z+1,r25
 154 006c 8083      		st Z,r24
 166:funsape/peripheral/gpioBus.cpp ****     this->_regOut                       = getGpioPortAddress(gpioPortAddress_p);
 155               		.loc 1 166 0
 156 006e 0196      		adiw r24,1
 157 0070 9383      		std Z+3,r25
 158 0072 8283      		std Z+2,r24
 167:funsape/peripheral/gpioBus.cpp ****     this->_regIn                        = getGpioPinAddress(gpioPortAddress_p);
 159               		.loc 1 167 0
 160 0074 0297      		sbiw r24,2
 161 0076 9583      		std Z+5,r25
 162 0078 8483      		std Z+4,r24
 168:funsape/peripheral/gpioBus.cpp ****     this->_pinMask                      = (ioPinMask_t)auxPinMask;
 163               		.loc 1 168 0
 164 007a C683      		std Z+6,r28
 169:funsape/peripheral/gpioBus.cpp ****     this->_pinIndex                     = (ioPinIndex_t)gpioBusIndex_p;
 165               		.loc 1 169 0
 166 007c 4783      		std Z+7,r20
 170:funsape/peripheral/gpioBus.cpp ****     this->_isInitialized                = true;
 167               		.loc 1 170 0
 168 007e 8085      		ldd r24,Z+8
 169 0080 8061      		ori r24,lo8(1<<4)
 171:funsape/peripheral/gpioBus.cpp ****     this->_busSize                      = gpioBusSize_p;
 170               		.loc 1 171 0
 171 0082 5F70      		andi r21,lo8(15)
 172               	.LVL8:
 173 0084 807F      		andi r24,lo8(-16)
 174 0086 582B      		or r21,r24
 175 0088 5087      		std Z+8,r21
 172:funsape/peripheral/gpioBus.cpp **** 
GAS LISTING /tmp/cclttb1W.s 			page 7


 173:funsape/peripheral/gpioBus.cpp ****     // Configure pins as input floating
 174:funsape/peripheral/gpioBus.cpp ****     clrMask(*(this->_regDir), (uint8_t)this->_pinMask);
 176               		.loc 1 174 0
 177 008a 9196      		adiw r26,33
 178 008c 8C91      		ld r24,X
 179 008e 9197      		sbiw r26,33
 180 0090 C095      		com r28
 181               	.LVL9:
 182 0092 C823      		and r28,r24
 183 0094 9196      		adiw r26,33
 184 0096 CC93      		st X,r28
 175:funsape/peripheral/gpioBus.cpp ****     clrMask(*(this->_regOut), (uint8_t)this->_pinMask);
 185               		.loc 1 175 0
 186 0098 A281      		ldd r26,Z+2
 187 009a B381      		ldd r27,Z+3
 188 009c 9C91      		ld r25,X
 189 009e 8681      		ldd r24,Z+6
 190 00a0 8095      		com r24
 191 00a2 8923      		and r24,r25
 192 00a4 8C93      		st X,r24
 176:funsape/peripheral/gpioBus.cpp **** 
 177:funsape/peripheral/gpioBus.cpp ****     // Returns successfully
 178:funsape/peripheral/gpioBus.cpp ****     this->_lastError = Error::NONE;
 193               		.loc 1 178 0
 194 00a6 1286      		std Z+10,__zero_reg__
 195 00a8 1186      		std Z+9,__zero_reg__
 179:funsape/peripheral/gpioBus.cpp ****     debugMessage(Error::NONE, Debug::CodeIndex::GPIO_BUS_MODULE);
 180:funsape/peripheral/gpioBus.cpp ****     return true;
 196               		.loc 1 180 0
 197 00aa 81E0      		ldi r24,lo8(1)
 198 00ac 00C0      		rjmp .L3
 199               	.LVL10:
 200               	.L8:
 142:funsape/peripheral/gpioBus.cpp ****         debugMessage(Error::GPIO_PORT_INVALID, Debug::CodeIndex::GPIO_BUS_MODULE);
 201               		.loc 1 142 0
 202 00ae 84E8      		ldi r24,lo8(-124)
 203 00b0 90E0      		ldi r25,0
 204 00b2 9287      		std Z+10,r25
 205 00b4 8187      		std Z+9,r24
 144:funsape/peripheral/gpioBus.cpp ****     }
 206               		.loc 1 144 0
 207 00b6 80E0      		ldi r24,0
 208               	.LVL11:
 209               	.L3:
 210               	/* epilogue start */
 181:funsape/peripheral/gpioBus.cpp **** }
 211               		.loc 1 181 0
 212 00b8 DF91      		pop r29
 213 00ba CF91      		pop r28
 214 00bc 0895      		ret
 215               	.LVL12:
 216               	.L9:
 149:funsape/peripheral/gpioBus.cpp ****         debugMessage(Error::GPIO_BUS_SIZE_INVALID, Debug::CodeIndex::GPIO_BUS_MODULE);
 217               		.loc 1 149 0
 218 00be 81E8      		ldi r24,lo8(-127)
 219 00c0 90E0      		ldi r25,0
 220 00c2 9287      		std Z+10,r25
GAS LISTING /tmp/cclttb1W.s 			page 8


 221 00c4 8187      		std Z+9,r24
 151:funsape/peripheral/gpioBus.cpp ****     }
 222               		.loc 1 151 0
 223 00c6 80E0      		ldi r24,0
 224 00c8 00C0      		rjmp .L3
 225               	.LVL13:
 226               	.L10:
 156:funsape/peripheral/gpioBus.cpp ****         debugMessage(Error::GPIO_PIN_OUT_OF_BOUNDARIES, Debug::CodeIndex::GPIO_BUS_MODULE);
 227               		.loc 1 156 0
 228 00ca 83E8      		ldi r24,lo8(-125)
 229 00cc 90E0      		ldi r25,0
 230 00ce 9287      		std Z+10,r25
 231 00d0 8187      		std Z+9,r24
 158:funsape/peripheral/gpioBus.cpp ****     }
 232               		.loc 1 158 0
 233 00d2 80E0      		ldi r24,0
 234 00d4 00C0      		rjmp .L3
 235               		.cfi_endproc
 236               	.LFE87:
 238               		.section	.text._ZN7GpioBus7setModeE7PinMode,"ax",@progbits
 239               	.global	_ZN7GpioBus7setModeE7PinMode
 241               	_ZN7GpioBus7setModeE7PinMode:
 242               	.LFB88:
 182:funsape/peripheral/gpioBus.cpp **** 
 183:funsape/peripheral/gpioBus.cpp **** //     ///////////////////    PIN RELATED METHODS     ///////////////////     //
 184:funsape/peripheral/gpioBus.cpp **** 
 185:funsape/peripheral/gpioBus.cpp **** bool_t GpioBus::setMode(const PinMode mode_p)
 186:funsape/peripheral/gpioBus.cpp **** {
 243               		.loc 1 186 0
 244               		.cfi_startproc
 245               	.LVL14:
 246               	/* prologue: function */
 247               	/* frame size = 0 */
 248               	/* stack size = 0 */
 249               	.L__stack_usage = 0
 250 0000 FC01      		movw r30,r24
 187:funsape/peripheral/gpioBus.cpp ****     // Mark passage for debugging purpose
 188:funsape/peripheral/gpioBus.cpp ****     debugMark(PSTR("GpioBus::setMode(const PinMode)"), Debug::CodeIndex::GPIO_BUS_MODULE);
 189:funsape/peripheral/gpioBus.cpp **** 
 190:funsape/peripheral/gpioBus.cpp ****     // Checks initialization
 191:funsape/peripheral/gpioBus.cpp ****     if(!this->_isInitialized) {
 251               		.loc 1 191 0
 252 0002 9085      		ldd r25,Z+8
 253 0004 94FB      		bst r25,4
 254 0006 8827      		clr r24
 255 0008 80F9      		bld r24,0
 256               	.LVL15:
 257 000a 94FF      		sbrs r25,4
 258 000c 00C0      		rjmp .L18
 192:funsape/peripheral/gpioBus.cpp ****         // Returns error
 193:funsape/peripheral/gpioBus.cpp ****         this->_lastError = Error::NOT_INITIALIZED;
 194:funsape/peripheral/gpioBus.cpp ****         debugMessage(Error::NOT_INITIALIZED, Debug::CodeIndex::GPIO_BUS_MODULE);
 195:funsape/peripheral/gpioBus.cpp ****         return false;
 196:funsape/peripheral/gpioBus.cpp ****     }
 197:funsape/peripheral/gpioBus.cpp **** 
 198:funsape/peripheral/gpioBus.cpp ****     // Configure pin
 199:funsape/peripheral/gpioBus.cpp ****     switch(mode_p) {
GAS LISTING /tmp/cclttb1W.s 			page 9


 259               		.loc 1 199 0
 260 000e 6130      		cpi r22,lo8(1)
 261 0010 01F0      		breq .L15
 262 0012 00F0      		brlo .L16
 263 0014 6230      		cpi r22,lo8(2)
 264 0016 01F0      		breq .L17
 265               	.L14:
 200:funsape/peripheral/gpioBus.cpp ****     case PinMode::INPUT_FLOATING:
 201:funsape/peripheral/gpioBus.cpp ****         clrMask(*(this->_regDir), (uint8_t)this->_pinMask);
 202:funsape/peripheral/gpioBus.cpp ****         clrMask(*(this->_regOut), (uint8_t)this->_pinMask);
 203:funsape/peripheral/gpioBus.cpp ****         break;
 204:funsape/peripheral/gpioBus.cpp ****     case PinMode::INPUT_PULLED_UP:
 205:funsape/peripheral/gpioBus.cpp ****         clrMask(*(this->_regDir), (uint8_t)this->_pinMask);
 206:funsape/peripheral/gpioBus.cpp ****         setMask(*(this->_regOut), (uint8_t)this->_pinMask);
 207:funsape/peripheral/gpioBus.cpp ****         break;
 208:funsape/peripheral/gpioBus.cpp ****     case PinMode::OUTPUT_PUSH_PULL:
 209:funsape/peripheral/gpioBus.cpp ****         setMask(*(this->_regDir), (uint8_t)this->_pinMask);
 210:funsape/peripheral/gpioBus.cpp ****         break;
 211:funsape/peripheral/gpioBus.cpp ****     }
 212:funsape/peripheral/gpioBus.cpp **** 
 213:funsape/peripheral/gpioBus.cpp ****     // Returns successfully
 214:funsape/peripheral/gpioBus.cpp ****     this->_lastError = Error::NONE;
 266               		.loc 1 214 0
 267 0018 1286      		std Z+10,__zero_reg__
 268 001a 1186      		std Z+9,__zero_reg__
 269               	/* epilogue start */
 215:funsape/peripheral/gpioBus.cpp ****     debugMessage(Error::NONE, Debug::CodeIndex::GPIO_BUS_MODULE);
 216:funsape/peripheral/gpioBus.cpp ****     return true;
 217:funsape/peripheral/gpioBus.cpp **** }
 270               		.loc 1 217 0
 271 001c 0895      		ret
 272               	.L18:
 193:funsape/peripheral/gpioBus.cpp ****         debugMessage(Error::NOT_INITIALIZED, Debug::CodeIndex::GPIO_BUS_MODULE);
 273               		.loc 1 193 0
 274 001e 26E0      		ldi r18,lo8(6)
 275 0020 30E0      		ldi r19,0
 276 0022 3287      		std Z+10,r19
 277 0024 2187      		std Z+9,r18
 195:funsape/peripheral/gpioBus.cpp ****     }
 278               		.loc 1 195 0
 279 0026 0895      		ret
 280               	.L16:
 201:funsape/peripheral/gpioBus.cpp ****         clrMask(*(this->_regOut), (uint8_t)this->_pinMask);
 281               		.loc 1 201 0
 282 0028 A081      		ld r26,Z
 283 002a B181      		ldd r27,Z+1
 284 002c 2C91      		ld r18,X
 285 002e 9681      		ldd r25,Z+6
 286 0030 9095      		com r25
 287 0032 9223      		and r25,r18
 288 0034 9C93      		st X,r25
 202:funsape/peripheral/gpioBus.cpp ****         break;
 289               		.loc 1 202 0
 290 0036 A281      		ldd r26,Z+2
 291 0038 B381      		ldd r27,Z+3
 292 003a 2C91      		ld r18,X
 293 003c 9681      		ldd r25,Z+6
GAS LISTING /tmp/cclttb1W.s 			page 10


 294 003e 9095      		com r25
 295 0040 9223      		and r25,r18
 296 0042 9C93      		st X,r25
 203:funsape/peripheral/gpioBus.cpp ****     case PinMode::INPUT_PULLED_UP:
 297               		.loc 1 203 0
 298 0044 00C0      		rjmp .L14
 299               	.L15:
 205:funsape/peripheral/gpioBus.cpp ****         setMask(*(this->_regOut), (uint8_t)this->_pinMask);
 300               		.loc 1 205 0
 301 0046 A081      		ld r26,Z
 302 0048 B181      		ldd r27,Z+1
 303 004a 2C91      		ld r18,X
 304 004c 9681      		ldd r25,Z+6
 305 004e 9095      		com r25
 306 0050 9223      		and r25,r18
 307 0052 9C93      		st X,r25
 206:funsape/peripheral/gpioBus.cpp ****         break;
 308               		.loc 1 206 0
 309 0054 A281      		ldd r26,Z+2
 310 0056 B381      		ldd r27,Z+3
 311 0058 9C91      		ld r25,X
 312 005a 2681      		ldd r18,Z+6
 313 005c 922B      		or r25,r18
 314 005e 9C93      		st X,r25
 207:funsape/peripheral/gpioBus.cpp ****     case PinMode::OUTPUT_PUSH_PULL:
 315               		.loc 1 207 0
 316 0060 00C0      		rjmp .L14
 317               	.L17:
 209:funsape/peripheral/gpioBus.cpp ****         break;
 318               		.loc 1 209 0
 319 0062 A081      		ld r26,Z
 320 0064 B181      		ldd r27,Z+1
 321 0066 9C91      		ld r25,X
 322 0068 2681      		ldd r18,Z+6
 323 006a 922B      		or r25,r18
 324 006c 9C93      		st X,r25
 210:funsape/peripheral/gpioBus.cpp ****     }
 325               		.loc 1 210 0
 326 006e 00C0      		rjmp .L14
 327               		.cfi_endproc
 328               	.LFE88:
 330               		.section	.text._ZN7GpioBus5writeEh,"ax",@progbits
 331               	.global	_ZN7GpioBus5writeEh
 333               	_ZN7GpioBus5writeEh:
 334               	.LFB89:
 218:funsape/peripheral/gpioBus.cpp **** 
 219:funsape/peripheral/gpioBus.cpp **** bool_t GpioBus::write(cuint8_t data_p)
 220:funsape/peripheral/gpioBus.cpp **** {
 335               		.loc 1 220 0
 336               		.cfi_startproc
 337               	.LVL16:
 338               	/* prologue: function */
 339               	/* frame size = 0 */
 340               	/* stack size = 0 */
 341               	.L__stack_usage = 0
 342 0000 FC01      		movw r30,r24
 343               	.LVL17:
GAS LISTING /tmp/cclttb1W.s 			page 11


 221:funsape/peripheral/gpioBus.cpp ****     // Mark passage for debugging purpose
 222:funsape/peripheral/gpioBus.cpp ****     debugMark(PSTR("GpioBus::write(cuint8_t)"), Debug::CodeIndex::GPIO_BUS_MODULE);
 223:funsape/peripheral/gpioBus.cpp **** 
 224:funsape/peripheral/gpioBus.cpp ****     // Local variables
 225:funsape/peripheral/gpioBus.cpp ****     uint8_t aux8 = 0;
 226:funsape/peripheral/gpioBus.cpp **** 
 227:funsape/peripheral/gpioBus.cpp ****     // CHECKS FOR ERRORS - not initialized
 228:funsape/peripheral/gpioBus.cpp ****     if(!this->_isInitialized) {
 344               		.loc 1 228 0
 345 0002 9085      		ldd r25,Z+8
 346 0004 94FB      		bst r25,4
 347 0006 8827      		clr r24
 348 0008 80F9      		bld r24,0
 349               	.LVL18:
 350 000a 94FF      		sbrs r25,4
 351 000c 00C0      		rjmp .L22
 229:funsape/peripheral/gpioBus.cpp ****         // Returns error
 230:funsape/peripheral/gpioBus.cpp ****         this->_lastError = Error::NOT_INITIALIZED;
 231:funsape/peripheral/gpioBus.cpp ****         debugMessage(Error::NOT_INITIALIZED, Debug::CodeIndex::GPIO_BUS_MODULE);
 232:funsape/peripheral/gpioBus.cpp ****         return false;
 233:funsape/peripheral/gpioBus.cpp ****     }
 234:funsape/peripheral/gpioBus.cpp **** 
 235:funsape/peripheral/gpioBus.cpp ****     aux8 = *(this->_regOut);
 352               		.loc 1 235 0
 353 000e A281      		ldd r26,Z+2
 354 0010 B381      		ldd r27,Z+3
 355 0012 3C91      		ld r19,X
 356               	.LVL19:
 236:funsape/peripheral/gpioBus.cpp ****     clrMask(aux8, (uint8_t)(this->_pinMask));
 357               		.loc 1 236 0
 358 0014 2681      		ldd r18,Z+6
 359 0016 922F      		mov r25,r18
 360 0018 9095      		com r25
 361 001a 9323      		and r25,r19
 362               	.LVL20:
 237:funsape/peripheral/gpioBus.cpp ****     aux8 |= ((data_p << (uint8_t)this->_pinIndex) & (uint8_t)(this->_pinMask));
 363               		.loc 1 237 0
 364 001c 3781      		ldd r19,Z+7
 365 001e 70E0      		ldi r23,0
 366 0020 00C0      		rjmp 2f
 367               		1:
 368 0022 660F      		lsl r22
 369 0024 771F      		rol r23
 370               		2:
 371 0026 3A95      		dec r19
 372 0028 02F4      		brpl 1b
 373               	.LVL21:
 374 002a 6223      		and r22,r18
 375 002c 692B      		or r22,r25
 376               	.LVL22:
 238:funsape/peripheral/gpioBus.cpp ****     *(this->_regOut) = aux8;
 377               		.loc 1 238 0
 378 002e 6C93      		st X,r22
 239:funsape/peripheral/gpioBus.cpp **** 
 240:funsape/peripheral/gpioBus.cpp ****     // Returns successfully
 241:funsape/peripheral/gpioBus.cpp ****     this->_lastError = Error::NONE;
 379               		.loc 1 241 0
GAS LISTING /tmp/cclttb1W.s 			page 12


 380 0030 1286      		std Z+10,__zero_reg__
 381 0032 1186      		std Z+9,__zero_reg__
 382               	.LVL23:
 383               	/* epilogue start */
 242:funsape/peripheral/gpioBus.cpp ****     debugMessage(Error::NONE, Debug::CodeIndex::GPIO_BUS_MODULE);
 243:funsape/peripheral/gpioBus.cpp ****     return true;
 244:funsape/peripheral/gpioBus.cpp **** }
 384               		.loc 1 244 0
 385 0034 0895      		ret
 386               	.LVL24:
 387               	.L22:
 230:funsape/peripheral/gpioBus.cpp ****         debugMessage(Error::NOT_INITIALIZED, Debug::CodeIndex::GPIO_BUS_MODULE);
 388               		.loc 1 230 0
 389 0036 26E0      		ldi r18,lo8(6)
 390 0038 30E0      		ldi r19,0
 391 003a 3287      		std Z+10,r19
 392 003c 2187      		std Z+9,r18
 232:funsape/peripheral/gpioBus.cpp ****     }
 393               		.loc 1 232 0
 394 003e 0895      		ret
 395               		.cfi_endproc
 396               	.LFE89:
 398               		.text
 399               	.Letext0:
 400               		.file 2 "/usr/lib/avr/include/stdint.h"
 401               		.file 3 "funsape/peripheral/../config/atmega328p.hpp"
 402               		.file 4 "/usr/lib/avr/include/stdio.h"
 403               		.file 5 "funsape/peripheral/../globalDefines.hpp"
 404               		.file 6 "funsape/peripheral/../util/debug.hpp"
 405               		.file 7 "funsape/peripheral/gpioBus.hpp"
GAS LISTING /tmp/cclttb1W.s 			page 13


DEFINED SYMBOLS
                            *ABS*:0000000000000000 gpioBus.cpp
     /tmp/cclttb1W.s:2      *ABS*:000000000000003e __SP_H__
     /tmp/cclttb1W.s:3      *ABS*:000000000000003d __SP_L__
     /tmp/cclttb1W.s:4      *ABS*:000000000000003f __SREG__
     /tmp/cclttb1W.s:5      *ABS*:0000000000000000 __tmp_reg__
     /tmp/cclttb1W.s:6      *ABS*:0000000000000001 __zero_reg__
     /tmp/cclttb1W.s:13     .text._ZN7GpioBusC2Ev:0000000000000000 _ZN7GpioBusC2Ev
     /tmp/cclttb1W.s:13     .text._ZN7GpioBusC2Ev:0000000000000000 _ZN7GpioBusC1Ev
     /tmp/cclttb1W.s:53     .text._ZN7GpioBusD2Ev:0000000000000000 _ZN7GpioBusD2Ev
     /tmp/cclttb1W.s:53     .text._ZN7GpioBusD2Ev:0000000000000000 _ZN7GpioBusD1Ev
     /tmp/cclttb1W.s:73     .text._ZN7GpioBus4initEPVh8PinIndexh:0000000000000000 _ZN7GpioBus4initEPVh8PinIndexh
     /tmp/cclttb1W.s:241    .text._ZN7GpioBus7setModeE7PinMode:0000000000000000 _ZN7GpioBus7setModeE7PinMode
     /tmp/cclttb1W.s:333    .text._ZN7GpioBus5writeEh:0000000000000000 _ZN7GpioBus5writeEh

UNDEFINED SYMBOLS
__umulhisi3
