GAS LISTING /tmp/ccEC9cfy.s 			page 1


   1               		.file	"int0.cpp"
   2               	__SP_H__ = 0x3e
   3               	__SP_L__ = 0x3d
   4               	__SREG__ = 0x3f
   5               	__tmp_reg__ = 0
   6               	__zero_reg__ = 1
   7               		.text
   8               	.Ltext0:
   9               		.cfi_sections	.debug_frame
  10               		.section	.text._ZN4Int0C2Ev,"ax",@progbits
  11               	.global	_ZN4Int0C2Ev
  13               	_ZN4Int0C2Ev:
  14               	.LFB71:
  15               		.file 1 "funsape/peripheral/int0.cpp"
   1:funsape/peripheral/int0.cpp **** //!
   2:funsape/peripheral/int0.cpp **** //! ****************************************************************************
   3:funsape/peripheral/int0.cpp **** //! @file           int0.cpp
   4:funsape/peripheral/int0.cpp **** //! @author         Leandro Schwarz (bladabuska+funsapeavr8lib@gmail.com)
   5:funsape/peripheral/int0.cpp **** //! @brief          External Interrupt INT0 peripheral control.
   6:funsape/peripheral/int0.cpp **** //! @details        This file provides peripheral control for the INT0
   7:funsape/peripheral/int0.cpp **** //!                     peripheral control for the FunSAPE++ AVR8 Library.
   8:funsape/peripheral/int0.cpp **** //! @date           2026-04-01
   9:funsape/peripheral/int0.cpp **** //! @version        26.04
  10:funsape/peripheral/int0.cpp **** //! @copyright      MIT License
  11:funsape/peripheral/int0.cpp **** //! @note           No notes at this time.
  12:funsape/peripheral/int0.cpp **** //! @todo           No items in todo list yet.
  13:funsape/peripheral/int0.cpp **** //! @bug            No bugs detected yet.
  14:funsape/peripheral/int0.cpp **** //! ****************************************************************************
  15:funsape/peripheral/int0.cpp **** //! @attention
  16:funsape/peripheral/int0.cpp **** //!
  17:funsape/peripheral/int0.cpp **** //! MIT License
  18:funsape/peripheral/int0.cpp **** //!
  19:funsape/peripheral/int0.cpp **** //! Copyright (c) 2026 Leandro Schwarz
  20:funsape/peripheral/int0.cpp **** //!
  21:funsape/peripheral/int0.cpp **** //! Permission is hereby granted, free of charge, to any person obtaining a copy
  22:funsape/peripheral/int0.cpp **** //!     of this software and associated documentation files (the "Software"), to
  23:funsape/peripheral/int0.cpp **** //!     deal in the Software without restriction, including without limitation
  24:funsape/peripheral/int0.cpp **** //!     the rights to use, copy, modify, merge, publish, distribute, sublicense,
  25:funsape/peripheral/int0.cpp **** //!     and/or sell copies of the Software, and to permit persons to whom the
  26:funsape/peripheral/int0.cpp **** //!     Software is furnished to do so, subject to the following conditions:
  27:funsape/peripheral/int0.cpp **** //!
  28:funsape/peripheral/int0.cpp **** //! The above copyright notice and this permission notice shall be included in
  29:funsape/peripheral/int0.cpp **** //!     all copies or substantial portions of the Software.
  30:funsape/peripheral/int0.cpp **** //!
  31:funsape/peripheral/int0.cpp **** //! THE SOFTWARE IS PROVIDED "AS IS", WITHOUT WARRANTY OF ANY KIND, EXPRESS OR
  32:funsape/peripheral/int0.cpp **** //!     IMPLIED, INCLUDING BUT NOT LIMITED TO THE WARRANTIES OF MERCHANTABILITY,
  33:funsape/peripheral/int0.cpp **** //!     FITNESS FOR A PARTICULAR PURPOSE AND NONINFRINGEMENT. IN NO EVENT SHALL
  34:funsape/peripheral/int0.cpp **** //!     THE AUTHORS OR COPYRIGHT HOLDERS BE LIABLE FOR ANY CLAIM, DAMAGES OR
  35:funsape/peripheral/int0.cpp **** //!     OTHER LIABILITY, WHETHER IN AN ACTION OF CONTRACT, TORT OR OTHERWISE,
  36:funsape/peripheral/int0.cpp **** //!     ARISING FROM, OUT OF OR IN CONNECTION WITH THE SOFTWARE OR THE USE OR
  37:funsape/peripheral/int0.cpp **** //!     OTHER DEALINGS IN THE SOFTWARE.
  38:funsape/peripheral/int0.cpp **** //!
  39:funsape/peripheral/int0.cpp **** //! ****************************************************************************
  40:funsape/peripheral/int0.cpp **** //!
  41:funsape/peripheral/int0.cpp **** 
  42:funsape/peripheral/int0.cpp **** // =============================================================================
  43:funsape/peripheral/int0.cpp **** // System file dependencies
GAS LISTING /tmp/ccEC9cfy.s 			page 2


  44:funsape/peripheral/int0.cpp **** // =============================================================================
  45:funsape/peripheral/int0.cpp **** 
  46:funsape/peripheral/int0.cpp **** #include "int0.hpp"
  47:funsape/peripheral/int0.cpp **** #if !defined(__INT0_HPP)
  48:funsape/peripheral/int0.cpp **** #    error Error 1 - Header file (int0.hpp) is missing or corrupted!
  49:funsape/peripheral/int0.cpp **** #elif __INT0_HPP != 2604
  50:funsape/peripheral/int0.cpp **** #    error Error 6 - Build mismatch between header file (int0.hpp) and source file (int0.cpp)!
  51:funsape/peripheral/int0.cpp **** #endif
  52:funsape/peripheral/int0.cpp **** 
  53:funsape/peripheral/int0.cpp **** // =============================================================================
  54:funsape/peripheral/int0.cpp **** // File exclusive - Constants
  55:funsape/peripheral/int0.cpp **** // =============================================================================
  56:funsape/peripheral/int0.cpp **** 
  57:funsape/peripheral/int0.cpp **** // NONE
  58:funsape/peripheral/int0.cpp **** 
  59:funsape/peripheral/int0.cpp **** // =============================================================================
  60:funsape/peripheral/int0.cpp **** // File exclusive - New data types
  61:funsape/peripheral/int0.cpp **** // =============================================================================
  62:funsape/peripheral/int0.cpp **** 
  63:funsape/peripheral/int0.cpp **** // NONE
  64:funsape/peripheral/int0.cpp **** 
  65:funsape/peripheral/int0.cpp **** // =============================================================================
  66:funsape/peripheral/int0.cpp **** // File exclusive - Macro-functions
  67:funsape/peripheral/int0.cpp **** // =============================================================================
  68:funsape/peripheral/int0.cpp **** 
  69:funsape/peripheral/int0.cpp **** // NONE
  70:funsape/peripheral/int0.cpp **** 
  71:funsape/peripheral/int0.cpp **** // =============================================================================
  72:funsape/peripheral/int0.cpp **** // Global variables
  73:funsape/peripheral/int0.cpp **** // =============================================================================
  74:funsape/peripheral/int0.cpp **** 
  75:funsape/peripheral/int0.cpp **** Int0 Int0::_instance;
  76:funsape/peripheral/int0.cpp **** 
  77:funsape/peripheral/int0.cpp **** // =============================================================================
  78:funsape/peripheral/int0.cpp **** // Static functions declarations
  79:funsape/peripheral/int0.cpp **** // =============================================================================
  80:funsape/peripheral/int0.cpp **** 
  81:funsape/peripheral/int0.cpp **** // NONE
  82:funsape/peripheral/int0.cpp **** 
  83:funsape/peripheral/int0.cpp **** // =============================================================================
  84:funsape/peripheral/int0.cpp **** // Public function definitions
  85:funsape/peripheral/int0.cpp **** // =============================================================================
  86:funsape/peripheral/int0.cpp **** 
  87:funsape/peripheral/int0.cpp **** // NONE
  88:funsape/peripheral/int0.cpp **** 
  89:funsape/peripheral/int0.cpp **** // =============================================================================
  90:funsape/peripheral/int0.cpp **** // Class constructors
  91:funsape/peripheral/int0.cpp **** // =============================================================================
  92:funsape/peripheral/int0.cpp **** 
  93:funsape/peripheral/int0.cpp **** Int0::Int0() :
  16               		.loc 1 93 0
  17               		.cfi_startproc
  18               	.LVL0:
  19               	/* prologue: function */
  20               	/* frame size = 0 */
  21               	/* stack size = 0 */
  22               	.L__stack_usage = 0
GAS LISTING /tmp/ccEC9cfy.s 			page 3


  23 0000 FC01      		movw r30,r24
  24               	.LBB2:
  94:funsape/peripheral/int0.cpp ****     _isInitialized(false),
  95:funsape/peripheral/int0.cpp ****     _lastError(Error::NONE),
  96:funsape/peripheral/int0.cpp ****     _senseMode(Int0::SenseMode::LOW_LEVEL)
  25               		.loc 1 96 0
  26 0002 8081      		ld r24,Z
  27               	.LVL1:
  28 0004 8E7F      		andi r24,lo8(~(1<<0))
  29 0006 8083      		st Z,r24
  30 0008 1282      		std Z+2,__zero_reg__
  31 000a 1182      		std Z+1,__zero_reg__
  32 000c 1382      		std Z+3,__zero_reg__
  33               	/* epilogue start */
  34               	.LBE2:
  97:funsape/peripheral/int0.cpp **** {
  98:funsape/peripheral/int0.cpp ****     // Mark passage for debugging purpose
  99:funsape/peripheral/int0.cpp ****     debugMark(PSTR("Int0::Int0(void)"), Debug::CodeIndex::INT0_MODULE);
 100:funsape/peripheral/int0.cpp **** 
 101:funsape/peripheral/int0.cpp ****     // Returns successfully
 102:funsape/peripheral/int0.cpp ****     this->_lastError = Error::NONE;
 103:funsape/peripheral/int0.cpp ****     debugMessage(Error::NONE, Debug::CodeIndex::INT0_MODULE);
 104:funsape/peripheral/int0.cpp ****     return;
 105:funsape/peripheral/int0.cpp **** }
  35               		.loc 1 105 0
  36 000e 0895      		ret
  37               		.cfi_endproc
  38               	.LFE71:
  40               	.global	_ZN4Int0C1Ev
  41               		.set	_ZN4Int0C1Ev,_ZN4Int0C2Ev
  42               		.section	.text._ZN4Int0D2Ev,"ax",@progbits
  43               	.global	_ZN4Int0D2Ev
  45               	_ZN4Int0D2Ev:
  46               	.LFB74:
 106:funsape/peripheral/int0.cpp **** 
 107:funsape/peripheral/int0.cpp **** Int0::~Int0()
  47               		.loc 1 107 0
  48               		.cfi_startproc
  49               	.LVL2:
  50               	/* prologue: function */
  51               	/* frame size = 0 */
  52               	/* stack size = 0 */
  53               	.L__stack_usage = 0
  54               	/* epilogue start */
 108:funsape/peripheral/int0.cpp **** {
 109:funsape/peripheral/int0.cpp ****     // Mark passage for debugging purpose
 110:funsape/peripheral/int0.cpp ****     debugMark(PSTR("Int0::~Int0(void)"), Debug::CodeIndex::INT0_MODULE);
 111:funsape/peripheral/int0.cpp **** 
 112:funsape/peripheral/int0.cpp ****     // Returns successfully
 113:funsape/peripheral/int0.cpp ****     debugMessage(Error::NONE, Debug::CodeIndex::INT0_MODULE);
 114:funsape/peripheral/int0.cpp ****     return;
 115:funsape/peripheral/int0.cpp **** }
  55               		.loc 1 115 0
  56 0000 0895      		ret
  57               		.cfi_endproc
  58               	.LFE74:
  60               	.global	_ZN4Int0D1Ev
GAS LISTING /tmp/ccEC9cfy.s 			page 4


  61               		.set	_ZN4Int0D1Ev,_ZN4Int0D2Ev
  62               		.section	.text._Z41__static_initialization_and_destruction_0ii,"ax",@progbits
  64               	_Z41__static_initialization_and_destruction_0ii:
  65               	.LFB81:
 116:funsape/peripheral/int0.cpp **** 
 117:funsape/peripheral/int0.cpp **** // =============================================================================
 118:funsape/peripheral/int0.cpp **** // Class own methods - Public
 119:funsape/peripheral/int0.cpp **** // =============================================================================
 120:funsape/peripheral/int0.cpp **** 
 121:funsape/peripheral/int0.cpp **** //     ///////////////////     CONTROL AND STATUS     ///////////////////     //
 122:funsape/peripheral/int0.cpp **** 
 123:funsape/peripheral/int0.cpp **** bool_t Int0::init(const Int0::SenseMode senseMode_p)
 124:funsape/peripheral/int0.cpp **** {
 125:funsape/peripheral/int0.cpp ****     // Mark passage for debugging purpose
 126:funsape/peripheral/int0.cpp ****     debugMark(PSTR("Int0::init(const Int0::SenseMode)"), Debug::CodeIndex::INT0_MODULE);
 127:funsape/peripheral/int0.cpp **** 
 128:funsape/peripheral/int0.cpp ****     // Local variables
 129:funsape/peripheral/int0.cpp ****     uint8_t auxEicra = MCU_INT0_CTRL_REG;
 130:funsape/peripheral/int0.cpp **** 
 131:funsape/peripheral/int0.cpp ****     // Configure mode
 132:funsape/peripheral/int0.cpp ****     clrMaskOffset(auxEicra, MCU_INT0_SENSE_BIT_MASK, MCU_INT0_SENSE_BIT_OFFSET);
 133:funsape/peripheral/int0.cpp ****     setMaskOffset(auxEicra, ((uint8_t)senseMode_p), MCU_INT0_SENSE_BIT_OFFSET);
 134:funsape/peripheral/int0.cpp **** 
 135:funsape/peripheral/int0.cpp ****     // Update registers
 136:funsape/peripheral/int0.cpp ****     MCU_INT0_CTRL_REG = auxEicra;
 137:funsape/peripheral/int0.cpp **** 
 138:funsape/peripheral/int0.cpp ****     // Update class members
 139:funsape/peripheral/int0.cpp ****     this->_senseMode        = senseMode_p;
 140:funsape/peripheral/int0.cpp ****     this->_isInitialized    = true;
 141:funsape/peripheral/int0.cpp **** 
 142:funsape/peripheral/int0.cpp ****     // Returns successfully
 143:funsape/peripheral/int0.cpp ****     this->_lastError = Error::NONE;
 144:funsape/peripheral/int0.cpp ****     debugMessage(Error::NONE, Debug::CodeIndex::INT0_MODULE);
 145:funsape/peripheral/int0.cpp ****     return true;
 146:funsape/peripheral/int0.cpp **** }
 147:funsape/peripheral/int0.cpp **** 
 148:funsape/peripheral/int0.cpp **** bool_t Int0::setPinMode(const PinMode mode_p)
 149:funsape/peripheral/int0.cpp **** {
 150:funsape/peripheral/int0.cpp ****     // Mark passage for debugging purpose
 151:funsape/peripheral/int0.cpp ****     debugMark(PSTR("Int0::setPinMode(const PinMode)"), Debug::CodeIndex::INT0_MODULE);
 152:funsape/peripheral/int0.cpp **** 
 153:funsape/peripheral/int0.cpp ****     // Configure pin
 154:funsape/peripheral/int0.cpp ****     switch(mode_p) {
 155:funsape/peripheral/int0.cpp ****     case PinMode::INPUT_FLOATING:
 156:funsape/peripheral/int0.cpp ****         clrBit(MCU_INT0_GPIO_REG_DIR, MCU_INT0_GPIO_BIT_OFFSET);
 157:funsape/peripheral/int0.cpp ****         clrBit(MCU_INT0_GPIO_REG_OUT, MCU_INT0_GPIO_BIT_OFFSET);
 158:funsape/peripheral/int0.cpp ****         break;
 159:funsape/peripheral/int0.cpp ****     case PinMode::INPUT_PULLED_UP:
 160:funsape/peripheral/int0.cpp ****         clrBit(MCU_INT0_GPIO_REG_DIR, MCU_INT0_GPIO_BIT_OFFSET);
 161:funsape/peripheral/int0.cpp ****         setBit(MCU_INT0_GPIO_REG_OUT, MCU_INT0_GPIO_BIT_OFFSET);
 162:funsape/peripheral/int0.cpp ****         break;
 163:funsape/peripheral/int0.cpp ****     case PinMode::OUTPUT_PUSH_PULL:
 164:funsape/peripheral/int0.cpp ****         setBit(MCU_INT0_GPIO_REG_DIR, MCU_INT0_GPIO_BIT_OFFSET);
 165:funsape/peripheral/int0.cpp ****         break;
 166:funsape/peripheral/int0.cpp ****     }
 167:funsape/peripheral/int0.cpp **** 
 168:funsape/peripheral/int0.cpp ****     // Returns successfully
GAS LISTING /tmp/ccEC9cfy.s 			page 5


 169:funsape/peripheral/int0.cpp ****     this->_lastError = Error::NONE;
 170:funsape/peripheral/int0.cpp ****     debugMessage(Error::NONE, Debug::CodeIndex::INT0_MODULE);
 171:funsape/peripheral/int0.cpp ****     return true;
 172:funsape/peripheral/int0.cpp **** }
 173:funsape/peripheral/int0.cpp **** 
 174:funsape/peripheral/int0.cpp **** bool_t Int0::setSenseMode(const Int0::SenseMode senseMode_p)
 175:funsape/peripheral/int0.cpp **** {
 176:funsape/peripheral/int0.cpp ****     // Mark passage for debugging purpose
 177:funsape/peripheral/int0.cpp ****     debugMark(PSTR("Int0::setSenseMode(const Int0::SenseMode)"), Debug::CodeIndex::INT0_MODULE);
 178:funsape/peripheral/int0.cpp **** 
 179:funsape/peripheral/int0.cpp ****     // Local variables
 180:funsape/peripheral/int0.cpp ****     uint8_t auxEicra = MCU_INT0_CTRL_REG;
 181:funsape/peripheral/int0.cpp **** 
 182:funsape/peripheral/int0.cpp ****     // Configure mode
 183:funsape/peripheral/int0.cpp ****     clrMaskOffset(auxEicra, MCU_INT0_SENSE_BIT_MASK, MCU_INT0_SENSE_BIT_OFFSET);
 184:funsape/peripheral/int0.cpp ****     setMaskOffset(auxEicra, ((uint8_t)senseMode_p), MCU_INT0_SENSE_BIT_OFFSET);
 185:funsape/peripheral/int0.cpp **** 
 186:funsape/peripheral/int0.cpp ****     // Update registers
 187:funsape/peripheral/int0.cpp ****     MCU_INT0_CTRL_REG = auxEicra;
 188:funsape/peripheral/int0.cpp **** 
 189:funsape/peripheral/int0.cpp ****     // Update class members
 190:funsape/peripheral/int0.cpp ****     this->_senseMode        = senseMode_p;
 191:funsape/peripheral/int0.cpp **** 
 192:funsape/peripheral/int0.cpp ****     // Returns successfully
 193:funsape/peripheral/int0.cpp ****     this->_lastError = Error::NONE;
 194:funsape/peripheral/int0.cpp ****     debugMessage(Error::NONE, Debug::CodeIndex::INT0_MODULE);
 195:funsape/peripheral/int0.cpp ****     return true;
 196:funsape/peripheral/int0.cpp **** }
 197:funsape/peripheral/int0.cpp **** 
 198:funsape/peripheral/int0.cpp **** // =============================================================================
 199:funsape/peripheral/int0.cpp **** // Class own methods - Private
 200:funsape/peripheral/int0.cpp **** // =============================================================================
 201:funsape/peripheral/int0.cpp **** 
 202:funsape/peripheral/int0.cpp **** // NONE
 203:funsape/peripheral/int0.cpp **** 
 204:funsape/peripheral/int0.cpp **** // =============================================================================
 205:funsape/peripheral/int0.cpp **** // Class own methods - Protected
 206:funsape/peripheral/int0.cpp **** // =============================================================================
 207:funsape/peripheral/int0.cpp **** 
 208:funsape/peripheral/int0.cpp **** // NONE
 209:funsape/peripheral/int0.cpp **** 
 210:funsape/peripheral/int0.cpp **** // =============================================================================
 211:funsape/peripheral/int0.cpp **** // Static functions definitions
 212:funsape/peripheral/int0.cpp **** // =============================================================================
 213:funsape/peripheral/int0.cpp **** 
 214:funsape/peripheral/int0.cpp **** // NONE
 215:funsape/peripheral/int0.cpp **** 
 216:funsape/peripheral/int0.cpp **** // =============================================================================
 217:funsape/peripheral/int0.cpp **** // Interrupt callback functions
 218:funsape/peripheral/int0.cpp **** // =============================================================================
 219:funsape/peripheral/int0.cpp **** 
 220:funsape/peripheral/int0.cpp **** void weakened int0InterruptCallback(void)
 221:funsape/peripheral/int0.cpp **** {
 222:funsape/peripheral/int0.cpp ****     return;
 223:funsape/peripheral/int0.cpp **** }
 224:funsape/peripheral/int0.cpp **** 
 225:funsape/peripheral/int0.cpp **** // =============================================================================
GAS LISTING /tmp/ccEC9cfy.s 			page 6


 226:funsape/peripheral/int0.cpp **** // Interrupt handlers
 227:funsape/peripheral/int0.cpp **** // =============================================================================
 228:funsape/peripheral/int0.cpp **** 
 229:funsape/peripheral/int0.cpp **** //!
 230:funsape/peripheral/int0.cpp **** //! @cond
 231:funsape/peripheral/int0.cpp **** //!
 232:funsape/peripheral/int0.cpp **** 
 233:funsape/peripheral/int0.cpp **** ISR(INT0_vect)
 234:funsape/peripheral/int0.cpp **** {
 235:funsape/peripheral/int0.cpp ****     int0InterruptCallback();
 236:funsape/peripheral/int0.cpp **** }
  66               		.loc 1 236 0
  67               		.cfi_startproc
  68               	.LVL3:
  69               	/* prologue: function */
  70               	/* frame size = 0 */
  71               	/* stack size = 0 */
  72               	.L__stack_usage = 0
  73               		.loc 1 236 0
  74 0000 0197      		sbiw r24,1
  75 0002 01F0      		breq .L5
  76               	.LVL4:
  77               	.L3:
  78               	/* epilogue start */
  79 0004 0895      		ret
  80               	.LVL5:
  81               	.L5:
  82               		.loc 1 236 0 is_stmt 0 discriminator 1
  83 0006 6F3F      		cpi r22,-1
  84 0008 7F4F      		sbci r23,-1
  85               	.LVL6:
  86 000a 01F4      		brne .L3
  75:funsape/peripheral/int0.cpp **** 
  87               		.loc 1 75 0 is_stmt 1
  88 000c 80E0      		ldi r24,lo8(_ZN4Int09_instanceE)
  89 000e 90E0      		ldi r25,hi8(_ZN4Int09_instanceE)
  90 0010 0E94 0000 		call _ZN4Int0C1Ev
  91               	.LVL7:
  92               		.loc 1 236 0
  93 0014 00C0      		rjmp .L3
  94               		.cfi_endproc
  95               	.LFE81:
  97               		.section	.text._ZN4Int04initENS_9SenseModeE,"ax",@progbits
  98               	.global	_ZN4Int04initENS_9SenseModeE
 100               	_ZN4Int04initENS_9SenseModeE:
 101               	.LFB76:
 124:funsape/peripheral/int0.cpp ****     // Mark passage for debugging purpose
 102               		.loc 1 124 0
 103               		.cfi_startproc
 104               	.LVL8:
 105               	/* prologue: function */
 106               	/* frame size = 0 */
 107               	/* stack size = 0 */
 108               	.L__stack_usage = 0
 109 0000 FC01      		movw r30,r24
 129:funsape/peripheral/int0.cpp **** 
 110               		.loc 1 129 0
GAS LISTING /tmp/ccEC9cfy.s 			page 7


 111 0002 A9E6      		ldi r26,lo8(105)
 112 0004 B0E0      		ldi r27,0
 113 0006 9C91      		ld r25,X
 114               	.LVL9:
 132:funsape/peripheral/int0.cpp ****     setMaskOffset(auxEicra, ((uint8_t)senseMode_p), MCU_INT0_SENSE_BIT_OFFSET);
 115               		.loc 1 132 0
 116 0008 9C7F      		andi r25,lo8(-4)
 117               	.LVL10:
 133:funsape/peripheral/int0.cpp **** 
 118               		.loc 1 133 0
 119 000a 962B      		or r25,r22
 120               	.LVL11:
 136:funsape/peripheral/int0.cpp **** 
 121               		.loc 1 136 0
 122 000c 9C93      		st X,r25
 139:funsape/peripheral/int0.cpp ****     this->_isInitialized    = true;
 123               		.loc 1 139 0
 124 000e 6383      		std Z+3,r22
 140:funsape/peripheral/int0.cpp **** 
 125               		.loc 1 140 0
 126 0010 8081      		ld r24,Z
 127               	.LVL12:
 128 0012 8160      		ori r24,lo8(1<<0)
 129 0014 8083      		st Z,r24
 143:funsape/peripheral/int0.cpp ****     debugMessage(Error::NONE, Debug::CodeIndex::INT0_MODULE);
 130               		.loc 1 143 0
 131 0016 1282      		std Z+2,__zero_reg__
 132 0018 1182      		std Z+1,__zero_reg__
 133               	.LVL13:
 146:funsape/peripheral/int0.cpp **** 
 134               		.loc 1 146 0
 135 001a 81E0      		ldi r24,lo8(1)
 136               	/* epilogue start */
 137 001c 0895      		ret
 138               		.cfi_endproc
 139               	.LFE76:
 141               		.section	.text._ZN4Int010setPinModeE7PinMode,"ax",@progbits
 142               	.global	_ZN4Int010setPinModeE7PinMode
 144               	_ZN4Int010setPinModeE7PinMode:
 145               	.LFB77:
 149:funsape/peripheral/int0.cpp ****     // Mark passage for debugging purpose
 146               		.loc 1 149 0
 147               		.cfi_startproc
 148               	.LVL14:
 149               	/* prologue: function */
 150               	/* frame size = 0 */
 151               	/* stack size = 0 */
 152               	.L__stack_usage = 0
 154:funsape/peripheral/int0.cpp ****     case PinMode::INPUT_FLOATING:
 153               		.loc 1 154 0
 154 0000 6130      		cpi r22,lo8(1)
 155 0002 01F0      		breq .L9
 156 0004 00F0      		brlo .L10
 157 0006 6230      		cpi r22,lo8(2)
 158 0008 01F0      		breq .L11
 159               	.L8:
 169:funsape/peripheral/int0.cpp ****     debugMessage(Error::NONE, Debug::CodeIndex::INT0_MODULE);
GAS LISTING /tmp/ccEC9cfy.s 			page 8


 160               		.loc 1 169 0
 161 000a FC01      		movw r30,r24
 162 000c 1282      		std Z+2,__zero_reg__
 163 000e 1182      		std Z+1,__zero_reg__
 172:funsape/peripheral/int0.cpp **** 
 164               		.loc 1 172 0
 165 0010 81E0      		ldi r24,lo8(1)
 166               	.LVL15:
 167               	/* epilogue start */
 168 0012 0895      		ret
 169               	.LVL16:
 170               	.L10:
 156:funsape/peripheral/int0.cpp ****         clrBit(MCU_INT0_GPIO_REG_OUT, MCU_INT0_GPIO_BIT_OFFSET);
 171               		.loc 1 156 0
 172 0014 2AB1      		in r18,0xa
 173 0016 2B7F      		andi r18,lo8(-5)
 174 0018 2AB9      		out 0xa,r18
 157:funsape/peripheral/int0.cpp ****         break;
 175               		.loc 1 157 0
 176 001a 2BB1      		in r18,0xb
 177 001c 2B7F      		andi r18,lo8(-5)
 178 001e 2BB9      		out 0xb,r18
 158:funsape/peripheral/int0.cpp ****     case PinMode::INPUT_PULLED_UP:
 179               		.loc 1 158 0
 180 0020 00C0      		rjmp .L8
 181               	.L9:
 160:funsape/peripheral/int0.cpp ****         setBit(MCU_INT0_GPIO_REG_OUT, MCU_INT0_GPIO_BIT_OFFSET);
 182               		.loc 1 160 0
 183 0022 2AB1      		in r18,0xa
 184 0024 2B7F      		andi r18,lo8(-5)
 185 0026 2AB9      		out 0xa,r18
 161:funsape/peripheral/int0.cpp ****         break;
 186               		.loc 1 161 0
 187 0028 2BB1      		in r18,0xb
 188 002a 2460      		ori r18,lo8(4)
 189 002c 2BB9      		out 0xb,r18
 162:funsape/peripheral/int0.cpp ****     case PinMode::OUTPUT_PUSH_PULL:
 190               		.loc 1 162 0
 191 002e 00C0      		rjmp .L8
 192               	.L11:
 164:funsape/peripheral/int0.cpp ****         break;
 193               		.loc 1 164 0
 194 0030 2AB1      		in r18,0xa
 195 0032 2460      		ori r18,lo8(4)
 196 0034 2AB9      		out 0xa,r18
 165:funsape/peripheral/int0.cpp ****     }
 197               		.loc 1 165 0
 198 0036 00C0      		rjmp .L8
 199               		.cfi_endproc
 200               	.LFE77:
 202               		.section	.text._ZN4Int012setSenseModeENS_9SenseModeE,"ax",@progbits
 203               	.global	_ZN4Int012setSenseModeENS_9SenseModeE
 205               	_ZN4Int012setSenseModeENS_9SenseModeE:
 206               	.LFB78:
 175:funsape/peripheral/int0.cpp ****     // Mark passage for debugging purpose
 207               		.loc 1 175 0
 208               		.cfi_startproc
GAS LISTING /tmp/ccEC9cfy.s 			page 9


 209               	.LVL17:
 210               	/* prologue: function */
 211               	/* frame size = 0 */
 212               	/* stack size = 0 */
 213               	.L__stack_usage = 0
 214 0000 FC01      		movw r30,r24
 180:funsape/peripheral/int0.cpp **** 
 215               		.loc 1 180 0
 216 0002 A9E6      		ldi r26,lo8(105)
 217 0004 B0E0      		ldi r27,0
 218 0006 9C91      		ld r25,X
 219               	.LVL18:
 183:funsape/peripheral/int0.cpp ****     setMaskOffset(auxEicra, ((uint8_t)senseMode_p), MCU_INT0_SENSE_BIT_OFFSET);
 220               		.loc 1 183 0
 221 0008 9C7F      		andi r25,lo8(-4)
 222               	.LVL19:
 184:funsape/peripheral/int0.cpp **** 
 223               		.loc 1 184 0
 224 000a 962B      		or r25,r22
 225               	.LVL20:
 187:funsape/peripheral/int0.cpp **** 
 226               		.loc 1 187 0
 227 000c 9C93      		st X,r25
 190:funsape/peripheral/int0.cpp **** 
 228               		.loc 1 190 0
 229 000e 6383      		std Z+3,r22
 193:funsape/peripheral/int0.cpp ****     debugMessage(Error::NONE, Debug::CodeIndex::INT0_MODULE);
 230               		.loc 1 193 0
 231 0010 1282      		std Z+2,__zero_reg__
 232 0012 1182      		std Z+1,__zero_reg__
 233               	.LVL21:
 196:funsape/peripheral/int0.cpp **** 
 234               		.loc 1 196 0
 235 0014 81E0      		ldi r24,lo8(1)
 236               	.LVL22:
 237               	/* epilogue start */
 238 0016 0895      		ret
 239               		.cfi_endproc
 240               	.LFE78:
 242               		.section	.text._Z21int0InterruptCallbackv,"ax",@progbits
 243               		.weak	_Z21int0InterruptCallbackv
 245               	_Z21int0InterruptCallbackv:
 246               	.LFB79:
 221:funsape/peripheral/int0.cpp ****     return;
 247               		.loc 1 221 0
 248               		.cfi_startproc
 249               	/* prologue: function */
 250               	/* frame size = 0 */
 251               	/* stack size = 0 */
 252               	.L__stack_usage = 0
 253               	/* epilogue start */
 223:funsape/peripheral/int0.cpp **** 
 254               		.loc 1 223 0
 255 0000 0895      		ret
 256               		.cfi_endproc
 257               	.LFE79:
 259               		.section	.text.__vector_1,"ax",@progbits
GAS LISTING /tmp/ccEC9cfy.s 			page 10


 260               	.global	__vector_1
 262               	__vector_1:
 263               	.LFB80:
 234:funsape/peripheral/int0.cpp ****     int0InterruptCallback();
 264               		.loc 1 234 0
 265               		.cfi_startproc
 266 0000 1F92      		push r1
 267               	.LCFI0:
 268               		.cfi_def_cfa_offset 3
 269               		.cfi_offset 1, -2
 270 0002 0F92      		push r0
 271               	.LCFI1:
 272               		.cfi_def_cfa_offset 4
 273               		.cfi_offset 0, -3
 274 0004 0FB6      		in r0,__SREG__
 275 0006 0F92      		push r0
 276 0008 1124      		clr __zero_reg__
 277 000a 2F93      		push r18
 278               	.LCFI2:
 279               		.cfi_def_cfa_offset 5
 280               		.cfi_offset 18, -4
 281 000c 3F93      		push r19
 282               	.LCFI3:
 283               		.cfi_def_cfa_offset 6
 284               		.cfi_offset 19, -5
 285 000e 4F93      		push r20
 286               	.LCFI4:
 287               		.cfi_def_cfa_offset 7
 288               		.cfi_offset 20, -6
 289 0010 5F93      		push r21
 290               	.LCFI5:
 291               		.cfi_def_cfa_offset 8
 292               		.cfi_offset 21, -7
 293 0012 6F93      		push r22
 294               	.LCFI6:
 295               		.cfi_def_cfa_offset 9
 296               		.cfi_offset 22, -8
 297 0014 7F93      		push r23
 298               	.LCFI7:
 299               		.cfi_def_cfa_offset 10
 300               		.cfi_offset 23, -9
 301 0016 8F93      		push r24
 302               	.LCFI8:
 303               		.cfi_def_cfa_offset 11
 304               		.cfi_offset 24, -10
 305 0018 9F93      		push r25
 306               	.LCFI9:
 307               		.cfi_def_cfa_offset 12
 308               		.cfi_offset 25, -11
 309 001a AF93      		push r26
 310               	.LCFI10:
 311               		.cfi_def_cfa_offset 13
 312               		.cfi_offset 26, -12
 313 001c BF93      		push r27
 314               	.LCFI11:
 315               		.cfi_def_cfa_offset 14
 316               		.cfi_offset 27, -13
GAS LISTING /tmp/ccEC9cfy.s 			page 11


 317 001e EF93      		push r30
 318               	.LCFI12:
 319               		.cfi_def_cfa_offset 15
 320               		.cfi_offset 30, -14
 321 0020 FF93      		push r31
 322               	.LCFI13:
 323               		.cfi_def_cfa_offset 16
 324               		.cfi_offset 31, -15
 325               	/* prologue: Signal */
 326               	/* frame size = 0 */
 327               	/* stack size = 15 */
 328               	.L__stack_usage = 15
 235:funsape/peripheral/int0.cpp **** }
 329               		.loc 1 235 0
 330 0022 0E94 0000 		call _Z21int0InterruptCallbackv
 331               	.LVL23:
 332               	/* epilogue start */
 333               		.loc 1 236 0
 334 0026 FF91      		pop r31
 335 0028 EF91      		pop r30
 336 002a BF91      		pop r27
 337 002c AF91      		pop r26
 338 002e 9F91      		pop r25
 339 0030 8F91      		pop r24
 340 0032 7F91      		pop r23
 341 0034 6F91      		pop r22
 342 0036 5F91      		pop r21
 343 0038 4F91      		pop r20
 344 003a 3F91      		pop r19
 345 003c 2F91      		pop r18
 346 003e 0F90      		pop r0
 347 0040 0FBE      		out __SREG__,r0
 348 0042 0F90      		pop r0
 349 0044 1F90      		pop r1
 350 0046 1895      		reti
 351               		.cfi_endproc
 352               	.LFE80:
 354               		.section	.text._GLOBAL__sub_I__ZN4Int09_instanceE,"ax",@progbits
 356               	_GLOBAL__sub_I__ZN4Int09_instanceE:
 357               	.LFB82:
 358               		.loc 1 236 0
 359               		.cfi_startproc
 360               	/* prologue: function */
 361               	/* frame size = 0 */
 362               	/* stack size = 0 */
 363               	.L__stack_usage = 0
 364               		.loc 1 236 0
 365 0000 6FEF      		ldi r22,lo8(-1)
 366 0002 7FEF      		ldi r23,lo8(-1)
 367 0004 81E0      		ldi r24,lo8(1)
 368 0006 90E0      		ldi r25,0
 369 0008 0E94 0000 		call _Z41__static_initialization_and_destruction_0ii
 370               	.LVL24:
 371               	/* epilogue start */
 372 000c 0895      		ret
 373               		.cfi_endproc
 374               	.LFE82:
GAS LISTING /tmp/ccEC9cfy.s 			page 12


 376               		.global __do_global_ctors
 377               		.section .ctors,"a",@progbits
 378               		.p2align	1
 379 0000 0000      		.word	gs(_GLOBAL__sub_I__ZN4Int09_instanceE)
 380               		.section	.text._GLOBAL__sub_D__ZN4Int09_instanceE,"ax",@progbits
 382               	_GLOBAL__sub_D__ZN4Int09_instanceE:
 383               	.LFB83:
 384               		.loc 1 236 0
 385               		.cfi_startproc
 386               	/* prologue: function */
 387               	/* frame size = 0 */
 388               	/* stack size = 0 */
 389               	.L__stack_usage = 0
 390               		.loc 1 236 0
 391 0000 6FEF      		ldi r22,lo8(-1)
 392 0002 7FEF      		ldi r23,lo8(-1)
 393 0004 90E0      		ldi r25,0
 394 0006 80E0      		ldi r24,0
 395 0008 0E94 0000 		call _Z41__static_initialization_and_destruction_0ii
 396               	.LVL25:
 397               	/* epilogue start */
 398 000c 0895      		ret
 399               		.cfi_endproc
 400               	.LFE83:
 402               		.global __do_global_dtors
 403               		.section .dtors,"a",@progbits
 404               		.p2align	1
 405 0000 0000      		.word	gs(_GLOBAL__sub_D__ZN4Int09_instanceE)
 406               	.global	_ZN4Int09_instanceE
 407               		.section	.bss._ZN4Int09_instanceE,"aw",@nobits
 410               	_ZN4Int09_instanceE:
 411 0000 0000 0000 		.zero	4
 412               		.text
 413               	.Letext0:
 414               		.file 2 "/usr/lib/avr/include/stdint.h"
 415               		.file 3 "funsape/peripheral/../config/atmega328p.hpp"
 416               		.file 4 "/usr/lib/avr/include/stdio.h"
 417               		.file 5 "funsape/peripheral/../globalDefines.hpp"
 418               		.file 6 "funsape/peripheral/../util/debug.hpp"
 419               		.file 7 "funsape/peripheral/int0.hpp"
GAS LISTING /tmp/ccEC9cfy.s 			page 13


DEFINED SYMBOLS
                            *ABS*:0000000000000000 int0.cpp
     /tmp/ccEC9cfy.s:2      *ABS*:000000000000003e __SP_H__
     /tmp/ccEC9cfy.s:3      *ABS*:000000000000003d __SP_L__
     /tmp/ccEC9cfy.s:4      *ABS*:000000000000003f __SREG__
     /tmp/ccEC9cfy.s:5      *ABS*:0000000000000000 __tmp_reg__
     /tmp/ccEC9cfy.s:6      *ABS*:0000000000000001 __zero_reg__
     /tmp/ccEC9cfy.s:13     .text._ZN4Int0C2Ev:0000000000000000 _ZN4Int0C2Ev
     /tmp/ccEC9cfy.s:13     .text._ZN4Int0C2Ev:0000000000000000 _ZN4Int0C1Ev
     /tmp/ccEC9cfy.s:45     .text._ZN4Int0D2Ev:0000000000000000 _ZN4Int0D2Ev
     /tmp/ccEC9cfy.s:45     .text._ZN4Int0D2Ev:0000000000000000 _ZN4Int0D1Ev
     /tmp/ccEC9cfy.s:64     .text._Z41__static_initialization_and_destruction_0ii:0000000000000000 _Z41__static_initialization_and_destruction_0ii
     /tmp/ccEC9cfy.s:410    .bss._ZN4Int09_instanceE:0000000000000000 _ZN4Int09_instanceE
     /tmp/ccEC9cfy.s:100    .text._ZN4Int04initENS_9SenseModeE:0000000000000000 _ZN4Int04initENS_9SenseModeE
     /tmp/ccEC9cfy.s:144    .text._ZN4Int010setPinModeE7PinMode:0000000000000000 _ZN4Int010setPinModeE7PinMode
     /tmp/ccEC9cfy.s:205    .text._ZN4Int012setSenseModeENS_9SenseModeE:0000000000000000 _ZN4Int012setSenseModeENS_9SenseModeE
     /tmp/ccEC9cfy.s:245    .text._Z21int0InterruptCallbackv:0000000000000000 _Z21int0InterruptCallbackv
     /tmp/ccEC9cfy.s:262    .text.__vector_1:0000000000000000 __vector_1
     /tmp/ccEC9cfy.s:356    .text._GLOBAL__sub_I__ZN4Int09_instanceE:0000000000000000 _GLOBAL__sub_I__ZN4Int09_instanceE
     /tmp/ccEC9cfy.s:382    .text._GLOBAL__sub_D__ZN4Int09_instanceE:0000000000000000 _GLOBAL__sub_D__ZN4Int09_instanceE

UNDEFINED SYMBOLS
__do_global_ctors
__do_global_dtors
__do_clear_bss
