GAS LISTING /tmp/cca6iimn.s 			page 1


   1               		.file	"int1.cpp"
   2               	__SP_H__ = 0x3e
   3               	__SP_L__ = 0x3d
   4               	__SREG__ = 0x3f
   5               	__tmp_reg__ = 0
   6               	__zero_reg__ = 1
   7               		.text
   8               	.Ltext0:
   9               		.cfi_sections	.debug_frame
  10               		.section	.text._ZN4Int1C2Ev,"ax",@progbits
  11               	.global	_ZN4Int1C2Ev
  13               	_ZN4Int1C2Ev:
  14               	.LFB71:
  15               		.file 1 "funsape/peripheral/int1.cpp"
   1:funsape/peripheral/int1.cpp **** //!
   2:funsape/peripheral/int1.cpp **** //! ****************************************************************************
   3:funsape/peripheral/int1.cpp **** //! @file           int1.cpp
   4:funsape/peripheral/int1.cpp **** //! @author         Leandro Schwarz (bladabuska+funsapeavr8lib@gmail.com)
   5:funsape/peripheral/int1.cpp **** //! @brief          External Interrupt INT1 peripheral control.
   6:funsape/peripheral/int1.cpp **** //! @details        This file provides peripheral control for the INT1
   7:funsape/peripheral/int1.cpp **** //!                     peripheral control for the FunSAPE++ AVR8 Library.
   8:funsape/peripheral/int1.cpp **** //! @date           2026-04-01
   9:funsape/peripheral/int1.cpp **** //! @version        26.04
  10:funsape/peripheral/int1.cpp **** //! @copyright      MIT License
  11:funsape/peripheral/int1.cpp **** //! @note           No notes at this time.
  12:funsape/peripheral/int1.cpp **** //! @todo           No items in todo list yet.
  13:funsape/peripheral/int1.cpp **** //! @bug            No bugs detected yet.
  14:funsape/peripheral/int1.cpp **** //! ****************************************************************************
  15:funsape/peripheral/int1.cpp **** //! @attention
  16:funsape/peripheral/int1.cpp **** //!
  17:funsape/peripheral/int1.cpp **** //! MIT License
  18:funsape/peripheral/int1.cpp **** //!
  19:funsape/peripheral/int1.cpp **** //! Copyright (c) 2026 Leandro Schwarz
  20:funsape/peripheral/int1.cpp **** //!
  21:funsape/peripheral/int1.cpp **** //! Permission is hereby granted, free of charge, to any person obtaining a copy
  22:funsape/peripheral/int1.cpp **** //!     of this software and associated documentation files (the "Software"), to
  23:funsape/peripheral/int1.cpp **** //!     deal in the Software without restriction, including without limitation
  24:funsape/peripheral/int1.cpp **** //!     the rights to use, copy, modify, merge, publish, distribute, sublicense,
  25:funsape/peripheral/int1.cpp **** //!     and/or sell copies of the Software, and to permit persons to whom the
  26:funsape/peripheral/int1.cpp **** //!     Software is furnished to do so, subject to the following conditions:
  27:funsape/peripheral/int1.cpp **** //!
  28:funsape/peripheral/int1.cpp **** //! The above copyright notice and this permission notice shall be included in
  29:funsape/peripheral/int1.cpp **** //!     all copies or substantial portions of the Software.
  30:funsape/peripheral/int1.cpp **** //!
  31:funsape/peripheral/int1.cpp **** //! THE SOFTWARE IS PROVIDED "AS IS", WITHOUT WARRANTY OF ANY KIND, EXPRESS OR
  32:funsape/peripheral/int1.cpp **** //!     IMPLIED, INCLUDING BUT NOT LIMITED TO THE WARRANTIES OF MERCHANTABILITY,
  33:funsape/peripheral/int1.cpp **** //!     FITNESS FOR A PARTICULAR PURPOSE AND NONINFRINGEMENT. IN NO EVENT SHALL
  34:funsape/peripheral/int1.cpp **** //!     THE AUTHORS OR COPYRIGHT HOLDERS BE LIABLE FOR ANY CLAIM, DAMAGES OR
  35:funsape/peripheral/int1.cpp **** //!     OTHER LIABILITY, WHETHER IN AN ACTION OF CONTRACT, TORT OR OTHERWISE,
  36:funsape/peripheral/int1.cpp **** //!     ARISING FROM, OUT OF OR IN CONNECTION WITH THE SOFTWARE OR THE USE OR
  37:funsape/peripheral/int1.cpp **** //!     OTHER DEALINGS IN THE SOFTWARE.
  38:funsape/peripheral/int1.cpp **** //!
  39:funsape/peripheral/int1.cpp **** //! ****************************************************************************
  40:funsape/peripheral/int1.cpp **** //!
  41:funsape/peripheral/int1.cpp **** 
  42:funsape/peripheral/int1.cpp **** // =============================================================================
  43:funsape/peripheral/int1.cpp **** // System file dependencies
GAS LISTING /tmp/cca6iimn.s 			page 2


  44:funsape/peripheral/int1.cpp **** // =============================================================================
  45:funsape/peripheral/int1.cpp **** 
  46:funsape/peripheral/int1.cpp **** #include "int1.hpp"
  47:funsape/peripheral/int1.cpp **** #if !defined(__INT1_HPP)
  48:funsape/peripheral/int1.cpp **** #    error Error 1 - Header file (int1.hpp) is missing or corrupted!
  49:funsape/peripheral/int1.cpp **** #elif __INT1_HPP != 2604
  50:funsape/peripheral/int1.cpp **** #    error Error 6 - Build mismatch between header file (int1.hpp) and source file (int1.cpp)!
  51:funsape/peripheral/int1.cpp **** #endif
  52:funsape/peripheral/int1.cpp **** 
  53:funsape/peripheral/int1.cpp **** // =============================================================================
  54:funsape/peripheral/int1.cpp **** // File exclusive - Constants
  55:funsape/peripheral/int1.cpp **** // =============================================================================
  56:funsape/peripheral/int1.cpp **** 
  57:funsape/peripheral/int1.cpp **** // NONE
  58:funsape/peripheral/int1.cpp **** 
  59:funsape/peripheral/int1.cpp **** // =============================================================================
  60:funsape/peripheral/int1.cpp **** // File exclusive - New data types
  61:funsape/peripheral/int1.cpp **** // =============================================================================
  62:funsape/peripheral/int1.cpp **** 
  63:funsape/peripheral/int1.cpp **** // NONE
  64:funsape/peripheral/int1.cpp **** 
  65:funsape/peripheral/int1.cpp **** // =============================================================================
  66:funsape/peripheral/int1.cpp **** // File exclusive - Macro-functions
  67:funsape/peripheral/int1.cpp **** // =============================================================================
  68:funsape/peripheral/int1.cpp **** 
  69:funsape/peripheral/int1.cpp **** // NONE
  70:funsape/peripheral/int1.cpp **** 
  71:funsape/peripheral/int1.cpp **** // =============================================================================
  72:funsape/peripheral/int1.cpp **** // Global variables
  73:funsape/peripheral/int1.cpp **** // =============================================================================
  74:funsape/peripheral/int1.cpp **** 
  75:funsape/peripheral/int1.cpp **** Int1 Int1::_instance;
  76:funsape/peripheral/int1.cpp **** 
  77:funsape/peripheral/int1.cpp **** // =============================================================================
  78:funsape/peripheral/int1.cpp **** // Static functions declarations
  79:funsape/peripheral/int1.cpp **** // =============================================================================
  80:funsape/peripheral/int1.cpp **** 
  81:funsape/peripheral/int1.cpp **** // NONE
  82:funsape/peripheral/int1.cpp **** 
  83:funsape/peripheral/int1.cpp **** // =============================================================================
  84:funsape/peripheral/int1.cpp **** // Public function definitions
  85:funsape/peripheral/int1.cpp **** // =============================================================================
  86:funsape/peripheral/int1.cpp **** 
  87:funsape/peripheral/int1.cpp **** // NONE
  88:funsape/peripheral/int1.cpp **** 
  89:funsape/peripheral/int1.cpp **** // =============================================================================
  90:funsape/peripheral/int1.cpp **** // Class constructors
  91:funsape/peripheral/int1.cpp **** // =============================================================================
  92:funsape/peripheral/int1.cpp **** 
  93:funsape/peripheral/int1.cpp **** Int1::Int1() :
  16               		.loc 1 93 0
  17               		.cfi_startproc
  18               	.LVL0:
  19               	/* prologue: function */
  20               	/* frame size = 0 */
  21               	/* stack size = 0 */
  22               	.L__stack_usage = 0
GAS LISTING /tmp/cca6iimn.s 			page 3


  23 0000 FC01      		movw r30,r24
  24               	.LBB2:
  94:funsape/peripheral/int1.cpp ****     _isInitialized(false),
  95:funsape/peripheral/int1.cpp ****     _lastError(Error::NONE),
  96:funsape/peripheral/int1.cpp ****     _senseMode(Int1::SenseMode::LOW_LEVEL)
  25               		.loc 1 96 0
  26 0002 8081      		ld r24,Z
  27               	.LVL1:
  28 0004 8E7F      		andi r24,lo8(~(1<<0))
  29 0006 8083      		st Z,r24
  30 0008 1282      		std Z+2,__zero_reg__
  31 000a 1182      		std Z+1,__zero_reg__
  32 000c 1382      		std Z+3,__zero_reg__
  33               	/* epilogue start */
  34               	.LBE2:
  97:funsape/peripheral/int1.cpp **** {
  98:funsape/peripheral/int1.cpp ****     // Mark passage for debugging purpose
  99:funsape/peripheral/int1.cpp ****     debugMark(PSTR("Int1::Int1(void)"), Debug::CodeIndex::INT1_MODULE);
 100:funsape/peripheral/int1.cpp **** 
 101:funsape/peripheral/int1.cpp ****     // Returns successfully
 102:funsape/peripheral/int1.cpp ****     this->_lastError = Error::NONE;
 103:funsape/peripheral/int1.cpp ****     debugMessage(Error::NONE, Debug::CodeIndex::INT1_MODULE);
 104:funsape/peripheral/int1.cpp ****     return;
 105:funsape/peripheral/int1.cpp **** }
  35               		.loc 1 105 0
  36 000e 0895      		ret
  37               		.cfi_endproc
  38               	.LFE71:
  40               	.global	_ZN4Int1C1Ev
  41               		.set	_ZN4Int1C1Ev,_ZN4Int1C2Ev
  42               		.section	.text._ZN4Int1D2Ev,"ax",@progbits
  43               	.global	_ZN4Int1D2Ev
  45               	_ZN4Int1D2Ev:
  46               	.LFB74:
 106:funsape/peripheral/int1.cpp **** 
 107:funsape/peripheral/int1.cpp **** Int1::~Int1()
  47               		.loc 1 107 0
  48               		.cfi_startproc
  49               	.LVL2:
  50               	/* prologue: function */
  51               	/* frame size = 0 */
  52               	/* stack size = 0 */
  53               	.L__stack_usage = 0
  54               	/* epilogue start */
 108:funsape/peripheral/int1.cpp **** {
 109:funsape/peripheral/int1.cpp ****     // Mark passage for debugging purpose
 110:funsape/peripheral/int1.cpp ****     debugMark(PSTR("Int1::~Int1(void)"), Debug::CodeIndex::INT1_MODULE);
 111:funsape/peripheral/int1.cpp **** 
 112:funsape/peripheral/int1.cpp ****     // Returns successfully
 113:funsape/peripheral/int1.cpp ****     debugMessage(Error::NONE, Debug::CodeIndex::INT1_MODULE);
 114:funsape/peripheral/int1.cpp ****     return;
 115:funsape/peripheral/int1.cpp **** }
  55               		.loc 1 115 0
  56 0000 0895      		ret
  57               		.cfi_endproc
  58               	.LFE74:
  60               	.global	_ZN4Int1D1Ev
GAS LISTING /tmp/cca6iimn.s 			page 4


  61               		.set	_ZN4Int1D1Ev,_ZN4Int1D2Ev
  62               		.section	.text._Z41__static_initialization_and_destruction_0ii,"ax",@progbits
  64               	_Z41__static_initialization_and_destruction_0ii:
  65               	.LFB81:
 116:funsape/peripheral/int1.cpp **** 
 117:funsape/peripheral/int1.cpp **** // =============================================================================
 118:funsape/peripheral/int1.cpp **** // Class own methods - Public
 119:funsape/peripheral/int1.cpp **** // =============================================================================
 120:funsape/peripheral/int1.cpp **** 
 121:funsape/peripheral/int1.cpp **** //     ///////////////////     CONTROL AND STATUS     ///////////////////     //
 122:funsape/peripheral/int1.cpp **** 
 123:funsape/peripheral/int1.cpp **** bool_t Int1::init(const Int1::SenseMode senseMode_p)
 124:funsape/peripheral/int1.cpp **** {
 125:funsape/peripheral/int1.cpp ****     // Mark passage for debugging purpose
 126:funsape/peripheral/int1.cpp ****     debugMark(PSTR("Int1::init(const Int1::SenseMode)"), Debug::CodeIndex::INT1_MODULE);
 127:funsape/peripheral/int1.cpp **** 
 128:funsape/peripheral/int1.cpp ****     // Local variables
 129:funsape/peripheral/int1.cpp ****     uint8_t auxEicra = MCU_INT1_CTRL_REG;
 130:funsape/peripheral/int1.cpp **** 
 131:funsape/peripheral/int1.cpp ****     // Configure mode
 132:funsape/peripheral/int1.cpp ****     clrMaskOffset(auxEicra, MCU_INT1_SENSE_BIT_MASK, MCU_INT1_SENSE_BIT_OFFSET);
 133:funsape/peripheral/int1.cpp ****     setMaskOffset(auxEicra, ((uint8_t)senseMode_p), MCU_INT1_SENSE_BIT_OFFSET);
 134:funsape/peripheral/int1.cpp **** 
 135:funsape/peripheral/int1.cpp ****     // Update registers
 136:funsape/peripheral/int1.cpp ****     MCU_INT1_CTRL_REG = auxEicra;
 137:funsape/peripheral/int1.cpp **** 
 138:funsape/peripheral/int1.cpp ****     // Update class members
 139:funsape/peripheral/int1.cpp ****     this->_senseMode        = senseMode_p;
 140:funsape/peripheral/int1.cpp ****     this->_isInitialized    = true;
 141:funsape/peripheral/int1.cpp **** 
 142:funsape/peripheral/int1.cpp ****     // Returns successfully
 143:funsape/peripheral/int1.cpp ****     this->_lastError = Error::NONE;
 144:funsape/peripheral/int1.cpp ****     debugMessage(Error::NONE, Debug::CodeIndex::INT1_MODULE);
 145:funsape/peripheral/int1.cpp ****     return true;
 146:funsape/peripheral/int1.cpp **** }
 147:funsape/peripheral/int1.cpp **** 
 148:funsape/peripheral/int1.cpp **** bool_t Int1::setPinMode(const PinMode mode_p)
 149:funsape/peripheral/int1.cpp **** {
 150:funsape/peripheral/int1.cpp ****     // Mark passage for debugging purpose
 151:funsape/peripheral/int1.cpp ****     debugMark(PSTR("Int1::setPinMode(const PinMode)"), Debug::CodeIndex::INT1_MODULE);
 152:funsape/peripheral/int1.cpp **** 
 153:funsape/peripheral/int1.cpp ****     // Configure pin
 154:funsape/peripheral/int1.cpp ****     switch(mode_p) {
 155:funsape/peripheral/int1.cpp ****     case PinMode::INPUT_FLOATING:
 156:funsape/peripheral/int1.cpp ****         clrBit(MCU_INT1_GPIO_REG_DIR, MCU_INT1_GPIO_BIT_OFFSET);
 157:funsape/peripheral/int1.cpp ****         clrBit(MCU_INT1_GPIO_REG_OUT, MCU_INT1_GPIO_BIT_OFFSET);
 158:funsape/peripheral/int1.cpp ****         break;
 159:funsape/peripheral/int1.cpp ****     case PinMode::INPUT_PULLED_UP:
 160:funsape/peripheral/int1.cpp ****         clrBit(MCU_INT1_GPIO_REG_DIR, MCU_INT1_GPIO_BIT_OFFSET);
 161:funsape/peripheral/int1.cpp ****         setBit(MCU_INT1_GPIO_REG_OUT, MCU_INT1_GPIO_BIT_OFFSET);
 162:funsape/peripheral/int1.cpp ****         break;
 163:funsape/peripheral/int1.cpp ****     case PinMode::OUTPUT_PUSH_PULL:
 164:funsape/peripheral/int1.cpp ****         setBit(MCU_INT1_GPIO_REG_DIR, MCU_INT1_GPIO_BIT_OFFSET);
 165:funsape/peripheral/int1.cpp ****         break;
 166:funsape/peripheral/int1.cpp ****     }
 167:funsape/peripheral/int1.cpp **** 
 168:funsape/peripheral/int1.cpp ****     // Returns successfully
GAS LISTING /tmp/cca6iimn.s 			page 5


 169:funsape/peripheral/int1.cpp ****     this->_lastError = Error::NONE;
 170:funsape/peripheral/int1.cpp ****     debugMessage(Error::NONE, Debug::CodeIndex::INT1_MODULE);
 171:funsape/peripheral/int1.cpp ****     return true;
 172:funsape/peripheral/int1.cpp **** }
 173:funsape/peripheral/int1.cpp **** 
 174:funsape/peripheral/int1.cpp **** bool_t Int1::setSenseMode(const Int1::SenseMode senseMode_p)
 175:funsape/peripheral/int1.cpp **** {
 176:funsape/peripheral/int1.cpp ****     // Mark passage for debugging purpose
 177:funsape/peripheral/int1.cpp ****     debugMark(PSTR("Int1::setSenseMode(const Int1::SenseMode)"), Debug::CodeIndex::INT1_MODULE);
 178:funsape/peripheral/int1.cpp **** 
 179:funsape/peripheral/int1.cpp ****     // Local variables
 180:funsape/peripheral/int1.cpp ****     uint8_t auxEicra = MCU_INT1_CTRL_REG;
 181:funsape/peripheral/int1.cpp **** 
 182:funsape/peripheral/int1.cpp ****     // Configure mode
 183:funsape/peripheral/int1.cpp ****     clrMaskOffset(auxEicra, MCU_INT1_SENSE_BIT_MASK, MCU_INT1_SENSE_BIT_OFFSET);
 184:funsape/peripheral/int1.cpp ****     setMaskOffset(auxEicra, ((uint8_t)senseMode_p), MCU_INT1_SENSE_BIT_OFFSET);
 185:funsape/peripheral/int1.cpp **** 
 186:funsape/peripheral/int1.cpp ****     // Update registers
 187:funsape/peripheral/int1.cpp ****     MCU_INT1_CTRL_REG = auxEicra;
 188:funsape/peripheral/int1.cpp **** 
 189:funsape/peripheral/int1.cpp ****     // Update class members
 190:funsape/peripheral/int1.cpp ****     this->_senseMode        = senseMode_p;
 191:funsape/peripheral/int1.cpp **** 
 192:funsape/peripheral/int1.cpp ****     // Returns successfully
 193:funsape/peripheral/int1.cpp ****     this->_lastError = Error::NONE;
 194:funsape/peripheral/int1.cpp ****     debugMessage(Error::NONE, Debug::CodeIndex::INT1_MODULE);
 195:funsape/peripheral/int1.cpp ****     return true;
 196:funsape/peripheral/int1.cpp **** }
 197:funsape/peripheral/int1.cpp **** 
 198:funsape/peripheral/int1.cpp **** // =============================================================================
 199:funsape/peripheral/int1.cpp **** // Class own methods - Private
 200:funsape/peripheral/int1.cpp **** // =============================================================================
 201:funsape/peripheral/int1.cpp **** 
 202:funsape/peripheral/int1.cpp **** // NONE
 203:funsape/peripheral/int1.cpp **** 
 204:funsape/peripheral/int1.cpp **** // =============================================================================
 205:funsape/peripheral/int1.cpp **** // Class own methods - Protected
 206:funsape/peripheral/int1.cpp **** // =============================================================================
 207:funsape/peripheral/int1.cpp **** 
 208:funsape/peripheral/int1.cpp **** // NONE
 209:funsape/peripheral/int1.cpp **** 
 210:funsape/peripheral/int1.cpp **** // =============================================================================
 211:funsape/peripheral/int1.cpp **** // Static functions definitions
 212:funsape/peripheral/int1.cpp **** // =============================================================================
 213:funsape/peripheral/int1.cpp **** 
 214:funsape/peripheral/int1.cpp **** // NONE
 215:funsape/peripheral/int1.cpp **** 
 216:funsape/peripheral/int1.cpp **** // =============================================================================
 217:funsape/peripheral/int1.cpp **** // Interrupt callback functions
 218:funsape/peripheral/int1.cpp **** // =============================================================================
 219:funsape/peripheral/int1.cpp **** 
 220:funsape/peripheral/int1.cpp **** void weakened int1InterruptCallback(void)
 221:funsape/peripheral/int1.cpp **** {
 222:funsape/peripheral/int1.cpp ****     return;
 223:funsape/peripheral/int1.cpp **** }
 224:funsape/peripheral/int1.cpp **** 
 225:funsape/peripheral/int1.cpp **** // =============================================================================
GAS LISTING /tmp/cca6iimn.s 			page 6


 226:funsape/peripheral/int1.cpp **** // Interrupt handlers
 227:funsape/peripheral/int1.cpp **** // =============================================================================
 228:funsape/peripheral/int1.cpp **** 
 229:funsape/peripheral/int1.cpp **** //!
 230:funsape/peripheral/int1.cpp **** //! @cond
 231:funsape/peripheral/int1.cpp **** //!
 232:funsape/peripheral/int1.cpp **** 
 233:funsape/peripheral/int1.cpp **** ISR(INT1_vect)
 234:funsape/peripheral/int1.cpp **** {
 235:funsape/peripheral/int1.cpp ****     int1InterruptCallback();
 236:funsape/peripheral/int1.cpp **** }
  66               		.loc 1 236 0
  67               		.cfi_startproc
  68               	.LVL3:
  69               	/* prologue: function */
  70               	/* frame size = 0 */
  71               	/* stack size = 0 */
  72               	.L__stack_usage = 0
  73               		.loc 1 236 0
  74 0000 0197      		sbiw r24,1
  75 0002 01F0      		breq .L5
  76               	.LVL4:
  77               	.L3:
  78               	/* epilogue start */
  79 0004 0895      		ret
  80               	.LVL5:
  81               	.L5:
  82               		.loc 1 236 0 is_stmt 0 discriminator 1
  83 0006 6F3F      		cpi r22,-1
  84 0008 7F4F      		sbci r23,-1
  85               	.LVL6:
  86 000a 01F4      		brne .L3
  75:funsape/peripheral/int1.cpp **** 
  87               		.loc 1 75 0 is_stmt 1
  88 000c 80E0      		ldi r24,lo8(_ZN4Int19_instanceE)
  89 000e 90E0      		ldi r25,hi8(_ZN4Int19_instanceE)
  90 0010 0E94 0000 		call _ZN4Int1C1Ev
  91               	.LVL7:
  92               		.loc 1 236 0
  93 0014 00C0      		rjmp .L3
  94               		.cfi_endproc
  95               	.LFE81:
  97               		.section	.text._ZN4Int14initENS_9SenseModeE,"ax",@progbits
  98               	.global	_ZN4Int14initENS_9SenseModeE
 100               	_ZN4Int14initENS_9SenseModeE:
 101               	.LFB76:
 124:funsape/peripheral/int1.cpp ****     // Mark passage for debugging purpose
 102               		.loc 1 124 0
 103               		.cfi_startproc
 104               	.LVL8:
 105               	/* prologue: function */
 106               	/* frame size = 0 */
 107               	/* stack size = 0 */
 108               	.L__stack_usage = 0
 109 0000 FC01      		movw r30,r24
 129:funsape/peripheral/int1.cpp **** 
 110               		.loc 1 129 0
GAS LISTING /tmp/cca6iimn.s 			page 7


 111 0002 A9E6      		ldi r26,lo8(105)
 112 0004 B0E0      		ldi r27,0
 113 0006 9C91      		ld r25,X
 114               	.LVL9:
 132:funsape/peripheral/int1.cpp ****     setMaskOffset(auxEicra, ((uint8_t)senseMode_p), MCU_INT1_SENSE_BIT_OFFSET);
 115               		.loc 1 132 0
 116 0008 937F      		andi r25,lo8(-13)
 117               	.LVL10:
 133:funsape/peripheral/int1.cpp **** 
 118               		.loc 1 133 0
 119 000a 262F      		mov r18,r22
 120 000c 30E0      		ldi r19,0
 121 000e 220F      		lsl r18
 122 0010 331F      		rol r19
 123 0012 220F      		lsl r18
 124 0014 331F      		rol r19
 125 0016 922B      		or r25,r18
 126               	.LVL11:
 136:funsape/peripheral/int1.cpp **** 
 127               		.loc 1 136 0
 128 0018 9C93      		st X,r25
 139:funsape/peripheral/int1.cpp ****     this->_isInitialized    = true;
 129               		.loc 1 139 0
 130 001a 6383      		std Z+3,r22
 140:funsape/peripheral/int1.cpp **** 
 131               		.loc 1 140 0
 132 001c 8081      		ld r24,Z
 133               	.LVL12:
 134 001e 8160      		ori r24,lo8(1<<0)
 135 0020 8083      		st Z,r24
 143:funsape/peripheral/int1.cpp ****     debugMessage(Error::NONE, Debug::CodeIndex::INT1_MODULE);
 136               		.loc 1 143 0
 137 0022 1282      		std Z+2,__zero_reg__
 138 0024 1182      		std Z+1,__zero_reg__
 139               	.LVL13:
 146:funsape/peripheral/int1.cpp **** 
 140               		.loc 1 146 0
 141 0026 81E0      		ldi r24,lo8(1)
 142               	/* epilogue start */
 143 0028 0895      		ret
 144               		.cfi_endproc
 145               	.LFE76:
 147               		.section	.text._ZN4Int110setPinModeE7PinMode,"ax",@progbits
 148               	.global	_ZN4Int110setPinModeE7PinMode
 150               	_ZN4Int110setPinModeE7PinMode:
 151               	.LFB77:
 149:funsape/peripheral/int1.cpp ****     // Mark passage for debugging purpose
 152               		.loc 1 149 0
 153               		.cfi_startproc
 154               	.LVL14:
 155               	/* prologue: function */
 156               	/* frame size = 0 */
 157               	/* stack size = 0 */
 158               	.L__stack_usage = 0
 154:funsape/peripheral/int1.cpp ****     case PinMode::INPUT_FLOATING:
 159               		.loc 1 154 0
 160 0000 6130      		cpi r22,lo8(1)
GAS LISTING /tmp/cca6iimn.s 			page 8


 161 0002 01F0      		breq .L9
 162 0004 00F0      		brlo .L10
 163 0006 6230      		cpi r22,lo8(2)
 164 0008 01F0      		breq .L11
 165               	.L8:
 169:funsape/peripheral/int1.cpp ****     debugMessage(Error::NONE, Debug::CodeIndex::INT1_MODULE);
 166               		.loc 1 169 0
 167 000a FC01      		movw r30,r24
 168 000c 1282      		std Z+2,__zero_reg__
 169 000e 1182      		std Z+1,__zero_reg__
 172:funsape/peripheral/int1.cpp **** 
 170               		.loc 1 172 0
 171 0010 81E0      		ldi r24,lo8(1)
 172               	.LVL15:
 173               	/* epilogue start */
 174 0012 0895      		ret
 175               	.LVL16:
 176               	.L10:
 156:funsape/peripheral/int1.cpp ****         clrBit(MCU_INT1_GPIO_REG_OUT, MCU_INT1_GPIO_BIT_OFFSET);
 177               		.loc 1 156 0
 178 0014 2AB1      		in r18,0xa
 179 0016 277F      		andi r18,lo8(-9)
 180 0018 2AB9      		out 0xa,r18
 157:funsape/peripheral/int1.cpp ****         break;
 181               		.loc 1 157 0
 182 001a 2BB1      		in r18,0xb
 183 001c 277F      		andi r18,lo8(-9)
 184 001e 2BB9      		out 0xb,r18
 158:funsape/peripheral/int1.cpp ****     case PinMode::INPUT_PULLED_UP:
 185               		.loc 1 158 0
 186 0020 00C0      		rjmp .L8
 187               	.L9:
 160:funsape/peripheral/int1.cpp ****         setBit(MCU_INT1_GPIO_REG_OUT, MCU_INT1_GPIO_BIT_OFFSET);
 188               		.loc 1 160 0
 189 0022 2AB1      		in r18,0xa
 190 0024 277F      		andi r18,lo8(-9)
 191 0026 2AB9      		out 0xa,r18
 161:funsape/peripheral/int1.cpp ****         break;
 192               		.loc 1 161 0
 193 0028 2BB1      		in r18,0xb
 194 002a 2860      		ori r18,lo8(8)
 195 002c 2BB9      		out 0xb,r18
 162:funsape/peripheral/int1.cpp ****     case PinMode::OUTPUT_PUSH_PULL:
 196               		.loc 1 162 0
 197 002e 00C0      		rjmp .L8
 198               	.L11:
 164:funsape/peripheral/int1.cpp ****         break;
 199               		.loc 1 164 0
 200 0030 2AB1      		in r18,0xa
 201 0032 2860      		ori r18,lo8(8)
 202 0034 2AB9      		out 0xa,r18
 165:funsape/peripheral/int1.cpp ****     }
 203               		.loc 1 165 0
 204 0036 00C0      		rjmp .L8
 205               		.cfi_endproc
 206               	.LFE77:
 208               		.section	.text._ZN4Int112setSenseModeENS_9SenseModeE,"ax",@progbits
GAS LISTING /tmp/cca6iimn.s 			page 9


 209               	.global	_ZN4Int112setSenseModeENS_9SenseModeE
 211               	_ZN4Int112setSenseModeENS_9SenseModeE:
 212               	.LFB78:
 175:funsape/peripheral/int1.cpp ****     // Mark passage for debugging purpose
 213               		.loc 1 175 0
 214               		.cfi_startproc
 215               	.LVL17:
 216               	/* prologue: function */
 217               	/* frame size = 0 */
 218               	/* stack size = 0 */
 219               	.L__stack_usage = 0
 220 0000 FC01      		movw r30,r24
 180:funsape/peripheral/int1.cpp **** 
 221               		.loc 1 180 0
 222 0002 A9E6      		ldi r26,lo8(105)
 223 0004 B0E0      		ldi r27,0
 224 0006 9C91      		ld r25,X
 225               	.LVL18:
 183:funsape/peripheral/int1.cpp ****     setMaskOffset(auxEicra, ((uint8_t)senseMode_p), MCU_INT1_SENSE_BIT_OFFSET);
 226               		.loc 1 183 0
 227 0008 937F      		andi r25,lo8(-13)
 228               	.LVL19:
 184:funsape/peripheral/int1.cpp **** 
 229               		.loc 1 184 0
 230 000a 262F      		mov r18,r22
 231 000c 30E0      		ldi r19,0
 232 000e 220F      		lsl r18
 233 0010 331F      		rol r19
 234 0012 220F      		lsl r18
 235 0014 331F      		rol r19
 236 0016 922B      		or r25,r18
 237               	.LVL20:
 187:funsape/peripheral/int1.cpp **** 
 238               		.loc 1 187 0
 239 0018 9C93      		st X,r25
 190:funsape/peripheral/int1.cpp **** 
 240               		.loc 1 190 0
 241 001a 6383      		std Z+3,r22
 193:funsape/peripheral/int1.cpp ****     debugMessage(Error::NONE, Debug::CodeIndex::INT1_MODULE);
 242               		.loc 1 193 0
 243 001c 1282      		std Z+2,__zero_reg__
 244 001e 1182      		std Z+1,__zero_reg__
 245               	.LVL21:
 196:funsape/peripheral/int1.cpp **** 
 246               		.loc 1 196 0
 247 0020 81E0      		ldi r24,lo8(1)
 248               	.LVL22:
 249               	/* epilogue start */
 250 0022 0895      		ret
 251               		.cfi_endproc
 252               	.LFE78:
 254               		.section	.text._Z21int1InterruptCallbackv,"ax",@progbits
 255               		.weak	_Z21int1InterruptCallbackv
 257               	_Z21int1InterruptCallbackv:
 258               	.LFB79:
 221:funsape/peripheral/int1.cpp ****     return;
 259               		.loc 1 221 0
GAS LISTING /tmp/cca6iimn.s 			page 10


 260               		.cfi_startproc
 261               	/* prologue: function */
 262               	/* frame size = 0 */
 263               	/* stack size = 0 */
 264               	.L__stack_usage = 0
 265               	/* epilogue start */
 223:funsape/peripheral/int1.cpp **** 
 266               		.loc 1 223 0
 267 0000 0895      		ret
 268               		.cfi_endproc
 269               	.LFE79:
 271               		.section	.text.__vector_2,"ax",@progbits
 272               	.global	__vector_2
 274               	__vector_2:
 275               	.LFB80:
 234:funsape/peripheral/int1.cpp ****     int1InterruptCallback();
 276               		.loc 1 234 0
 277               		.cfi_startproc
 278 0000 1F92      		push r1
 279               	.LCFI0:
 280               		.cfi_def_cfa_offset 3
 281               		.cfi_offset 1, -2
 282 0002 0F92      		push r0
 283               	.LCFI1:
 284               		.cfi_def_cfa_offset 4
 285               		.cfi_offset 0, -3
 286 0004 0FB6      		in r0,__SREG__
 287 0006 0F92      		push r0
 288 0008 1124      		clr __zero_reg__
 289 000a 2F93      		push r18
 290               	.LCFI2:
 291               		.cfi_def_cfa_offset 5
 292               		.cfi_offset 18, -4
 293 000c 3F93      		push r19
 294               	.LCFI3:
 295               		.cfi_def_cfa_offset 6
 296               		.cfi_offset 19, -5
 297 000e 4F93      		push r20
 298               	.LCFI4:
 299               		.cfi_def_cfa_offset 7
 300               		.cfi_offset 20, -6
 301 0010 5F93      		push r21
 302               	.LCFI5:
 303               		.cfi_def_cfa_offset 8
 304               		.cfi_offset 21, -7
 305 0012 6F93      		push r22
 306               	.LCFI6:
 307               		.cfi_def_cfa_offset 9
 308               		.cfi_offset 22, -8
 309 0014 7F93      		push r23
 310               	.LCFI7:
 311               		.cfi_def_cfa_offset 10
 312               		.cfi_offset 23, -9
 313 0016 8F93      		push r24
 314               	.LCFI8:
 315               		.cfi_def_cfa_offset 11
 316               		.cfi_offset 24, -10
GAS LISTING /tmp/cca6iimn.s 			page 11


 317 0018 9F93      		push r25
 318               	.LCFI9:
 319               		.cfi_def_cfa_offset 12
 320               		.cfi_offset 25, -11
 321 001a AF93      		push r26
 322               	.LCFI10:
 323               		.cfi_def_cfa_offset 13
 324               		.cfi_offset 26, -12
 325 001c BF93      		push r27
 326               	.LCFI11:
 327               		.cfi_def_cfa_offset 14
 328               		.cfi_offset 27, -13
 329 001e EF93      		push r30
 330               	.LCFI12:
 331               		.cfi_def_cfa_offset 15
 332               		.cfi_offset 30, -14
 333 0020 FF93      		push r31
 334               	.LCFI13:
 335               		.cfi_def_cfa_offset 16
 336               		.cfi_offset 31, -15
 337               	/* prologue: Signal */
 338               	/* frame size = 0 */
 339               	/* stack size = 15 */
 340               	.L__stack_usage = 15
 235:funsape/peripheral/int1.cpp **** }
 341               		.loc 1 235 0
 342 0022 0E94 0000 		call _Z21int1InterruptCallbackv
 343               	.LVL23:
 344               	/* epilogue start */
 345               		.loc 1 236 0
 346 0026 FF91      		pop r31
 347 0028 EF91      		pop r30
 348 002a BF91      		pop r27
 349 002c AF91      		pop r26
 350 002e 9F91      		pop r25
 351 0030 8F91      		pop r24
 352 0032 7F91      		pop r23
 353 0034 6F91      		pop r22
 354 0036 5F91      		pop r21
 355 0038 4F91      		pop r20
 356 003a 3F91      		pop r19
 357 003c 2F91      		pop r18
 358 003e 0F90      		pop r0
 359 0040 0FBE      		out __SREG__,r0
 360 0042 0F90      		pop r0
 361 0044 1F90      		pop r1
 362 0046 1895      		reti
 363               		.cfi_endproc
 364               	.LFE80:
 366               		.section	.text._GLOBAL__sub_I__ZN4Int19_instanceE,"ax",@progbits
 368               	_GLOBAL__sub_I__ZN4Int19_instanceE:
 369               	.LFB82:
 370               		.loc 1 236 0
 371               		.cfi_startproc
 372               	/* prologue: function */
 373               	/* frame size = 0 */
 374               	/* stack size = 0 */
GAS LISTING /tmp/cca6iimn.s 			page 12


 375               	.L__stack_usage = 0
 376               		.loc 1 236 0
 377 0000 6FEF      		ldi r22,lo8(-1)
 378 0002 7FEF      		ldi r23,lo8(-1)
 379 0004 81E0      		ldi r24,lo8(1)
 380 0006 90E0      		ldi r25,0
 381 0008 0E94 0000 		call _Z41__static_initialization_and_destruction_0ii
 382               	.LVL24:
 383               	/* epilogue start */
 384 000c 0895      		ret
 385               		.cfi_endproc
 386               	.LFE82:
 388               		.global __do_global_ctors
 389               		.section .ctors,"a",@progbits
 390               		.p2align	1
 391 0000 0000      		.word	gs(_GLOBAL__sub_I__ZN4Int19_instanceE)
 392               		.section	.text._GLOBAL__sub_D__ZN4Int19_instanceE,"ax",@progbits
 394               	_GLOBAL__sub_D__ZN4Int19_instanceE:
 395               	.LFB83:
 396               		.loc 1 236 0
 397               		.cfi_startproc
 398               	/* prologue: function */
 399               	/* frame size = 0 */
 400               	/* stack size = 0 */
 401               	.L__stack_usage = 0
 402               		.loc 1 236 0
 403 0000 6FEF      		ldi r22,lo8(-1)
 404 0002 7FEF      		ldi r23,lo8(-1)
 405 0004 90E0      		ldi r25,0
 406 0006 80E0      		ldi r24,0
 407 0008 0E94 0000 		call _Z41__static_initialization_and_destruction_0ii
 408               	.LVL25:
 409               	/* epilogue start */
 410 000c 0895      		ret
 411               		.cfi_endproc
 412               	.LFE83:
 414               		.global __do_global_dtors
 415               		.section .dtors,"a",@progbits
 416               		.p2align	1
 417 0000 0000      		.word	gs(_GLOBAL__sub_D__ZN4Int19_instanceE)
 418               	.global	_ZN4Int19_instanceE
 419               		.section	.bss._ZN4Int19_instanceE,"aw",@nobits
 422               	_ZN4Int19_instanceE:
 423 0000 0000 0000 		.zero	4
 424               		.text
 425               	.Letext0:
 426               		.file 2 "/usr/lib/avr/include/stdint.h"
 427               		.file 3 "funsape/peripheral/../config/atmega328p.hpp"
 428               		.file 4 "/usr/lib/avr/include/stdio.h"
 429               		.file 5 "funsape/peripheral/../globalDefines.hpp"
 430               		.file 6 "funsape/peripheral/../util/debug.hpp"
 431               		.file 7 "funsape/peripheral/int1.hpp"
GAS LISTING /tmp/cca6iimn.s 			page 13


DEFINED SYMBOLS
                            *ABS*:0000000000000000 int1.cpp
     /tmp/cca6iimn.s:2      *ABS*:000000000000003e __SP_H__
     /tmp/cca6iimn.s:3      *ABS*:000000000000003d __SP_L__
     /tmp/cca6iimn.s:4      *ABS*:000000000000003f __SREG__
     /tmp/cca6iimn.s:5      *ABS*:0000000000000000 __tmp_reg__
     /tmp/cca6iimn.s:6      *ABS*:0000000000000001 __zero_reg__
     /tmp/cca6iimn.s:13     .text._ZN4Int1C2Ev:0000000000000000 _ZN4Int1C2Ev
     /tmp/cca6iimn.s:13     .text._ZN4Int1C2Ev:0000000000000000 _ZN4Int1C1Ev
     /tmp/cca6iimn.s:45     .text._ZN4Int1D2Ev:0000000000000000 _ZN4Int1D2Ev
     /tmp/cca6iimn.s:45     .text._ZN4Int1D2Ev:0000000000000000 _ZN4Int1D1Ev
     /tmp/cca6iimn.s:64     .text._Z41__static_initialization_and_destruction_0ii:0000000000000000 _Z41__static_initialization_and_destruction_0ii
     /tmp/cca6iimn.s:422    .bss._ZN4Int19_instanceE:0000000000000000 _ZN4Int19_instanceE
     /tmp/cca6iimn.s:100    .text._ZN4Int14initENS_9SenseModeE:0000000000000000 _ZN4Int14initENS_9SenseModeE
     /tmp/cca6iimn.s:150    .text._ZN4Int110setPinModeE7PinMode:0000000000000000 _ZN4Int110setPinModeE7PinMode
     /tmp/cca6iimn.s:211    .text._ZN4Int112setSenseModeENS_9SenseModeE:0000000000000000 _ZN4Int112setSenseModeENS_9SenseModeE
     /tmp/cca6iimn.s:257    .text._Z21int1InterruptCallbackv:0000000000000000 _Z21int1InterruptCallbackv
     /tmp/cca6iimn.s:274    .text.__vector_2:0000000000000000 __vector_2
     /tmp/cca6iimn.s:368    .text._GLOBAL__sub_I__ZN4Int19_instanceE:0000000000000000 _GLOBAL__sub_I__ZN4Int19_instanceE
     /tmp/cca6iimn.s:394    .text._GLOBAL__sub_D__ZN4Int19_instanceE:0000000000000000 _GLOBAL__sub_D__ZN4Int19_instanceE

UNDEFINED SYMBOLS
__do_global_ctors
__do_global_dtors
__do_clear_bss
