GAS LISTING /tmp/ccwkkWj7.s 			page 1


   1               		.file	"main.cpp"
   2               	__SP_H__ = 0x3e
   3               	__SP_L__ = 0x3d
   4               	__SREG__ = 0x3f
   5               	__tmp_reg__ = 0
   6               	__zero_reg__ = 1
   7               		.text
   8               	.Ltext0:
   9               		.cfi_sections	.debug_frame
  10               		.section	.text._Z9showDigitPKh,"ax",@progbits
  11               	.global	_Z9showDigitPKh
  13               	_Z9showDigitPKh:
  14               	.LFB7:
  15               		.file 1 "main.cpp"
   1:main.cpp      **** // =============================================================================
   2:main.cpp      **** // Project:         FunSAPE test project
   3:main.cpp      **** // File:            buttonSevenSegmentsMux.cpp
   4:main.cpp      **** // Author:          Leandro Schwarz
   5:main.cpp      **** // Created:         2026-04-03
   6:main.cpp      **** // Modified:        2024-04-03
   7:main.cpp      **** // Version:         1.0
   8:main.cpp      **** // Notes:           This project is used to test the FunSAPE AVR Library
   9:main.cpp      **** //                      features.
  10:main.cpp      **** // =============================================================================
  11:main.cpp      **** 
  12:main.cpp      **** // =============================================================================
  13:main.cpp      **** // Precompiler constant defintions
  14:main.cpp      **** // =============================================================================
  15:main.cpp      **** 
  16:main.cpp      **** #define F_CPU 16000000UL
  17:main.cpp      **** 
  18:main.cpp      **** #include <avr/io.h>
  19:main.cpp      **** #include <util/delay.h>
  20:main.cpp      **** #include <stdint.h>
  21:main.cpp      **** 
  22:main.cpp      **** 
  23:main.cpp      **** #define DISPLAY_SEGMENTS_DIR            DDRD
  24:main.cpp      **** #define DISPLAY_SEGMENTS_OUT            PORTD
  25:main.cpp      **** #define DISPLAY_CONTROL_DIR             DDRB
  26:main.cpp      **** #define DISPLAY_CONTROL_OUT             PORTB
  27:main.cpp      **** #define DISPLAY_CONTROL_FIRST           PB0
  28:main.cpp      **** 
  29:main.cpp      **** 
  30:main.cpp      **** // =============================================================================
  31:main.cpp      **** // Dependencies
  32:main.cpp      **** // =============================================================================
  33:main.cpp      **** 
  34:main.cpp      **** 
  35:main.cpp      **** // =============================================================================
  36:main.cpp      **** // Constant definitions
  37:main.cpp      **** // =============================================================================
  38:main.cpp      **** 
  39:main.cpp      **** // NONE
  40:main.cpp      **** 
  41:main.cpp      **** // =============================================================================
  42:main.cpp      **** // New data types
  43:main.cpp      **** // =============================================================================
GAS LISTING /tmp/ccwkkWj7.s 			page 2


  44:main.cpp      **** 
  45:main.cpp      **** // NONE
  46:main.cpp      **** 
  47:main.cpp      **** // =============================================================================
  48:main.cpp      **** // Static function declarations
  49:main.cpp      **** // =============================================================================
  50:main.cpp      **** 
  51:main.cpp      **** void showDigit(const uint8_t *value_p);
  52:main.cpp      **** 
  53:main.cpp      **** // =============================================================================
  54:main.cpp      **** // Global variables
  55:main.cpp      **** // =============================================================================
  56:main.cpp      **** 
  57:main.cpp      **** 
  58:main.cpp      **** // =============================================================================
  59:main.cpp      **** // Main function
  60:main.cpp      **** // =============================================================================
  61:main.cpp      **** 
  62:main.cpp      **** int main()
  63:main.cpp      **** {
  64:main.cpp      ****     uint8_t digitValue[4] = {0b10011001, 0b10110000, 0b10100100, 0b11111001};
  65:main.cpp      **** 
  66:main.cpp      **** 
  67:main.cpp      ****     DISPLAY_SEGMENTS_DIR = 0xFF;
  68:main.cpp      ****     DISPLAY_CONTROL_OUT |= (0x0F << DISPLAY_CONTROL_FIRST);
  69:main.cpp      ****     DISPLAY_CONTROL_DIR |= (0x0F << DISPLAY_CONTROL_FIRST);
  70:main.cpp      **** 
  71:main.cpp      ****     // -------------------------------------------------------------------------
  72:main.cpp      ****     // Local variables
  73:main.cpp      ****     // -------------------------------------------------------------------------
  74:main.cpp      **** 
  75:main.cpp      **** 
  76:main.cpp      ****     // -------------------------------------------------------------------------
  77:main.cpp      ****     // Enables global interrupt handling
  78:main.cpp      ****     // -------------------------------------------------------------------------
  79:main.cpp      **** 
  80:main.cpp      **** 
  81:main.cpp      ****     // -------------------------------------------------------------------------
  82:main.cpp      ****     // Main loop
  83:main.cpp      ****     // -------------------------------------------------------------------------
  84:main.cpp      **** 
  85:main.cpp      ****     while(1) {
  86:main.cpp      **** 
  87:main.cpp      ****         showDigit(digitValue);
  88:main.cpp      ****         _delay_ms(10
  89:main.cpp      ****         );
  90:main.cpp      **** 
  91:main.cpp      ****         // ---------------------------------------------------------------------
  92:main.cpp      ****         // Reads buttons
  93:main.cpp      ****         // ---------------------------------------------------------------------
  94:main.cpp      **** 
  95:main.cpp      ****     }
  96:main.cpp      **** 
  97:main.cpp      ****     return 0;
  98:main.cpp      **** }
  99:main.cpp      **** 
 100:main.cpp      **** // =============================================================================
GAS LISTING /tmp/ccwkkWj7.s 			page 3


 101:main.cpp      **** // Static function definitions
 102:main.cpp      **** // =============================================================================
 103:main.cpp      **** 
 104:main.cpp      **** void showDigit(const uint8_t *value_p)
 105:main.cpp      **** {
  16               		.loc 1 105 0
  17               		.cfi_startproc
  18               	.LVL0:
  19               	/* prologue: function */
  20               	/* frame size = 0 */
  21               	/* stack size = 0 */
  22               	.L__stack_usage = 0
 106:main.cpp      ****     static uint8_t index_p = 0;
 107:main.cpp      **** 
 108:main.cpp      ****     DISPLAY_CONTROL_OUT |= (0x0F << DISPLAY_CONTROL_FIRST);
  23               		.loc 1 108 0
  24 0000 25B1      		in r18,0x5
  25 0002 2F60      		ori r18,lo8(15)
  26 0004 25B9      		out 0x5,r18
 109:main.cpp      ****     DISPLAY_SEGMENTS_OUT = value_p[index_p];
  27               		.loc 1 109 0
  28 0006 2091 0000 		lds r18,_ZZ9showDigitPKhE7index_p
  29 000a 820F      		add r24,r18
  30 000c 911D      		adc r25,__zero_reg__
  31               	.LVL1:
  32 000e FC01      		movw r30,r24
  33 0010 8081      		ld r24,Z
  34 0012 8BB9      		out 0xb,r24
 110:main.cpp      ****     DISPLAY_CONTROL_OUT &= ~(1 << (index_p + DISPLAY_CONTROL_FIRST));
  35               		.loc 1 110 0
  36 0014 25B1      		in r18,0x5
  37 0016 3091 0000 		lds r19,_ZZ9showDigitPKhE7index_p
  38 001a 81E0      		ldi r24,lo8(1)
  39 001c 90E0      		ldi r25,0
  40 001e 00C0      		rjmp 2f
  41               		1:
  42 0020 880F      		lsl r24
  43 0022 991F      		rol r25
  44               		2:
  45 0024 3A95      		dec r19
  46 0026 02F4      		brpl 1b
  47 0028 8095      		com r24
  48 002a 8223      		and r24,r18
  49 002c 85B9      		out 0x5,r24
 111:main.cpp      ****     index_p = (index_p == 3) ? 0 : (index_p + 1);
  50               		.loc 1 111 0
  51 002e 8091 0000 		lds r24,_ZZ9showDigitPKhE7index_p
  52 0032 8330      		cpi r24,lo8(3)
  53 0034 01F0      		breq .L3
  54               		.loc 1 111 0 is_stmt 0 discriminator 1
  55 0036 8F5F      		subi r24,lo8(-(1))
  56               	.L2:
  57               		.loc 1 111 0 discriminator 4
  58 0038 8093 0000 		sts _ZZ9showDigitPKhE7index_p,r24
  59               	/* epilogue start */
 112:main.cpp      **** }
  60               		.loc 1 112 0 is_stmt 1 discriminator 4
GAS LISTING /tmp/ccwkkWj7.s 			page 4


  61 003c 0895      		ret
  62               	.L3:
 111:main.cpp      ****     index_p = (index_p == 3) ? 0 : (index_p + 1);
  63               		.loc 1 111 0
  64 003e 80E0      		ldi r24,0
  65 0040 00C0      		rjmp .L2
  66               		.cfi_endproc
  67               	.LFE7:
  69               		.section	.text.main,"ax",@progbits
  70               	.global	main
  72               	main:
  73               	.LFB6:
  63:main.cpp      ****     uint8_t digitValue[4] = {0b10011001, 0b10110000, 0b10100100, 0b11111001};
  74               		.loc 1 63 0
  75               		.cfi_startproc
  76 0000 CF93      		push r28
  77               	.LCFI0:
  78               		.cfi_def_cfa_offset 3
  79               		.cfi_offset 28, -2
  80 0002 DF93      		push r29
  81               	.LCFI1:
  82               		.cfi_def_cfa_offset 4
  83               		.cfi_offset 29, -3
  84 0004 00D0      		rcall .
  85 0006 00D0      		rcall .
  86               	.LCFI2:
  87               		.cfi_def_cfa_offset 8
  88 0008 CDB7      		in r28,__SP_L__
  89 000a DEB7      		in r29,__SP_H__
  90               	.LCFI3:
  91               		.cfi_def_cfa_register 28
  92               	/* prologue: function */
  93               	/* frame size = 4 */
  94               	/* stack size = 6 */
  95               	.L__stack_usage = 6
  64:main.cpp      **** 
  96               		.loc 1 64 0
  97 000c 89E9      		ldi r24,lo8(-103)
  98 000e 8983      		std Y+1,r24
  99 0010 80EB      		ldi r24,lo8(-80)
 100 0012 8A83      		std Y+2,r24
 101 0014 84EA      		ldi r24,lo8(-92)
 102 0016 8B83      		std Y+3,r24
 103 0018 89EF      		ldi r24,lo8(-7)
 104 001a 8C83      		std Y+4,r24
  67:main.cpp      ****     DISPLAY_CONTROL_OUT |= (0x0F << DISPLAY_CONTROL_FIRST);
 105               		.loc 1 67 0
 106 001c 8FEF      		ldi r24,lo8(-1)
 107 001e 8AB9      		out 0xa,r24
  68:main.cpp      ****     DISPLAY_CONTROL_DIR |= (0x0F << DISPLAY_CONTROL_FIRST);
 108               		.loc 1 68 0
 109 0020 85B1      		in r24,0x5
 110 0022 8F60      		ori r24,lo8(15)
 111 0024 85B9      		out 0x5,r24
  69:main.cpp      **** 
 112               		.loc 1 69 0
 113 0026 84B1      		in r24,0x4
GAS LISTING /tmp/ccwkkWj7.s 			page 5


 114 0028 8F60      		ori r24,lo8(15)
 115 002a 84B9      		out 0x4,r24
 116               	.L5:
  87:main.cpp      ****         _delay_ms(10
 117               		.loc 1 87 0 discriminator 1
 118 002c CE01      		movw r24,r28
 119 002e 0196      		adiw r24,1
 120 0030 0E94 0000 		call _Z9showDigitPKh
 121               	.LVL2:
 122               	.LBB4:
 123               	.LBB5:
 124               		.file 2 "/usr/lib/avr/include/util/delay.h"
   1:/usr/lib/avr/include/util/delay.h **** /* Copyright (c) 2002, Marek Michalkiewicz
   2:/usr/lib/avr/include/util/delay.h ****    Copyright (c) 2004,2005,2007 Joerg Wunsch
   3:/usr/lib/avr/include/util/delay.h ****    Copyright (c) 2007  Florin-Viorel Petrov
   4:/usr/lib/avr/include/util/delay.h ****    All rights reserved.
   5:/usr/lib/avr/include/util/delay.h **** 
   6:/usr/lib/avr/include/util/delay.h ****    Redistribution and use in source and binary forms, with or without
   7:/usr/lib/avr/include/util/delay.h ****    modification, are permitted provided that the following conditions are met:
   8:/usr/lib/avr/include/util/delay.h **** 
   9:/usr/lib/avr/include/util/delay.h ****    * Redistributions of source code must retain the above copyright
  10:/usr/lib/avr/include/util/delay.h ****      notice, this list of conditions and the following disclaimer.
  11:/usr/lib/avr/include/util/delay.h **** 
  12:/usr/lib/avr/include/util/delay.h ****    * Redistributions in binary form must reproduce the above copyright
  13:/usr/lib/avr/include/util/delay.h ****      notice, this list of conditions and the following disclaimer in
  14:/usr/lib/avr/include/util/delay.h ****      the documentation and/or other materials provided with the
  15:/usr/lib/avr/include/util/delay.h ****      distribution.
  16:/usr/lib/avr/include/util/delay.h **** 
  17:/usr/lib/avr/include/util/delay.h ****    * Neither the name of the copyright holders nor the names of
  18:/usr/lib/avr/include/util/delay.h ****      contributors may be used to endorse or promote products derived
  19:/usr/lib/avr/include/util/delay.h ****      from this software without specific prior written permission.
  20:/usr/lib/avr/include/util/delay.h **** 
  21:/usr/lib/avr/include/util/delay.h ****   THIS SOFTWARE IS PROVIDED BY THE COPYRIGHT HOLDERS AND CONTRIBUTORS "AS IS"
  22:/usr/lib/avr/include/util/delay.h ****   AND ANY EXPRESS OR IMPLIED WARRANTIES, INCLUDING, BUT NOT LIMITED TO, THE
  23:/usr/lib/avr/include/util/delay.h ****   IMPLIED WARRANTIES OF MERCHANTABILITY AND FITNESS FOR A PARTICULAR PURPOSE
  24:/usr/lib/avr/include/util/delay.h ****   ARE DISCLAIMED. IN NO EVENT SHALL THE COPYRIGHT OWNER OR CONTRIBUTORS BE
  25:/usr/lib/avr/include/util/delay.h ****   LIABLE FOR ANY DIRECT, INDIRECT, INCIDENTAL, SPECIAL, EXEMPLARY, OR
  26:/usr/lib/avr/include/util/delay.h ****   CONSEQUENTIAL DAMAGES (INCLUDING, BUT NOT LIMITED TO, PROCUREMENT OF
  27:/usr/lib/avr/include/util/delay.h ****   SUBSTITUTE GOODS OR SERVICES; LOSS OF USE, DATA, OR PROFITS; OR BUSINESS
  28:/usr/lib/avr/include/util/delay.h ****   INTERRUPTION) HOWEVER CAUSED AND ON ANY THEORY OF LIABILITY, WHETHER IN
  29:/usr/lib/avr/include/util/delay.h ****   CONTRACT, STRICT LIABILITY, OR TORT (INCLUDING NEGLIGENCE OR OTHERWISE)
  30:/usr/lib/avr/include/util/delay.h ****   ARISING IN ANY WAY OUT OF THE USE OF THIS SOFTWARE, EVEN IF ADVISED OF THE
  31:/usr/lib/avr/include/util/delay.h ****   POSSIBILITY OF SUCH DAMAGE. */
  32:/usr/lib/avr/include/util/delay.h **** 
  33:/usr/lib/avr/include/util/delay.h **** /* $Id$ */
  34:/usr/lib/avr/include/util/delay.h **** 
  35:/usr/lib/avr/include/util/delay.h **** #ifndef _UTIL_DELAY_H_
  36:/usr/lib/avr/include/util/delay.h **** #define _UTIL_DELAY_H_ 1
  37:/usr/lib/avr/include/util/delay.h **** 
  38:/usr/lib/avr/include/util/delay.h **** #ifndef __DOXYGEN__
  39:/usr/lib/avr/include/util/delay.h **** #  ifndef __HAS_DELAY_CYCLES
  40:/usr/lib/avr/include/util/delay.h **** #    define __HAS_DELAY_CYCLES 1
  41:/usr/lib/avr/include/util/delay.h **** #  endif
  42:/usr/lib/avr/include/util/delay.h **** #endif  /* __DOXYGEN__ */
  43:/usr/lib/avr/include/util/delay.h **** 
  44:/usr/lib/avr/include/util/delay.h **** #include <inttypes.h>
  45:/usr/lib/avr/include/util/delay.h **** #include <util/delay_basic.h>
GAS LISTING /tmp/ccwkkWj7.s 			page 6


  46:/usr/lib/avr/include/util/delay.h **** #include <math.h>
  47:/usr/lib/avr/include/util/delay.h **** 
  48:/usr/lib/avr/include/util/delay.h **** /** \file */
  49:/usr/lib/avr/include/util/delay.h **** /** \defgroup util_delay <util/delay.h>: Convenience functions for busy-wait delay loops
  50:/usr/lib/avr/include/util/delay.h ****     \code
  51:/usr/lib/avr/include/util/delay.h ****     #define F_CPU 1000000UL  // 1 MHz
  52:/usr/lib/avr/include/util/delay.h ****     //#define F_CPU 14.7456E6
  53:/usr/lib/avr/include/util/delay.h ****     #include <util/delay.h>
  54:/usr/lib/avr/include/util/delay.h ****     \endcode
  55:/usr/lib/avr/include/util/delay.h **** 
  56:/usr/lib/avr/include/util/delay.h ****     \note As an alternative method, it is possible to pass the
  57:/usr/lib/avr/include/util/delay.h ****     F_CPU macro down to the compiler from the Makefile.
  58:/usr/lib/avr/include/util/delay.h ****     Obviously, in that case, no \c \#define statement should be
  59:/usr/lib/avr/include/util/delay.h ****     used.
  60:/usr/lib/avr/include/util/delay.h **** 
  61:/usr/lib/avr/include/util/delay.h ****     The functions in this header file are wrappers around the basic
  62:/usr/lib/avr/include/util/delay.h ****     busy-wait functions from <util/delay_basic.h>.  They are meant as
  63:/usr/lib/avr/include/util/delay.h ****     convenience functions where actual time values can be specified
  64:/usr/lib/avr/include/util/delay.h ****     rather than a number of cycles to wait for.  The idea behind is
  65:/usr/lib/avr/include/util/delay.h ****     that compile-time constant expressions will be eliminated by
  66:/usr/lib/avr/include/util/delay.h ****     compiler optimization so floating-point expressions can be used
  67:/usr/lib/avr/include/util/delay.h ****     to calculate the number of delay cycles needed based on the CPU
  68:/usr/lib/avr/include/util/delay.h ****     frequency passed by the macro F_CPU.
  69:/usr/lib/avr/include/util/delay.h **** 
  70:/usr/lib/avr/include/util/delay.h ****     \note In order for these functions to work as intended, compiler
  71:/usr/lib/avr/include/util/delay.h ****     optimizations <em>must</em> be enabled, and the delay time
  72:/usr/lib/avr/include/util/delay.h ****     <em>must</em> be an expression that is a known constant at
  73:/usr/lib/avr/include/util/delay.h ****     compile-time.  If these requirements are not met, the resulting
  74:/usr/lib/avr/include/util/delay.h ****     delay will be much longer (and basically unpredictable), and
  75:/usr/lib/avr/include/util/delay.h ****     applications that otherwise do not use floating-point calculations
  76:/usr/lib/avr/include/util/delay.h ****     will experience severe code bloat by the floating-point library
  77:/usr/lib/avr/include/util/delay.h ****     routines linked into the application.
  78:/usr/lib/avr/include/util/delay.h **** 
  79:/usr/lib/avr/include/util/delay.h ****     The functions available allow the specification of microsecond, and
  80:/usr/lib/avr/include/util/delay.h ****     millisecond delays directly, using the application-supplied macro
  81:/usr/lib/avr/include/util/delay.h ****     F_CPU as the CPU clock frequency (in Hertz).
  82:/usr/lib/avr/include/util/delay.h **** 
  83:/usr/lib/avr/include/util/delay.h **** */
  84:/usr/lib/avr/include/util/delay.h **** 
  85:/usr/lib/avr/include/util/delay.h **** #if !defined(__DOXYGEN__)
  86:/usr/lib/avr/include/util/delay.h **** static __inline__ void _delay_us(double __us) __attribute__((__always_inline__));
  87:/usr/lib/avr/include/util/delay.h **** static __inline__ void _delay_ms(double __ms) __attribute__((__always_inline__));
  88:/usr/lib/avr/include/util/delay.h **** #endif
  89:/usr/lib/avr/include/util/delay.h **** 
  90:/usr/lib/avr/include/util/delay.h **** #ifndef F_CPU
  91:/usr/lib/avr/include/util/delay.h **** /* prevent compiler error by supplying a default */
  92:/usr/lib/avr/include/util/delay.h **** # warning "F_CPU not defined for <util/delay.h>"
  93:/usr/lib/avr/include/util/delay.h **** /** \ingroup util_delay
  94:/usr/lib/avr/include/util/delay.h ****     \def F_CPU
  95:/usr/lib/avr/include/util/delay.h ****     \brief CPU frequency in Hz
  96:/usr/lib/avr/include/util/delay.h **** 
  97:/usr/lib/avr/include/util/delay.h ****     The macro F_CPU specifies the CPU frequency to be considered by
  98:/usr/lib/avr/include/util/delay.h ****     the delay macros.  This macro is normally supplied by the
  99:/usr/lib/avr/include/util/delay.h ****     environment (e.g. from within a project header, or the project's
 100:/usr/lib/avr/include/util/delay.h ****     Makefile).  The value 1 MHz here is only provided as a "vanilla"
 101:/usr/lib/avr/include/util/delay.h ****     fallback if no such user-provided definition could be found.
 102:/usr/lib/avr/include/util/delay.h **** 
GAS LISTING /tmp/ccwkkWj7.s 			page 7


 103:/usr/lib/avr/include/util/delay.h ****     In terms of the delay functions, the CPU frequency can be given as
 104:/usr/lib/avr/include/util/delay.h ****     a floating-point constant (e.g. 3.6864E6 for 3.6864 MHz).
 105:/usr/lib/avr/include/util/delay.h ****     However, the macros in <util/setbaud.h> require it to be an
 106:/usr/lib/avr/include/util/delay.h ****     integer value.
 107:/usr/lib/avr/include/util/delay.h ****  */
 108:/usr/lib/avr/include/util/delay.h **** # define F_CPU 1000000UL
 109:/usr/lib/avr/include/util/delay.h **** #endif
 110:/usr/lib/avr/include/util/delay.h **** 
 111:/usr/lib/avr/include/util/delay.h **** #ifndef __OPTIMIZE__
 112:/usr/lib/avr/include/util/delay.h **** # warning "Compiler optimizations disabled; functions from <util/delay.h> won't work as designed"
 113:/usr/lib/avr/include/util/delay.h **** #endif
 114:/usr/lib/avr/include/util/delay.h **** 
 115:/usr/lib/avr/include/util/delay.h **** #if __HAS_DELAY_CYCLES && defined(__OPTIMIZE__) && \
 116:/usr/lib/avr/include/util/delay.h ****   !defined(__DELAY_BACKWARD_COMPATIBLE__) &&	   \
 117:/usr/lib/avr/include/util/delay.h ****   __STDC_HOSTED__
 118:/usr/lib/avr/include/util/delay.h **** #  include <math.h>
 119:/usr/lib/avr/include/util/delay.h **** #endif
 120:/usr/lib/avr/include/util/delay.h **** 
 121:/usr/lib/avr/include/util/delay.h **** /**
 122:/usr/lib/avr/include/util/delay.h ****    \ingroup util_delay
 123:/usr/lib/avr/include/util/delay.h **** 
 124:/usr/lib/avr/include/util/delay.h ****    Perform a delay of \c __ms milliseconds, using _delay_loop_2().
 125:/usr/lib/avr/include/util/delay.h **** 
 126:/usr/lib/avr/include/util/delay.h ****    The macro F_CPU is supposed to be defined to a
 127:/usr/lib/avr/include/util/delay.h ****    constant defining the CPU clock frequency (in Hertz).
 128:/usr/lib/avr/include/util/delay.h **** 
 129:/usr/lib/avr/include/util/delay.h ****    The maximal possible delay is 262.14 ms / F_CPU in MHz.
 130:/usr/lib/avr/include/util/delay.h **** 
 131:/usr/lib/avr/include/util/delay.h ****    When the user request delay which exceed the maximum possible one,
 132:/usr/lib/avr/include/util/delay.h ****    _delay_ms() provides a decreased resolution functionality. In this
 133:/usr/lib/avr/include/util/delay.h ****    mode _delay_ms() will work with a resolution of 1/10 ms, providing
 134:/usr/lib/avr/include/util/delay.h ****    delays up to 6.5535 seconds (independent from CPU frequency).  The
 135:/usr/lib/avr/include/util/delay.h ****    user will not be informed about decreased resolution.
 136:/usr/lib/avr/include/util/delay.h **** 
 137:/usr/lib/avr/include/util/delay.h ****    If the avr-gcc toolchain has __builtin_avr_delay_cycles()
 138:/usr/lib/avr/include/util/delay.h ****    support, maximal possible delay is 4294967.295 ms/ F_CPU in MHz. For
 139:/usr/lib/avr/include/util/delay.h ****    values greater than the maximal possible delay, overflows results in
 140:/usr/lib/avr/include/util/delay.h ****    no delay i.e., 0ms.
 141:/usr/lib/avr/include/util/delay.h **** 
 142:/usr/lib/avr/include/util/delay.h ****    Conversion of \c __ms into clock cycles may not always result in
 143:/usr/lib/avr/include/util/delay.h ****    integer.  By default, the clock cycles rounded up to next
 144:/usr/lib/avr/include/util/delay.h ****    integer. This ensures that the user gets at least \c __ms
 145:/usr/lib/avr/include/util/delay.h ****    microseconds of delay.
 146:/usr/lib/avr/include/util/delay.h **** 
 147:/usr/lib/avr/include/util/delay.h ****    Alternatively, by defining the macro \c __DELAY_ROUND_DOWN__, or
 148:/usr/lib/avr/include/util/delay.h ****    \c __DELAY_ROUND_CLOSEST__, before including this header file, the
 149:/usr/lib/avr/include/util/delay.h ****    algorithm can be made to round down, or round to closest integer,
 150:/usr/lib/avr/include/util/delay.h ****    respectively.
 151:/usr/lib/avr/include/util/delay.h **** 
 152:/usr/lib/avr/include/util/delay.h ****    \note
 153:/usr/lib/avr/include/util/delay.h **** 
 154:/usr/lib/avr/include/util/delay.h ****    The implementation of _delay_ms() based on
 155:/usr/lib/avr/include/util/delay.h ****    __builtin_avr_delay_cycles() is not backward compatible with older
 156:/usr/lib/avr/include/util/delay.h ****    implementations.  In order to get functionality backward compatible
 157:/usr/lib/avr/include/util/delay.h ****    with previous versions, the macro \c "__DELAY_BACKWARD_COMPATIBLE__"
 158:/usr/lib/avr/include/util/delay.h ****    must be defined before including this header file. Also, the
 159:/usr/lib/avr/include/util/delay.h ****    backward compatible algorithm will be chosen if the code is
GAS LISTING /tmp/ccwkkWj7.s 			page 8


 160:/usr/lib/avr/include/util/delay.h ****    compiled in a <em>freestanding environment</em> (GCC option
 161:/usr/lib/avr/include/util/delay.h ****    \c -ffreestanding), as the math functions required for rounding are
 162:/usr/lib/avr/include/util/delay.h ****    not available to the compiler then.
 163:/usr/lib/avr/include/util/delay.h **** 
 164:/usr/lib/avr/include/util/delay.h ****  */
 165:/usr/lib/avr/include/util/delay.h **** void
 166:/usr/lib/avr/include/util/delay.h **** _delay_ms(double __ms)
 167:/usr/lib/avr/include/util/delay.h **** {
 168:/usr/lib/avr/include/util/delay.h **** 	double __tmp ;
 169:/usr/lib/avr/include/util/delay.h **** #if __HAS_DELAY_CYCLES && defined(__OPTIMIZE__) && \
 170:/usr/lib/avr/include/util/delay.h ****   !defined(__DELAY_BACKWARD_COMPATIBLE__) &&	   \
 171:/usr/lib/avr/include/util/delay.h ****   __STDC_HOSTED__
 172:/usr/lib/avr/include/util/delay.h **** 	uint32_t __ticks_dc;
 173:/usr/lib/avr/include/util/delay.h **** 	extern void __builtin_avr_delay_cycles(unsigned long);
 174:/usr/lib/avr/include/util/delay.h **** 	__tmp = ((F_CPU) / 1e3) * __ms;
 175:/usr/lib/avr/include/util/delay.h **** 
 176:/usr/lib/avr/include/util/delay.h **** 	#if defined(__DELAY_ROUND_DOWN__)
 177:/usr/lib/avr/include/util/delay.h **** 		__ticks_dc = (uint32_t)fabs(__tmp);
 178:/usr/lib/avr/include/util/delay.h **** 
 179:/usr/lib/avr/include/util/delay.h **** 	#elif defined(__DELAY_ROUND_CLOSEST__)
 180:/usr/lib/avr/include/util/delay.h **** 		__ticks_dc = (uint32_t)(fabs(__tmp)+0.5);
 181:/usr/lib/avr/include/util/delay.h **** 
 182:/usr/lib/avr/include/util/delay.h **** 	#else
 183:/usr/lib/avr/include/util/delay.h **** 		//round up by default
 184:/usr/lib/avr/include/util/delay.h **** 		__ticks_dc = (uint32_t)(ceil(fabs(__tmp)));
 185:/usr/lib/avr/include/util/delay.h **** 	#endif
 186:/usr/lib/avr/include/util/delay.h **** 
 187:/usr/lib/avr/include/util/delay.h **** 	__builtin_avr_delay_cycles(__ticks_dc);
 125               		.loc 2 187 0 discriminator 1
 126 0034 8FE3      		ldi r24,lo8(-25537)
 127 0036 9CE9      		ldi r25,hi8(-25537)
 128 0038 0197      	1:	sbiw r24,1
 129 003a 01F4      		brne 1b
 130 003c 00C0      		rjmp .
 131 003e 0000      		nop
 132 0040 00C0      		rjmp .L5
 133               	.LBE5:
 134               	.LBE4:
 135               		.cfi_endproc
 136               	.LFE6:
 138               		.section	.bss._ZZ9showDigitPKhE7index_p,"aw",@nobits
 141               	_ZZ9showDigitPKhE7index_p:
 142 0000 00        		.zero	1
 143               		.text
 144               	.Letext0:
 145               		.file 3 "/usr/lib/avr/include/stdint.h"
GAS LISTING /tmp/ccwkkWj7.s 			page 9


DEFINED SYMBOLS
                            *ABS*:0000000000000000 main.cpp
     /tmp/ccwkkWj7.s:2      *ABS*:000000000000003e __SP_H__
     /tmp/ccwkkWj7.s:3      *ABS*:000000000000003d __SP_L__
     /tmp/ccwkkWj7.s:4      *ABS*:000000000000003f __SREG__
     /tmp/ccwkkWj7.s:5      *ABS*:0000000000000000 __tmp_reg__
     /tmp/ccwkkWj7.s:6      *ABS*:0000000000000001 __zero_reg__
     /tmp/ccwkkWj7.s:13     .text._Z9showDigitPKh:0000000000000000 _Z9showDigitPKh
     /tmp/ccwkkWj7.s:141    .bss._ZZ9showDigitPKhE7index_p:0000000000000000 _ZZ9showDigitPKhE7index_p
     /tmp/ccwkkWj7.s:72     .text.main:0000000000000000 main

UNDEFINED SYMBOLS
__do_clear_bss
