GAS LISTING /tmp/cc2fNjvd.s 			page 1


   1               		.file	"pcint0.cpp"
   2               	__SP_H__ = 0x3e
   3               	__SP_L__ = 0x3d
   4               	__SREG__ = 0x3f
   5               	__tmp_reg__ = 0
   6               	__zero_reg__ = 1
   7               		.text
   8               	.Ltext0:
   9               		.cfi_sections	.debug_frame
  10               		.section	.text._ZN6Pcint0C2Ev,"ax",@progbits
  11               	.global	_ZN6Pcint0C2Ev
  13               	_ZN6Pcint0C2Ev:
  14               	.LFB75:
  15               		.file 1 "funsape/peripheral/pcint0.cpp"
   1:funsape/peripheral/pcint0.cpp **** //!
   2:funsape/peripheral/pcint0.cpp **** //! ****************************************************************************
   3:funsape/peripheral/pcint0.cpp **** //! @file           pcint0.cpp
   4:funsape/peripheral/pcint0.cpp **** //! @author         Leandro Schwarz (bladabuska+funsapeavr8lib@gmail.com)
   5:funsape/peripheral/pcint0.cpp **** //! @brief          Pin Change Interrupt 0 PCINT0 peripheral control.
   6:funsape/peripheral/pcint0.cpp **** //! @details        This file provides peripheral control for the PCINT0
   7:funsape/peripheral/pcint0.cpp **** //!                     peripheral control for the FunSAPE++ AVR8 Library.
   8:funsape/peripheral/pcint0.cpp **** //! @date           2026-04-03
   9:funsape/peripheral/pcint0.cpp **** //! @version        26.04
  10:funsape/peripheral/pcint0.cpp **** //! @copyright      MIT License
  11:funsape/peripheral/pcint0.cpp **** //! @note           No notes at this time.
  12:funsape/peripheral/pcint0.cpp **** //! @todo           No items in todo list yet.
  13:funsape/peripheral/pcint0.cpp **** //! @bug            No bugs detected yet.
  14:funsape/peripheral/pcint0.cpp **** //! ****************************************************************************
  15:funsape/peripheral/pcint0.cpp **** //! @attention
  16:funsape/peripheral/pcint0.cpp **** //!
  17:funsape/peripheral/pcint0.cpp **** //! MIT License
  18:funsape/peripheral/pcint0.cpp **** //!
  19:funsape/peripheral/pcint0.cpp **** //! Copyright (c) 2026 Leandro Schwarz
  20:funsape/peripheral/pcint0.cpp **** //!
  21:funsape/peripheral/pcint0.cpp **** //! Permission is hereby granted, free of charge, to any person obtaining a copy
  22:funsape/peripheral/pcint0.cpp **** //!     of this software and associated documentation files (the "Software"), to
  23:funsape/peripheral/pcint0.cpp **** //!     deal in the Software without restriction, including without limitation
  24:funsape/peripheral/pcint0.cpp **** //!     the rights to use, copy, modify, merge, publish, distribute, sublicense,
  25:funsape/peripheral/pcint0.cpp **** //!     and/or sell copies of the Software, and to permit persons to whom the
  26:funsape/peripheral/pcint0.cpp **** //!     Software is furnished to do so, subject to the following conditions:
  27:funsape/peripheral/pcint0.cpp **** //!
  28:funsape/peripheral/pcint0.cpp **** //! The above copyright notice and this permission notice shall be included in
  29:funsape/peripheral/pcint0.cpp **** //!     all copies or substantial portions of the Software.
  30:funsape/peripheral/pcint0.cpp **** //!
  31:funsape/peripheral/pcint0.cpp **** //! THE SOFTWARE IS PROVIDED "AS IS", WITHOUT WARRANTY OF ANY KIND, EXPRESS OR
  32:funsape/peripheral/pcint0.cpp **** //!     IMPLIED, INCLUDING BUT NOT LIMITED TO THE WARRANTIES OF MERCHANTABILITY,
  33:funsape/peripheral/pcint0.cpp **** //!     FITNESS FOR A PARTICULAR PURPOSE AND NONINFRINGEMENT. IN NO EVENT SHALL
  34:funsape/peripheral/pcint0.cpp **** //!     THE AUTHORS OR COPYRIGHT HOLDERS BE LIABLE FOR ANY CLAIM, DAMAGES OR
  35:funsape/peripheral/pcint0.cpp **** //!     OTHER LIABILITY, WHETHER IN AN ACTION OF CONTRACT, TORT OR OTHERWISE,
  36:funsape/peripheral/pcint0.cpp **** //!     ARISING FROM, OUT OF OR IN CONNECTION WITH THE SOFTWARE OR THE USE OR
  37:funsape/peripheral/pcint0.cpp **** //!     OTHER DEALINGS IN THE SOFTWARE.
  38:funsape/peripheral/pcint0.cpp **** //!
  39:funsape/peripheral/pcint0.cpp **** //! ****************************************************************************
  40:funsape/peripheral/pcint0.cpp **** //!
  41:funsape/peripheral/pcint0.cpp **** 
  42:funsape/peripheral/pcint0.cpp **** // =============================================================================
  43:funsape/peripheral/pcint0.cpp **** // System file dependencies
GAS LISTING /tmp/cc2fNjvd.s 			page 2


  44:funsape/peripheral/pcint0.cpp **** // =============================================================================
  45:funsape/peripheral/pcint0.cpp **** 
  46:funsape/peripheral/pcint0.cpp **** #include "pcint0.hpp"
  47:funsape/peripheral/pcint0.cpp **** #if !defined(__PCINT0_HPP)
  48:funsape/peripheral/pcint0.cpp **** #    error Error 1 - Header file (pcint0.hpp) is missing or corrupted!
  49:funsape/peripheral/pcint0.cpp **** #elif __PCINT0_HPP != 2604
  50:funsape/peripheral/pcint0.cpp **** #    error Error 6 - Build mismatch between header file (pcint0.hpp) and source file (pcint0.cpp)!
  51:funsape/peripheral/pcint0.cpp **** #endif
  52:funsape/peripheral/pcint0.cpp **** 
  53:funsape/peripheral/pcint0.cpp **** // =============================================================================
  54:funsape/peripheral/pcint0.cpp **** // File exclusive - Constants
  55:funsape/peripheral/pcint0.cpp **** // =============================================================================
  56:funsape/peripheral/pcint0.cpp **** 
  57:funsape/peripheral/pcint0.cpp **** // NONE
  58:funsape/peripheral/pcint0.cpp **** 
  59:funsape/peripheral/pcint0.cpp **** // =============================================================================
  60:funsape/peripheral/pcint0.cpp **** // File exclusive - New data types
  61:funsape/peripheral/pcint0.cpp **** // =============================================================================
  62:funsape/peripheral/pcint0.cpp **** 
  63:funsape/peripheral/pcint0.cpp **** // NONE
  64:funsape/peripheral/pcint0.cpp **** 
  65:funsape/peripheral/pcint0.cpp **** // =============================================================================
  66:funsape/peripheral/pcint0.cpp **** // File exclusive - Macro-functions
  67:funsape/peripheral/pcint0.cpp **** // =============================================================================
  68:funsape/peripheral/pcint0.cpp **** 
  69:funsape/peripheral/pcint0.cpp **** // NONE
  70:funsape/peripheral/pcint0.cpp **** 
  71:funsape/peripheral/pcint0.cpp **** // =============================================================================
  72:funsape/peripheral/pcint0.cpp **** // Global variables
  73:funsape/peripheral/pcint0.cpp **** // =============================================================================
  74:funsape/peripheral/pcint0.cpp **** 
  75:funsape/peripheral/pcint0.cpp **** Pcint0 Pcint0::_instance;
  76:funsape/peripheral/pcint0.cpp **** 
  77:funsape/peripheral/pcint0.cpp **** // =============================================================================
  78:funsape/peripheral/pcint0.cpp **** // Static functions declarations
  79:funsape/peripheral/pcint0.cpp **** // =============================================================================
  80:funsape/peripheral/pcint0.cpp **** 
  81:funsape/peripheral/pcint0.cpp **** // NONE
  82:funsape/peripheral/pcint0.cpp **** 
  83:funsape/peripheral/pcint0.cpp **** // =============================================================================
  84:funsape/peripheral/pcint0.cpp **** // Public function definitions
  85:funsape/peripheral/pcint0.cpp **** // =============================================================================
  86:funsape/peripheral/pcint0.cpp **** 
  87:funsape/peripheral/pcint0.cpp **** // NONE
  88:funsape/peripheral/pcint0.cpp **** 
  89:funsape/peripheral/pcint0.cpp **** // =============================================================================
  90:funsape/peripheral/pcint0.cpp **** // Class constructors
  91:funsape/peripheral/pcint0.cpp **** // =============================================================================
  92:funsape/peripheral/pcint0.cpp **** 
  93:funsape/peripheral/pcint0.cpp **** Pcint0::Pcint0() :
  16               		.loc 1 93 0
  17               		.cfi_startproc
  18               	.LVL0:
  19               	/* prologue: function */
  20               	/* frame size = 0 */
  21               	/* stack size = 0 */
  22               	.L__stack_usage = 0
GAS LISTING /tmp/cc2fNjvd.s 			page 3


  23 0000 FC01      		movw r30,r24
  24               	.LBB18:
  94:funsape/peripheral/pcint0.cpp ****     _isInitialized(false),
  95:funsape/peripheral/pcint0.cpp ****     _lastError(Error::NONE),
  96:funsape/peripheral/pcint0.cpp ****     _enabledPins((Pcint0::Pin)0)
  25               		.loc 1 96 0
  26 0002 8081      		ld r24,Z
  27               	.LVL1:
  28 0004 8E7F      		andi r24,lo8(~(1<<0))
  29 0006 8083      		st Z,r24
  30 0008 1282      		std Z+2,__zero_reg__
  31 000a 1182      		std Z+1,__zero_reg__
  32 000c 1382      		std Z+3,__zero_reg__
  33               	/* epilogue start */
  34               	.LBE18:
  97:funsape/peripheral/pcint0.cpp **** {
  98:funsape/peripheral/pcint0.cpp ****     // Mark passage for debugging purpose
  99:funsape/peripheral/pcint0.cpp ****     debugMark(PSTR("Pcint0::Pcint0(void)"), Debug::CodeIndex::PCINT0_MODULE);
 100:funsape/peripheral/pcint0.cpp **** 
 101:funsape/peripheral/pcint0.cpp ****     // Returns successfully
 102:funsape/peripheral/pcint0.cpp ****     this->_lastError = Error::NONE;
 103:funsape/peripheral/pcint0.cpp ****     debugMessage(Error::NONE, Debug::CodeIndex::PCINT0_MODULE);
 104:funsape/peripheral/pcint0.cpp ****     return;
 105:funsape/peripheral/pcint0.cpp **** }
  35               		.loc 1 105 0
  36 000e 0895      		ret
  37               		.cfi_endproc
  38               	.LFE75:
  40               	.global	_ZN6Pcint0C1Ev
  41               		.set	_ZN6Pcint0C1Ev,_ZN6Pcint0C2Ev
  42               		.section	.text._ZN6Pcint0D2Ev,"ax",@progbits
  43               	.global	_ZN6Pcint0D2Ev
  45               	_ZN6Pcint0D2Ev:
  46               	.LFB78:
 106:funsape/peripheral/pcint0.cpp **** 
 107:funsape/peripheral/pcint0.cpp **** Pcint0::~Pcint0()
  47               		.loc 1 107 0
  48               		.cfi_startproc
  49               	.LVL2:
  50               	/* prologue: function */
  51               	/* frame size = 0 */
  52               	/* stack size = 0 */
  53               	.L__stack_usage = 0
  54               	/* epilogue start */
 108:funsape/peripheral/pcint0.cpp **** {
 109:funsape/peripheral/pcint0.cpp ****     // Mark passage for debugging purpose
 110:funsape/peripheral/pcint0.cpp ****     debugMark(PSTR("Pcint0::~Pcint0(void)"), Debug::CodeIndex::PCINT0_MODULE);
 111:funsape/peripheral/pcint0.cpp **** 
 112:funsape/peripheral/pcint0.cpp ****     // Returns successfully
 113:funsape/peripheral/pcint0.cpp ****     debugMessage(Error::NONE, Debug::CodeIndex::PCINT0_MODULE);
 114:funsape/peripheral/pcint0.cpp ****     return;
 115:funsape/peripheral/pcint0.cpp **** }
  55               		.loc 1 115 0
  56 0000 0895      		ret
  57               		.cfi_endproc
  58               	.LFE78:
  60               	.global	_ZN6Pcint0D1Ev
GAS LISTING /tmp/cc2fNjvd.s 			page 4


  61               		.set	_ZN6Pcint0D1Ev,_ZN6Pcint0D2Ev
  62               		.section	.text._Z41__static_initialization_and_destruction_0ii,"ax",@progbits
  64               	_Z41__static_initialization_and_destruction_0ii:
  65               	.LFB86:
 116:funsape/peripheral/pcint0.cpp **** 
 117:funsape/peripheral/pcint0.cpp **** // =============================================================================
 118:funsape/peripheral/pcint0.cpp **** // Class own methods - Public
 119:funsape/peripheral/pcint0.cpp **** // =============================================================================
 120:funsape/peripheral/pcint0.cpp **** 
 121:funsape/peripheral/pcint0.cpp **** //     ///////////////////     CONTROL AND STATUS     ///////////////////     //
 122:funsape/peripheral/pcint0.cpp **** 
 123:funsape/peripheral/pcint0.cpp **** bool_t Pcint0::disablePins(const Pcint0::Pin disablePins_p)
 124:funsape/peripheral/pcint0.cpp **** {
 125:funsape/peripheral/pcint0.cpp ****     // Mark passage for debugging purpose
 126:funsape/peripheral/pcint0.cpp ****     debugMark(PSTR("Pcint0::disablePins(const Pcint0::Pin)"), Debug::CodeIndex::PCINT0_MODULE);
 127:funsape/peripheral/pcint0.cpp **** 
 128:funsape/peripheral/pcint0.cpp ****     // Local variables
 129:funsape/peripheral/pcint0.cpp ****     uint8_t auxPcmsk0   = MCU_PCINT0_SELECTION_REG;
 130:funsape/peripheral/pcint0.cpp ****     uint8_t aux8        = (uint8_t)this->_enabledPins;
 131:funsape/peripheral/pcint0.cpp **** 
 132:funsape/peripheral/pcint0.cpp ****     // Configure mode
 133:funsape/peripheral/pcint0.cpp ****     clrMaskOffset(auxPcmsk0, MCU_PCINT0_SELECTION_BIT_MASK, MCU_PCINT0_SELECTION_BIT_POS);
 134:funsape/peripheral/pcint0.cpp ****     clrMask(aux8, (uint8_t)disablePins_p);
 135:funsape/peripheral/pcint0.cpp ****     setMaskOffset(auxPcmsk0, aux8, MCU_PCINT0_SELECTION_BIT_POS);
 136:funsape/peripheral/pcint0.cpp **** 
 137:funsape/peripheral/pcint0.cpp ****     // Update registers
 138:funsape/peripheral/pcint0.cpp ****     MCU_PCINT0_SELECTION_REG            = auxPcmsk0;
 139:funsape/peripheral/pcint0.cpp **** 
 140:funsape/peripheral/pcint0.cpp ****     // Update class members
 141:funsape/peripheral/pcint0.cpp ****     this->_enabledPins  = (Pcint0::Pin)aux8;
 142:funsape/peripheral/pcint0.cpp **** 
 143:funsape/peripheral/pcint0.cpp ****     // Returns successfully
 144:funsape/peripheral/pcint0.cpp ****     this->_lastError = Error::NONE;
 145:funsape/peripheral/pcint0.cpp ****     debugMessage(Error::NONE, Debug::CodeIndex::PCINT0_MODULE);
 146:funsape/peripheral/pcint0.cpp ****     return true;
 147:funsape/peripheral/pcint0.cpp **** }
 148:funsape/peripheral/pcint0.cpp **** 
 149:funsape/peripheral/pcint0.cpp **** bool_t Pcint0::enablePins(const Pcint0::Pin enablePins_p)
 150:funsape/peripheral/pcint0.cpp **** {
 151:funsape/peripheral/pcint0.cpp ****     // Mark passage for debugging purpose
 152:funsape/peripheral/pcint0.cpp ****     debugMark(PSTR("Pcint0::enablePins(Pcint0::Pin)"), Debug::CodeIndex::PCINT0_MODULE);
 153:funsape/peripheral/pcint0.cpp **** 
 154:funsape/peripheral/pcint0.cpp ****     // Local variables
 155:funsape/peripheral/pcint0.cpp ****     uint8_t auxPcmsk0   = MCU_PCINT0_SELECTION_REG;
 156:funsape/peripheral/pcint0.cpp ****     uint8_t aux8        = (uint8_t)this->_enabledPins;
 157:funsape/peripheral/pcint0.cpp **** 
 158:funsape/peripheral/pcint0.cpp ****     // Configure mode
 159:funsape/peripheral/pcint0.cpp ****     clrMaskOffset(auxPcmsk0, MCU_PCINT0_SELECTION_BIT_MASK, MCU_PCINT0_SELECTION_BIT_POS);
 160:funsape/peripheral/pcint0.cpp ****     setMask(aux8, (uint8_t)enablePins_p);
 161:funsape/peripheral/pcint0.cpp ****     setMaskOffset(auxPcmsk0, aux8, MCU_PCINT0_SELECTION_BIT_POS);
 162:funsape/peripheral/pcint0.cpp **** 
 163:funsape/peripheral/pcint0.cpp ****     // Update registers
 164:funsape/peripheral/pcint0.cpp ****     MCU_PCINT0_SELECTION_REG            = auxPcmsk0;
 165:funsape/peripheral/pcint0.cpp **** 
 166:funsape/peripheral/pcint0.cpp ****     // Update class members
 167:funsape/peripheral/pcint0.cpp ****     this->_enabledPins  = (Pcint0::Pin)aux8;
 168:funsape/peripheral/pcint0.cpp **** 
GAS LISTING /tmp/cc2fNjvd.s 			page 5


 169:funsape/peripheral/pcint0.cpp ****     // Returns successfully
 170:funsape/peripheral/pcint0.cpp ****     this->_lastError = Error::NONE;
 171:funsape/peripheral/pcint0.cpp ****     debugMessage(Error::NONE, Debug::CodeIndex::PCINT0_MODULE);
 172:funsape/peripheral/pcint0.cpp ****     return true;
 173:funsape/peripheral/pcint0.cpp **** }
 174:funsape/peripheral/pcint0.cpp **** 
 175:funsape/peripheral/pcint0.cpp **** bool_t Pcint0::init(const Pcint0::Pin enablePins_p)
 176:funsape/peripheral/pcint0.cpp **** {
 177:funsape/peripheral/pcint0.cpp ****     // Mark passage for debugging purpose
 178:funsape/peripheral/pcint0.cpp ****     debugMark(PSTR("Pcint0::init(const Pcint0::Pin)"), Debug::CodeIndex::PCINT0_MODULE);
 179:funsape/peripheral/pcint0.cpp **** 
 180:funsape/peripheral/pcint0.cpp ****     // Local variables
 181:funsape/peripheral/pcint0.cpp ****     uint8_t auxPcmsk0       = MCU_PCINT0_SELECTION_REG;
 182:funsape/peripheral/pcint0.cpp **** 
 183:funsape/peripheral/pcint0.cpp ****     // Configure mode
 184:funsape/peripheral/pcint0.cpp ****     clrMaskOffset(auxPcmsk0, MCU_PCINT0_SELECTION_BIT_MASK, MCU_PCINT0_SELECTION_BIT_POS);
 185:funsape/peripheral/pcint0.cpp ****     setMaskOffset(auxPcmsk0, ((uint8_t)enablePins_p), MCU_PCINT0_SELECTION_BIT_POS);
 186:funsape/peripheral/pcint0.cpp **** 
 187:funsape/peripheral/pcint0.cpp ****     // Update registers
 188:funsape/peripheral/pcint0.cpp ****     MCU_PCINT0_SELECTION_REG            = auxPcmsk0;
 189:funsape/peripheral/pcint0.cpp **** 
 190:funsape/peripheral/pcint0.cpp ****     // Update class members
 191:funsape/peripheral/pcint0.cpp ****     this->_enabledPins      = enablePins_p;
 192:funsape/peripheral/pcint0.cpp ****     this->_isInitialized    = true;
 193:funsape/peripheral/pcint0.cpp **** 
 194:funsape/peripheral/pcint0.cpp ****     // Returns successfully
 195:funsape/peripheral/pcint0.cpp ****     this->_lastError = Error::NONE;
 196:funsape/peripheral/pcint0.cpp ****     debugMessage(Error::NONE, Debug::CodeIndex::PCINT0_MODULE);
 197:funsape/peripheral/pcint0.cpp ****     return true;
 198:funsape/peripheral/pcint0.cpp **** }
 199:funsape/peripheral/pcint0.cpp **** 
 200:funsape/peripheral/pcint0.cpp **** bool_t Pcint0::setPinMode(const Pcint0::Pin pinList_p, const PinMode pinMode_p)
 201:funsape/peripheral/pcint0.cpp **** {
 202:funsape/peripheral/pcint0.cpp ****     // Mark passage for debugging purpose
 203:funsape/peripheral/pcint0.cpp ****     debugMark(PSTR("Pcint0::setPinMode(const Pcint0::Pin, const PinMode)"), Debug::CodeIndex::PCINT
 204:funsape/peripheral/pcint0.cpp **** 
 205:funsape/peripheral/pcint0.cpp ****     // Local variables
 206:funsape/peripheral/pcint0.cpp ****     uint8_t auxPinMask      = 0;
 207:funsape/peripheral/pcint0.cpp **** 
 208:funsape/peripheral/pcint0.cpp ****     // Pin mask generation
 209:funsape/peripheral/pcint0.cpp **** #if defined(MCU_PCINT0_PIN_0_EXISTS)
 210:funsape/peripheral/pcint0.cpp ****     if((bool_t)(pinList_p & Pcint0::Pin::PIN_PCINT0)) {
 211:funsape/peripheral/pcint0.cpp ****         auxPinMask |= (1 << MCU_PCINT0_GPIO_PCINT0_BIT);
 212:funsape/peripheral/pcint0.cpp ****     }
 213:funsape/peripheral/pcint0.cpp **** #endif
 214:funsape/peripheral/pcint0.cpp **** #if defined(MCU_PCINT0_PIN_1_EXISTS)
 215:funsape/peripheral/pcint0.cpp ****     if((bool_t)(pinList_p & Pcint0::Pin::PIN_PCINT1)) {
 216:funsape/peripheral/pcint0.cpp ****         auxPinMask |= (1 << MCU_PCINT0_GPIO_PCINT1_BIT);
 217:funsape/peripheral/pcint0.cpp ****     }
 218:funsape/peripheral/pcint0.cpp **** #endif
 219:funsape/peripheral/pcint0.cpp **** #if defined(MCU_PCINT0_PIN_2_EXISTS)
 220:funsape/peripheral/pcint0.cpp ****     if((bool_t)(pinList_p & Pcint0::Pin::PIN_PCINT2)) {
 221:funsape/peripheral/pcint0.cpp ****         auxPinMask |= (1 << MCU_PCINT0_GPIO_PCINT2_BIT);
 222:funsape/peripheral/pcint0.cpp ****     }
 223:funsape/peripheral/pcint0.cpp **** #endif
 224:funsape/peripheral/pcint0.cpp **** #if defined(MCU_PCINT0_PIN_3_EXISTS)
 225:funsape/peripheral/pcint0.cpp ****     if((bool_t)(pinList_p & Pcint0::Pin::PIN_PCINT3)) {
GAS LISTING /tmp/cc2fNjvd.s 			page 6


 226:funsape/peripheral/pcint0.cpp ****         auxPinMask |= (1 << MCU_PCINT0_GPIO_PCINT3_BIT);
 227:funsape/peripheral/pcint0.cpp ****     }
 228:funsape/peripheral/pcint0.cpp **** #endif
 229:funsape/peripheral/pcint0.cpp **** #if defined(MCU_PCINT0_PIN_4_EXISTS)
 230:funsape/peripheral/pcint0.cpp ****     if((bool_t)(pinList_p & Pcint0::Pin::PIN_PCINT4)) {
 231:funsape/peripheral/pcint0.cpp ****         auxPinMask |= (1 << MCU_PCINT0_GPIO_PCINT4_BIT);
 232:funsape/peripheral/pcint0.cpp ****     }
 233:funsape/peripheral/pcint0.cpp **** #endif
 234:funsape/peripheral/pcint0.cpp **** #if defined(MCU_PCINT0_PIN_5_EXISTS)
 235:funsape/peripheral/pcint0.cpp ****     if((bool_t)(pinList_p & Pcint0::Pin::PIN_PCINT5)) {
 236:funsape/peripheral/pcint0.cpp ****         auxPinMask |= (1 << MCU_PCINT0_GPIO_PCINT5_BIT);
 237:funsape/peripheral/pcint0.cpp ****     }
 238:funsape/peripheral/pcint0.cpp **** #endif
 239:funsape/peripheral/pcint0.cpp **** #if defined(MCU_PCINT0_PIN_6_EXISTS)
 240:funsape/peripheral/pcint0.cpp ****     if((bool_t)(pinList_p & Pcint0::Pin::PIN_PCINT6)) {
 241:funsape/peripheral/pcint0.cpp ****         auxPinMask |= (1 << MCU_PCINT0_GPIO_PCINT6_BIT);
 242:funsape/peripheral/pcint0.cpp ****     }
 243:funsape/peripheral/pcint0.cpp **** #endif
 244:funsape/peripheral/pcint0.cpp **** #if defined(MCU_PCINT0_PIN_7_EXISTS)
 245:funsape/peripheral/pcint0.cpp ****     if((bool_t)(pinList_p & Pcint0::Pin::PIN_PCINT7)) {
 246:funsape/peripheral/pcint0.cpp ****         auxPinMask |= (1 << MCU_PCINT0_GPIO_PCINT7_BIT);
 247:funsape/peripheral/pcint0.cpp ****     }
 248:funsape/peripheral/pcint0.cpp **** #endif
 249:funsape/peripheral/pcint0.cpp **** 
 250:funsape/peripheral/pcint0.cpp ****     // Configure pin
 251:funsape/peripheral/pcint0.cpp ****     if(auxPinMask) {
 252:funsape/peripheral/pcint0.cpp ****         switch(pinMode_p) {
 253:funsape/peripheral/pcint0.cpp ****         case PinMode::INPUT_FLOATING:
 254:funsape/peripheral/pcint0.cpp ****             clrMask(MCU_PCINT0_GPIO_REG_DIR, auxPinMask);
 255:funsape/peripheral/pcint0.cpp ****             clrMask(MCU_PCINT0_GPIO_REG_OUT, auxPinMask);
 256:funsape/peripheral/pcint0.cpp ****             break;
 257:funsape/peripheral/pcint0.cpp ****         case PinMode::INPUT_PULLED_UP:
 258:funsape/peripheral/pcint0.cpp ****             clrMask(MCU_PCINT0_GPIO_REG_DIR, auxPinMask);
 259:funsape/peripheral/pcint0.cpp ****             setMask(MCU_PCINT0_GPIO_REG_OUT, auxPinMask);
 260:funsape/peripheral/pcint0.cpp ****             break;
 261:funsape/peripheral/pcint0.cpp ****         case PinMode::OUTPUT_PUSH_PULL:
 262:funsape/peripheral/pcint0.cpp ****             setMask(MCU_PCINT0_GPIO_REG_DIR, auxPinMask);
 263:funsape/peripheral/pcint0.cpp ****             break;
 264:funsape/peripheral/pcint0.cpp ****         }
 265:funsape/peripheral/pcint0.cpp ****     }
 266:funsape/peripheral/pcint0.cpp **** 
 267:funsape/peripheral/pcint0.cpp ****     // Returns successfully
 268:funsape/peripheral/pcint0.cpp ****     this->_lastError = Error::NONE;
 269:funsape/peripheral/pcint0.cpp ****     debugMessage(Error::NONE, Debug::CodeIndex::PCINT0_MODULE);
 270:funsape/peripheral/pcint0.cpp ****     return true;
 271:funsape/peripheral/pcint0.cpp **** }
 272:funsape/peripheral/pcint0.cpp **** 
 273:funsape/peripheral/pcint0.cpp **** // =============================================================================
 274:funsape/peripheral/pcint0.cpp **** // Class own methods - Private
 275:funsape/peripheral/pcint0.cpp **** // =============================================================================
 276:funsape/peripheral/pcint0.cpp **** 
 277:funsape/peripheral/pcint0.cpp **** // NONE
 278:funsape/peripheral/pcint0.cpp **** 
 279:funsape/peripheral/pcint0.cpp **** // =============================================================================
 280:funsape/peripheral/pcint0.cpp **** // Class own methods - Protected
 281:funsape/peripheral/pcint0.cpp **** // =============================================================================
 282:funsape/peripheral/pcint0.cpp **** 
GAS LISTING /tmp/cc2fNjvd.s 			page 7


 283:funsape/peripheral/pcint0.cpp **** // NONE
 284:funsape/peripheral/pcint0.cpp **** 
 285:funsape/peripheral/pcint0.cpp **** // =============================================================================
 286:funsape/peripheral/pcint0.cpp **** // Static functions definitions
 287:funsape/peripheral/pcint0.cpp **** // =============================================================================
 288:funsape/peripheral/pcint0.cpp **** 
 289:funsape/peripheral/pcint0.cpp **** // NONE
 290:funsape/peripheral/pcint0.cpp **** 
 291:funsape/peripheral/pcint0.cpp **** // =============================================================================
 292:funsape/peripheral/pcint0.cpp **** // Interrupt callback functions
 293:funsape/peripheral/pcint0.cpp **** // =============================================================================
 294:funsape/peripheral/pcint0.cpp **** 
 295:funsape/peripheral/pcint0.cpp **** void weakened pcint0InterruptCallback(void)
 296:funsape/peripheral/pcint0.cpp **** {
 297:funsape/peripheral/pcint0.cpp ****     return;
 298:funsape/peripheral/pcint0.cpp **** }
 299:funsape/peripheral/pcint0.cpp **** 
 300:funsape/peripheral/pcint0.cpp **** // =============================================================================
 301:funsape/peripheral/pcint0.cpp **** // Interrupt handlers
 302:funsape/peripheral/pcint0.cpp **** // =============================================================================
 303:funsape/peripheral/pcint0.cpp **** 
 304:funsape/peripheral/pcint0.cpp **** //!
 305:funsape/peripheral/pcint0.cpp **** //! @cond
 306:funsape/peripheral/pcint0.cpp **** //!
 307:funsape/peripheral/pcint0.cpp **** 
 308:funsape/peripheral/pcint0.cpp **** ISR(PCINT0_vect)
 309:funsape/peripheral/pcint0.cpp **** {
 310:funsape/peripheral/pcint0.cpp ****     pcint0InterruptCallback();
 311:funsape/peripheral/pcint0.cpp **** }
  66               		.loc 1 311 0
  67               		.cfi_startproc
  68               	.LVL3:
  69               	/* prologue: function */
  70               	/* frame size = 0 */
  71               	/* stack size = 0 */
  72               	.L__stack_usage = 0
  73               		.loc 1 311 0
  74 0000 0197      		sbiw r24,1
  75 0002 01F0      		breq .L5
  76               	.LVL4:
  77               	.L3:
  78               	/* epilogue start */
  79 0004 0895      		ret
  80               	.LVL5:
  81               	.L5:
  82               		.loc 1 311 0 is_stmt 0 discriminator 1
  83 0006 6F3F      		cpi r22,-1
  84 0008 7F4F      		sbci r23,-1
  85               	.LVL6:
  86 000a 01F4      		brne .L3
  75:funsape/peripheral/pcint0.cpp **** 
  87               		.loc 1 75 0 is_stmt 1
  88 000c 80E0      		ldi r24,lo8(_ZN6Pcint09_instanceE)
  89 000e 90E0      		ldi r25,hi8(_ZN6Pcint09_instanceE)
  90 0010 0E94 0000 		call _ZN6Pcint0C1Ev
  91               	.LVL7:
  92               		.loc 1 311 0
GAS LISTING /tmp/cc2fNjvd.s 			page 8


  93 0014 00C0      		rjmp .L3
  94               		.cfi_endproc
  95               	.LFE86:
  97               		.section	.text._ZN6Pcint011disablePinsENS_3PinE,"ax",@progbits
  98               	.global	_ZN6Pcint011disablePinsENS_3PinE
 100               	_ZN6Pcint011disablePinsENS_3PinE:
 101               	.LFB80:
 124:funsape/peripheral/pcint0.cpp ****     // Mark passage for debugging purpose
 102               		.loc 1 124 0
 103               		.cfi_startproc
 104               	.LVL8:
 105               	/* prologue: function */
 106               	/* frame size = 0 */
 107               	/* stack size = 0 */
 108               	.L__stack_usage = 0
 109 0000 FC01      		movw r30,r24
 129:funsape/peripheral/pcint0.cpp ****     uint8_t aux8        = (uint8_t)this->_enabledPins;
 110               		.loc 1 129 0
 111 0002 ABE6      		ldi r26,lo8(107)
 112 0004 B0E0      		ldi r27,0
 113 0006 8C91      		ld r24,X
 114               	.LVL9:
 130:funsape/peripheral/pcint0.cpp **** 
 115               		.loc 1 130 0
 116 0008 8381      		ldd r24,Z+3
 117               	.LVL10:
 134:funsape/peripheral/pcint0.cpp ****     setMaskOffset(auxPcmsk0, aux8, MCU_PCINT0_SELECTION_BIT_POS);
 118               		.loc 1 134 0
 119 000a 6095      		com r22
 120               	.LVL11:
 121 000c 6823      		and r22,r24
 122               	.LVL12:
 138:funsape/peripheral/pcint0.cpp **** 
 123               		.loc 1 138 0
 124 000e 6C93      		st X,r22
 141:funsape/peripheral/pcint0.cpp **** 
 125               		.loc 1 141 0
 126 0010 6383      		std Z+3,r22
 144:funsape/peripheral/pcint0.cpp ****     debugMessage(Error::NONE, Debug::CodeIndex::PCINT0_MODULE);
 127               		.loc 1 144 0
 128 0012 1282      		std Z+2,__zero_reg__
 129 0014 1182      		std Z+1,__zero_reg__
 130               	.LVL13:
 147:funsape/peripheral/pcint0.cpp **** 
 131               		.loc 1 147 0
 132 0016 81E0      		ldi r24,lo8(1)
 133               	/* epilogue start */
 134 0018 0895      		ret
 135               		.cfi_endproc
 136               	.LFE80:
 138               		.section	.text._ZN6Pcint010enablePinsENS_3PinE,"ax",@progbits
 139               	.global	_ZN6Pcint010enablePinsENS_3PinE
 141               	_ZN6Pcint010enablePinsENS_3PinE:
 142               	.LFB81:
 150:funsape/peripheral/pcint0.cpp ****     // Mark passage for debugging purpose
 143               		.loc 1 150 0
 144               		.cfi_startproc
GAS LISTING /tmp/cc2fNjvd.s 			page 9


 145               	.LVL14:
 146               	/* prologue: function */
 147               	/* frame size = 0 */
 148               	/* stack size = 0 */
 149               	.L__stack_usage = 0
 150 0000 FC01      		movw r30,r24
 155:funsape/peripheral/pcint0.cpp ****     uint8_t aux8        = (uint8_t)this->_enabledPins;
 151               		.loc 1 155 0
 152 0002 ABE6      		ldi r26,lo8(107)
 153 0004 B0E0      		ldi r27,0
 154 0006 8C91      		ld r24,X
 155               	.LVL15:
 156:funsape/peripheral/pcint0.cpp **** 
 156               		.loc 1 156 0
 157 0008 9381      		ldd r25,Z+3
 158               	.LVL16:
 160:funsape/peripheral/pcint0.cpp ****     setMaskOffset(auxPcmsk0, aux8, MCU_PCINT0_SELECTION_BIT_POS);
 159               		.loc 1 160 0
 160 000a 692B      		or r22,r25
 161               	.LVL17:
 164:funsape/peripheral/pcint0.cpp **** 
 162               		.loc 1 164 0
 163 000c 6C93      		st X,r22
 167:funsape/peripheral/pcint0.cpp **** 
 164               		.loc 1 167 0
 165 000e 6383      		std Z+3,r22
 170:funsape/peripheral/pcint0.cpp ****     debugMessage(Error::NONE, Debug::CodeIndex::PCINT0_MODULE);
 166               		.loc 1 170 0
 167 0010 1282      		std Z+2,__zero_reg__
 168 0012 1182      		std Z+1,__zero_reg__
 169               	.LVL18:
 173:funsape/peripheral/pcint0.cpp **** 
 170               		.loc 1 173 0
 171 0014 81E0      		ldi r24,lo8(1)
 172               	/* epilogue start */
 173 0016 0895      		ret
 174               		.cfi_endproc
 175               	.LFE81:
 177               		.section	.text._ZN6Pcint04initENS_3PinE,"ax",@progbits
 178               	.global	_ZN6Pcint04initENS_3PinE
 180               	_ZN6Pcint04initENS_3PinE:
 181               	.LFB82:
 176:funsape/peripheral/pcint0.cpp ****     // Mark passage for debugging purpose
 182               		.loc 1 176 0
 183               		.cfi_startproc
 184               	.LVL19:
 185               	/* prologue: function */
 186               	/* frame size = 0 */
 187               	/* stack size = 0 */
 188               	.L__stack_usage = 0
 189 0000 FC01      		movw r30,r24
 181:funsape/peripheral/pcint0.cpp **** 
 190               		.loc 1 181 0
 191 0002 ABE6      		ldi r26,lo8(107)
 192 0004 B0E0      		ldi r27,0
 193 0006 8C91      		ld r24,X
 194               	.LVL20:
GAS LISTING /tmp/cc2fNjvd.s 			page 10


 188:funsape/peripheral/pcint0.cpp **** 
 195               		.loc 1 188 0
 196 0008 6C93      		st X,r22
 191:funsape/peripheral/pcint0.cpp ****     this->_isInitialized    = true;
 197               		.loc 1 191 0
 198 000a 6383      		std Z+3,r22
 192:funsape/peripheral/pcint0.cpp **** 
 199               		.loc 1 192 0
 200 000c 8081      		ld r24,Z
 201 000e 8160      		ori r24,lo8(1<<0)
 202 0010 8083      		st Z,r24
 195:funsape/peripheral/pcint0.cpp ****     debugMessage(Error::NONE, Debug::CodeIndex::PCINT0_MODULE);
 203               		.loc 1 195 0
 204 0012 1282      		std Z+2,__zero_reg__
 205 0014 1182      		std Z+1,__zero_reg__
 206               	.LVL21:
 198:funsape/peripheral/pcint0.cpp **** 
 207               		.loc 1 198 0
 208 0016 81E0      		ldi r24,lo8(1)
 209               	/* epilogue start */
 210 0018 0895      		ret
 211               		.cfi_endproc
 212               	.LFE82:
 214               		.section	.text._ZN6Pcint010setPinModeENS_3PinE7PinMode,"ax",@progbits
 215               	.global	_ZN6Pcint010setPinModeENS_3PinE7PinMode
 217               	_ZN6Pcint010setPinModeENS_3PinE7PinMode:
 218               	.LFB83:
 201:funsape/peripheral/pcint0.cpp ****     // Mark passage for debugging purpose
 219               		.loc 1 201 0
 220               		.cfi_startproc
 221               	.LVL22:
 222               	/* prologue: function */
 223               	/* frame size = 0 */
 224               	/* stack size = 0 */
 225               	.L__stack_usage = 0
 226 0000 FC01      		movw r30,r24
 227               	.LVL23:
 210:funsape/peripheral/pcint0.cpp ****         auxPinMask |= (1 << MCU_PCINT0_GPIO_PCINT0_BIT);
 228               		.loc 1 210 0
 229 0002 60FD      		sbrc r22,0
 230 0004 00C0      		rjmp .L22
 206:funsape/peripheral/pcint0.cpp **** 
 231               		.loc 1 206 0
 232 0006 90E0      		ldi r25,0
 233               	.L10:
 234               	.LVL24:
 215:funsape/peripheral/pcint0.cpp ****         auxPinMask |= (1 << MCU_PCINT0_GPIO_PCINT1_BIT);
 235               		.loc 1 215 0
 236 0008 61FD      		sbrc r22,1
 216:funsape/peripheral/pcint0.cpp ****     }
 237               		.loc 1 216 0
 238 000a 9260      		ori r25,lo8(2)
 239               	.LVL25:
 240               	.L11:
 220:funsape/peripheral/pcint0.cpp ****         auxPinMask |= (1 << MCU_PCINT0_GPIO_PCINT2_BIT);
 241               		.loc 1 220 0
 242 000c 62FD      		sbrc r22,2
GAS LISTING /tmp/cc2fNjvd.s 			page 11


 221:funsape/peripheral/pcint0.cpp ****     }
 243               		.loc 1 221 0
 244 000e 9460      		ori r25,lo8(4)
 245               	.LVL26:
 246               	.L12:
 225:funsape/peripheral/pcint0.cpp ****         auxPinMask |= (1 << MCU_PCINT0_GPIO_PCINT3_BIT);
 247               		.loc 1 225 0
 248 0010 63FD      		sbrc r22,3
 226:funsape/peripheral/pcint0.cpp ****     }
 249               		.loc 1 226 0
 250 0012 9860      		ori r25,lo8(8)
 251               	.LVL27:
 252               	.L13:
 230:funsape/peripheral/pcint0.cpp ****         auxPinMask |= (1 << MCU_PCINT0_GPIO_PCINT4_BIT);
 253               		.loc 1 230 0
 254 0014 64FD      		sbrc r22,4
 231:funsape/peripheral/pcint0.cpp ****     }
 255               		.loc 1 231 0
 256 0016 9061      		ori r25,lo8(16)
 257               	.LVL28:
 258               	.L14:
 235:funsape/peripheral/pcint0.cpp ****         auxPinMask |= (1 << MCU_PCINT0_GPIO_PCINT5_BIT);
 259               		.loc 1 235 0
 260 0018 65FD      		sbrc r22,5
 236:funsape/peripheral/pcint0.cpp ****     }
 261               		.loc 1 236 0
 262 001a 9062      		ori r25,lo8(32)
 263               	.LVL29:
 264               	.L15:
 240:funsape/peripheral/pcint0.cpp ****         auxPinMask |= (1 << MCU_PCINT0_GPIO_PCINT6_BIT);
 265               		.loc 1 240 0
 266 001c 66FD      		sbrc r22,6
 241:funsape/peripheral/pcint0.cpp ****     }
 267               		.loc 1 241 0
 268 001e 9064      		ori r25,lo8(64)
 269               	.LVL30:
 270               	.L16:
 245:funsape/peripheral/pcint0.cpp ****         auxPinMask |= (1 << MCU_PCINT0_GPIO_PCINT7_BIT);
 271               		.loc 1 245 0
 272 0020 6623      		tst r22
 273 0022 04F0      		brlt .L23
 274               	.L17:
 251:funsape/peripheral/pcint0.cpp ****         switch(pinMode_p) {
 275               		.loc 1 251 0
 276 0024 9923      		tst r25
 277 0026 01F0      		breq .L18
 252:funsape/peripheral/pcint0.cpp ****         case PinMode::INPUT_FLOATING:
 278               		.loc 1 252 0
 279 0028 4130      		cpi r20,lo8(1)
 280 002a 01F0      		breq .L19
 281 002c 00F0      		brlo .L20
 282 002e 4230      		cpi r20,lo8(2)
 283 0030 01F0      		breq .L21
 284               	.LVL31:
 285               	.L18:
 268:funsape/peripheral/pcint0.cpp ****     debugMessage(Error::NONE, Debug::CodeIndex::PCINT0_MODULE);
 286               		.loc 1 268 0
GAS LISTING /tmp/cc2fNjvd.s 			page 12


 287 0032 1282      		std Z+2,__zero_reg__
 288 0034 1182      		std Z+1,__zero_reg__
 271:funsape/peripheral/pcint0.cpp **** 
 289               		.loc 1 271 0
 290 0036 81E0      		ldi r24,lo8(1)
 291               	/* epilogue start */
 292 0038 0895      		ret
 293               	.LVL32:
 294               	.L22:
 211:funsape/peripheral/pcint0.cpp ****     }
 295               		.loc 1 211 0
 296 003a 91E0      		ldi r25,lo8(1)
 297 003c 00C0      		rjmp .L10
 298               	.LVL33:
 299               	.L23:
 246:funsape/peripheral/pcint0.cpp ****     }
 300               		.loc 1 246 0
 301 003e 9068      		ori r25,lo8(-128)
 302               	.LVL34:
 303 0040 00C0      		rjmp .L17
 304               	.L20:
 254:funsape/peripheral/pcint0.cpp ****             clrMask(MCU_PCINT0_GPIO_REG_OUT, auxPinMask);
 305               		.loc 1 254 0
 306 0042 84B1      		in r24,0x4
 307               	.LVL35:
 308 0044 9095      		com r25
 309               	.LVL36:
 310 0046 8923      		and r24,r25
 311 0048 84B9      		out 0x4,r24
 255:funsape/peripheral/pcint0.cpp ****             break;
 312               		.loc 1 255 0
 313 004a 85B1      		in r24,0x5
 314 004c 9823      		and r25,r24
 315               	.LVL37:
 316 004e 95B9      		out 0x5,r25
 256:funsape/peripheral/pcint0.cpp ****         case PinMode::INPUT_PULLED_UP:
 317               		.loc 1 256 0
 318 0050 00C0      		rjmp .L18
 319               	.LVL38:
 320               	.L19:
 258:funsape/peripheral/pcint0.cpp ****             setMask(MCU_PCINT0_GPIO_REG_OUT, auxPinMask);
 321               		.loc 1 258 0
 322 0052 24B1      		in r18,0x4
 323 0054 892F      		mov r24,r25
 324               	.LVL39:
 325 0056 8095      		com r24
 326 0058 8223      		and r24,r18
 327 005a 84B9      		out 0x4,r24
 259:funsape/peripheral/pcint0.cpp ****             break;
 328               		.loc 1 259 0
 329 005c 85B1      		in r24,0x5
 330 005e 982B      		or r25,r24
 331               	.LVL40:
 332 0060 95B9      		out 0x5,r25
 260:funsape/peripheral/pcint0.cpp ****         case PinMode::OUTPUT_PUSH_PULL:
 333               		.loc 1 260 0
 334 0062 00C0      		rjmp .L18
GAS LISTING /tmp/cc2fNjvd.s 			page 13


 335               	.LVL41:
 336               	.L21:
 262:funsape/peripheral/pcint0.cpp ****             break;
 337               		.loc 1 262 0
 338 0064 84B1      		in r24,0x4
 339               	.LVL42:
 340 0066 982B      		or r25,r24
 341               	.LVL43:
 342 0068 94B9      		out 0x4,r25
 263:funsape/peripheral/pcint0.cpp ****         }
 343               		.loc 1 263 0
 344 006a 00C0      		rjmp .L18
 345               		.cfi_endproc
 346               	.LFE83:
 348               		.section	.text._Z23pcint0InterruptCallbackv,"ax",@progbits
 349               		.weak	_Z23pcint0InterruptCallbackv
 351               	_Z23pcint0InterruptCallbackv:
 352               	.LFB84:
 296:funsape/peripheral/pcint0.cpp ****     return;
 353               		.loc 1 296 0
 354               		.cfi_startproc
 355               	/* prologue: function */
 356               	/* frame size = 0 */
 357               	/* stack size = 0 */
 358               	.L__stack_usage = 0
 359               	/* epilogue start */
 298:funsape/peripheral/pcint0.cpp **** 
 360               		.loc 1 298 0
 361 0000 0895      		ret
 362               		.cfi_endproc
 363               	.LFE84:
 365               		.section	.text.__vector_3,"ax",@progbits
 366               	.global	__vector_3
 368               	__vector_3:
 369               	.LFB85:
 309:funsape/peripheral/pcint0.cpp ****     pcint0InterruptCallback();
 370               		.loc 1 309 0
 371               		.cfi_startproc
 372 0000 1F92      		push r1
 373               	.LCFI0:
 374               		.cfi_def_cfa_offset 3
 375               		.cfi_offset 1, -2
 376 0002 0F92      		push r0
 377               	.LCFI1:
 378               		.cfi_def_cfa_offset 4
 379               		.cfi_offset 0, -3
 380 0004 0FB6      		in r0,__SREG__
 381 0006 0F92      		push r0
 382 0008 1124      		clr __zero_reg__
 383 000a 2F93      		push r18
 384               	.LCFI2:
 385               		.cfi_def_cfa_offset 5
 386               		.cfi_offset 18, -4
 387 000c 3F93      		push r19
 388               	.LCFI3:
 389               		.cfi_def_cfa_offset 6
 390               		.cfi_offset 19, -5
GAS LISTING /tmp/cc2fNjvd.s 			page 14


 391 000e 4F93      		push r20
 392               	.LCFI4:
 393               		.cfi_def_cfa_offset 7
 394               		.cfi_offset 20, -6
 395 0010 5F93      		push r21
 396               	.LCFI5:
 397               		.cfi_def_cfa_offset 8
 398               		.cfi_offset 21, -7
 399 0012 6F93      		push r22
 400               	.LCFI6:
 401               		.cfi_def_cfa_offset 9
 402               		.cfi_offset 22, -8
 403 0014 7F93      		push r23
 404               	.LCFI7:
 405               		.cfi_def_cfa_offset 10
 406               		.cfi_offset 23, -9
 407 0016 8F93      		push r24
 408               	.LCFI8:
 409               		.cfi_def_cfa_offset 11
 410               		.cfi_offset 24, -10
 411 0018 9F93      		push r25
 412               	.LCFI9:
 413               		.cfi_def_cfa_offset 12
 414               		.cfi_offset 25, -11
 415 001a AF93      		push r26
 416               	.LCFI10:
 417               		.cfi_def_cfa_offset 13
 418               		.cfi_offset 26, -12
 419 001c BF93      		push r27
 420               	.LCFI11:
 421               		.cfi_def_cfa_offset 14
 422               		.cfi_offset 27, -13
 423 001e EF93      		push r30
 424               	.LCFI12:
 425               		.cfi_def_cfa_offset 15
 426               		.cfi_offset 30, -14
 427 0020 FF93      		push r31
 428               	.LCFI13:
 429               		.cfi_def_cfa_offset 16
 430               		.cfi_offset 31, -15
 431               	/* prologue: Signal */
 432               	/* frame size = 0 */
 433               	/* stack size = 15 */
 434               	.L__stack_usage = 15
 310:funsape/peripheral/pcint0.cpp **** }
 435               		.loc 1 310 0
 436 0022 0E94 0000 		call _Z23pcint0InterruptCallbackv
 437               	.LVL44:
 438               	/* epilogue start */
 439               		.loc 1 311 0
 440 0026 FF91      		pop r31
 441 0028 EF91      		pop r30
 442 002a BF91      		pop r27
 443 002c AF91      		pop r26
 444 002e 9F91      		pop r25
 445 0030 8F91      		pop r24
 446 0032 7F91      		pop r23
GAS LISTING /tmp/cc2fNjvd.s 			page 15


 447 0034 6F91      		pop r22
 448 0036 5F91      		pop r21
 449 0038 4F91      		pop r20
 450 003a 3F91      		pop r19
 451 003c 2F91      		pop r18
 452 003e 0F90      		pop r0
 453 0040 0FBE      		out __SREG__,r0
 454 0042 0F90      		pop r0
 455 0044 1F90      		pop r1
 456 0046 1895      		reti
 457               		.cfi_endproc
 458               	.LFE85:
 460               		.section	.text._GLOBAL__sub_I__ZN6Pcint09_instanceE,"ax",@progbits
 462               	_GLOBAL__sub_I__ZN6Pcint09_instanceE:
 463               	.LFB87:
 464               		.loc 1 311 0
 465               		.cfi_startproc
 466               	/* prologue: function */
 467               	/* frame size = 0 */
 468               	/* stack size = 0 */
 469               	.L__stack_usage = 0
 470               		.loc 1 311 0
 471 0000 6FEF      		ldi r22,lo8(-1)
 472 0002 7FEF      		ldi r23,lo8(-1)
 473 0004 81E0      		ldi r24,lo8(1)
 474 0006 90E0      		ldi r25,0
 475 0008 0E94 0000 		call _Z41__static_initialization_and_destruction_0ii
 476               	.LVL45:
 477               	/* epilogue start */
 478 000c 0895      		ret
 479               		.cfi_endproc
 480               	.LFE87:
 482               		.global __do_global_ctors
 483               		.section .ctors,"a",@progbits
 484               		.p2align	1
 485 0000 0000      		.word	gs(_GLOBAL__sub_I__ZN6Pcint09_instanceE)
 486               		.section	.text._GLOBAL__sub_D__ZN6Pcint09_instanceE,"ax",@progbits
 488               	_GLOBAL__sub_D__ZN6Pcint09_instanceE:
 489               	.LFB88:
 490               		.loc 1 311 0
 491               		.cfi_startproc
 492               	/* prologue: function */
 493               	/* frame size = 0 */
 494               	/* stack size = 0 */
 495               	.L__stack_usage = 0
 496               		.loc 1 311 0
 497 0000 6FEF      		ldi r22,lo8(-1)
 498 0002 7FEF      		ldi r23,lo8(-1)
 499 0004 90E0      		ldi r25,0
 500 0006 80E0      		ldi r24,0
 501 0008 0E94 0000 		call _Z41__static_initialization_and_destruction_0ii
 502               	.LVL46:
 503               	/* epilogue start */
 504 000c 0895      		ret
 505               		.cfi_endproc
 506               	.LFE88:
 508               		.global __do_global_dtors
GAS LISTING /tmp/cc2fNjvd.s 			page 16


 509               		.section .dtors,"a",@progbits
 510               		.p2align	1
 511 0000 0000      		.word	gs(_GLOBAL__sub_D__ZN6Pcint09_instanceE)
 512               	.global	_ZN6Pcint09_instanceE
 513               		.section	.bss._ZN6Pcint09_instanceE,"aw",@nobits
 516               	_ZN6Pcint09_instanceE:
 517 0000 0000 0000 		.zero	4
 518               		.text
 519               	.Letext0:
 520               		.file 2 "/usr/lib/avr/include/stdint.h"
 521               		.file 3 "funsape/peripheral/../config/atmega328p.hpp"
 522               		.file 4 "/usr/lib/avr/include/stdio.h"
 523               		.file 5 "funsape/peripheral/../globalDefines.hpp"
 524               		.file 6 "funsape/peripheral/../util/debug.hpp"
 525               		.file 7 "funsape/peripheral/pcint0.hpp"
GAS LISTING /tmp/cc2fNjvd.s 			page 17


DEFINED SYMBOLS
                            *ABS*:0000000000000000 pcint0.cpp
     /tmp/cc2fNjvd.s:2      *ABS*:000000000000003e __SP_H__
     /tmp/cc2fNjvd.s:3      *ABS*:000000000000003d __SP_L__
     /tmp/cc2fNjvd.s:4      *ABS*:000000000000003f __SREG__
     /tmp/cc2fNjvd.s:5      *ABS*:0000000000000000 __tmp_reg__
     /tmp/cc2fNjvd.s:6      *ABS*:0000000000000001 __zero_reg__
     /tmp/cc2fNjvd.s:13     .text._ZN6Pcint0C2Ev:0000000000000000 _ZN6Pcint0C2Ev
     /tmp/cc2fNjvd.s:13     .text._ZN6Pcint0C2Ev:0000000000000000 _ZN6Pcint0C1Ev
     /tmp/cc2fNjvd.s:45     .text._ZN6Pcint0D2Ev:0000000000000000 _ZN6Pcint0D2Ev
     /tmp/cc2fNjvd.s:45     .text._ZN6Pcint0D2Ev:0000000000000000 _ZN6Pcint0D1Ev
     /tmp/cc2fNjvd.s:64     .text._Z41__static_initialization_and_destruction_0ii:0000000000000000 _Z41__static_initialization_and_destruction_0ii
     /tmp/cc2fNjvd.s:516    .bss._ZN6Pcint09_instanceE:0000000000000000 _ZN6Pcint09_instanceE
     /tmp/cc2fNjvd.s:100    .text._ZN6Pcint011disablePinsENS_3PinE:0000000000000000 _ZN6Pcint011disablePinsENS_3PinE
     /tmp/cc2fNjvd.s:141    .text._ZN6Pcint010enablePinsENS_3PinE:0000000000000000 _ZN6Pcint010enablePinsENS_3PinE
     /tmp/cc2fNjvd.s:180    .text._ZN6Pcint04initENS_3PinE:0000000000000000 _ZN6Pcint04initENS_3PinE
     /tmp/cc2fNjvd.s:217    .text._ZN6Pcint010setPinModeENS_3PinE7PinMode:0000000000000000 _ZN6Pcint010setPinModeENS_3PinE7PinMode
     /tmp/cc2fNjvd.s:351    .text._Z23pcint0InterruptCallbackv:0000000000000000 _Z23pcint0InterruptCallbackv
     /tmp/cc2fNjvd.s:368    .text.__vector_3:0000000000000000 __vector_3
     /tmp/cc2fNjvd.s:462    .text._GLOBAL__sub_I__ZN6Pcint09_instanceE:0000000000000000 _GLOBAL__sub_I__ZN6Pcint09_instanceE
     /tmp/cc2fNjvd.s:488    .text._GLOBAL__sub_D__ZN6Pcint09_instanceE:0000000000000000 _GLOBAL__sub_D__ZN6Pcint09_instanceE

UNDEFINED SYMBOLS
__do_global_ctors
__do_global_dtors
__do_clear_bss
