GAS LISTING /tmp/ccAgpuZ1.s 			page 1


   1               		.file	"pcint1.cpp"
   2               	__SP_H__ = 0x3e
   3               	__SP_L__ = 0x3d
   4               	__SREG__ = 0x3f
   5               	__tmp_reg__ = 0
   6               	__zero_reg__ = 1
   7               		.text
   8               	.Ltext0:
   9               		.cfi_sections	.debug_frame
  10               		.section	.text._ZN6Pcint1C2Ev,"ax",@progbits
  11               	.global	_ZN6Pcint1C2Ev
  13               	_ZN6Pcint1C2Ev:
  14               	.LFB75:
  15               		.file 1 "funsape/peripheral/pcint1.cpp"
   1:funsape/peripheral/pcint1.cpp **** //!
   2:funsape/peripheral/pcint1.cpp **** //! ****************************************************************************
   3:funsape/peripheral/pcint1.cpp **** //! @file           pcint1.cpp
   4:funsape/peripheral/pcint1.cpp **** //! @author         Leandro Schwarz (bladabuska+funsapeavr8lib@gmail.com)
   5:funsape/peripheral/pcint1.cpp **** //! @brief          Pin Change Interrupt 1 PCINT1 peripheral control.
   6:funsape/peripheral/pcint1.cpp **** //! @details        This file provides peripheral control for the PCINT1
   7:funsape/peripheral/pcint1.cpp **** //!                     peripheral control for the FunSAPE++ AVR8 Library.
   8:funsape/peripheral/pcint1.cpp **** //! @date           2026-04-03
   9:funsape/peripheral/pcint1.cpp **** //! @version        26.04
  10:funsape/peripheral/pcint1.cpp **** //! @copyright      MIT License
  11:funsape/peripheral/pcint1.cpp **** //! @note           No notes at this time.
  12:funsape/peripheral/pcint1.cpp **** //! @todo           No items in todo list yet.
  13:funsape/peripheral/pcint1.cpp **** //! @bug            No bugs detected yet.
  14:funsape/peripheral/pcint1.cpp **** //! ****************************************************************************
  15:funsape/peripheral/pcint1.cpp **** //! @attention
  16:funsape/peripheral/pcint1.cpp **** //!
  17:funsape/peripheral/pcint1.cpp **** //! MIT License
  18:funsape/peripheral/pcint1.cpp **** //!
  19:funsape/peripheral/pcint1.cpp **** //! Copyright (c) 2026 Leandro Schwarz
  20:funsape/peripheral/pcint1.cpp **** //!
  21:funsape/peripheral/pcint1.cpp **** //! Permission is hereby granted, free of charge, to any person obtaining a copy
  22:funsape/peripheral/pcint1.cpp **** //!     of this software and associated documentation files (the "Software"), to
  23:funsape/peripheral/pcint1.cpp **** //!     deal in the Software without restriction, including without limitation
  24:funsape/peripheral/pcint1.cpp **** //!     the rights to use, copy, modify, merge, publish, distribute, sublicense,
  25:funsape/peripheral/pcint1.cpp **** //!     and/or sell copies of the Software, and to permit persons to whom the
  26:funsape/peripheral/pcint1.cpp **** //!     Software is furnished to do so, subject to the following conditions:
  27:funsape/peripheral/pcint1.cpp **** //!
  28:funsape/peripheral/pcint1.cpp **** //! The above copyright notice and this permission notice shall be included in
  29:funsape/peripheral/pcint1.cpp **** //!     all copies or substantial portions of the Software.
  30:funsape/peripheral/pcint1.cpp **** //!
  31:funsape/peripheral/pcint1.cpp **** //! THE SOFTWARE IS PROVIDED "AS IS", WITHOUT WARRANTY OF ANY KIND, EXPRESS OR
  32:funsape/peripheral/pcint1.cpp **** //!     IMPLIED, INCLUDING BUT NOT LIMITED TO THE WARRANTIES OF MERCHANTABILITY,
  33:funsape/peripheral/pcint1.cpp **** //!     FITNESS FOR A PARTICULAR PURPOSE AND NONINFRINGEMENT. IN NO EVENT SHALL
  34:funsape/peripheral/pcint1.cpp **** //!     THE AUTHORS OR COPYRIGHT HOLDERS BE LIABLE FOR ANY CLAIM, DAMAGES OR
  35:funsape/peripheral/pcint1.cpp **** //!     OTHER LIABILITY, WHETHER IN AN ACTION OF CONTRACT, TORT OR OTHERWISE,
  36:funsape/peripheral/pcint1.cpp **** //!     ARISING FROM, OUT OF OR IN CONNECTION WITH THE SOFTWARE OR THE USE OR
  37:funsape/peripheral/pcint1.cpp **** //!     OTHER DEALINGS IN THE SOFTWARE.
  38:funsape/peripheral/pcint1.cpp **** //!
  39:funsape/peripheral/pcint1.cpp **** //! ****************************************************************************
  40:funsape/peripheral/pcint1.cpp **** //!
  41:funsape/peripheral/pcint1.cpp **** 
  42:funsape/peripheral/pcint1.cpp **** // =============================================================================
  43:funsape/peripheral/pcint1.cpp **** // System file dependencies
GAS LISTING /tmp/ccAgpuZ1.s 			page 2


  44:funsape/peripheral/pcint1.cpp **** // =============================================================================
  45:funsape/peripheral/pcint1.cpp **** 
  46:funsape/peripheral/pcint1.cpp **** #include "pcint1.hpp"
  47:funsape/peripheral/pcint1.cpp **** #if !defined(__PCINT1_HPP)
  48:funsape/peripheral/pcint1.cpp **** #    error Error 1 - Header file (pcint1.hpp) is missing or corrupted!
  49:funsape/peripheral/pcint1.cpp **** #elif __PCINT1_HPP != 2604
  50:funsape/peripheral/pcint1.cpp **** #    error Error 6 - Build mismatch between header file (pcint1.hpp) and source file (pcint1.cpp)!
  51:funsape/peripheral/pcint1.cpp **** #endif
  52:funsape/peripheral/pcint1.cpp **** 
  53:funsape/peripheral/pcint1.cpp **** // =============================================================================
  54:funsape/peripheral/pcint1.cpp **** // File exclusive - Constants
  55:funsape/peripheral/pcint1.cpp **** // =============================================================================
  56:funsape/peripheral/pcint1.cpp **** 
  57:funsape/peripheral/pcint1.cpp **** // NONE
  58:funsape/peripheral/pcint1.cpp **** 
  59:funsape/peripheral/pcint1.cpp **** // =============================================================================
  60:funsape/peripheral/pcint1.cpp **** // File exclusive - New data types
  61:funsape/peripheral/pcint1.cpp **** // =============================================================================
  62:funsape/peripheral/pcint1.cpp **** 
  63:funsape/peripheral/pcint1.cpp **** // NONE
  64:funsape/peripheral/pcint1.cpp **** 
  65:funsape/peripheral/pcint1.cpp **** // =============================================================================
  66:funsape/peripheral/pcint1.cpp **** // File exclusive - Macro-functions
  67:funsape/peripheral/pcint1.cpp **** // =============================================================================
  68:funsape/peripheral/pcint1.cpp **** 
  69:funsape/peripheral/pcint1.cpp **** // NONE
  70:funsape/peripheral/pcint1.cpp **** 
  71:funsape/peripheral/pcint1.cpp **** // =============================================================================
  72:funsape/peripheral/pcint1.cpp **** // Global variables
  73:funsape/peripheral/pcint1.cpp **** // =============================================================================
  74:funsape/peripheral/pcint1.cpp **** 
  75:funsape/peripheral/pcint1.cpp **** Pcint1 Pcint1::_instance;
  76:funsape/peripheral/pcint1.cpp **** 
  77:funsape/peripheral/pcint1.cpp **** // =============================================================================
  78:funsape/peripheral/pcint1.cpp **** // Static functions declarations
  79:funsape/peripheral/pcint1.cpp **** // =============================================================================
  80:funsape/peripheral/pcint1.cpp **** 
  81:funsape/peripheral/pcint1.cpp **** // NONE
  82:funsape/peripheral/pcint1.cpp **** 
  83:funsape/peripheral/pcint1.cpp **** // =============================================================================
  84:funsape/peripheral/pcint1.cpp **** // Public function definitions
  85:funsape/peripheral/pcint1.cpp **** // =============================================================================
  86:funsape/peripheral/pcint1.cpp **** 
  87:funsape/peripheral/pcint1.cpp **** // NONE
  88:funsape/peripheral/pcint1.cpp **** 
  89:funsape/peripheral/pcint1.cpp **** // =============================================================================
  90:funsape/peripheral/pcint1.cpp **** // Class constructors
  91:funsape/peripheral/pcint1.cpp **** // =============================================================================
  92:funsape/peripheral/pcint1.cpp **** 
  93:funsape/peripheral/pcint1.cpp **** Pcint1::Pcint1() :
  16               		.loc 1 93 0
  17               		.cfi_startproc
  18               	.LVL0:
  19               	/* prologue: function */
  20               	/* frame size = 0 */
  21               	/* stack size = 0 */
  22               	.L__stack_usage = 0
GAS LISTING /tmp/ccAgpuZ1.s 			page 3


  23 0000 FC01      		movw r30,r24
  24               	.LBB16:
  94:funsape/peripheral/pcint1.cpp ****     _isInitialized(false),
  95:funsape/peripheral/pcint1.cpp ****     _lastError(Error::NONE),
  96:funsape/peripheral/pcint1.cpp ****     _enabledPins((Pcint1::Pin)0)
  25               		.loc 1 96 0
  26 0002 8081      		ld r24,Z
  27               	.LVL1:
  28 0004 8E7F      		andi r24,lo8(~(1<<0))
  29 0006 8083      		st Z,r24
  30 0008 1282      		std Z+2,__zero_reg__
  31 000a 1182      		std Z+1,__zero_reg__
  32 000c 1382      		std Z+3,__zero_reg__
  33               	/* epilogue start */
  34               	.LBE16:
  97:funsape/peripheral/pcint1.cpp **** {
  98:funsape/peripheral/pcint1.cpp ****     // Mark passage for debugging purpose
  99:funsape/peripheral/pcint1.cpp ****     debugMark(PSTR("Pcint1::Pcint1(void)"), Debug::CodeIndex::PCINT1_MODULE);
 100:funsape/peripheral/pcint1.cpp **** 
 101:funsape/peripheral/pcint1.cpp ****     // Returns successfully
 102:funsape/peripheral/pcint1.cpp ****     this->_lastError = Error::NONE;
 103:funsape/peripheral/pcint1.cpp ****     debugMessage(Error::NONE, Debug::CodeIndex::PCINT1_MODULE);
 104:funsape/peripheral/pcint1.cpp ****     return;
 105:funsape/peripheral/pcint1.cpp **** }
  35               		.loc 1 105 0
  36 000e 0895      		ret
  37               		.cfi_endproc
  38               	.LFE75:
  40               	.global	_ZN6Pcint1C1Ev
  41               		.set	_ZN6Pcint1C1Ev,_ZN6Pcint1C2Ev
  42               		.section	.text._ZN6Pcint1D2Ev,"ax",@progbits
  43               	.global	_ZN6Pcint1D2Ev
  45               	_ZN6Pcint1D2Ev:
  46               	.LFB78:
 106:funsape/peripheral/pcint1.cpp **** 
 107:funsape/peripheral/pcint1.cpp **** Pcint1::~Pcint1()
  47               		.loc 1 107 0
  48               		.cfi_startproc
  49               	.LVL2:
  50               	/* prologue: function */
  51               	/* frame size = 0 */
  52               	/* stack size = 0 */
  53               	.L__stack_usage = 0
  54               	/* epilogue start */
 108:funsape/peripheral/pcint1.cpp **** {
 109:funsape/peripheral/pcint1.cpp ****     // Mark passage for debugging purpose
 110:funsape/peripheral/pcint1.cpp ****     debugMark(PSTR("Pcint1::~Pcint1(void)"), Debug::CodeIndex::PCINT1_MODULE);
 111:funsape/peripheral/pcint1.cpp **** 
 112:funsape/peripheral/pcint1.cpp ****     // Returns successfully
 113:funsape/peripheral/pcint1.cpp ****     debugMessage(Error::NONE, Debug::CodeIndex::PCINT1_MODULE);
 114:funsape/peripheral/pcint1.cpp ****     return;
 115:funsape/peripheral/pcint1.cpp **** }
  55               		.loc 1 115 0
  56 0000 0895      		ret
  57               		.cfi_endproc
  58               	.LFE78:
  60               	.global	_ZN6Pcint1D1Ev
GAS LISTING /tmp/ccAgpuZ1.s 			page 4


  61               		.set	_ZN6Pcint1D1Ev,_ZN6Pcint1D2Ev
  62               		.section	.text._Z41__static_initialization_and_destruction_0ii,"ax",@progbits
  64               	_Z41__static_initialization_and_destruction_0ii:
  65               	.LFB86:
 116:funsape/peripheral/pcint1.cpp **** 
 117:funsape/peripheral/pcint1.cpp **** // =============================================================================
 118:funsape/peripheral/pcint1.cpp **** // Class own methods - Public
 119:funsape/peripheral/pcint1.cpp **** // =============================================================================
 120:funsape/peripheral/pcint1.cpp **** 
 121:funsape/peripheral/pcint1.cpp **** //     ///////////////////     CONTROL AND STATUS     ///////////////////     //
 122:funsape/peripheral/pcint1.cpp **** 
 123:funsape/peripheral/pcint1.cpp **** bool_t Pcint1::disablePins(const Pcint1::Pin disablePins_p)
 124:funsape/peripheral/pcint1.cpp **** {
 125:funsape/peripheral/pcint1.cpp ****     // Mark passage for debugging purpose
 126:funsape/peripheral/pcint1.cpp ****     debugMark(PSTR("Pcint1::disablePins(const Pcint1::Pin)"), Debug::CodeIndex::PCINT1_MODULE);
 127:funsape/peripheral/pcint1.cpp **** 
 128:funsape/peripheral/pcint1.cpp ****     // Local variables
 129:funsape/peripheral/pcint1.cpp ****     uint8_t auxPcmsk1   = MCU_PCINT1_SELECTION_REG;
 130:funsape/peripheral/pcint1.cpp ****     uint8_t aux8        = (uint8_t)this->_enabledPins;
 131:funsape/peripheral/pcint1.cpp **** 
 132:funsape/peripheral/pcint1.cpp ****     // Configure mode
 133:funsape/peripheral/pcint1.cpp ****     clrMaskOffset(auxPcmsk1, MCU_PCINT1_SELECTION_BIT_MASK, MCU_PCINT1_SELECTION_BIT_POS);
 134:funsape/peripheral/pcint1.cpp ****     clrMask(aux8, (uint8_t)disablePins_p);
 135:funsape/peripheral/pcint1.cpp ****     setMaskOffset(auxPcmsk1, aux8, MCU_PCINT1_SELECTION_BIT_POS);
 136:funsape/peripheral/pcint1.cpp **** 
 137:funsape/peripheral/pcint1.cpp ****     // Update registers
 138:funsape/peripheral/pcint1.cpp ****     MCU_PCINT1_SELECTION_REG            = auxPcmsk1;
 139:funsape/peripheral/pcint1.cpp **** 
 140:funsape/peripheral/pcint1.cpp ****     // Update class members
 141:funsape/peripheral/pcint1.cpp ****     this->_enabledPins  = (Pcint1::Pin)aux8;
 142:funsape/peripheral/pcint1.cpp **** 
 143:funsape/peripheral/pcint1.cpp ****     // Returns successfully
 144:funsape/peripheral/pcint1.cpp ****     this->_lastError = Error::NONE;
 145:funsape/peripheral/pcint1.cpp ****     debugMessage(Error::NONE, Debug::CodeIndex::PCINT1_MODULE);
 146:funsape/peripheral/pcint1.cpp ****     return true;
 147:funsape/peripheral/pcint1.cpp **** }
 148:funsape/peripheral/pcint1.cpp **** 
 149:funsape/peripheral/pcint1.cpp **** bool_t Pcint1::enablePins(const Pcint1::Pin enablePins_p)
 150:funsape/peripheral/pcint1.cpp **** {
 151:funsape/peripheral/pcint1.cpp ****     // Mark passage for debugging purpose
 152:funsape/peripheral/pcint1.cpp ****     debugMark(PSTR("Pcint1::enablePins(Pcint1::Pin)"), Debug::CodeIndex::PCINT1_MODULE);
 153:funsape/peripheral/pcint1.cpp **** 
 154:funsape/peripheral/pcint1.cpp ****     // Local variables
 155:funsape/peripheral/pcint1.cpp ****     uint8_t auxPcmsk1   = MCU_PCINT1_SELECTION_REG;
 156:funsape/peripheral/pcint1.cpp ****     uint8_t aux8        = (uint8_t)this->_enabledPins;
 157:funsape/peripheral/pcint1.cpp **** 
 158:funsape/peripheral/pcint1.cpp ****     // Configure mode
 159:funsape/peripheral/pcint1.cpp ****     clrMaskOffset(auxPcmsk1, MCU_PCINT1_SELECTION_BIT_MASK, MCU_PCINT1_SELECTION_BIT_POS);
 160:funsape/peripheral/pcint1.cpp ****     setMask(aux8, (uint8_t)enablePins_p);
 161:funsape/peripheral/pcint1.cpp ****     setMaskOffset(auxPcmsk1, aux8, MCU_PCINT1_SELECTION_BIT_POS);
 162:funsape/peripheral/pcint1.cpp **** 
 163:funsape/peripheral/pcint1.cpp ****     // Update registers
 164:funsape/peripheral/pcint1.cpp ****     MCU_PCINT1_SELECTION_REG            = auxPcmsk1;
 165:funsape/peripheral/pcint1.cpp **** 
 166:funsape/peripheral/pcint1.cpp ****     // Update class members
 167:funsape/peripheral/pcint1.cpp ****     this->_enabledPins  = (Pcint1::Pin)aux8;
 168:funsape/peripheral/pcint1.cpp **** 
GAS LISTING /tmp/ccAgpuZ1.s 			page 5


 169:funsape/peripheral/pcint1.cpp ****     // Returns successfully
 170:funsape/peripheral/pcint1.cpp ****     this->_lastError = Error::NONE;
 171:funsape/peripheral/pcint1.cpp ****     debugMessage(Error::NONE, Debug::CodeIndex::PCINT1_MODULE);
 172:funsape/peripheral/pcint1.cpp ****     return true;
 173:funsape/peripheral/pcint1.cpp **** }
 174:funsape/peripheral/pcint1.cpp **** 
 175:funsape/peripheral/pcint1.cpp **** bool_t Pcint1::init(const Pcint1::Pin enablePins_p)
 176:funsape/peripheral/pcint1.cpp **** {
 177:funsape/peripheral/pcint1.cpp ****     // Mark passage for debugging purpose
 178:funsape/peripheral/pcint1.cpp ****     debugMark(PSTR("Pcint1::init(const Pcint1::Pin)"), Debug::CodeIndex::PCINT1_MODULE);
 179:funsape/peripheral/pcint1.cpp **** 
 180:funsape/peripheral/pcint1.cpp ****     // Local variables
 181:funsape/peripheral/pcint1.cpp ****     uint8_t auxPcmsk1       = MCU_PCINT1_SELECTION_REG;
 182:funsape/peripheral/pcint1.cpp **** 
 183:funsape/peripheral/pcint1.cpp ****     // Configure mode
 184:funsape/peripheral/pcint1.cpp ****     clrMaskOffset(auxPcmsk1, MCU_PCINT1_SELECTION_BIT_MASK, MCU_PCINT1_SELECTION_BIT_POS);
 185:funsape/peripheral/pcint1.cpp ****     setMaskOffset(auxPcmsk1, ((uint8_t)enablePins_p), MCU_PCINT1_SELECTION_BIT_POS);
 186:funsape/peripheral/pcint1.cpp **** 
 187:funsape/peripheral/pcint1.cpp ****     // Update registers
 188:funsape/peripheral/pcint1.cpp ****     MCU_PCINT1_SELECTION_REG            = auxPcmsk1;
 189:funsape/peripheral/pcint1.cpp **** 
 190:funsape/peripheral/pcint1.cpp ****     // Update class members
 191:funsape/peripheral/pcint1.cpp ****     this->_enabledPins      = enablePins_p;
 192:funsape/peripheral/pcint1.cpp ****     this->_isInitialized    = true;
 193:funsape/peripheral/pcint1.cpp **** 
 194:funsape/peripheral/pcint1.cpp ****     // Returns successfully
 195:funsape/peripheral/pcint1.cpp ****     this->_lastError = Error::NONE;
 196:funsape/peripheral/pcint1.cpp ****     debugMessage(Error::NONE, Debug::CodeIndex::PCINT1_MODULE);
 197:funsape/peripheral/pcint1.cpp ****     return true;
 198:funsape/peripheral/pcint1.cpp **** }
 199:funsape/peripheral/pcint1.cpp **** 
 200:funsape/peripheral/pcint1.cpp **** bool_t Pcint1::setPinMode(const Pcint1::Pin pinList_p, const PinMode pinMode_p)
 201:funsape/peripheral/pcint1.cpp **** {
 202:funsape/peripheral/pcint1.cpp ****     // Mark passage for debugging purpose
 203:funsape/peripheral/pcint1.cpp ****     debugMark(PSTR("Pcint1::setPinMode(const Pcint1::Pin, const PinMode)"), Debug::CodeIndex::PCINT
 204:funsape/peripheral/pcint1.cpp **** 
 205:funsape/peripheral/pcint1.cpp ****     // Local variables
 206:funsape/peripheral/pcint1.cpp ****     uint8_t auxPinMask      = 0;
 207:funsape/peripheral/pcint1.cpp **** 
 208:funsape/peripheral/pcint1.cpp ****     // Pin mask generation
 209:funsape/peripheral/pcint1.cpp **** #if defined(MCU_PCINT1_PIN_8_EXISTS)
 210:funsape/peripheral/pcint1.cpp ****     if((bool_t)(pinList_p & Pcint1::Pin::PIN_PCINT8)) {
 211:funsape/peripheral/pcint1.cpp ****         auxPinMask |= (1 << MCU_PCINT1_GPIO_PCINT8_BIT);
 212:funsape/peripheral/pcint1.cpp ****     }
 213:funsape/peripheral/pcint1.cpp **** #endif
 214:funsape/peripheral/pcint1.cpp **** #if defined(MCU_PCINT1_PIN_9_EXISTS)
 215:funsape/peripheral/pcint1.cpp ****     if((bool_t)(pinList_p & Pcint1::Pin::PIN_PCINT9)) {
 216:funsape/peripheral/pcint1.cpp ****         auxPinMask |= (1 << MCU_PCINT1_GPIO_PCINT9_BIT);
 217:funsape/peripheral/pcint1.cpp ****     }
 218:funsape/peripheral/pcint1.cpp **** #endif
 219:funsape/peripheral/pcint1.cpp **** #if defined(MCU_PCINT1_PIN_10_EXISTS)
 220:funsape/peripheral/pcint1.cpp ****     if((bool_t)(pinList_p & Pcint1::Pin::PIN_PCINT10)) {
 221:funsape/peripheral/pcint1.cpp ****         auxPinMask |= (1 << MCU_PCINT1_GPIO_PCINT10_BIT);
 222:funsape/peripheral/pcint1.cpp ****     }
 223:funsape/peripheral/pcint1.cpp **** #endif
 224:funsape/peripheral/pcint1.cpp **** #if defined(MCU_PCINT1_PIN_11_EXISTS)
 225:funsape/peripheral/pcint1.cpp ****     if((bool_t)(pinList_p & Pcint1::Pin::PIN_PCINT11)) {
GAS LISTING /tmp/ccAgpuZ1.s 			page 6


 226:funsape/peripheral/pcint1.cpp ****         auxPinMask |= (1 << MCU_PCINT1_GPIO_PCINT11_BIT);
 227:funsape/peripheral/pcint1.cpp ****     }
 228:funsape/peripheral/pcint1.cpp **** #endif
 229:funsape/peripheral/pcint1.cpp **** #if defined(MCU_PCINT1_PIN_12_EXISTS)
 230:funsape/peripheral/pcint1.cpp ****     if((bool_t)(pinList_p & Pcint1::Pin::PIN_PCINT12)) {
 231:funsape/peripheral/pcint1.cpp ****         auxPinMask |= (1 << MCU_PCINT1_GPIO_PCINT12_BIT);
 232:funsape/peripheral/pcint1.cpp ****     }
 233:funsape/peripheral/pcint1.cpp **** #endif
 234:funsape/peripheral/pcint1.cpp **** #if defined(MCU_PCINT1_PIN_13_EXISTS)
 235:funsape/peripheral/pcint1.cpp ****     if((bool_t)(pinList_p & Pcint1::Pin::PIN_PCINT13)) {
 236:funsape/peripheral/pcint1.cpp ****         auxPinMask |= (1 << MCU_PCINT1_GPIO_PCINT13_BIT);
 237:funsape/peripheral/pcint1.cpp ****     }
 238:funsape/peripheral/pcint1.cpp **** #endif
 239:funsape/peripheral/pcint1.cpp **** #if defined(MCU_PCINT1_PIN_14_EXISTS)
 240:funsape/peripheral/pcint1.cpp ****     if((bool_t)(pinList_p & Pcint1::Pin::PIN_PCINT14)) {
 241:funsape/peripheral/pcint1.cpp ****         auxPinMask |= (1 << MCU_PCINT1_GPIO_PCINT14_BIT);
 242:funsape/peripheral/pcint1.cpp ****     }
 243:funsape/peripheral/pcint1.cpp **** #endif
 244:funsape/peripheral/pcint1.cpp **** #if defined(MCU_PCINT1_PIN_15_EXISTS)
 245:funsape/peripheral/pcint1.cpp ****     if((bool_t)(pinList_p & Pcint1::Pin::PIN_PCINT15)) {
 246:funsape/peripheral/pcint1.cpp ****         auxPinMask |= (1 << MCU_PCINT1_GPIO_PCINT15_BIT);
 247:funsape/peripheral/pcint1.cpp ****     }
 248:funsape/peripheral/pcint1.cpp **** #endif
 249:funsape/peripheral/pcint1.cpp **** 
 250:funsape/peripheral/pcint1.cpp ****     // Configure pin
 251:funsape/peripheral/pcint1.cpp ****     if(auxPinMask) {
 252:funsape/peripheral/pcint1.cpp ****         switch(pinMode_p) {
 253:funsape/peripheral/pcint1.cpp ****         case PinMode::INPUT_FLOATING:
 254:funsape/peripheral/pcint1.cpp ****             clrMask(MCU_PCINT1_GPIO_REG_DIR, auxPinMask);
 255:funsape/peripheral/pcint1.cpp ****             clrMask(MCU_PCINT1_GPIO_REG_OUT, auxPinMask);
 256:funsape/peripheral/pcint1.cpp ****             break;
 257:funsape/peripheral/pcint1.cpp ****         case PinMode::INPUT_PULLED_UP:
 258:funsape/peripheral/pcint1.cpp ****             clrMask(MCU_PCINT1_GPIO_REG_DIR, auxPinMask);
 259:funsape/peripheral/pcint1.cpp ****             setMask(MCU_PCINT1_GPIO_REG_OUT, auxPinMask);
 260:funsape/peripheral/pcint1.cpp ****             break;
 261:funsape/peripheral/pcint1.cpp ****         case PinMode::OUTPUT_PUSH_PULL:
 262:funsape/peripheral/pcint1.cpp ****             setMask(MCU_PCINT1_GPIO_REG_DIR, auxPinMask);
 263:funsape/peripheral/pcint1.cpp ****             break;
 264:funsape/peripheral/pcint1.cpp ****         }
 265:funsape/peripheral/pcint1.cpp ****     }
 266:funsape/peripheral/pcint1.cpp **** 
 267:funsape/peripheral/pcint1.cpp ****     // Returns successfully
 268:funsape/peripheral/pcint1.cpp ****     this->_lastError = Error::NONE;
 269:funsape/peripheral/pcint1.cpp ****     debugMessage(Error::NONE, Debug::CodeIndex::PCINT1_MODULE);
 270:funsape/peripheral/pcint1.cpp ****     return true;
 271:funsape/peripheral/pcint1.cpp **** }
 272:funsape/peripheral/pcint1.cpp **** 
 273:funsape/peripheral/pcint1.cpp **** // =============================================================================
 274:funsape/peripheral/pcint1.cpp **** // Class own methods - Private
 275:funsape/peripheral/pcint1.cpp **** // =============================================================================
 276:funsape/peripheral/pcint1.cpp **** 
 277:funsape/peripheral/pcint1.cpp **** // NONE
 278:funsape/peripheral/pcint1.cpp **** 
 279:funsape/peripheral/pcint1.cpp **** // =============================================================================
 280:funsape/peripheral/pcint1.cpp **** // Class own methods - Protected
 281:funsape/peripheral/pcint1.cpp **** // =============================================================================
 282:funsape/peripheral/pcint1.cpp **** 
GAS LISTING /tmp/ccAgpuZ1.s 			page 7


 283:funsape/peripheral/pcint1.cpp **** // NONE
 284:funsape/peripheral/pcint1.cpp **** 
 285:funsape/peripheral/pcint1.cpp **** // =============================================================================
 286:funsape/peripheral/pcint1.cpp **** // Static functions definitions
 287:funsape/peripheral/pcint1.cpp **** // =============================================================================
 288:funsape/peripheral/pcint1.cpp **** 
 289:funsape/peripheral/pcint1.cpp **** // NONE
 290:funsape/peripheral/pcint1.cpp **** 
 291:funsape/peripheral/pcint1.cpp **** // =============================================================================
 292:funsape/peripheral/pcint1.cpp **** // Interrupt callback functions
 293:funsape/peripheral/pcint1.cpp **** // =============================================================================
 294:funsape/peripheral/pcint1.cpp **** 
 295:funsape/peripheral/pcint1.cpp **** void weakened pcint1InterruptCallback(void)
 296:funsape/peripheral/pcint1.cpp **** {
 297:funsape/peripheral/pcint1.cpp ****     return;
 298:funsape/peripheral/pcint1.cpp **** }
 299:funsape/peripheral/pcint1.cpp **** 
 300:funsape/peripheral/pcint1.cpp **** // =============================================================================
 301:funsape/peripheral/pcint1.cpp **** // Interrupt handlers
 302:funsape/peripheral/pcint1.cpp **** // =============================================================================
 303:funsape/peripheral/pcint1.cpp **** 
 304:funsape/peripheral/pcint1.cpp **** //!
 305:funsape/peripheral/pcint1.cpp **** //! @cond
 306:funsape/peripheral/pcint1.cpp **** //!
 307:funsape/peripheral/pcint1.cpp **** 
 308:funsape/peripheral/pcint1.cpp **** ISR(PCINT1_vect)
 309:funsape/peripheral/pcint1.cpp **** {
 310:funsape/peripheral/pcint1.cpp ****     pcint1InterruptCallback();
 311:funsape/peripheral/pcint1.cpp **** }
  66               		.loc 1 311 0
  67               		.cfi_startproc
  68               	.LVL3:
  69               	/* prologue: function */
  70               	/* frame size = 0 */
  71               	/* stack size = 0 */
  72               	.L__stack_usage = 0
  73               		.loc 1 311 0
  74 0000 0197      		sbiw r24,1
  75 0002 01F0      		breq .L5
  76               	.LVL4:
  77               	.L3:
  78               	/* epilogue start */
  79 0004 0895      		ret
  80               	.LVL5:
  81               	.L5:
  82               		.loc 1 311 0 is_stmt 0 discriminator 1
  83 0006 6F3F      		cpi r22,-1
  84 0008 7F4F      		sbci r23,-1
  85               	.LVL6:
  86 000a 01F4      		brne .L3
  75:funsape/peripheral/pcint1.cpp **** 
  87               		.loc 1 75 0 is_stmt 1
  88 000c 80E0      		ldi r24,lo8(_ZN6Pcint19_instanceE)
  89 000e 90E0      		ldi r25,hi8(_ZN6Pcint19_instanceE)
  90 0010 0E94 0000 		call _ZN6Pcint1C1Ev
  91               	.LVL7:
  92               		.loc 1 311 0
GAS LISTING /tmp/ccAgpuZ1.s 			page 8


  93 0014 00C0      		rjmp .L3
  94               		.cfi_endproc
  95               	.LFE86:
  97               		.section	.text._ZN6Pcint111disablePinsENS_3PinE,"ax",@progbits
  98               	.global	_ZN6Pcint111disablePinsENS_3PinE
 100               	_ZN6Pcint111disablePinsENS_3PinE:
 101               	.LFB80:
 124:funsape/peripheral/pcint1.cpp ****     // Mark passage for debugging purpose
 102               		.loc 1 124 0
 103               		.cfi_startproc
 104               	.LVL8:
 105               	/* prologue: function */
 106               	/* frame size = 0 */
 107               	/* stack size = 0 */
 108               	.L__stack_usage = 0
 109 0000 FC01      		movw r30,r24
 129:funsape/peripheral/pcint1.cpp ****     uint8_t aux8        = (uint8_t)this->_enabledPins;
 110               		.loc 1 129 0
 111 0002 ACE6      		ldi r26,lo8(108)
 112 0004 B0E0      		ldi r27,0
 113 0006 9C91      		ld r25,X
 114               	.LVL9:
 130:funsape/peripheral/pcint1.cpp **** 
 115               		.loc 1 130 0
 116 0008 8381      		ldd r24,Z+3
 117               	.LVL10:
 133:funsape/peripheral/pcint1.cpp ****     clrMask(aux8, (uint8_t)disablePins_p);
 118               		.loc 1 133 0
 119 000a 9078      		andi r25,lo8(-128)
 120               	.LVL11:
 134:funsape/peripheral/pcint1.cpp ****     setMaskOffset(auxPcmsk1, aux8, MCU_PCINT1_SELECTION_BIT_POS);
 121               		.loc 1 134 0
 122 000c 6095      		com r22
 123               	.LVL12:
 124 000e 6823      		and r22,r24
 125               	.LVL13:
 135:funsape/peripheral/pcint1.cpp **** 
 126               		.loc 1 135 0
 127 0010 962B      		or r25,r22
 128               	.LVL14:
 138:funsape/peripheral/pcint1.cpp **** 
 129               		.loc 1 138 0
 130 0012 9C93      		st X,r25
 141:funsape/peripheral/pcint1.cpp **** 
 131               		.loc 1 141 0
 132 0014 6383      		std Z+3,r22
 144:funsape/peripheral/pcint1.cpp ****     debugMessage(Error::NONE, Debug::CodeIndex::PCINT1_MODULE);
 133               		.loc 1 144 0
 134 0016 1282      		std Z+2,__zero_reg__
 135 0018 1182      		std Z+1,__zero_reg__
 136               	.LVL15:
 147:funsape/peripheral/pcint1.cpp **** 
 137               		.loc 1 147 0
 138 001a 81E0      		ldi r24,lo8(1)
 139               	/* epilogue start */
 140 001c 0895      		ret
 141               		.cfi_endproc
GAS LISTING /tmp/ccAgpuZ1.s 			page 9


 142               	.LFE80:
 144               		.section	.text._ZN6Pcint110enablePinsENS_3PinE,"ax",@progbits
 145               	.global	_ZN6Pcint110enablePinsENS_3PinE
 147               	_ZN6Pcint110enablePinsENS_3PinE:
 148               	.LFB81:
 150:funsape/peripheral/pcint1.cpp ****     // Mark passage for debugging purpose
 149               		.loc 1 150 0
 150               		.cfi_startproc
 151               	.LVL16:
 152               	/* prologue: function */
 153               	/* frame size = 0 */
 154               	/* stack size = 0 */
 155               	.L__stack_usage = 0
 156 0000 FC01      		movw r30,r24
 155:funsape/peripheral/pcint1.cpp ****     uint8_t aux8        = (uint8_t)this->_enabledPins;
 157               		.loc 1 155 0
 158 0002 ACE6      		ldi r26,lo8(108)
 159 0004 B0E0      		ldi r27,0
 160 0006 9C91      		ld r25,X
 161               	.LVL17:
 156:funsape/peripheral/pcint1.cpp **** 
 162               		.loc 1 156 0
 163 0008 2381      		ldd r18,Z+3
 164               	.LVL18:
 159:funsape/peripheral/pcint1.cpp ****     setMask(aux8, (uint8_t)enablePins_p);
 165               		.loc 1 159 0
 166 000a 9078      		andi r25,lo8(-128)
 167               	.LVL19:
 160:funsape/peripheral/pcint1.cpp ****     setMaskOffset(auxPcmsk1, aux8, MCU_PCINT1_SELECTION_BIT_POS);
 168               		.loc 1 160 0
 169 000c 622B      		or r22,r18
 170               	.LVL20:
 161:funsape/peripheral/pcint1.cpp **** 
 171               		.loc 1 161 0
 172 000e 962B      		or r25,r22
 173               	.LVL21:
 164:funsape/peripheral/pcint1.cpp **** 
 174               		.loc 1 164 0
 175 0010 9C93      		st X,r25
 167:funsape/peripheral/pcint1.cpp **** 
 176               		.loc 1 167 0
 177 0012 6383      		std Z+3,r22
 170:funsape/peripheral/pcint1.cpp ****     debugMessage(Error::NONE, Debug::CodeIndex::PCINT1_MODULE);
 178               		.loc 1 170 0
 179 0014 1282      		std Z+2,__zero_reg__
 180 0016 1182      		std Z+1,__zero_reg__
 181               	.LVL22:
 173:funsape/peripheral/pcint1.cpp **** 
 182               		.loc 1 173 0
 183 0018 81E0      		ldi r24,lo8(1)
 184               	.LVL23:
 185               	/* epilogue start */
 186 001a 0895      		ret
 187               		.cfi_endproc
 188               	.LFE81:
 190               		.section	.text._ZN6Pcint14initENS_3PinE,"ax",@progbits
 191               	.global	_ZN6Pcint14initENS_3PinE
GAS LISTING /tmp/ccAgpuZ1.s 			page 10


 193               	_ZN6Pcint14initENS_3PinE:
 194               	.LFB82:
 176:funsape/peripheral/pcint1.cpp ****     // Mark passage for debugging purpose
 195               		.loc 1 176 0
 196               		.cfi_startproc
 197               	.LVL24:
 198               	/* prologue: function */
 199               	/* frame size = 0 */
 200               	/* stack size = 0 */
 201               	.L__stack_usage = 0
 202 0000 FC01      		movw r30,r24
 181:funsape/peripheral/pcint1.cpp **** 
 203               		.loc 1 181 0
 204 0002 ACE6      		ldi r26,lo8(108)
 205 0004 B0E0      		ldi r27,0
 206 0006 9C91      		ld r25,X
 207               	.LVL25:
 184:funsape/peripheral/pcint1.cpp ****     setMaskOffset(auxPcmsk1, ((uint8_t)enablePins_p), MCU_PCINT1_SELECTION_BIT_POS);
 208               		.loc 1 184 0
 209 0008 9078      		andi r25,lo8(-128)
 210               	.LVL26:
 185:funsape/peripheral/pcint1.cpp **** 
 211               		.loc 1 185 0
 212 000a 962B      		or r25,r22
 213               	.LVL27:
 188:funsape/peripheral/pcint1.cpp **** 
 214               		.loc 1 188 0
 215 000c 9C93      		st X,r25
 191:funsape/peripheral/pcint1.cpp ****     this->_isInitialized    = true;
 216               		.loc 1 191 0
 217 000e 6383      		std Z+3,r22
 192:funsape/peripheral/pcint1.cpp **** 
 218               		.loc 1 192 0
 219 0010 8081      		ld r24,Z
 220               	.LVL28:
 221 0012 8160      		ori r24,lo8(1<<0)
 222 0014 8083      		st Z,r24
 195:funsape/peripheral/pcint1.cpp ****     debugMessage(Error::NONE, Debug::CodeIndex::PCINT1_MODULE);
 223               		.loc 1 195 0
 224 0016 1282      		std Z+2,__zero_reg__
 225 0018 1182      		std Z+1,__zero_reg__
 226               	.LVL29:
 198:funsape/peripheral/pcint1.cpp **** 
 227               		.loc 1 198 0
 228 001a 81E0      		ldi r24,lo8(1)
 229               	/* epilogue start */
 230 001c 0895      		ret
 231               		.cfi_endproc
 232               	.LFE82:
 234               		.section	.text._ZN6Pcint110setPinModeENS_3PinE7PinMode,"ax",@progbits
 235               	.global	_ZN6Pcint110setPinModeENS_3PinE7PinMode
 237               	_ZN6Pcint110setPinModeENS_3PinE7PinMode:
 238               	.LFB83:
 201:funsape/peripheral/pcint1.cpp ****     // Mark passage for debugging purpose
 239               		.loc 1 201 0
 240               		.cfi_startproc
 241               	.LVL30:
GAS LISTING /tmp/ccAgpuZ1.s 			page 11


 242               	/* prologue: function */
 243               	/* frame size = 0 */
 244               	/* stack size = 0 */
 245               	.L__stack_usage = 0
 246 0000 FC01      		movw r30,r24
 247               	.LVL31:
 210:funsape/peripheral/pcint1.cpp ****         auxPinMask |= (1 << MCU_PCINT1_GPIO_PCINT8_BIT);
 248               		.loc 1 210 0
 249 0002 60FD      		sbrc r22,0
 250 0004 00C0      		rjmp .L21
 206:funsape/peripheral/pcint1.cpp **** 
 251               		.loc 1 206 0
 252 0006 90E0      		ldi r25,0
 253               	.L10:
 254               	.LVL32:
 215:funsape/peripheral/pcint1.cpp ****         auxPinMask |= (1 << MCU_PCINT1_GPIO_PCINT9_BIT);
 255               		.loc 1 215 0
 256 0008 61FD      		sbrc r22,1
 216:funsape/peripheral/pcint1.cpp ****     }
 257               		.loc 1 216 0
 258 000a 9260      		ori r25,lo8(2)
 259               	.LVL33:
 260               	.L11:
 220:funsape/peripheral/pcint1.cpp ****         auxPinMask |= (1 << MCU_PCINT1_GPIO_PCINT10_BIT);
 261               		.loc 1 220 0
 262 000c 62FD      		sbrc r22,2
 221:funsape/peripheral/pcint1.cpp ****     }
 263               		.loc 1 221 0
 264 000e 9460      		ori r25,lo8(4)
 265               	.LVL34:
 266               	.L12:
 225:funsape/peripheral/pcint1.cpp ****         auxPinMask |= (1 << MCU_PCINT1_GPIO_PCINT11_BIT);
 267               		.loc 1 225 0
 268 0010 63FD      		sbrc r22,3
 226:funsape/peripheral/pcint1.cpp ****     }
 269               		.loc 1 226 0
 270 0012 9860      		ori r25,lo8(8)
 271               	.LVL35:
 272               	.L13:
 230:funsape/peripheral/pcint1.cpp ****         auxPinMask |= (1 << MCU_PCINT1_GPIO_PCINT12_BIT);
 273               		.loc 1 230 0
 274 0014 64FD      		sbrc r22,4
 231:funsape/peripheral/pcint1.cpp ****     }
 275               		.loc 1 231 0
 276 0016 9061      		ori r25,lo8(16)
 277               	.LVL36:
 278               	.L14:
 235:funsape/peripheral/pcint1.cpp ****         auxPinMask |= (1 << MCU_PCINT1_GPIO_PCINT13_BIT);
 279               		.loc 1 235 0
 280 0018 65FD      		sbrc r22,5
 236:funsape/peripheral/pcint1.cpp ****     }
 281               		.loc 1 236 0
 282 001a 9062      		ori r25,lo8(32)
 283               	.LVL37:
 284               	.L15:
 240:funsape/peripheral/pcint1.cpp ****         auxPinMask |= (1 << MCU_PCINT1_GPIO_PCINT14_BIT);
 285               		.loc 1 240 0
GAS LISTING /tmp/ccAgpuZ1.s 			page 12


 286 001c 66FD      		sbrc r22,6
 241:funsape/peripheral/pcint1.cpp ****     }
 287               		.loc 1 241 0
 288 001e 9064      		ori r25,lo8(64)
 289               	.LVL38:
 290               	.L16:
 251:funsape/peripheral/pcint1.cpp ****         switch(pinMode_p) {
 291               		.loc 1 251 0
 292 0020 9923      		tst r25
 293 0022 01F0      		breq .L17
 252:funsape/peripheral/pcint1.cpp ****         case PinMode::INPUT_FLOATING:
 294               		.loc 1 252 0
 295 0024 4130      		cpi r20,lo8(1)
 296 0026 01F0      		breq .L18
 297 0028 00F0      		brlo .L19
 298 002a 4230      		cpi r20,lo8(2)
 299 002c 01F0      		breq .L20
 300               	.LVL39:
 301               	.L17:
 268:funsape/peripheral/pcint1.cpp ****     debugMessage(Error::NONE, Debug::CodeIndex::PCINT1_MODULE);
 302               		.loc 1 268 0
 303 002e 1282      		std Z+2,__zero_reg__
 304 0030 1182      		std Z+1,__zero_reg__
 271:funsape/peripheral/pcint1.cpp **** 
 305               		.loc 1 271 0
 306 0032 81E0      		ldi r24,lo8(1)
 307               	/* epilogue start */
 308 0034 0895      		ret
 309               	.LVL40:
 310               	.L21:
 211:funsape/peripheral/pcint1.cpp ****     }
 311               		.loc 1 211 0
 312 0036 91E0      		ldi r25,lo8(1)
 313 0038 00C0      		rjmp .L10
 314               	.LVL41:
 315               	.L19:
 254:funsape/peripheral/pcint1.cpp ****             clrMask(MCU_PCINT1_GPIO_REG_OUT, auxPinMask);
 316               		.loc 1 254 0
 317 003a 87B1      		in r24,0x7
 318               	.LVL42:
 319 003c 9095      		com r25
 320               	.LVL43:
 321 003e 8923      		and r24,r25
 322 0040 87B9      		out 0x7,r24
 255:funsape/peripheral/pcint1.cpp ****             break;
 323               		.loc 1 255 0
 324 0042 88B1      		in r24,0x8
 325 0044 9823      		and r25,r24
 326               	.LVL44:
 327 0046 98B9      		out 0x8,r25
 256:funsape/peripheral/pcint1.cpp ****         case PinMode::INPUT_PULLED_UP:
 328               		.loc 1 256 0
 329 0048 00C0      		rjmp .L17
 330               	.LVL45:
 331               	.L18:
 258:funsape/peripheral/pcint1.cpp ****             setMask(MCU_PCINT1_GPIO_REG_OUT, auxPinMask);
 332               		.loc 1 258 0
GAS LISTING /tmp/ccAgpuZ1.s 			page 13


 333 004a 27B1      		in r18,0x7
 334 004c 892F      		mov r24,r25
 335               	.LVL46:
 336 004e 8095      		com r24
 337 0050 8223      		and r24,r18
 338 0052 87B9      		out 0x7,r24
 259:funsape/peripheral/pcint1.cpp ****             break;
 339               		.loc 1 259 0
 340 0054 88B1      		in r24,0x8
 341 0056 982B      		or r25,r24
 342               	.LVL47:
 343 0058 98B9      		out 0x8,r25
 260:funsape/peripheral/pcint1.cpp ****         case PinMode::OUTPUT_PUSH_PULL:
 344               		.loc 1 260 0
 345 005a 00C0      		rjmp .L17
 346               	.LVL48:
 347               	.L20:
 262:funsape/peripheral/pcint1.cpp ****             break;
 348               		.loc 1 262 0
 349 005c 87B1      		in r24,0x7
 350               	.LVL49:
 351 005e 982B      		or r25,r24
 352               	.LVL50:
 353 0060 97B9      		out 0x7,r25
 263:funsape/peripheral/pcint1.cpp ****         }
 354               		.loc 1 263 0
 355 0062 00C0      		rjmp .L17
 356               		.cfi_endproc
 357               	.LFE83:
 359               		.section	.text._Z23pcint1InterruptCallbackv,"ax",@progbits
 360               		.weak	_Z23pcint1InterruptCallbackv
 362               	_Z23pcint1InterruptCallbackv:
 363               	.LFB84:
 296:funsape/peripheral/pcint1.cpp ****     return;
 364               		.loc 1 296 0
 365               		.cfi_startproc
 366               	/* prologue: function */
 367               	/* frame size = 0 */
 368               	/* stack size = 0 */
 369               	.L__stack_usage = 0
 370               	/* epilogue start */
 298:funsape/peripheral/pcint1.cpp **** 
 371               		.loc 1 298 0
 372 0000 0895      		ret
 373               		.cfi_endproc
 374               	.LFE84:
 376               		.section	.text.__vector_4,"ax",@progbits
 377               	.global	__vector_4
 379               	__vector_4:
 380               	.LFB85:
 309:funsape/peripheral/pcint1.cpp ****     pcint1InterruptCallback();
 381               		.loc 1 309 0
 382               		.cfi_startproc
 383 0000 1F92      		push r1
 384               	.LCFI0:
 385               		.cfi_def_cfa_offset 3
 386               		.cfi_offset 1, -2
GAS LISTING /tmp/ccAgpuZ1.s 			page 14


 387 0002 0F92      		push r0
 388               	.LCFI1:
 389               		.cfi_def_cfa_offset 4
 390               		.cfi_offset 0, -3
 391 0004 0FB6      		in r0,__SREG__
 392 0006 0F92      		push r0
 393 0008 1124      		clr __zero_reg__
 394 000a 2F93      		push r18
 395               	.LCFI2:
 396               		.cfi_def_cfa_offset 5
 397               		.cfi_offset 18, -4
 398 000c 3F93      		push r19
 399               	.LCFI3:
 400               		.cfi_def_cfa_offset 6
 401               		.cfi_offset 19, -5
 402 000e 4F93      		push r20
 403               	.LCFI4:
 404               		.cfi_def_cfa_offset 7
 405               		.cfi_offset 20, -6
 406 0010 5F93      		push r21
 407               	.LCFI5:
 408               		.cfi_def_cfa_offset 8
 409               		.cfi_offset 21, -7
 410 0012 6F93      		push r22
 411               	.LCFI6:
 412               		.cfi_def_cfa_offset 9
 413               		.cfi_offset 22, -8
 414 0014 7F93      		push r23
 415               	.LCFI7:
 416               		.cfi_def_cfa_offset 10
 417               		.cfi_offset 23, -9
 418 0016 8F93      		push r24
 419               	.LCFI8:
 420               		.cfi_def_cfa_offset 11
 421               		.cfi_offset 24, -10
 422 0018 9F93      		push r25
 423               	.LCFI9:
 424               		.cfi_def_cfa_offset 12
 425               		.cfi_offset 25, -11
 426 001a AF93      		push r26
 427               	.LCFI10:
 428               		.cfi_def_cfa_offset 13
 429               		.cfi_offset 26, -12
 430 001c BF93      		push r27
 431               	.LCFI11:
 432               		.cfi_def_cfa_offset 14
 433               		.cfi_offset 27, -13
 434 001e EF93      		push r30
 435               	.LCFI12:
 436               		.cfi_def_cfa_offset 15
 437               		.cfi_offset 30, -14
 438 0020 FF93      		push r31
 439               	.LCFI13:
 440               		.cfi_def_cfa_offset 16
 441               		.cfi_offset 31, -15
 442               	/* prologue: Signal */
 443               	/* frame size = 0 */
GAS LISTING /tmp/ccAgpuZ1.s 			page 15


 444               	/* stack size = 15 */
 445               	.L__stack_usage = 15
 310:funsape/peripheral/pcint1.cpp **** }
 446               		.loc 1 310 0
 447 0022 0E94 0000 		call _Z23pcint1InterruptCallbackv
 448               	.LVL51:
 449               	/* epilogue start */
 450               		.loc 1 311 0
 451 0026 FF91      		pop r31
 452 0028 EF91      		pop r30
 453 002a BF91      		pop r27
 454 002c AF91      		pop r26
 455 002e 9F91      		pop r25
 456 0030 8F91      		pop r24
 457 0032 7F91      		pop r23
 458 0034 6F91      		pop r22
 459 0036 5F91      		pop r21
 460 0038 4F91      		pop r20
 461 003a 3F91      		pop r19
 462 003c 2F91      		pop r18
 463 003e 0F90      		pop r0
 464 0040 0FBE      		out __SREG__,r0
 465 0042 0F90      		pop r0
 466 0044 1F90      		pop r1
 467 0046 1895      		reti
 468               		.cfi_endproc
 469               	.LFE85:
 471               		.section	.text._GLOBAL__sub_I__ZN6Pcint19_instanceE,"ax",@progbits
 473               	_GLOBAL__sub_I__ZN6Pcint19_instanceE:
 474               	.LFB87:
 475               		.loc 1 311 0
 476               		.cfi_startproc
 477               	/* prologue: function */
 478               	/* frame size = 0 */
 479               	/* stack size = 0 */
 480               	.L__stack_usage = 0
 481               		.loc 1 311 0
 482 0000 6FEF      		ldi r22,lo8(-1)
 483 0002 7FEF      		ldi r23,lo8(-1)
 484 0004 81E0      		ldi r24,lo8(1)
 485 0006 90E0      		ldi r25,0
 486 0008 0E94 0000 		call _Z41__static_initialization_and_destruction_0ii
 487               	.LVL52:
 488               	/* epilogue start */
 489 000c 0895      		ret
 490               		.cfi_endproc
 491               	.LFE87:
 493               		.global __do_global_ctors
 494               		.section .ctors,"a",@progbits
 495               		.p2align	1
 496 0000 0000      		.word	gs(_GLOBAL__sub_I__ZN6Pcint19_instanceE)
 497               		.section	.text._GLOBAL__sub_D__ZN6Pcint19_instanceE,"ax",@progbits
 499               	_GLOBAL__sub_D__ZN6Pcint19_instanceE:
 500               	.LFB88:
 501               		.loc 1 311 0
 502               		.cfi_startproc
 503               	/* prologue: function */
GAS LISTING /tmp/ccAgpuZ1.s 			page 16


 504               	/* frame size = 0 */
 505               	/* stack size = 0 */
 506               	.L__stack_usage = 0
 507               		.loc 1 311 0
 508 0000 6FEF      		ldi r22,lo8(-1)
 509 0002 7FEF      		ldi r23,lo8(-1)
 510 0004 90E0      		ldi r25,0
 511 0006 80E0      		ldi r24,0
 512 0008 0E94 0000 		call _Z41__static_initialization_and_destruction_0ii
 513               	.LVL53:
 514               	/* epilogue start */
 515 000c 0895      		ret
 516               		.cfi_endproc
 517               	.LFE88:
 519               		.global __do_global_dtors
 520               		.section .dtors,"a",@progbits
 521               		.p2align	1
 522 0000 0000      		.word	gs(_GLOBAL__sub_D__ZN6Pcint19_instanceE)
 523               	.global	_ZN6Pcint19_instanceE
 524               		.section	.bss._ZN6Pcint19_instanceE,"aw",@nobits
 527               	_ZN6Pcint19_instanceE:
 528 0000 0000 0000 		.zero	4
 529               		.text
 530               	.Letext0:
 531               		.file 2 "/usr/lib/avr/include/stdint.h"
 532               		.file 3 "funsape/peripheral/../config/atmega328p.hpp"
 533               		.file 4 "/usr/lib/avr/include/stdio.h"
 534               		.file 5 "funsape/peripheral/../globalDefines.hpp"
 535               		.file 6 "funsape/peripheral/../util/debug.hpp"
 536               		.file 7 "funsape/peripheral/pcint1.hpp"
GAS LISTING /tmp/ccAgpuZ1.s 			page 17


DEFINED SYMBOLS
                            *ABS*:0000000000000000 pcint1.cpp
     /tmp/ccAgpuZ1.s:2      *ABS*:000000000000003e __SP_H__
     /tmp/ccAgpuZ1.s:3      *ABS*:000000000000003d __SP_L__
     /tmp/ccAgpuZ1.s:4      *ABS*:000000000000003f __SREG__
     /tmp/ccAgpuZ1.s:5      *ABS*:0000000000000000 __tmp_reg__
     /tmp/ccAgpuZ1.s:6      *ABS*:0000000000000001 __zero_reg__
     /tmp/ccAgpuZ1.s:13     .text._ZN6Pcint1C2Ev:0000000000000000 _ZN6Pcint1C2Ev
     /tmp/ccAgpuZ1.s:13     .text._ZN6Pcint1C2Ev:0000000000000000 _ZN6Pcint1C1Ev
     /tmp/ccAgpuZ1.s:45     .text._ZN6Pcint1D2Ev:0000000000000000 _ZN6Pcint1D2Ev
     /tmp/ccAgpuZ1.s:45     .text._ZN6Pcint1D2Ev:0000000000000000 _ZN6Pcint1D1Ev
     /tmp/ccAgpuZ1.s:64     .text._Z41__static_initialization_and_destruction_0ii:0000000000000000 _Z41__static_initialization_and_destruction_0ii
     /tmp/ccAgpuZ1.s:527    .bss._ZN6Pcint19_instanceE:0000000000000000 _ZN6Pcint19_instanceE
     /tmp/ccAgpuZ1.s:100    .text._ZN6Pcint111disablePinsENS_3PinE:0000000000000000 _ZN6Pcint111disablePinsENS_3PinE
     /tmp/ccAgpuZ1.s:147    .text._ZN6Pcint110enablePinsENS_3PinE:0000000000000000 _ZN6Pcint110enablePinsENS_3PinE
     /tmp/ccAgpuZ1.s:193    .text._ZN6Pcint14initENS_3PinE:0000000000000000 _ZN6Pcint14initENS_3PinE
     /tmp/ccAgpuZ1.s:237    .text._ZN6Pcint110setPinModeENS_3PinE7PinMode:0000000000000000 _ZN6Pcint110setPinModeENS_3PinE7PinMode
     /tmp/ccAgpuZ1.s:362    .text._Z23pcint1InterruptCallbackv:0000000000000000 _Z23pcint1InterruptCallbackv
     /tmp/ccAgpuZ1.s:379    .text.__vector_4:0000000000000000 __vector_4
     /tmp/ccAgpuZ1.s:473    .text._GLOBAL__sub_I__ZN6Pcint19_instanceE:0000000000000000 _GLOBAL__sub_I__ZN6Pcint19_instanceE
     /tmp/ccAgpuZ1.s:499    .text._GLOBAL__sub_D__ZN6Pcint19_instanceE:0000000000000000 _GLOBAL__sub_D__ZN6Pcint19_instanceE

UNDEFINED SYMBOLS
__do_global_ctors
__do_global_dtors
__do_clear_bss
