GAS LISTING /tmp/cc5YT0ux.s 			page 1


   1               		.file	"sevenSegmentsDisplay.cpp"
   2               	__SP_H__ = 0x3e
   3               	__SP_L__ = 0x3d
   4               	__SREG__ = 0x3f
   5               	__tmp_reg__ = 0
   6               	__zero_reg__ = 1
   7               		.text
   8               	.Ltext0:
   9               		.cfi_sections	.debug_frame
  10               		.section	.text._Z22convertToSevenSegmentshb24SevenSegmentsDisplayType,"ax",@progbits
  11               	.global	_Z22convertToSevenSegmentshb24SevenSegmentsDisplayType
  13               	_Z22convertToSevenSegmentshb24SevenSegmentsDisplayType:
  14               	.LFB30:
  15               		.file 1 "funsape/device/sevenSegmentsDisplay.cpp"
   1:funsape/device/sevenSegmentsDisplay.cpp **** //!
   2:funsape/device/sevenSegmentsDisplay.cpp **** //! ****************************************************************************
   3:funsape/device/sevenSegmentsDisplay.cpp **** //! @file           sevenSegmentsDisplay.cpp
   4:funsape/device/sevenSegmentsDisplay.cpp **** //! @author         Leandro Schwarz (bladabuska+funsapeavr8lib@gmail.com)
   5:funsape/device/sevenSegmentsDisplay.cpp **** //! @brief          Seven Segments Display module interface for the FunSAPE++
   6:funsape/device/sevenSegmentsDisplay.cpp **** //!                     AVR8 Library.
   7:funsape/device/sevenSegmentsDisplay.cpp **** //! @details        This file provides driver interface with the seven segments
   8:funsape/device/sevenSegmentsDisplay.cpp **** //!                     display with support to both common anode and common
   9:funsape/device/sevenSegmentsDisplay.cpp **** //!                     cathode displays. The following special characters were
  10:funsape/device/sevenSegmentsDisplay.cpp **** //!                     also implemented: dash, H, i, j, L, n, O, P, q, r, S, t,
  11:funsape/device/sevenSegmentsDisplay.cpp **** //!                     U, y, display off.
  12:funsape/device/sevenSegmentsDisplay.cpp **** //! @date           2026-04-02
  13:funsape/device/sevenSegmentsDisplay.cpp **** //! @version        26.04
  14:funsape/device/sevenSegmentsDisplay.cpp **** //! @copyright      MIT License
  15:funsape/device/sevenSegmentsDisplay.cpp **** //! @note           No notes at this time.
  16:funsape/device/sevenSegmentsDisplay.cpp **** //! @todo           No itens in todo list yet.
  17:funsape/device/sevenSegmentsDisplay.cpp **** //! @bug            No bugs detected yet.
  18:funsape/device/sevenSegmentsDisplay.cpp **** //! ****************************************************************************
  19:funsape/device/sevenSegmentsDisplay.cpp **** //! @attention
  20:funsape/device/sevenSegmentsDisplay.cpp **** //!
  21:funsape/device/sevenSegmentsDisplay.cpp **** //! MIT License
  22:funsape/device/sevenSegmentsDisplay.cpp **** //!
  23:funsape/device/sevenSegmentsDisplay.cpp **** //! Copyright (c) 2026 Leandro Schwarz
  24:funsape/device/sevenSegmentsDisplay.cpp **** //!
  25:funsape/device/sevenSegmentsDisplay.cpp **** //! Permission is hereby granted, free of charge, to any person obtaining a copy
  26:funsape/device/sevenSegmentsDisplay.cpp **** //!     of this software and associated documentation files (the "Software"), to
  27:funsape/device/sevenSegmentsDisplay.cpp **** //!     deal in the Software without restriction, including without limitation
  28:funsape/device/sevenSegmentsDisplay.cpp **** //!     the rights to use, copy, modify, merge, publish, distribute, sublicense,
  29:funsape/device/sevenSegmentsDisplay.cpp **** //!     and/or sell copies of the Software, and to permit persons to whom the
  30:funsape/device/sevenSegmentsDisplay.cpp **** //!     Software is furnished to do so, subject to the following conditions:
  31:funsape/device/sevenSegmentsDisplay.cpp **** //!
  32:funsape/device/sevenSegmentsDisplay.cpp **** //! The above copyright notice and this permission notice shall be included in
  33:funsape/device/sevenSegmentsDisplay.cpp **** //!     all copies or substantial portions of the Software.
  34:funsape/device/sevenSegmentsDisplay.cpp **** //!
  35:funsape/device/sevenSegmentsDisplay.cpp **** //! THE SOFTWARE IS PROVIDED "AS IS", WITHOUT WARRANTY OF ANY KIND, EXPRESS OR
  36:funsape/device/sevenSegmentsDisplay.cpp **** //!     IMPLIED, INCLUDING BUT NOT LIMITED TO THE WARRANTIES OF MERCHANTABILITY,
  37:funsape/device/sevenSegmentsDisplay.cpp **** //!     FITNESS FOR A PARTICULAR PURPOSE AND NONINFRINGEMENT. IN NO EVENT SHALL
  38:funsape/device/sevenSegmentsDisplay.cpp **** //!     THE AUTHORS OR COPYRIGHT HOLDERS BE LIABLE FOR ANY CLAIM, DAMAGES OR
  39:funsape/device/sevenSegmentsDisplay.cpp **** //!     OTHER LIABILITY, WHETHER IN AN ACTION OF CONTRACT, TORT OR OTHERWISE,
  40:funsape/device/sevenSegmentsDisplay.cpp **** //!     ARISING FROM, OUT OF OR IN CONNECTION WITH THE SOFTWARE OR THE USE OR
  41:funsape/device/sevenSegmentsDisplay.cpp **** //!     OTHER DEALINGS IN THE SOFTWARE.
  42:funsape/device/sevenSegmentsDisplay.cpp **** //!
  43:funsape/device/sevenSegmentsDisplay.cpp **** //! ****************************************************************************
GAS LISTING /tmp/cc5YT0ux.s 			page 2


  44:funsape/device/sevenSegmentsDisplay.cpp **** //!
  45:funsape/device/sevenSegmentsDisplay.cpp **** 
  46:funsape/device/sevenSegmentsDisplay.cpp **** // =============================================================================
  47:funsape/device/sevenSegmentsDisplay.cpp **** // System file dependencies
  48:funsape/device/sevenSegmentsDisplay.cpp **** // =============================================================================
  49:funsape/device/sevenSegmentsDisplay.cpp **** 
  50:funsape/device/sevenSegmentsDisplay.cpp **** #include "sevenSegmentsDisplay.hpp"
  51:funsape/device/sevenSegmentsDisplay.cpp **** #if !defined(__SEVEN_SEGMENTS_DISPLAY_HPP)
  52:funsape/device/sevenSegmentsDisplay.cpp **** #    error Error 1 - Header file (sevenSegmentsDisplay.hpp) is missing or corrupted!
  53:funsape/device/sevenSegmentsDisplay.cpp **** #elif __SEVEN_SEGMENTS_DISPLAY_HPP != 2604
  54:funsape/device/sevenSegmentsDisplay.cpp **** #    error Error 6 - Build mismatch between header file (sevenSegmentsDisplay.hpp) and source file 
  55:funsape/device/sevenSegmentsDisplay.cpp **** #endif
  56:funsape/device/sevenSegmentsDisplay.cpp **** 
  57:funsape/device/sevenSegmentsDisplay.cpp **** // =============================================================================
  58:funsape/device/sevenSegmentsDisplay.cpp **** // File exclusive - Constants
  59:funsape/device/sevenSegmentsDisplay.cpp **** // =============================================================================
  60:funsape/device/sevenSegmentsDisplay.cpp **** 
  61:funsape/device/sevenSegmentsDisplay.cpp **** // NONE
  62:funsape/device/sevenSegmentsDisplay.cpp **** 
  63:funsape/device/sevenSegmentsDisplay.cpp **** // =============================================================================
  64:funsape/device/sevenSegmentsDisplay.cpp **** // File exclusive - New data types
  65:funsape/device/sevenSegmentsDisplay.cpp **** // =============================================================================
  66:funsape/device/sevenSegmentsDisplay.cpp **** 
  67:funsape/device/sevenSegmentsDisplay.cpp **** // NONE
  68:funsape/device/sevenSegmentsDisplay.cpp **** 
  69:funsape/device/sevenSegmentsDisplay.cpp **** // =============================================================================
  70:funsape/device/sevenSegmentsDisplay.cpp **** // File exclusive - Macro-functions
  71:funsape/device/sevenSegmentsDisplay.cpp **** // =============================================================================
  72:funsape/device/sevenSegmentsDisplay.cpp **** 
  73:funsape/device/sevenSegmentsDisplay.cpp **** // NONE
  74:funsape/device/sevenSegmentsDisplay.cpp **** 
  75:funsape/device/sevenSegmentsDisplay.cpp **** // =============================================================================
  76:funsape/device/sevenSegmentsDisplay.cpp **** // Global variables
  77:funsape/device/sevenSegmentsDisplay.cpp **** // =============================================================================
  78:funsape/device/sevenSegmentsDisplay.cpp **** 
  79:funsape/device/sevenSegmentsDisplay.cpp **** // NONE
  80:funsape/device/sevenSegmentsDisplay.cpp **** 
  81:funsape/device/sevenSegmentsDisplay.cpp **** // =============================================================================
  82:funsape/device/sevenSegmentsDisplay.cpp **** // Static functions declarations
  83:funsape/device/sevenSegmentsDisplay.cpp **** // =============================================================================
  84:funsape/device/sevenSegmentsDisplay.cpp **** 
  85:funsape/device/sevenSegmentsDisplay.cpp **** // NONE
  86:funsape/device/sevenSegmentsDisplay.cpp **** 
  87:funsape/device/sevenSegmentsDisplay.cpp **** // =============================================================================
  88:funsape/device/sevenSegmentsDisplay.cpp **** // Public function definitions
  89:funsape/device/sevenSegmentsDisplay.cpp **** // =============================================================================
  90:funsape/device/sevenSegmentsDisplay.cpp **** 
  91:funsape/device/sevenSegmentsDisplay.cpp **** uint8_t convertToSevenSegments(cuint8_t numericValue_p, cbool_t point_p, const SevenSegmentsDisplay
  92:funsape/device/sevenSegmentsDisplay.cpp **** {
  16               		.loc 1 92 0
  17               		.cfi_startproc
  18               	.LVL0:
  19               	/* prologue: function */
  20               	/* frame size = 0 */
  21               	/* stack size = 0 */
  22               	.L__stack_usage = 0
  93:funsape/device/sevenSegmentsDisplay.cpp ****     uint8_t auxData = 0;
GAS LISTING /tmp/cc5YT0ux.s 			page 3


  94:funsape/device/sevenSegmentsDisplay.cpp **** 
  95:funsape/device/sevenSegmentsDisplay.cpp ****     switch(numericValue_p) {  //                         0bPGFEDCBA
  23               		.loc 1 95 0
  24 0000 E82F      		mov r30,r24
  25 0002 F0E0      		ldi r31,0
  26 0004 E050      		subi r30,lo8(-(gs(.L4)))
  27 0006 F040      		sbci r31,hi8(-(gs(.L4)))
  28 0008 0C94 0000 		jmp __tablejump2__
  29               		.p2align	1
  30               	.L4:
  31 000c 0000      		.word gs(.L3)
  32 000e 0000      		.word gs(.L36)
  33 0010 0000      		.word gs(.L6)
  34 0012 0000      		.word gs(.L7)
  35 0014 0000      		.word gs(.L8)
  36 0016 0000      		.word gs(.L9)
  37 0018 0000      		.word gs(.L10)
  38 001a 0000      		.word gs(.L11)
  39 001c 0000      		.word gs(.L12)
  40 001e 0000      		.word gs(.L13)
  41 0020 0000      		.word gs(.L14)
  42 0022 0000      		.word gs(.L15)
  43 0024 0000      		.word gs(.L16)
  44 0026 0000      		.word gs(.L17)
  45 0028 0000      		.word gs(.L18)
  46 002a 0000      		.word gs(.L19)
  47 002c 0000      		.word gs(.L2)
  48 002e 0000      		.word gs(.L2)
  49 0030 0000      		.word gs(.L2)
  50 0032 0000      		.word gs(.L2)
  51 0034 0000      		.word gs(.L2)
  52 0036 0000      		.word gs(.L2)
  53 0038 0000      		.word gs(.L2)
  54 003a 0000      		.word gs(.L2)
  55 003c 0000      		.word gs(.L2)
  56 003e 0000      		.word gs(.L2)
  57 0040 0000      		.word gs(.L2)
  58 0042 0000      		.word gs(.L2)
  59 0044 0000      		.word gs(.L2)
  60 0046 0000      		.word gs(.L2)
  61 0048 0000      		.word gs(.L2)
  62 004a 0000      		.word gs(.L2)
  63 004c 0000      		.word gs(.L2)
  64 004e 0000      		.word gs(.L2)
  65 0050 0000      		.word gs(.L2)
  66 0052 0000      		.word gs(.L2)
  67 0054 0000      		.word gs(.L2)
  68 0056 0000      		.word gs(.L2)
  69 0058 0000      		.word gs(.L2)
  70 005a 0000      		.word gs(.L2)
  71 005c 0000      		.word gs(.L2)
  72 005e 0000      		.word gs(.L2)
  73 0060 0000      		.word gs(.L2)
  74 0062 0000      		.word gs(.L2)
  75 0064 0000      		.word gs(.L2)
  76 0066 0000      		.word gs(.L20)
  77 0068 0000      		.word gs(.L2)
GAS LISTING /tmp/cc5YT0ux.s 			page 4


  78 006a 0000      		.word gs(.L2)
  79 006c 0000      		.word gs(.L2)
  80 006e 0000      		.word gs(.L2)
  81 0070 0000      		.word gs(.L2)
  82 0072 0000      		.word gs(.L2)
  83 0074 0000      		.word gs(.L2)
  84 0076 0000      		.word gs(.L2)
  85 0078 0000      		.word gs(.L2)
  86 007a 0000      		.word gs(.L2)
  87 007c 0000      		.word gs(.L2)
  88 007e 0000      		.word gs(.L2)
  89 0080 0000      		.word gs(.L2)
  90 0082 0000      		.word gs(.L2)
  91 0084 0000      		.word gs(.L2)
  92 0086 0000      		.word gs(.L2)
  93 0088 0000      		.word gs(.L2)
  94 008a 0000      		.word gs(.L2)
  95 008c 0000      		.word gs(.L2)
  96 008e 0000      		.word gs(.L14)
  97 0090 0000      		.word gs(.L15)
  98 0092 0000      		.word gs(.L16)
  99 0094 0000      		.word gs(.L17)
 100 0096 0000      		.word gs(.L18)
 101 0098 0000      		.word gs(.L19)
 102 009a 0000      		.word gs(.L2)
 103 009c 0000      		.word gs(.L21)
 104 009e 0000      		.word gs(.L2)
 105 00a0 0000      		.word gs(.L2)
 106 00a2 0000      		.word gs(.L2)
 107 00a4 0000      		.word gs(.L22)
 108 00a6 0000      		.word gs(.L2)
 109 00a8 0000      		.word gs(.L2)
 110 00aa 0000      		.word gs(.L3)
 111 00ac 0000      		.word gs(.L23)
 112 00ae 0000      		.word gs(.L2)
 113 00b0 0000      		.word gs(.L2)
 114 00b2 0000      		.word gs(.L9)
 115 00b4 0000      		.word gs(.L2)
 116 00b6 0000      		.word gs(.L24)
 117 00b8 0000      		.word gs(.L2)
 118 00ba 0000      		.word gs(.L2)
 119 00bc 0000      		.word gs(.L2)
 120 00be 0000      		.word gs(.L2)
 121 00c0 0000      		.word gs(.L2)
 122 00c2 0000      		.word gs(.L2)
 123 00c4 0000      		.word gs(.L2)
 124 00c6 0000      		.word gs(.L2)
 125 00c8 0000      		.word gs(.L2)
 126 00ca 0000      		.word gs(.L2)
 127 00cc 0000      		.word gs(.L2)
 128 00ce 0000      		.word gs(.L2)
 129 00d0 0000      		.word gs(.L2)
 130 00d2 0000      		.word gs(.L2)
 131 00d4 0000      		.word gs(.L2)
 132 00d6 0000      		.word gs(.L2)
 133 00d8 0000      		.word gs(.L2)
 134 00da 0000      		.word gs(.L2)
GAS LISTING /tmp/cc5YT0ux.s 			page 5


 135 00dc 0000      		.word gs(.L2)
 136 00de 0000      		.word gs(.L25)
 137 00e0 0000      		.word gs(.L26)
 138 00e2 0000      		.word gs(.L2)
 139 00e4 0000      		.word gs(.L2)
 140 00e6 0000      		.word gs(.L2)
 141 00e8 0000      		.word gs(.L27)
 142 00ea 0000      		.word gs(.L2)
 143 00ec 0000      		.word gs(.L2)
 144 00ee 0000      		.word gs(.L28)
 145 00f0 0000      		.word gs(.L29)
 146 00f2 0000      		.word gs(.L2)
 147 00f4 0000      		.word gs(.L30)
 148 00f6 0000      		.word gs(.L2)
 149 00f8 0000      		.word gs(.L2)
 150 00fa 0000      		.word gs(.L2)
 151 00fc 0000      		.word gs(.L2)
 152 00fe 0000      		.word gs(.L31)
 153 0100 0000      		.word gs(.L2)
 154 0102 0000      		.word gs(.L2)
 155 0104 0000      		.word gs(.L2)
 156 0106 0000      		.word gs(.L2)
 157 0108 0000      		.word gs(.L2)
 158 010a 0000      		.word gs(.L2)
 159 010c 0000      		.word gs(.L2)
 160 010e 0000      		.word gs(.L2)
 161 0110 0000      		.word gs(.L2)
 162 0112 0000      		.word gs(.L2)
 163 0114 0000      		.word gs(.L2)
 164 0116 0000      		.word gs(.L2)
 165 0118 0000      		.word gs(.L2)
 166 011a 0000      		.word gs(.L2)
 167 011c 0000      		.word gs(.L2)
 168 011e 0000      		.word gs(.L2)
 169 0120 0000      		.word gs(.L2)
 170 0122 0000      		.word gs(.L2)
 171 0124 0000      		.word gs(.L2)
 172 0126 0000      		.word gs(.L2)
 173 0128 0000      		.word gs(.L2)
 174 012a 0000      		.word gs(.L2)
 175 012c 0000      		.word gs(.L2)
 176 012e 0000      		.word gs(.L2)
 177 0130 0000      		.word gs(.L2)
 178 0132 0000      		.word gs(.L2)
 179 0134 0000      		.word gs(.L2)
 180 0136 0000      		.word gs(.L2)
 181 0138 0000      		.word gs(.L2)
 182 013a 0000      		.word gs(.L2)
 183 013c 0000      		.word gs(.L2)
 184 013e 0000      		.word gs(.L2)
 185 0140 0000      		.word gs(.L2)
 186 0142 0000      		.word gs(.L2)
 187 0144 0000      		.word gs(.L2)
 188 0146 0000      		.word gs(.L2)
 189 0148 0000      		.word gs(.L2)
 190 014a 0000      		.word gs(.L2)
 191 014c 0000      		.word gs(.L2)
GAS LISTING /tmp/cc5YT0ux.s 			page 6


 192 014e 0000      		.word gs(.L2)
 193 0150 0000      		.word gs(.L2)
 194 0152 0000      		.word gs(.L2)
 195 0154 0000      		.word gs(.L2)
 196 0156 0000      		.word gs(.L2)
 197 0158 0000      		.word gs(.L2)
 198 015a 0000      		.word gs(.L2)
 199 015c 0000      		.word gs(.L2)
 200 015e 0000      		.word gs(.L2)
 201 0160 0000      		.word gs(.L2)
 202 0162 0000      		.word gs(.L2)
 203 0164 0000      		.word gs(.L2)
 204 0166 0000      		.word gs(.L2)
 205 0168 0000      		.word gs(.L2)
 206 016a 0000      		.word gs(.L2)
 207 016c 0000      		.word gs(.L2)
 208 016e 0000      		.word gs(.L2)
 209 0170 0000      		.word gs(.L2)
 210 0172 0000      		.word gs(.L2)
 211 0174 0000      		.word gs(.L2)
 212 0176 0000      		.word gs(.L2)
 213 0178 0000      		.word gs(.L2)
 214 017a 0000      		.word gs(.L2)
 215 017c 0000      		.word gs(.L2)
 216 017e 0000      		.word gs(.L2)
 217 0180 0000      		.word gs(.L2)
 218 0182 0000      		.word gs(.L2)
 219 0184 0000      		.word gs(.L2)
 220 0186 0000      		.word gs(.L2)
 221 0188 0000      		.word gs(.L2)
 222 018a 0000      		.word gs(.L2)
 223 018c 0000      		.word gs(.L2)
 224 018e 0000      		.word gs(.L2)
 225 0190 0000      		.word gs(.L2)
 226 0192 0000      		.word gs(.L2)
 227 0194 0000      		.word gs(.L2)
 228 0196 0000      		.word gs(.L2)
 229 0198 0000      		.word gs(.L2)
 230 019a 0000      		.word gs(.L2)
 231 019c 0000      		.word gs(.L2)
 232 019e 0000      		.word gs(.L2)
 233 01a0 0000      		.word gs(.L2)
 234 01a2 0000      		.word gs(.L2)
 235 01a4 0000      		.word gs(.L2)
 236 01a6 0000      		.word gs(.L2)
 237 01a8 0000      		.word gs(.L2)
 238 01aa 0000      		.word gs(.L2)
 239 01ac 0000      		.word gs(.L2)
 240 01ae 0000      		.word gs(.L2)
 241 01b0 0000      		.word gs(.L2)
 242 01b2 0000      		.word gs(.L2)
 243 01b4 0000      		.word gs(.L2)
 244 01b6 0000      		.word gs(.L2)
 245 01b8 0000      		.word gs(.L2)
 246 01ba 0000      		.word gs(.L2)
 247 01bc 0000      		.word gs(.L2)
 248 01be 0000      		.word gs(.L2)
GAS LISTING /tmp/cc5YT0ux.s 			page 7


 249 01c0 0000      		.word gs(.L2)
 250 01c2 0000      		.word gs(.L2)
 251 01c4 0000      		.word gs(.L2)
 252 01c6 0000      		.word gs(.L2)
 253 01c8 0000      		.word gs(.L2)
 254 01ca 0000      		.word gs(.L2)
 255 01cc 0000      		.word gs(.L2)
 256 01ce 0000      		.word gs(.L2)
 257 01d0 0000      		.word gs(.L2)
 258 01d2 0000      		.word gs(.L2)
 259 01d4 0000      		.word gs(.L2)
 260 01d6 0000      		.word gs(.L2)
 261 01d8 0000      		.word gs(.L2)
 262 01da 0000      		.word gs(.L2)
 263 01dc 0000      		.word gs(.L2)
 264 01de 0000      		.word gs(.L2)
 265 01e0 0000      		.word gs(.L2)
 266 01e2 0000      		.word gs(.L2)
 267 01e4 0000      		.word gs(.L2)
 268 01e6 0000      		.word gs(.L2)
 269 01e8 0000      		.word gs(.L2)
 270 01ea 0000      		.word gs(.L2)
 271 01ec 0000      		.word gs(.L2)
 272 01ee 0000      		.word gs(.L2)
 273 01f0 0000      		.word gs(.L2)
 274 01f2 0000      		.word gs(.L2)
 275 01f4 0000      		.word gs(.L2)
 276 01f6 0000      		.word gs(.L2)
 277 01f8 0000      		.word gs(.L2)
 278 01fa 0000      		.word gs(.L2)
 279 01fc 0000      		.word gs(.L2)
 280 01fe 0000      		.word gs(.L2)
 281 0200 0000      		.word gs(.L2)
 282 0202 0000      		.word gs(.L2)
 283 0204 0000      		.word gs(.L2)
 284 0206 0000      		.word gs(.L32)
 285 0208 0000      		.word gs(.L2)
 286 020a 0000      		.word gs(.L33)
 287               	.L3:
  96:funsape/device/sevenSegmentsDisplay.cpp ****     case(uint8_t)SevenSegmentsCode::LETTER_O:
  97:funsape/device/sevenSegmentsDisplay.cpp ****     case(uint8_t)SevenSegmentsCode::HEX_0:      auxData = 0b00111111;   break;
 288               		.loc 1 97 0
 289 020c 8FE3      		ldi r24,lo8(63)
 290               	.LVL1:
 291 020e 00C0      		rjmp .L5
 292               	.LVL2:
 293               	.L6:
  98:funsape/device/sevenSegmentsDisplay.cpp ****     case(uint8_t)SevenSegmentsCode::HEX_1:      auxData = 0b00000110;   break;
  99:funsape/device/sevenSegmentsDisplay.cpp ****     case(uint8_t)SevenSegmentsCode::HEX_2:      auxData = 0b01011011;   break;
 294               		.loc 1 99 0
 295 0210 8BE5      		ldi r24,lo8(91)
 296               	.LVL3:
 297 0212 00C0      		rjmp .L5
 298               	.LVL4:
 299               	.L7:
 100:funsape/device/sevenSegmentsDisplay.cpp ****     case(uint8_t)SevenSegmentsCode::HEX_3:      auxData = 0b01001111;   break;
 300               		.loc 1 100 0
GAS LISTING /tmp/cc5YT0ux.s 			page 8


 301 0214 8FE4      		ldi r24,lo8(79)
 302               	.LVL5:
 303 0216 00C0      		rjmp .L5
 304               	.LVL6:
 305               	.L8:
 101:funsape/device/sevenSegmentsDisplay.cpp ****     case(uint8_t)SevenSegmentsCode::HEX_4:      auxData = 0b01100110;   break;
 306               		.loc 1 101 0
 307 0218 86E6      		ldi r24,lo8(102)
 308               	.LVL7:
 309 021a 00C0      		rjmp .L5
 310               	.LVL8:
 311               	.L9:
 102:funsape/device/sevenSegmentsDisplay.cpp ****     case(uint8_t)SevenSegmentsCode::LETTER_S:
 103:funsape/device/sevenSegmentsDisplay.cpp ****     case(uint8_t)SevenSegmentsCode::HEX_5:      auxData = 0b01101101;   break;
 312               		.loc 1 103 0
 313 021c 8DE6      		ldi r24,lo8(109)
 314               	.LVL9:
 315 021e 00C0      		rjmp .L5
 316               	.LVL10:
 317               	.L10:
 104:funsape/device/sevenSegmentsDisplay.cpp ****     case(uint8_t)SevenSegmentsCode::HEX_6:      auxData = 0b01111101;   break;
 318               		.loc 1 104 0
 319 0220 8DE7      		ldi r24,lo8(125)
 320               	.LVL11:
 321 0222 00C0      		rjmp .L5
 322               	.LVL12:
 323               	.L11:
 105:funsape/device/sevenSegmentsDisplay.cpp ****     case(uint8_t)SevenSegmentsCode::HEX_7:      auxData = 0b00000111;   break;
 324               		.loc 1 105 0
 325 0224 87E0      		ldi r24,lo8(7)
 326               	.LVL13:
 327 0226 00C0      		rjmp .L5
 328               	.LVL14:
 329               	.L12:
 106:funsape/device/sevenSegmentsDisplay.cpp ****     case(uint8_t)SevenSegmentsCode::HEX_8:      auxData = 0b01111111;   break;
 330               		.loc 1 106 0
 331 0228 8FE7      		ldi r24,lo8(127)
 332               	.LVL15:
 333 022a 00C0      		rjmp .L5
 334               	.LVL16:
 335               	.L13:
 107:funsape/device/sevenSegmentsDisplay.cpp ****     case(uint8_t)SevenSegmentsCode::HEX_9:      auxData = 0b01101111;   break;
 336               		.loc 1 107 0
 337 022c 8FE6      		ldi r24,lo8(111)
 338               	.LVL17:
 339 022e 00C0      		rjmp .L5
 340               	.LVL18:
 341               	.L14:
 108:funsape/device/sevenSegmentsDisplay.cpp ****     case(uint8_t)SevenSegmentsCode::LETTER_A:
 109:funsape/device/sevenSegmentsDisplay.cpp ****     case(uint8_t)SevenSegmentsCode::HEX_A:      auxData = 0b01110111;   break;
 342               		.loc 1 109 0
 343 0230 87E7      		ldi r24,lo8(119)
 344               	.LVL19:
 345 0232 00C0      		rjmp .L5
 346               	.LVL20:
 347               	.L15:
 110:funsape/device/sevenSegmentsDisplay.cpp ****     case(uint8_t)SevenSegmentsCode::LETTER_B:
GAS LISTING /tmp/cc5YT0ux.s 			page 9


 111:funsape/device/sevenSegmentsDisplay.cpp ****     case(uint8_t)SevenSegmentsCode::HEX_B:      auxData = 0b01111100;   break;
 348               		.loc 1 111 0
 349 0234 8CE7      		ldi r24,lo8(124)
 350               	.LVL21:
 351 0236 00C0      		rjmp .L5
 352               	.LVL22:
 353               	.L16:
 112:funsape/device/sevenSegmentsDisplay.cpp ****     case(uint8_t)SevenSegmentsCode::LETTER_C:
 113:funsape/device/sevenSegmentsDisplay.cpp ****     case(uint8_t)SevenSegmentsCode::HEX_C:      auxData = 0b00111001;   break;
 354               		.loc 1 113 0
 355 0238 89E3      		ldi r24,lo8(57)
 356               	.LVL23:
 357 023a 00C0      		rjmp .L5
 358               	.LVL24:
 359               	.L17:
 114:funsape/device/sevenSegmentsDisplay.cpp ****     case(uint8_t)SevenSegmentsCode::LETTER_D:
 115:funsape/device/sevenSegmentsDisplay.cpp ****     case(uint8_t)SevenSegmentsCode::HEX_D:      auxData = 0b01011110;   break;
 360               		.loc 1 115 0
 361 023c 8EE5      		ldi r24,lo8(94)
 362               	.LVL25:
 363 023e 00C0      		rjmp .L5
 364               	.LVL26:
 365               	.L18:
 116:funsape/device/sevenSegmentsDisplay.cpp ****     case(uint8_t)SevenSegmentsCode::LETTER_E:
 117:funsape/device/sevenSegmentsDisplay.cpp ****     case(uint8_t)SevenSegmentsCode::HEX_E:      auxData = 0b01111001;   break;
 366               		.loc 1 117 0
 367 0240 89E7      		ldi r24,lo8(121)
 368               	.LVL27:
 369 0242 00C0      		rjmp .L5
 370               	.LVL28:
 371               	.L19:
 118:funsape/device/sevenSegmentsDisplay.cpp ****     case(uint8_t)SevenSegmentsCode::LETTER_F:
 119:funsape/device/sevenSegmentsDisplay.cpp ****     case(uint8_t)SevenSegmentsCode::HEX_F:      auxData = 0b01110001;   break;
 372               		.loc 1 119 0
 373 0244 81E7      		ldi r24,lo8(113)
 374               	.LVL29:
 375 0246 00C0      		rjmp .L5
 376               	.LVL30:
 377               	.L21:
 120:funsape/device/sevenSegmentsDisplay.cpp ****     case(uint8_t)SevenSegmentsCode::LETTER_H:   auxData = 0b01110110;   break;
 378               		.loc 1 120 0
 379 0248 86E7      		ldi r24,lo8(118)
 380               	.LVL31:
 381 024a 00C0      		rjmp .L5
 382               	.LVL32:
 383               	.L25:
 121:funsape/device/sevenSegmentsDisplay.cpp ****     case(uint8_t)SevenSegmentsCode::LETTER_I:   auxData = 0b00000100;   break;
 384               		.loc 1 121 0
 385 024c 84E0      		ldi r24,lo8(4)
 386               	.LVL33:
 387 024e 00C0      		rjmp .L5
 388               	.LVL34:
 389               	.L26:
 122:funsape/device/sevenSegmentsDisplay.cpp ****     case(uint8_t)SevenSegmentsCode::LETTER_J:   auxData = 0b00011110;   break;
 390               		.loc 1 122 0
 391 0250 8EE1      		ldi r24,lo8(30)
 392               	.LVL35:
GAS LISTING /tmp/cc5YT0ux.s 			page 10


 393 0252 00C0      		rjmp .L5
 394               	.LVL36:
 395               	.L22:
 123:funsape/device/sevenSegmentsDisplay.cpp ****     case(uint8_t)SevenSegmentsCode::LETTER_L:   auxData = 0b00111000;   break;
 396               		.loc 1 123 0
 397 0254 88E3      		ldi r24,lo8(56)
 398               	.LVL37:
 399 0256 00C0      		rjmp .L5
 400               	.LVL38:
 401               	.L27:
 124:funsape/device/sevenSegmentsDisplay.cpp ****     case(uint8_t)SevenSegmentsCode::LETTER_N:   auxData = 0b01010100;   break;
 402               		.loc 1 124 0
 403 0258 84E5      		ldi r24,lo8(84)
 404               	.LVL39:
 405 025a 00C0      		rjmp .L5
 406               	.LVL40:
 407               	.L23:
 125:funsape/device/sevenSegmentsDisplay.cpp ****     case(uint8_t)SevenSegmentsCode::LETTER_P:   auxData = 0b01110011;   break;
 408               		.loc 1 125 0
 409 025c 83E7      		ldi r24,lo8(115)
 410               	.LVL41:
 411 025e 00C0      		rjmp .L5
 412               	.LVL42:
 413               	.L28:
 126:funsape/device/sevenSegmentsDisplay.cpp ****     case(uint8_t)SevenSegmentsCode::LETTER_Q:   auxData = 0b01100111;   break;
 414               		.loc 1 126 0
 415 0260 87E6      		ldi r24,lo8(103)
 416               	.LVL43:
 417 0262 00C0      		rjmp .L5
 418               	.LVL44:
 419               	.L29:
 127:funsape/device/sevenSegmentsDisplay.cpp ****     case(uint8_t)SevenSegmentsCode::LETTER_R:   auxData = 0b01010000;   break;
 420               		.loc 1 127 0
 421 0264 80E5      		ldi r24,lo8(80)
 422               	.LVL45:
 423 0266 00C0      		rjmp .L5
 424               	.LVL46:
 425               	.L30:
 128:funsape/device/sevenSegmentsDisplay.cpp ****     case(uint8_t)SevenSegmentsCode::LETTER_T:   auxData = 0b01111000;   break;
 426               		.loc 1 128 0
 427 0268 88E7      		ldi r24,lo8(120)
 428               	.LVL47:
 429 026a 00C0      		rjmp .L5
 430               	.LVL48:
 431               	.L24:
 129:funsape/device/sevenSegmentsDisplay.cpp ****     case(uint8_t)SevenSegmentsCode::LETTER_U:   auxData = 0b00111110;   break;
 432               		.loc 1 129 0
 433 026c 8EE3      		ldi r24,lo8(62)
 434               	.LVL49:
 435 026e 00C0      		rjmp .L5
 436               	.LVL50:
 437               	.L31:
 130:funsape/device/sevenSegmentsDisplay.cpp ****     case(uint8_t)SevenSegmentsCode::LETTER_Y:   auxData = 0b01101110;   break;
 438               		.loc 1 130 0
 439 0270 8EE6      		ldi r24,lo8(110)
 440               	.LVL51:
 441 0272 00C0      		rjmp .L5
GAS LISTING /tmp/cc5YT0ux.s 			page 11


 442               	.LVL52:
 443               	.L20:
 131:funsape/device/sevenSegmentsDisplay.cpp ****     case(uint8_t)SevenSegmentsCode::DASH:       auxData = 0b01000000;   break;
 444               		.loc 1 131 0
 445 0274 80E4      		ldi r24,lo8(64)
 446               	.LVL53:
 447 0276 00C0      		rjmp .L5
 448               	.LVL54:
 449               	.L32:
 132:funsape/device/sevenSegmentsDisplay.cpp ****     case(uint8_t)SevenSegmentsCode::ON:         auxData = 0b11111111;   break;
 450               		.loc 1 132 0
 451 0278 8FEF      		ldi r24,lo8(-1)
 452               	.LVL55:
 453 027a 00C0      		rjmp .L5
 454               	.LVL56:
 455               	.L33:
 133:funsape/device/sevenSegmentsDisplay.cpp ****     case(uint8_t)SevenSegmentsCode::OFF:        auxData = 0b00000000;   break;
 456               		.loc 1 133 0
 457 027c 80E0      		ldi r24,0
 458               	.LVL57:
 459 027e 00C0      		rjmp .L5
 460               	.LVL58:
 461               	.L2:
 134:funsape/device/sevenSegmentsDisplay.cpp ****     default:                                    auxData = 0b00000000;   break;
 462               		.loc 1 134 0
 463 0280 80E0      		ldi r24,0
 464               	.LVL59:
 465 0282 00C0      		rjmp .L5
 466               	.LVL60:
 467               	.L36:
  98:funsape/device/sevenSegmentsDisplay.cpp ****     case(uint8_t)SevenSegmentsCode::HEX_2:      auxData = 0b01011011;   break;
 468               		.loc 1 98 0
 469 0284 86E0      		ldi r24,lo8(6)
 470               	.LVL61:
 471               	.L5:
 135:funsape/device/sevenSegmentsDisplay.cpp ****     }
 136:funsape/device/sevenSegmentsDisplay.cpp ****     if(point_p) {
 472               		.loc 1 136 0
 473 0286 6111      		cpse r22,__zero_reg__
 137:funsape/device/sevenSegmentsDisplay.cpp ****         setBit(auxData, 7);
 474               		.loc 1 137 0
 475 0288 8068      		ori r24,lo8(-128)
 476               	.LVL62:
 477               	.L34:
 138:funsape/device/sevenSegmentsDisplay.cpp ****     }
 139:funsape/device/sevenSegmentsDisplay.cpp ****     auxData = (type_p == SevenSegmentsDisplayType::COMMON_CATHODE) ? auxData : (~auxData);
 478               		.loc 1 139 0
 479 028a 4111      		cpse r20,__zero_reg__
 480 028c 00C0      		rjmp .L1
 481               		.loc 1 139 0 is_stmt 0 discriminator 2
 482 028e 8095      		com r24
 483               	.LVL63:
 484               	.L1:
 485               	/* epilogue start */
 140:funsape/device/sevenSegmentsDisplay.cpp **** 
 141:funsape/device/sevenSegmentsDisplay.cpp ****     return auxData;
 142:funsape/device/sevenSegmentsDisplay.cpp **** }
GAS LISTING /tmp/cc5YT0ux.s 			page 12


 486               		.loc 1 142 0 is_stmt 1
 487 0290 0895      		ret
 488               		.cfi_endproc
 489               	.LFE30:
 491               		.section	.text._Z22convertToSevenSegments17SevenSegmentsCodeb24SevenSegmentsDisplayType,"ax",@prog
 492               	.global	_Z22convertToSevenSegments17SevenSegmentsCodeb24SevenSegmentsDisplayType
 494               	_Z22convertToSevenSegments17SevenSegmentsCodeb24SevenSegmentsDisplayType:
 495               	.LFB31:
 143:funsape/device/sevenSegmentsDisplay.cpp **** 
 144:funsape/device/sevenSegmentsDisplay.cpp **** uint8_t convertToSevenSegments(const SevenSegmentsCode codedValue_p, cbool_t point_p,
 145:funsape/device/sevenSegmentsDisplay.cpp ****         const SevenSegmentsDisplayType type_p)
 146:funsape/device/sevenSegmentsDisplay.cpp **** {
 496               		.loc 1 146 0
 497               		.cfi_startproc
 498               	.LVL64:
 499               	/* prologue: function */
 500               	/* frame size = 0 */
 501               	/* stack size = 0 */
 502               	.L__stack_usage = 0
 147:funsape/device/sevenSegmentsDisplay.cpp ****     uint8_t aux8 = (uint8_t)codedValue_p;
 148:funsape/device/sevenSegmentsDisplay.cpp **** 
 149:funsape/device/sevenSegmentsDisplay.cpp ****     return convertToSevenSegments(aux8, point_p, type_p);
 503               		.loc 1 149 0
 504 0000 0E94 0000 		call _Z22convertToSevenSegmentshb24SevenSegmentsDisplayType
 505               	.LVL65:
 506               	/* epilogue start */
 150:funsape/device/sevenSegmentsDisplay.cpp **** }
 507               		.loc 1 150 0
 508 0004 0895      		ret
 509               		.cfi_endproc
 510               	.LFE31:
 512               		.text
 513               	.Letext0:
 514               		.file 2 "/usr/lib/avr/include/stdint.h"
 515               		.file 3 "funsape/device/../config/atmega328p.hpp"
 516               		.file 4 "/usr/lib/avr/include/stdio.h"
 517               		.file 5 "funsape/device/../globalDefines.hpp"
 518               		.file 6 "funsape/device/sevenSegmentsDisplay.hpp"
GAS LISTING /tmp/cc5YT0ux.s 			page 13


DEFINED SYMBOLS
                            *ABS*:0000000000000000 sevenSegmentsDisplay.cpp
     /tmp/cc5YT0ux.s:2      *ABS*:000000000000003e __SP_H__
     /tmp/cc5YT0ux.s:3      *ABS*:000000000000003d __SP_L__
     /tmp/cc5YT0ux.s:4      *ABS*:000000000000003f __SREG__
     /tmp/cc5YT0ux.s:5      *ABS*:0000000000000000 __tmp_reg__
     /tmp/cc5YT0ux.s:6      *ABS*:0000000000000001 __zero_reg__
     /tmp/cc5YT0ux.s:13     .text._Z22convertToSevenSegmentshb24SevenSegmentsDisplayType:0000000000000000 _Z22convertToSevenSegmentshb24SevenSegmentsDisplayType
     /tmp/cc5YT0ux.s:494    .text._Z22convertToSevenSegments17SevenSegmentsCodeb24SevenSegmentsDisplayType:0000000000000000 _Z22convertToSevenSegments17SevenSegmentsCodeb24SevenSegmentsDisplayType

UNDEFINED SYMBOLS
__tablejump2__
