GAS LISTING /tmp/ccLYh1sj.s 			page 1


   1               		.file	"timer1.cpp"
   2               	__SP_H__ = 0x3e
   3               	__SP_L__ = 0x3d
   4               	__SREG__ = 0x3f
   5               	__tmp_reg__ = 0
   6               	__zero_reg__ = 1
   7               		.text
   8               	.Ltext0:
   9               		.cfi_sections	.debug_frame
  10               		.section	.text._ZN6Timer1C2Ev,"ax",@progbits
  11               	.global	_ZN6Timer1C2Ev
  13               	_ZN6Timer1C2Ev:
  14               	.LFB89:
  15               		.file 1 "funsape/peripheral/timer1.cpp"
   1:funsape/peripheral/timer1.cpp **** //!
   2:funsape/peripheral/timer1.cpp **** //! ****************************************************************************
   3:funsape/peripheral/timer1.cpp **** //! @file           timer1.cpp
   4:funsape/peripheral/timer1.cpp **** //! @author         Leandro Schwarz (bladabuska+funsapeavr8lib@gmail.com)
   5:funsape/peripheral/timer1.cpp **** //! @brief          TIMER1 peripheral control.
   6:funsape/peripheral/timer1.cpp **** //! @details        This file provides peripheral control for the TIMER1 module
   7:funsape/peripheral/timer1.cpp **** //!                     for the FunSAPE++ AVR8 Library.
   8:funsape/peripheral/timer1.cpp **** //! @date           2026-04-03
   9:funsape/peripheral/timer1.cpp **** //! @version        26.04
  10:funsape/peripheral/timer1.cpp **** //! @copyright      MIT License
  11:funsape/peripheral/timer1.cpp **** //! @note           No notes at this time.
  12:funsape/peripheral/timer1.cpp **** //! @todo           No items in todo list yet.
  13:funsape/peripheral/timer1.cpp **** //! @bug            No bugs detected yet.
  14:funsape/peripheral/timer1.cpp **** //! ****************************************************************************
  15:funsape/peripheral/timer1.cpp **** //! @attention
  16:funsape/peripheral/timer1.cpp **** //!
  17:funsape/peripheral/timer1.cpp **** //! MIT License
  18:funsape/peripheral/timer1.cpp **** //!
  19:funsape/peripheral/timer1.cpp **** //! Copyright (c) 2026 Leandro Schwarz
  20:funsape/peripheral/timer1.cpp **** //!
  21:funsape/peripheral/timer1.cpp **** //! Permission is hereby granted, free of charge, to any person obtaining a copy
  22:funsape/peripheral/timer1.cpp **** //!     of this software and associated documentation files (the "Software"), to
  23:funsape/peripheral/timer1.cpp **** //!     deal in the Software without restriction, including without limitation
  24:funsape/peripheral/timer1.cpp **** //!     the rights to use, copy, modify, merge, publish, distribute, sublicense,
  25:funsape/peripheral/timer1.cpp **** //!     and/or sell copies of the Software, and to permit persons to whom the
  26:funsape/peripheral/timer1.cpp **** //!     Software is furnished to do so, subject to the following conditions:
  27:funsape/peripheral/timer1.cpp **** //!
  28:funsape/peripheral/timer1.cpp **** //! The above copyright notice and this permission notice shall be included in
  29:funsape/peripheral/timer1.cpp **** //!     all copies or substantial portions of the Software.
  30:funsape/peripheral/timer1.cpp **** //!
  31:funsape/peripheral/timer1.cpp **** //! THE SOFTWARE IS PROVIDED "AS IS", WITHOUT WARRANTY OF ANY KIND, EXPRESS OR
  32:funsape/peripheral/timer1.cpp **** //!     IMPLIED, INCLUDING BUT NOT LIMITED TO THE WARRANTIES OF MERCHANTABILITY,
  33:funsape/peripheral/timer1.cpp **** //!     FITNESS FOR A PARTICULAR PURPOSE AND NONINFRINGEMENT. IN NO EVENT SHALL
  34:funsape/peripheral/timer1.cpp **** //!     THE AUTHORS OR COPYRIGHT HOLDERS BE LIABLE FOR ANY CLAIM, DAMAGES OR
  35:funsape/peripheral/timer1.cpp **** //!     OTHER LIABILITY, WHETHER IN AN ACTION OF CONTRACT, TORT OR OTHERWISE,
  36:funsape/peripheral/timer1.cpp **** //!     ARISING FROM, OUT OF OR IN CONNECTION WITH THE SOFTWARE OR THE USE OR
  37:funsape/peripheral/timer1.cpp **** //!     OTHER DEALINGS IN THE SOFTWARE.
  38:funsape/peripheral/timer1.cpp **** //!
  39:funsape/peripheral/timer1.cpp **** //! ****************************************************************************
  40:funsape/peripheral/timer1.cpp **** //!
  41:funsape/peripheral/timer1.cpp **** 
  42:funsape/peripheral/timer1.cpp **** // =============================================================================
  43:funsape/peripheral/timer1.cpp **** // System file dependencies
GAS LISTING /tmp/ccLYh1sj.s 			page 2


  44:funsape/peripheral/timer1.cpp **** // =============================================================================
  45:funsape/peripheral/timer1.cpp **** 
  46:funsape/peripheral/timer1.cpp **** #include "timer1.hpp"
  47:funsape/peripheral/timer1.cpp **** #if !defined(__TIMER1_HPP)
  48:funsape/peripheral/timer1.cpp **** #    error Error 1 - Header file (timer1.hpp) is missing or corrupted!
  49:funsape/peripheral/timer1.cpp **** #elif __TIMER1_HPP != 2604
  50:funsape/peripheral/timer1.cpp **** #    error Error 6 - Build mismatch between header file (timer1.hpp) and source file (timer1.cpp)!
  51:funsape/peripheral/timer1.cpp **** #endif
  52:funsape/peripheral/timer1.cpp **** 
  53:funsape/peripheral/timer1.cpp **** // =============================================================================
  54:funsape/peripheral/timer1.cpp **** // File exclusive - Constants
  55:funsape/peripheral/timer1.cpp **** // =============================================================================
  56:funsape/peripheral/timer1.cpp **** 
  57:funsape/peripheral/timer1.cpp **** // NONE
  58:funsape/peripheral/timer1.cpp **** 
  59:funsape/peripheral/timer1.cpp **** // =============================================================================
  60:funsape/peripheral/timer1.cpp **** // File exclusive - New data types
  61:funsape/peripheral/timer1.cpp **** // =============================================================================
  62:funsape/peripheral/timer1.cpp **** 
  63:funsape/peripheral/timer1.cpp **** // NONE
  64:funsape/peripheral/timer1.cpp **** 
  65:funsape/peripheral/timer1.cpp **** // =============================================================================
  66:funsape/peripheral/timer1.cpp **** // File exclusive - Macro-functions
  67:funsape/peripheral/timer1.cpp **** // =============================================================================
  68:funsape/peripheral/timer1.cpp **** 
  69:funsape/peripheral/timer1.cpp **** // NONE
  70:funsape/peripheral/timer1.cpp **** 
  71:funsape/peripheral/timer1.cpp **** // =============================================================================
  72:funsape/peripheral/timer1.cpp **** // Global variables
  73:funsape/peripheral/timer1.cpp **** // =============================================================================
  74:funsape/peripheral/timer1.cpp **** 
  75:funsape/peripheral/timer1.cpp **** Timer1 Timer1::_instance;
  76:funsape/peripheral/timer1.cpp **** 
  77:funsape/peripheral/timer1.cpp **** // =============================================================================
  78:funsape/peripheral/timer1.cpp **** // Static functions declarations
  79:funsape/peripheral/timer1.cpp **** // =============================================================================
  80:funsape/peripheral/timer1.cpp **** 
  81:funsape/peripheral/timer1.cpp **** // NONE
  82:funsape/peripheral/timer1.cpp **** 
  83:funsape/peripheral/timer1.cpp **** // =============================================================================
  84:funsape/peripheral/timer1.cpp **** // Public function definitions
  85:funsape/peripheral/timer1.cpp **** // =============================================================================
  86:funsape/peripheral/timer1.cpp **** 
  87:funsape/peripheral/timer1.cpp **** // NONE
  88:funsape/peripheral/timer1.cpp **** 
  89:funsape/peripheral/timer1.cpp **** // =============================================================================
  90:funsape/peripheral/timer1.cpp **** // Class constructors
  91:funsape/peripheral/timer1.cpp **** // =============================================================================
  92:funsape/peripheral/timer1.cpp **** 
  93:funsape/peripheral/timer1.cpp **** Timer1::Timer1() :
  16               		.loc 1 93 0
  17               		.cfi_startproc
  18               	.LVL0:
  19               	/* prologue: function */
  20               	/* frame size = 0 */
  21               	/* stack size = 0 */
  22               	.L__stack_usage = 0
GAS LISTING /tmp/ccLYh1sj.s 			page 3


  23 0000 FC01      		movw r30,r24
  24               	.LBB2:
  94:funsape/peripheral/timer1.cpp ****     _isInitialized(false),
  95:funsape/peripheral/timer1.cpp ****     _lastError(Error::NONE),
  96:funsape/peripheral/timer1.cpp ****     _clockSource(Timer1::ClockSource::DISABLED),
  97:funsape/peripheral/timer1.cpp ****     _mode(Timer1::Mode::NORMAL)
  25               		.loc 1 97 0
  26 0002 8081      		ld r24,Z
  27               	.LVL1:
  28 0004 8E7F      		andi r24,lo8(~(1<<0))
  29 0006 8083      		st Z,r24
  30 0008 1282      		std Z+2,__zero_reg__
  31 000a 1182      		std Z+1,__zero_reg__
  32 000c 1382      		std Z+3,__zero_reg__
  33 000e 1482      		std Z+4,__zero_reg__
  34               	/* epilogue start */
  35               	.LBE2:
  98:funsape/peripheral/timer1.cpp **** {
  99:funsape/peripheral/timer1.cpp ****     // Mark passage for debugging purpose
 100:funsape/peripheral/timer1.cpp ****     debugMark(PSTR("Timer1::Timer1(void)"), Debug::CodeIndex::TIMER1_MODULE);
 101:funsape/peripheral/timer1.cpp **** 
 102:funsape/peripheral/timer1.cpp ****     // Returns successfully
 103:funsape/peripheral/timer1.cpp ****     this->_lastError = Error::NONE;
 104:funsape/peripheral/timer1.cpp ****     debugMessage(Error::NONE, Debug::CodeIndex::TIMER1_MODULE);
 105:funsape/peripheral/timer1.cpp ****     return;
 106:funsape/peripheral/timer1.cpp **** }
  36               		.loc 1 106 0
  37 0010 0895      		ret
  38               		.cfi_endproc
  39               	.LFE89:
  41               	.global	_ZN6Timer1C1Ev
  42               		.set	_ZN6Timer1C1Ev,_ZN6Timer1C2Ev
  43               		.section	.text._ZN6Timer1D2Ev,"ax",@progbits
  44               	.global	_ZN6Timer1D2Ev
  46               	_ZN6Timer1D2Ev:
  47               	.LFB92:
 107:funsape/peripheral/timer1.cpp **** 
 108:funsape/peripheral/timer1.cpp **** Timer1::~Timer1()
  48               		.loc 1 108 0
  49               		.cfi_startproc
  50               	.LVL2:
  51               	/* prologue: function */
  52               	/* frame size = 0 */
  53               	/* stack size = 0 */
  54               	.L__stack_usage = 0
  55               	/* epilogue start */
 109:funsape/peripheral/timer1.cpp **** {
 110:funsape/peripheral/timer1.cpp ****     // Mark passage for debugging purpose
 111:funsape/peripheral/timer1.cpp ****     debugMark(PSTR("Timer1::~Timer1(void)"), Debug::CodeIndex::TIMER1_MODULE);
 112:funsape/peripheral/timer1.cpp **** 
 113:funsape/peripheral/timer1.cpp ****     // Returns successfully
 114:funsape/peripheral/timer1.cpp ****     debugMessage(Error::NONE, Debug::CodeIndex::TIMER1_MODULE);
 115:funsape/peripheral/timer1.cpp ****     return;
 116:funsape/peripheral/timer1.cpp **** }
  56               		.loc 1 116 0
  57 0000 0895      		ret
  58               		.cfi_endproc
GAS LISTING /tmp/ccLYh1sj.s 			page 4


  59               	.LFE92:
  61               	.global	_ZN6Timer1D1Ev
  62               		.set	_ZN6Timer1D1Ev,_ZN6Timer1D2Ev
  63               		.section	.text._Z41__static_initialization_and_destruction_0ii,"ax",@progbits
  65               	_Z41__static_initialization_and_destruction_0ii:
  66               	.LFB107:
 117:funsape/peripheral/timer1.cpp **** 
 118:funsape/peripheral/timer1.cpp **** // =============================================================================
 119:funsape/peripheral/timer1.cpp **** // Class own methods - Public
 120:funsape/peripheral/timer1.cpp **** // =============================================================================
 121:funsape/peripheral/timer1.cpp **** 
 122:funsape/peripheral/timer1.cpp **** //     ///////////////////     CONTROL AND STATUS     ///////////////////     //
 123:funsape/peripheral/timer1.cpp **** 
 124:funsape/peripheral/timer1.cpp **** bool_t Timer1::init(const Timer1::Mode mode_p, const Timer1::ClockSource clockSource_p)
 125:funsape/peripheral/timer1.cpp **** {
 126:funsape/peripheral/timer1.cpp ****     // Mark passage for debugging purpose
 127:funsape/peripheral/timer1.cpp ****     debugMark(PSTR("Timer1::init(const Timer1::Mode, const Timer1::ClockSource)"), Debug::CodeIndex
 128:funsape/peripheral/timer1.cpp **** 
 129:funsape/peripheral/timer1.cpp ****     // Local variables
 130:funsape/peripheral/timer1.cpp ****     uint8_t auxTccr1A   = MCU_TIMER1_CTRL_A_REG;
 131:funsape/peripheral/timer1.cpp ****     uint8_t auxTccr1B   = MCU_TIMER1_CTRL_B_REG;
 132:funsape/peripheral/timer1.cpp ****     uint8_t aux8        = 0;
 133:funsape/peripheral/timer1.cpp **** 
 134:funsape/peripheral/timer1.cpp ****     // Configure mode
 135:funsape/peripheral/timer1.cpp ****     aux8 = (uint8_t)mode_p;
 136:funsape/peripheral/timer1.cpp ****     clrMaskOffset(auxTccr1A, MCU_TIMER1_MODE_BIT_0_MASK, MCU_TIMER1_MODE_BIT_0_POS);
 137:funsape/peripheral/timer1.cpp ****     clrMaskOffset(auxTccr1B, MCU_TIMER1_MODE_BIT_2_MASK, MCU_TIMER1_MODE_BIT_2_POS);
 138:funsape/peripheral/timer1.cpp ****     setMaskOffset(auxTccr1A, (aux8 & 0x03), MCU_TIMER1_MODE_BIT_0_POS);
 139:funsape/peripheral/timer1.cpp ****     setMaskOffset(auxTccr1B, (aux8 >> 2), MCU_TIMER1_MODE_BIT_2_POS);
 140:funsape/peripheral/timer1.cpp ****     // Configure clock source
 141:funsape/peripheral/timer1.cpp ****     clrMaskOffset(auxTccr1B, MCU_TIMER1_CLOCK_BIT_MASK, MCU_TIMER1_CLOCK_BIT_POS);
 142:funsape/peripheral/timer1.cpp ****     setMaskOffset(auxTccr1B, ((uint8_t)clockSource_p), MCU_TIMER1_CLOCK_BIT_POS);
 143:funsape/peripheral/timer1.cpp **** 
 144:funsape/peripheral/timer1.cpp ****     // Update registers
 145:funsape/peripheral/timer1.cpp ****     MCU_TIMER1_CTRL_A_REG          = auxTccr1A;
 146:funsape/peripheral/timer1.cpp ****     MCU_TIMER1_CTRL_B_REG          = auxTccr1B;
 147:funsape/peripheral/timer1.cpp **** 
 148:funsape/peripheral/timer1.cpp ****     // Update class members
 149:funsape/peripheral/timer1.cpp ****     this->_mode             = mode_p;
 150:funsape/peripheral/timer1.cpp ****     this->_clockSource      = clockSource_p;
 151:funsape/peripheral/timer1.cpp ****     this->_isInitialized    = true;
 152:funsape/peripheral/timer1.cpp **** 
 153:funsape/peripheral/timer1.cpp ****     // Returns successfully
 154:funsape/peripheral/timer1.cpp ****     this->_lastError = Error::NONE;
 155:funsape/peripheral/timer1.cpp ****     debugMessage(Error::NONE, Debug::CodeIndex::TIMER1_MODULE);
 156:funsape/peripheral/timer1.cpp ****     return true;
 157:funsape/peripheral/timer1.cpp **** }
 158:funsape/peripheral/timer1.cpp **** 
 159:funsape/peripheral/timer1.cpp **** bool_t Timer1::setClockSource(const Timer1::ClockSource clockSource_p)
 160:funsape/peripheral/timer1.cpp **** {
 161:funsape/peripheral/timer1.cpp ****     // Mark passage for debugging purpose
 162:funsape/peripheral/timer1.cpp ****     debugMark(PSTR("Timer1::setClockSource(const Timer1::ClockSource)"), Debug::CodeIndex::TIMER1_M
 163:funsape/peripheral/timer1.cpp **** 
 164:funsape/peripheral/timer1.cpp ****     // Local variables
 165:funsape/peripheral/timer1.cpp ****     uint8_t auxTccr1B = MCU_TIMER1_CTRL_B_REG;
 166:funsape/peripheral/timer1.cpp **** 
 167:funsape/peripheral/timer1.cpp ****     // Configure clock source
GAS LISTING /tmp/ccLYh1sj.s 			page 5


 168:funsape/peripheral/timer1.cpp ****     clrMaskOffset(auxTccr1B, MCU_TIMER1_CLOCK_BIT_MASK, MCU_TIMER1_CLOCK_BIT_POS);
 169:funsape/peripheral/timer1.cpp ****     setMaskOffset(auxTccr1B, ((uint8_t)clockSource_p), MCU_TIMER1_CLOCK_BIT_POS);
 170:funsape/peripheral/timer1.cpp **** 
 171:funsape/peripheral/timer1.cpp ****     // Update registers
 172:funsape/peripheral/timer1.cpp ****     MCU_TIMER1_CTRL_B_REG          = auxTccr1B;
 173:funsape/peripheral/timer1.cpp **** 
 174:funsape/peripheral/timer1.cpp ****     // Update class members
 175:funsape/peripheral/timer1.cpp ****     this->_clockSource      = clockSource_p;
 176:funsape/peripheral/timer1.cpp **** 
 177:funsape/peripheral/timer1.cpp ****     // Returns successfully
 178:funsape/peripheral/timer1.cpp ****     this->_lastError = Error::NONE;
 179:funsape/peripheral/timer1.cpp ****     debugMessage(Error::NONE, Debug::CodeIndex::TIMER1_MODULE);
 180:funsape/peripheral/timer1.cpp ****     return true;
 181:funsape/peripheral/timer1.cpp **** }
 182:funsape/peripheral/timer1.cpp **** 
 183:funsape/peripheral/timer1.cpp **** bool_t Timer1::setInputCaptureMode(const Edge edgeSelection_p, cbool_t noiseCanceler_p)
 184:funsape/peripheral/timer1.cpp **** {
 185:funsape/peripheral/timer1.cpp ****     // Mark passage for debugging purpose
 186:funsape/peripheral/timer1.cpp ****     debugMark(PSTR("Timer1::setInputCaptureMode(const Edge, cbool_t)"), Debug::CodeIndex::TIMER1_MO
 187:funsape/peripheral/timer1.cpp **** 
 188:funsape/peripheral/timer1.cpp ****     // Local variables
 189:funsape/peripheral/timer1.cpp ****     uint8_t auxTccr1B = MCU_TIMER1_CTRL_B_REG;
 190:funsape/peripheral/timer1.cpp **** 
 191:funsape/peripheral/timer1.cpp ****     // Configure Input Capture
 192:funsape/peripheral/timer1.cpp ****     if(noiseCanceler_p) {
 193:funsape/peripheral/timer1.cpp ****         setBit(auxTccr1B, MCU_TIMER1_NOISE_CANCELLER_BIT_POS);
 194:funsape/peripheral/timer1.cpp ****     } else {
 195:funsape/peripheral/timer1.cpp ****         clrBit(auxTccr1B, MCU_TIMER1_NOISE_CANCELLER_BIT_POS);
 196:funsape/peripheral/timer1.cpp ****     }
 197:funsape/peripheral/timer1.cpp ****     if(edgeSelection_p == Edge::RISING) {
 198:funsape/peripheral/timer1.cpp ****         setBit(auxTccr1B, MCU_TIMER1_EDGE_SELECT_BIT_POS);
 199:funsape/peripheral/timer1.cpp ****     } else {
 200:funsape/peripheral/timer1.cpp ****         clrBit(auxTccr1B, MCU_TIMER1_EDGE_SELECT_BIT_POS);
 201:funsape/peripheral/timer1.cpp ****     }
 202:funsape/peripheral/timer1.cpp **** 
 203:funsape/peripheral/timer1.cpp ****     // Update registers
 204:funsape/peripheral/timer1.cpp ****     MCU_TIMER1_CTRL_B_REG          = auxTccr1B;
 205:funsape/peripheral/timer1.cpp **** 
 206:funsape/peripheral/timer1.cpp ****     // Returns successfully
 207:funsape/peripheral/timer1.cpp ****     this->_lastError = Error::NONE;
 208:funsape/peripheral/timer1.cpp ****     debugMessage(Error::NONE, Debug::CodeIndex::TIMER1_MODULE);
 209:funsape/peripheral/timer1.cpp ****     return true;
 210:funsape/peripheral/timer1.cpp **** }
 211:funsape/peripheral/timer1.cpp **** 
 212:funsape/peripheral/timer1.cpp **** bool_t Timer1::setMode(const Timer1::Mode mode_p)
 213:funsape/peripheral/timer1.cpp **** {
 214:funsape/peripheral/timer1.cpp ****     // Mark passage for debugging purpose
 215:funsape/peripheral/timer1.cpp ****     debugMark(PSTR("Timer1::setMode(const Timer1::Mode)"), Debug::CodeIndex::TIMER1_MODULE);
 216:funsape/peripheral/timer1.cpp **** 
 217:funsape/peripheral/timer1.cpp ****     // Local variables
 218:funsape/peripheral/timer1.cpp ****     uint8_t auxTccr1A = MCU_TIMER1_CTRL_A_REG;
 219:funsape/peripheral/timer1.cpp ****     uint8_t auxTccr1B = MCU_TIMER1_CTRL_B_REG;
 220:funsape/peripheral/timer1.cpp ****     uint8_t aux8 = 0;
 221:funsape/peripheral/timer1.cpp **** 
 222:funsape/peripheral/timer1.cpp ****     // Configure mode
 223:funsape/peripheral/timer1.cpp ****     aux8 = (uint8_t)mode_p;
 224:funsape/peripheral/timer1.cpp ****     clrMaskOffset(auxTccr1A, MCU_TIMER1_MODE_BIT_0_MASK, MCU_TIMER1_MODE_BIT_0_POS);
GAS LISTING /tmp/ccLYh1sj.s 			page 6


 225:funsape/peripheral/timer1.cpp ****     clrMaskOffset(auxTccr1B, MCU_TIMER1_MODE_BIT_2_MASK, MCU_TIMER1_MODE_BIT_2_POS);
 226:funsape/peripheral/timer1.cpp ****     setMaskOffset(auxTccr1A, (aux8 & 0x03), MCU_TIMER1_MODE_BIT_0_POS);
 227:funsape/peripheral/timer1.cpp ****     setMaskOffset(auxTccr1B, (aux8 >> 2), MCU_TIMER1_MODE_BIT_2_POS);
 228:funsape/peripheral/timer1.cpp **** 
 229:funsape/peripheral/timer1.cpp ****     // Update registers
 230:funsape/peripheral/timer1.cpp ****     MCU_TIMER1_CTRL_A_REG          = auxTccr1A;
 231:funsape/peripheral/timer1.cpp ****     MCU_TIMER1_CTRL_B_REG          = auxTccr1B;
 232:funsape/peripheral/timer1.cpp **** 
 233:funsape/peripheral/timer1.cpp ****     // Update class members
 234:funsape/peripheral/timer1.cpp ****     this->_mode     = mode_p;
 235:funsape/peripheral/timer1.cpp **** 
 236:funsape/peripheral/timer1.cpp ****     // Returns successfully
 237:funsape/peripheral/timer1.cpp ****     this->_lastError = Error::NONE;
 238:funsape/peripheral/timer1.cpp ****     debugMessage(Error::NONE, Debug::CodeIndex::TIMER1_MODULE);
 239:funsape/peripheral/timer1.cpp ****     return true;
 240:funsape/peripheral/timer1.cpp **** }
 241:funsape/peripheral/timer1.cpp **** 
 242:funsape/peripheral/timer1.cpp **** bool_t Timer1::setOutputMode(const Timer1::OutputMode compA_p, const Timer1::OutputMode compB_p)
 243:funsape/peripheral/timer1.cpp **** {
 244:funsape/peripheral/timer1.cpp ****     // Mark passage for debugging purpose
 245:funsape/peripheral/timer1.cpp ****     debugMark(PSTR("Timer1::setOutputMode(const Timer1::OutputMode, const Timer1::OutputMode)"),
 246:funsape/peripheral/timer1.cpp ****             Debug::CodeIndex::TIMER1_MODULE);
 247:funsape/peripheral/timer1.cpp **** 
 248:funsape/peripheral/timer1.cpp ****     // Local variables
 249:funsape/peripheral/timer1.cpp ****     uint8_t auxTccr1A = MCU_TIMER1_CTRL_A_REG;
 250:funsape/peripheral/timer1.cpp **** 
 251:funsape/peripheral/timer1.cpp ****     // Configure outputs
 252:funsape/peripheral/timer1.cpp ****     clrMaskOffset(auxTccr1A, MCU_TIMER1_OUTPUT_A_MODE_BIT_MASK, MCU_TIMER1_OUTPUT_A_MODE_BIT_POS);
 253:funsape/peripheral/timer1.cpp ****     setMaskOffset(auxTccr1A, ((uint8_t)compA_p), MCU_TIMER1_OUTPUT_A_MODE_BIT_POS);
 254:funsape/peripheral/timer1.cpp ****     clrMaskOffset(auxTccr1A, MCU_TIMER1_OUTPUT_B_MODE_BIT_MASK, MCU_TIMER1_OUTPUT_B_MODE_BIT_POS);
 255:funsape/peripheral/timer1.cpp ****     setMaskOffset(auxTccr1A, ((uint8_t)compB_p), MCU_TIMER1_OUTPUT_B_MODE_BIT_POS);
 256:funsape/peripheral/timer1.cpp **** 
 257:funsape/peripheral/timer1.cpp ****     // Update registers
 258:funsape/peripheral/timer1.cpp ****     MCU_TIMER1_CTRL_A_REG          = auxTccr1A;
 259:funsape/peripheral/timer1.cpp **** 
 260:funsape/peripheral/timer1.cpp ****     // Returns successfully
 261:funsape/peripheral/timer1.cpp ****     this->_lastError = Error::NONE;
 262:funsape/peripheral/timer1.cpp ****     debugMessage(Error::NONE, Debug::CodeIndex::TIMER1_MODULE);
 263:funsape/peripheral/timer1.cpp ****     return true;
 264:funsape/peripheral/timer1.cpp **** }
 265:funsape/peripheral/timer1.cpp **** 
 266:funsape/peripheral/timer1.cpp **** // =============================================================================
 267:funsape/peripheral/timer1.cpp **** // Class own methods - Private
 268:funsape/peripheral/timer1.cpp **** // =============================================================================
 269:funsape/peripheral/timer1.cpp **** 
 270:funsape/peripheral/timer1.cpp **** // NONE
 271:funsape/peripheral/timer1.cpp **** 
 272:funsape/peripheral/timer1.cpp **** // =============================================================================
 273:funsape/peripheral/timer1.cpp **** // Class own methods - Protected
 274:funsape/peripheral/timer1.cpp **** // =============================================================================
 275:funsape/peripheral/timer1.cpp **** 
 276:funsape/peripheral/timer1.cpp **** // NONE
 277:funsape/peripheral/timer1.cpp **** 
 278:funsape/peripheral/timer1.cpp **** // =============================================================================
 279:funsape/peripheral/timer1.cpp **** // Static functions definitions
 280:funsape/peripheral/timer1.cpp **** // =============================================================================
 281:funsape/peripheral/timer1.cpp **** 
GAS LISTING /tmp/ccLYh1sj.s 			page 7


 282:funsape/peripheral/timer1.cpp **** // NONE
 283:funsape/peripheral/timer1.cpp **** 
 284:funsape/peripheral/timer1.cpp **** // =============================================================================
 285:funsape/peripheral/timer1.cpp **** // Interrupt callback functions
 286:funsape/peripheral/timer1.cpp **** // =============================================================================
 287:funsape/peripheral/timer1.cpp **** 
 288:funsape/peripheral/timer1.cpp **** void weakened timer1CompareACallback(void)
 289:funsape/peripheral/timer1.cpp **** {
 290:funsape/peripheral/timer1.cpp ****     return;
 291:funsape/peripheral/timer1.cpp **** }
 292:funsape/peripheral/timer1.cpp **** 
 293:funsape/peripheral/timer1.cpp **** void weakened timer1CompareBCallback(void)
 294:funsape/peripheral/timer1.cpp **** {
 295:funsape/peripheral/timer1.cpp ****     return;
 296:funsape/peripheral/timer1.cpp **** }
 297:funsape/peripheral/timer1.cpp **** 
 298:funsape/peripheral/timer1.cpp **** void weakened timer1InputCaptureCallback(void)
 299:funsape/peripheral/timer1.cpp **** {
 300:funsape/peripheral/timer1.cpp ****     return;
 301:funsape/peripheral/timer1.cpp **** }
 302:funsape/peripheral/timer1.cpp **** 
 303:funsape/peripheral/timer1.cpp **** void weakened timer1OverflowCallback(void)
 304:funsape/peripheral/timer1.cpp **** {
 305:funsape/peripheral/timer1.cpp ****     return;
 306:funsape/peripheral/timer1.cpp **** }
 307:funsape/peripheral/timer1.cpp **** 
 308:funsape/peripheral/timer1.cpp **** // =============================================================================
 309:funsape/peripheral/timer1.cpp **** // Interrupt handlers
 310:funsape/peripheral/timer1.cpp **** // =============================================================================
 311:funsape/peripheral/timer1.cpp **** 
 312:funsape/peripheral/timer1.cpp **** //!
 313:funsape/peripheral/timer1.cpp **** //! @cond
 314:funsape/peripheral/timer1.cpp **** //!
 315:funsape/peripheral/timer1.cpp **** 
 316:funsape/peripheral/timer1.cpp **** ISR(TIMER1_CAPT_vect)
 317:funsape/peripheral/timer1.cpp **** {
 318:funsape/peripheral/timer1.cpp ****     timer1InputCaptureCallback();
 319:funsape/peripheral/timer1.cpp **** }
 320:funsape/peripheral/timer1.cpp **** 
 321:funsape/peripheral/timer1.cpp **** ISR(TIMER1_COMPA_vect)
 322:funsape/peripheral/timer1.cpp **** {
 323:funsape/peripheral/timer1.cpp ****     timer1CompareACallback();
 324:funsape/peripheral/timer1.cpp **** }
 325:funsape/peripheral/timer1.cpp **** 
 326:funsape/peripheral/timer1.cpp **** ISR(TIMER1_COMPB_vect)
 327:funsape/peripheral/timer1.cpp **** {
 328:funsape/peripheral/timer1.cpp ****     timer1CompareBCallback();
 329:funsape/peripheral/timer1.cpp **** }
 330:funsape/peripheral/timer1.cpp **** 
 331:funsape/peripheral/timer1.cpp **** ISR(TIMER1_OVF_vect)
 332:funsape/peripheral/timer1.cpp **** {
 333:funsape/peripheral/timer1.cpp ****     timer1OverflowCallback();
 334:funsape/peripheral/timer1.cpp **** }
  67               		.loc 1 334 0
  68               		.cfi_startproc
  69               	.LVL3:
  70               	/* prologue: function */
GAS LISTING /tmp/ccLYh1sj.s 			page 8


  71               	/* frame size = 0 */
  72               	/* stack size = 0 */
  73               	.L__stack_usage = 0
  74               		.loc 1 334 0
  75 0000 0197      		sbiw r24,1
  76 0002 01F0      		breq .L5
  77               	.LVL4:
  78               	.L3:
  79               	/* epilogue start */
  80 0004 0895      		ret
  81               	.LVL5:
  82               	.L5:
  83               		.loc 1 334 0 is_stmt 0 discriminator 1
  84 0006 6F3F      		cpi r22,-1
  85 0008 7F4F      		sbci r23,-1
  86               	.LVL6:
  87 000a 01F4      		brne .L3
  75:funsape/peripheral/timer1.cpp **** 
  88               		.loc 1 75 0 is_stmt 1
  89 000c 80E0      		ldi r24,lo8(_ZN6Timer19_instanceE)
  90 000e 90E0      		ldi r25,hi8(_ZN6Timer19_instanceE)
  91 0010 0E94 0000 		call _ZN6Timer1C1Ev
  92               	.LVL7:
  93               		.loc 1 334 0
  94 0014 00C0      		rjmp .L3
  95               		.cfi_endproc
  96               	.LFE107:
  98               		.section	.text._ZN6Timer14initENS_4ModeENS_11ClockSourceE,"ax",@progbits
  99               	.global	_ZN6Timer14initENS_4ModeENS_11ClockSourceE
 101               	_ZN6Timer14initENS_4ModeENS_11ClockSourceE:
 102               	.LFB94:
 125:funsape/peripheral/timer1.cpp ****     // Mark passage for debugging purpose
 103               		.loc 1 125 0
 104               		.cfi_startproc
 105               	.LVL8:
 106 0000 CF93      		push r28
 107               	.LCFI0:
 108               		.cfi_def_cfa_offset 3
 109               		.cfi_offset 28, -2
 110 0002 DF93      		push r29
 111               	.LCFI1:
 112               		.cfi_def_cfa_offset 4
 113               		.cfi_offset 29, -3
 114               	/* prologue: function */
 115               	/* frame size = 0 */
 116               	/* stack size = 2 */
 117               	.L__stack_usage = 2
 118 0004 FC01      		movw r30,r24
 130:funsape/peripheral/timer1.cpp ****     uint8_t auxTccr1B   = MCU_TIMER1_CTRL_B_REG;
 119               		.loc 1 130 0
 120 0006 C0E8      		ldi r28,lo8(-128)
 121 0008 D0E0      		ldi r29,0
 122 000a 8881      		ld r24,Y
 123               	.LVL9:
 131:funsape/peripheral/timer1.cpp ****     uint8_t aux8        = 0;
 124               		.loc 1 131 0
 125 000c A1E8      		ldi r26,lo8(-127)
GAS LISTING /tmp/ccLYh1sj.s 			page 9


 126 000e B0E0      		ldi r27,0
 127 0010 9C91      		ld r25,X
 128               	.LVL10:
 136:funsape/peripheral/timer1.cpp ****     clrMaskOffset(auxTccr1B, MCU_TIMER1_MODE_BIT_2_MASK, MCU_TIMER1_MODE_BIT_2_POS);
 129               		.loc 1 136 0
 130 0012 8C7F      		andi r24,lo8(-4)
 131               	.LVL11:
 137:funsape/peripheral/timer1.cpp ****     setMaskOffset(auxTccr1A, (aux8 & 0x03), MCU_TIMER1_MODE_BIT_0_POS);
 132               		.loc 1 137 0
 133 0014 977E      		andi r25,lo8(-25)
 134               	.LVL12:
 138:funsape/peripheral/timer1.cpp ****     setMaskOffset(auxTccr1B, (aux8 >> 2), MCU_TIMER1_MODE_BIT_2_POS);
 135               		.loc 1 138 0
 136 0016 262F      		mov r18,r22
 137 0018 2370      		andi r18,lo8(3)
 138 001a 822B      		or r24,r18
 139               	.LVL13:
 139:funsape/peripheral/timer1.cpp ****     // Configure clock source
 140               		.loc 1 139 0
 141 001c 262F      		mov r18,r22
 142 001e 30E0      		ldi r19,0
 143 0020 3595      		asr r19
 144 0022 2795      		ror r18
 145 0024 3595      		asr r19
 146 0026 2795      		ror r18
 147 0028 220F      		lsl r18
 148 002a 331F      		rol r19
 149 002c 220F      		lsl r18
 150 002e 331F      		rol r19
 151 0030 220F      		lsl r18
 152 0032 331F      		rol r19
 153 0034 922B      		or r25,r18
 154               	.LVL14:
 141:funsape/peripheral/timer1.cpp ****     setMaskOffset(auxTccr1B, ((uint8_t)clockSource_p), MCU_TIMER1_CLOCK_BIT_POS);
 155               		.loc 1 141 0
 156 0036 987F      		andi r25,lo8(-8)
 157               	.LVL15:
 142:funsape/peripheral/timer1.cpp **** 
 158               		.loc 1 142 0
 159 0038 942B      		or r25,r20
 160               	.LVL16:
 145:funsape/peripheral/timer1.cpp ****     MCU_TIMER1_CTRL_B_REG          = auxTccr1B;
 161               		.loc 1 145 0
 162 003a 8883      		st Y,r24
 146:funsape/peripheral/timer1.cpp **** 
 163               		.loc 1 146 0
 164 003c 9C93      		st X,r25
 149:funsape/peripheral/timer1.cpp ****     this->_clockSource      = clockSource_p;
 165               		.loc 1 149 0
 166 003e 6483      		std Z+4,r22
 150:funsape/peripheral/timer1.cpp ****     this->_isInitialized    = true;
 167               		.loc 1 150 0
 168 0040 4383      		std Z+3,r20
 151:funsape/peripheral/timer1.cpp **** 
 169               		.loc 1 151 0
 170 0042 8081      		ld r24,Z
 171               	.LVL17:
GAS LISTING /tmp/ccLYh1sj.s 			page 10


 172 0044 8160      		ori r24,lo8(1<<0)
 173 0046 8083      		st Z,r24
 154:funsape/peripheral/timer1.cpp ****     debugMessage(Error::NONE, Debug::CodeIndex::TIMER1_MODULE);
 174               		.loc 1 154 0
 175 0048 1282      		std Z+2,__zero_reg__
 176 004a 1182      		std Z+1,__zero_reg__
 177               	.LVL18:
 157:funsape/peripheral/timer1.cpp **** 
 178               		.loc 1 157 0
 179 004c 81E0      		ldi r24,lo8(1)
 180               	/* epilogue start */
 181 004e DF91      		pop r29
 182 0050 CF91      		pop r28
 183 0052 0895      		ret
 184               		.cfi_endproc
 185               	.LFE94:
 187               		.section	.text._ZN6Timer114setClockSourceENS_11ClockSourceE,"ax",@progbits
 188               	.global	_ZN6Timer114setClockSourceENS_11ClockSourceE
 190               	_ZN6Timer114setClockSourceENS_11ClockSourceE:
 191               	.LFB95:
 160:funsape/peripheral/timer1.cpp ****     // Mark passage for debugging purpose
 192               		.loc 1 160 0
 193               		.cfi_startproc
 194               	.LVL19:
 195               	/* prologue: function */
 196               	/* frame size = 0 */
 197               	/* stack size = 0 */
 198               	.L__stack_usage = 0
 199 0000 FC01      		movw r30,r24
 165:funsape/peripheral/timer1.cpp **** 
 200               		.loc 1 165 0
 201 0002 A1E8      		ldi r26,lo8(-127)
 202 0004 B0E0      		ldi r27,0
 203 0006 9C91      		ld r25,X
 204               	.LVL20:
 168:funsape/peripheral/timer1.cpp ****     setMaskOffset(auxTccr1B, ((uint8_t)clockSource_p), MCU_TIMER1_CLOCK_BIT_POS);
 205               		.loc 1 168 0
 206 0008 987F      		andi r25,lo8(-8)
 207               	.LVL21:
 169:funsape/peripheral/timer1.cpp **** 
 208               		.loc 1 169 0
 209 000a 962B      		or r25,r22
 210               	.LVL22:
 172:funsape/peripheral/timer1.cpp **** 
 211               		.loc 1 172 0
 212 000c 9C93      		st X,r25
 175:funsape/peripheral/timer1.cpp **** 
 213               		.loc 1 175 0
 214 000e 6383      		std Z+3,r22
 178:funsape/peripheral/timer1.cpp ****     debugMessage(Error::NONE, Debug::CodeIndex::TIMER1_MODULE);
 215               		.loc 1 178 0
 216 0010 1282      		std Z+2,__zero_reg__
 217 0012 1182      		std Z+1,__zero_reg__
 218               	.LVL23:
 181:funsape/peripheral/timer1.cpp **** 
 219               		.loc 1 181 0
 220 0014 81E0      		ldi r24,lo8(1)
GAS LISTING /tmp/ccLYh1sj.s 			page 11


 221               	.LVL24:
 222               	/* epilogue start */
 223 0016 0895      		ret
 224               		.cfi_endproc
 225               	.LFE95:
 227               		.section	.text._ZN6Timer119setInputCaptureModeE4Edgeb,"ax",@progbits
 228               	.global	_ZN6Timer119setInputCaptureModeE4Edgeb
 230               	_ZN6Timer119setInputCaptureModeE4Edgeb:
 231               	.LFB96:
 184:funsape/peripheral/timer1.cpp ****     // Mark passage for debugging purpose
 232               		.loc 1 184 0
 233               		.cfi_startproc
 234               	.LVL25:
 235               	/* prologue: function */
 236               	/* frame size = 0 */
 237               	/* stack size = 0 */
 238               	.L__stack_usage = 0
 239 0000 FC01      		movw r30,r24
 189:funsape/peripheral/timer1.cpp **** 
 240               		.loc 1 189 0
 241 0002 9091 8100 		lds r25,129
 242               	.LVL26:
 192:funsape/peripheral/timer1.cpp ****         setBit(auxTccr1B, MCU_TIMER1_NOISE_CANCELLER_BIT_POS);
 243               		.loc 1 192 0
 244 0006 4423      		tst r20
 245 0008 01F0      		breq .L9
 193:funsape/peripheral/timer1.cpp ****     } else {
 246               		.loc 1 193 0
 247 000a 9068      		ori r25,lo8(-128)
 248               	.LVL27:
 249               	.L10:
 197:funsape/peripheral/timer1.cpp ****         setBit(auxTccr1B, MCU_TIMER1_EDGE_SELECT_BIT_POS);
 250               		.loc 1 197 0
 251 000c 6130      		cpi r22,lo8(1)
 252 000e 01F0      		breq .L13
 200:funsape/peripheral/timer1.cpp ****     }
 253               		.loc 1 200 0
 254 0010 9F7B      		andi r25,lo8(-65)
 255               	.LVL28:
 256               	.L12:
 204:funsape/peripheral/timer1.cpp **** 
 257               		.loc 1 204 0
 258 0012 9093 8100 		sts 129,r25
 207:funsape/peripheral/timer1.cpp ****     debugMessage(Error::NONE, Debug::CodeIndex::TIMER1_MODULE);
 259               		.loc 1 207 0
 260 0016 1282      		std Z+2,__zero_reg__
 261 0018 1182      		std Z+1,__zero_reg__
 262               	.LVL29:
 210:funsape/peripheral/timer1.cpp **** 
 263               		.loc 1 210 0
 264 001a 81E0      		ldi r24,lo8(1)
 265               	.LVL30:
 266               	/* epilogue start */
 267 001c 0895      		ret
 268               	.LVL31:
 269               	.L9:
 195:funsape/peripheral/timer1.cpp ****     }
GAS LISTING /tmp/ccLYh1sj.s 			page 12


 270               		.loc 1 195 0
 271 001e 9F77      		andi r25,lo8(127)
 272               	.LVL32:
 273 0020 00C0      		rjmp .L10
 274               	.L13:
 198:funsape/peripheral/timer1.cpp ****     } else {
 275               		.loc 1 198 0
 276 0022 9064      		ori r25,lo8(64)
 277               	.LVL33:
 278 0024 00C0      		rjmp .L12
 279               		.cfi_endproc
 280               	.LFE96:
 282               		.section	.text._ZN6Timer17setModeENS_4ModeE,"ax",@progbits
 283               	.global	_ZN6Timer17setModeENS_4ModeE
 285               	_ZN6Timer17setModeENS_4ModeE:
 286               	.LFB97:
 213:funsape/peripheral/timer1.cpp ****     // Mark passage for debugging purpose
 287               		.loc 1 213 0
 288               		.cfi_startproc
 289               	.LVL34:
 290 0000 CF93      		push r28
 291               	.LCFI2:
 292               		.cfi_def_cfa_offset 3
 293               		.cfi_offset 28, -2
 294 0002 DF93      		push r29
 295               	.LCFI3:
 296               		.cfi_def_cfa_offset 4
 297               		.cfi_offset 29, -3
 298               	/* prologue: function */
 299               	/* frame size = 0 */
 300               	/* stack size = 2 */
 301               	.L__stack_usage = 2
 302 0004 FC01      		movw r30,r24
 218:funsape/peripheral/timer1.cpp ****     uint8_t auxTccr1B = MCU_TIMER1_CTRL_B_REG;
 303               		.loc 1 218 0
 304 0006 C0E8      		ldi r28,lo8(-128)
 305 0008 D0E0      		ldi r29,0
 306 000a 2881      		ld r18,Y
 307               	.LVL35:
 219:funsape/peripheral/timer1.cpp ****     uint8_t aux8 = 0;
 308               		.loc 1 219 0
 309 000c A1E8      		ldi r26,lo8(-127)
 310 000e B0E0      		ldi r27,0
 311 0010 9C91      		ld r25,X
 312               	.LVL36:
 224:funsape/peripheral/timer1.cpp ****     clrMaskOffset(auxTccr1B, MCU_TIMER1_MODE_BIT_2_MASK, MCU_TIMER1_MODE_BIT_2_POS);
 313               		.loc 1 224 0
 314 0012 2C7F      		andi r18,lo8(-4)
 315               	.LVL37:
 225:funsape/peripheral/timer1.cpp ****     setMaskOffset(auxTccr1A, (aux8 & 0x03), MCU_TIMER1_MODE_BIT_0_POS);
 316               		.loc 1 225 0
 317 0014 977E      		andi r25,lo8(-25)
 318               	.LVL38:
 226:funsape/peripheral/timer1.cpp ****     setMaskOffset(auxTccr1B, (aux8 >> 2), MCU_TIMER1_MODE_BIT_2_POS);
 319               		.loc 1 226 0
 320 0016 862F      		mov r24,r22
 321               	.LVL39:
GAS LISTING /tmp/ccLYh1sj.s 			page 13


 322 0018 8370      		andi r24,lo8(3)
 323 001a 282B      		or r18,r24
 324               	.LVL40:
 227:funsape/peripheral/timer1.cpp **** 
 325               		.loc 1 227 0
 326 001c 462F      		mov r20,r22
 327 001e 50E0      		ldi r21,0
 328 0020 5595      		asr r21
 329 0022 4795      		ror r20
 330 0024 5595      		asr r21
 331 0026 4795      		ror r20
 332 0028 440F      		lsl r20
 333 002a 551F      		rol r21
 334 002c 440F      		lsl r20
 335 002e 551F      		rol r21
 336 0030 440F      		lsl r20
 337 0032 551F      		rol r21
 338 0034 942B      		or r25,r20
 339               	.LVL41:
 230:funsape/peripheral/timer1.cpp ****     MCU_TIMER1_CTRL_B_REG          = auxTccr1B;
 340               		.loc 1 230 0
 341 0036 2883      		st Y,r18
 231:funsape/peripheral/timer1.cpp **** 
 342               		.loc 1 231 0
 343 0038 9C93      		st X,r25
 234:funsape/peripheral/timer1.cpp **** 
 344               		.loc 1 234 0
 345 003a 6483      		std Z+4,r22
 237:funsape/peripheral/timer1.cpp ****     debugMessage(Error::NONE, Debug::CodeIndex::TIMER1_MODULE);
 346               		.loc 1 237 0
 347 003c 1282      		std Z+2,__zero_reg__
 348 003e 1182      		std Z+1,__zero_reg__
 349               	.LVL42:
 240:funsape/peripheral/timer1.cpp **** 
 350               		.loc 1 240 0
 351 0040 81E0      		ldi r24,lo8(1)
 352               	/* epilogue start */
 353 0042 DF91      		pop r29
 354 0044 CF91      		pop r28
 355 0046 0895      		ret
 356               		.cfi_endproc
 357               	.LFE97:
 359               		.section	.text._ZN6Timer113setOutputModeENS_10OutputModeES0_,"ax",@progbits
 360               	.global	_ZN6Timer113setOutputModeENS_10OutputModeES0_
 362               	_ZN6Timer113setOutputModeENS_10OutputModeES0_:
 363               	.LFB98:
 243:funsape/peripheral/timer1.cpp ****     // Mark passage for debugging purpose
 364               		.loc 1 243 0
 365               		.cfi_startproc
 366               	.LVL43:
 367               	/* prologue: function */
 368               	/* frame size = 0 */
 369               	/* stack size = 0 */
 370               	.L__stack_usage = 0
 249:funsape/peripheral/timer1.cpp **** 
 371               		.loc 1 249 0
 372 0000 E0E8      		ldi r30,lo8(-128)
GAS LISTING /tmp/ccLYh1sj.s 			page 14


 373 0002 F0E0      		ldi r31,0
 374 0004 2081      		ld r18,Z
 375               	.LVL44:
 252:funsape/peripheral/timer1.cpp ****     setMaskOffset(auxTccr1A, ((uint8_t)compA_p), MCU_TIMER1_OUTPUT_A_MODE_BIT_POS);
 376               		.loc 1 252 0
 377 0006 2F73      		andi r18,lo8(63)
 378               	.LVL45:
 253:funsape/peripheral/timer1.cpp ****     clrMaskOffset(auxTccr1A, MCU_TIMER1_OUTPUT_B_MODE_BIT_MASK, MCU_TIMER1_OUTPUT_B_MODE_BIT_POS);
 379               		.loc 1 253 0
 380 0008 6295      		swap r22
 381               	.LVL46:
 382 000a 660F      		lsl r22
 383 000c 660F      		lsl r22
 384 000e 607C      		andi r22,lo8(-64)
 385 0010 622B      		or r22,r18
 386               	.LVL47:
 254:funsape/peripheral/timer1.cpp ****     setMaskOffset(auxTccr1A, ((uint8_t)compB_p), MCU_TIMER1_OUTPUT_B_MODE_BIT_POS);
 387               		.loc 1 254 0
 388 0012 6F7C      		andi r22,lo8(-49)
 389               	.LVL48:
 255:funsape/peripheral/timer1.cpp **** 
 390               		.loc 1 255 0
 391 0014 20E1      		ldi r18,lo8(16)
 392 0016 429F      		mul r20,r18
 393 0018 A001      		movw r20,r0
 394 001a 1124      		clr __zero_reg__
 395               	.LVL49:
 396 001c 462B      		or r20,r22
 397               	.LVL50:
 258:funsape/peripheral/timer1.cpp **** 
 398               		.loc 1 258 0
 399 001e 4083      		st Z,r20
 261:funsape/peripheral/timer1.cpp ****     debugMessage(Error::NONE, Debug::CodeIndex::TIMER1_MODULE);
 400               		.loc 1 261 0
 401 0020 FC01      		movw r30,r24
 402 0022 1282      		std Z+2,__zero_reg__
 403 0024 1182      		std Z+1,__zero_reg__
 404               	.LVL51:
 264:funsape/peripheral/timer1.cpp **** 
 405               		.loc 1 264 0
 406 0026 81E0      		ldi r24,lo8(1)
 407               	.LVL52:
 408               	/* epilogue start */
 409 0028 0895      		ret
 410               		.cfi_endproc
 411               	.LFE98:
 413               		.section	.text._Z22timer1CompareACallbackv,"ax",@progbits
 414               		.weak	_Z22timer1CompareACallbackv
 416               	_Z22timer1CompareACallbackv:
 417               	.LFB99:
 289:funsape/peripheral/timer1.cpp ****     return;
 418               		.loc 1 289 0
 419               		.cfi_startproc
 420               	/* prologue: function */
 421               	/* frame size = 0 */
 422               	/* stack size = 0 */
 423               	.L__stack_usage = 0
GAS LISTING /tmp/ccLYh1sj.s 			page 15


 424               	/* epilogue start */
 291:funsape/peripheral/timer1.cpp **** 
 425               		.loc 1 291 0
 426 0000 0895      		ret
 427               		.cfi_endproc
 428               	.LFE99:
 430               		.section	.text._Z22timer1CompareBCallbackv,"ax",@progbits
 431               		.weak	_Z22timer1CompareBCallbackv
 433               	_Z22timer1CompareBCallbackv:
 434               	.LFB100:
 294:funsape/peripheral/timer1.cpp ****     return;
 435               		.loc 1 294 0
 436               		.cfi_startproc
 437               	/* prologue: function */
 438               	/* frame size = 0 */
 439               	/* stack size = 0 */
 440               	.L__stack_usage = 0
 441               	/* epilogue start */
 296:funsape/peripheral/timer1.cpp **** 
 442               		.loc 1 296 0
 443 0000 0895      		ret
 444               		.cfi_endproc
 445               	.LFE100:
 447               		.section	.text._Z26timer1InputCaptureCallbackv,"ax",@progbits
 448               		.weak	_Z26timer1InputCaptureCallbackv
 450               	_Z26timer1InputCaptureCallbackv:
 451               	.LFB101:
 299:funsape/peripheral/timer1.cpp ****     return;
 452               		.loc 1 299 0
 453               		.cfi_startproc
 454               	/* prologue: function */
 455               	/* frame size = 0 */
 456               	/* stack size = 0 */
 457               	.L__stack_usage = 0
 458               	/* epilogue start */
 301:funsape/peripheral/timer1.cpp **** 
 459               		.loc 1 301 0
 460 0000 0895      		ret
 461               		.cfi_endproc
 462               	.LFE101:
 464               		.section	.text._Z22timer1OverflowCallbackv,"ax",@progbits
 465               		.weak	_Z22timer1OverflowCallbackv
 467               	_Z22timer1OverflowCallbackv:
 468               	.LFB102:
 304:funsape/peripheral/timer1.cpp ****     return;
 469               		.loc 1 304 0
 470               		.cfi_startproc
 471               	/* prologue: function */
 472               	/* frame size = 0 */
 473               	/* stack size = 0 */
 474               	.L__stack_usage = 0
 475               	/* epilogue start */
 306:funsape/peripheral/timer1.cpp **** 
 476               		.loc 1 306 0
 477 0000 0895      		ret
 478               		.cfi_endproc
 479               	.LFE102:
GAS LISTING /tmp/ccLYh1sj.s 			page 16


 481               		.section	.text.__vector_10,"ax",@progbits
 482               	.global	__vector_10
 484               	__vector_10:
 485               	.LFB103:
 317:funsape/peripheral/timer1.cpp ****     timer1InputCaptureCallback();
 486               		.loc 1 317 0
 487               		.cfi_startproc
 488 0000 1F92      		push r1
 489               	.LCFI4:
 490               		.cfi_def_cfa_offset 3
 491               		.cfi_offset 1, -2
 492 0002 0F92      		push r0
 493               	.LCFI5:
 494               		.cfi_def_cfa_offset 4
 495               		.cfi_offset 0, -3
 496 0004 0FB6      		in r0,__SREG__
 497 0006 0F92      		push r0
 498 0008 1124      		clr __zero_reg__
 499 000a 2F93      		push r18
 500               	.LCFI6:
 501               		.cfi_def_cfa_offset 5
 502               		.cfi_offset 18, -4
 503 000c 3F93      		push r19
 504               	.LCFI7:
 505               		.cfi_def_cfa_offset 6
 506               		.cfi_offset 19, -5
 507 000e 4F93      		push r20
 508               	.LCFI8:
 509               		.cfi_def_cfa_offset 7
 510               		.cfi_offset 20, -6
 511 0010 5F93      		push r21
 512               	.LCFI9:
 513               		.cfi_def_cfa_offset 8
 514               		.cfi_offset 21, -7
 515 0012 6F93      		push r22
 516               	.LCFI10:
 517               		.cfi_def_cfa_offset 9
 518               		.cfi_offset 22, -8
 519 0014 7F93      		push r23
 520               	.LCFI11:
 521               		.cfi_def_cfa_offset 10
 522               		.cfi_offset 23, -9
 523 0016 8F93      		push r24
 524               	.LCFI12:
 525               		.cfi_def_cfa_offset 11
 526               		.cfi_offset 24, -10
 527 0018 9F93      		push r25
 528               	.LCFI13:
 529               		.cfi_def_cfa_offset 12
 530               		.cfi_offset 25, -11
 531 001a AF93      		push r26
 532               	.LCFI14:
 533               		.cfi_def_cfa_offset 13
 534               		.cfi_offset 26, -12
 535 001c BF93      		push r27
 536               	.LCFI15:
 537               		.cfi_def_cfa_offset 14
GAS LISTING /tmp/ccLYh1sj.s 			page 17


 538               		.cfi_offset 27, -13
 539 001e EF93      		push r30
 540               	.LCFI16:
 541               		.cfi_def_cfa_offset 15
 542               		.cfi_offset 30, -14
 543 0020 FF93      		push r31
 544               	.LCFI17:
 545               		.cfi_def_cfa_offset 16
 546               		.cfi_offset 31, -15
 547               	/* prologue: Signal */
 548               	/* frame size = 0 */
 549               	/* stack size = 15 */
 550               	.L__stack_usage = 15
 318:funsape/peripheral/timer1.cpp **** }
 551               		.loc 1 318 0
 552 0022 0E94 0000 		call _Z26timer1InputCaptureCallbackv
 553               	.LVL53:
 554               	/* epilogue start */
 319:funsape/peripheral/timer1.cpp **** 
 555               		.loc 1 319 0
 556 0026 FF91      		pop r31
 557 0028 EF91      		pop r30
 558 002a BF91      		pop r27
 559 002c AF91      		pop r26
 560 002e 9F91      		pop r25
 561 0030 8F91      		pop r24
 562 0032 7F91      		pop r23
 563 0034 6F91      		pop r22
 564 0036 5F91      		pop r21
 565 0038 4F91      		pop r20
 566 003a 3F91      		pop r19
 567 003c 2F91      		pop r18
 568 003e 0F90      		pop r0
 569 0040 0FBE      		out __SREG__,r0
 570 0042 0F90      		pop r0
 571 0044 1F90      		pop r1
 572 0046 1895      		reti
 573               		.cfi_endproc
 574               	.LFE103:
 576               		.section	.text.__vector_11,"ax",@progbits
 577               	.global	__vector_11
 579               	__vector_11:
 580               	.LFB104:
 322:funsape/peripheral/timer1.cpp ****     timer1CompareACallback();
 581               		.loc 1 322 0
 582               		.cfi_startproc
 583 0000 1F92      		push r1
 584               	.LCFI18:
 585               		.cfi_def_cfa_offset 3
 586               		.cfi_offset 1, -2
 587 0002 0F92      		push r0
 588               	.LCFI19:
 589               		.cfi_def_cfa_offset 4
 590               		.cfi_offset 0, -3
 591 0004 0FB6      		in r0,__SREG__
 592 0006 0F92      		push r0
 593 0008 1124      		clr __zero_reg__
GAS LISTING /tmp/ccLYh1sj.s 			page 18


 594 000a 2F93      		push r18
 595               	.LCFI20:
 596               		.cfi_def_cfa_offset 5
 597               		.cfi_offset 18, -4
 598 000c 3F93      		push r19
 599               	.LCFI21:
 600               		.cfi_def_cfa_offset 6
 601               		.cfi_offset 19, -5
 602 000e 4F93      		push r20
 603               	.LCFI22:
 604               		.cfi_def_cfa_offset 7
 605               		.cfi_offset 20, -6
 606 0010 5F93      		push r21
 607               	.LCFI23:
 608               		.cfi_def_cfa_offset 8
 609               		.cfi_offset 21, -7
 610 0012 6F93      		push r22
 611               	.LCFI24:
 612               		.cfi_def_cfa_offset 9
 613               		.cfi_offset 22, -8
 614 0014 7F93      		push r23
 615               	.LCFI25:
 616               		.cfi_def_cfa_offset 10
 617               		.cfi_offset 23, -9
 618 0016 8F93      		push r24
 619               	.LCFI26:
 620               		.cfi_def_cfa_offset 11
 621               		.cfi_offset 24, -10
 622 0018 9F93      		push r25
 623               	.LCFI27:
 624               		.cfi_def_cfa_offset 12
 625               		.cfi_offset 25, -11
 626 001a AF93      		push r26
 627               	.LCFI28:
 628               		.cfi_def_cfa_offset 13
 629               		.cfi_offset 26, -12
 630 001c BF93      		push r27
 631               	.LCFI29:
 632               		.cfi_def_cfa_offset 14
 633               		.cfi_offset 27, -13
 634 001e EF93      		push r30
 635               	.LCFI30:
 636               		.cfi_def_cfa_offset 15
 637               		.cfi_offset 30, -14
 638 0020 FF93      		push r31
 639               	.LCFI31:
 640               		.cfi_def_cfa_offset 16
 641               		.cfi_offset 31, -15
 642               	/* prologue: Signal */
 643               	/* frame size = 0 */
 644               	/* stack size = 15 */
 645               	.L__stack_usage = 15
 323:funsape/peripheral/timer1.cpp **** }
 646               		.loc 1 323 0
 647 0022 0E94 0000 		call _Z22timer1CompareACallbackv
 648               	.LVL54:
 649               	/* epilogue start */
GAS LISTING /tmp/ccLYh1sj.s 			page 19


 324:funsape/peripheral/timer1.cpp **** 
 650               		.loc 1 324 0
 651 0026 FF91      		pop r31
 652 0028 EF91      		pop r30
 653 002a BF91      		pop r27
 654 002c AF91      		pop r26
 655 002e 9F91      		pop r25
 656 0030 8F91      		pop r24
 657 0032 7F91      		pop r23
 658 0034 6F91      		pop r22
 659 0036 5F91      		pop r21
 660 0038 4F91      		pop r20
 661 003a 3F91      		pop r19
 662 003c 2F91      		pop r18
 663 003e 0F90      		pop r0
 664 0040 0FBE      		out __SREG__,r0
 665 0042 0F90      		pop r0
 666 0044 1F90      		pop r1
 667 0046 1895      		reti
 668               		.cfi_endproc
 669               	.LFE104:
 671               		.section	.text.__vector_12,"ax",@progbits
 672               	.global	__vector_12
 674               	__vector_12:
 675               	.LFB105:
 327:funsape/peripheral/timer1.cpp ****     timer1CompareBCallback();
 676               		.loc 1 327 0
 677               		.cfi_startproc
 678 0000 1F92      		push r1
 679               	.LCFI32:
 680               		.cfi_def_cfa_offset 3
 681               		.cfi_offset 1, -2
 682 0002 0F92      		push r0
 683               	.LCFI33:
 684               		.cfi_def_cfa_offset 4
 685               		.cfi_offset 0, -3
 686 0004 0FB6      		in r0,__SREG__
 687 0006 0F92      		push r0
 688 0008 1124      		clr __zero_reg__
 689 000a 2F93      		push r18
 690               	.LCFI34:
 691               		.cfi_def_cfa_offset 5
 692               		.cfi_offset 18, -4
 693 000c 3F93      		push r19
 694               	.LCFI35:
 695               		.cfi_def_cfa_offset 6
 696               		.cfi_offset 19, -5
 697 000e 4F93      		push r20
 698               	.LCFI36:
 699               		.cfi_def_cfa_offset 7
 700               		.cfi_offset 20, -6
 701 0010 5F93      		push r21
 702               	.LCFI37:
 703               		.cfi_def_cfa_offset 8
 704               		.cfi_offset 21, -7
 705 0012 6F93      		push r22
 706               	.LCFI38:
GAS LISTING /tmp/ccLYh1sj.s 			page 20


 707               		.cfi_def_cfa_offset 9
 708               		.cfi_offset 22, -8
 709 0014 7F93      		push r23
 710               	.LCFI39:
 711               		.cfi_def_cfa_offset 10
 712               		.cfi_offset 23, -9
 713 0016 8F93      		push r24
 714               	.LCFI40:
 715               		.cfi_def_cfa_offset 11
 716               		.cfi_offset 24, -10
 717 0018 9F93      		push r25
 718               	.LCFI41:
 719               		.cfi_def_cfa_offset 12
 720               		.cfi_offset 25, -11
 721 001a AF93      		push r26
 722               	.LCFI42:
 723               		.cfi_def_cfa_offset 13
 724               		.cfi_offset 26, -12
 725 001c BF93      		push r27
 726               	.LCFI43:
 727               		.cfi_def_cfa_offset 14
 728               		.cfi_offset 27, -13
 729 001e EF93      		push r30
 730               	.LCFI44:
 731               		.cfi_def_cfa_offset 15
 732               		.cfi_offset 30, -14
 733 0020 FF93      		push r31
 734               	.LCFI45:
 735               		.cfi_def_cfa_offset 16
 736               		.cfi_offset 31, -15
 737               	/* prologue: Signal */
 738               	/* frame size = 0 */
 739               	/* stack size = 15 */
 740               	.L__stack_usage = 15
 328:funsape/peripheral/timer1.cpp **** }
 741               		.loc 1 328 0
 742 0022 0E94 0000 		call _Z22timer1CompareBCallbackv
 743               	.LVL55:
 744               	/* epilogue start */
 329:funsape/peripheral/timer1.cpp **** 
 745               		.loc 1 329 0
 746 0026 FF91      		pop r31
 747 0028 EF91      		pop r30
 748 002a BF91      		pop r27
 749 002c AF91      		pop r26
 750 002e 9F91      		pop r25
 751 0030 8F91      		pop r24
 752 0032 7F91      		pop r23
 753 0034 6F91      		pop r22
 754 0036 5F91      		pop r21
 755 0038 4F91      		pop r20
 756 003a 3F91      		pop r19
 757 003c 2F91      		pop r18
 758 003e 0F90      		pop r0
 759 0040 0FBE      		out __SREG__,r0
 760 0042 0F90      		pop r0
 761 0044 1F90      		pop r1
GAS LISTING /tmp/ccLYh1sj.s 			page 21


 762 0046 1895      		reti
 763               		.cfi_endproc
 764               	.LFE105:
 766               		.section	.text.__vector_13,"ax",@progbits
 767               	.global	__vector_13
 769               	__vector_13:
 770               	.LFB106:
 332:funsape/peripheral/timer1.cpp ****     timer1OverflowCallback();
 771               		.loc 1 332 0
 772               		.cfi_startproc
 773 0000 1F92      		push r1
 774               	.LCFI46:
 775               		.cfi_def_cfa_offset 3
 776               		.cfi_offset 1, -2
 777 0002 0F92      		push r0
 778               	.LCFI47:
 779               		.cfi_def_cfa_offset 4
 780               		.cfi_offset 0, -3
 781 0004 0FB6      		in r0,__SREG__
 782 0006 0F92      		push r0
 783 0008 1124      		clr __zero_reg__
 784 000a 2F93      		push r18
 785               	.LCFI48:
 786               		.cfi_def_cfa_offset 5
 787               		.cfi_offset 18, -4
 788 000c 3F93      		push r19
 789               	.LCFI49:
 790               		.cfi_def_cfa_offset 6
 791               		.cfi_offset 19, -5
 792 000e 4F93      		push r20
 793               	.LCFI50:
 794               		.cfi_def_cfa_offset 7
 795               		.cfi_offset 20, -6
 796 0010 5F93      		push r21
 797               	.LCFI51:
 798               		.cfi_def_cfa_offset 8
 799               		.cfi_offset 21, -7
 800 0012 6F93      		push r22
 801               	.LCFI52:
 802               		.cfi_def_cfa_offset 9
 803               		.cfi_offset 22, -8
 804 0014 7F93      		push r23
 805               	.LCFI53:
 806               		.cfi_def_cfa_offset 10
 807               		.cfi_offset 23, -9
 808 0016 8F93      		push r24
 809               	.LCFI54:
 810               		.cfi_def_cfa_offset 11
 811               		.cfi_offset 24, -10
 812 0018 9F93      		push r25
 813               	.LCFI55:
 814               		.cfi_def_cfa_offset 12
 815               		.cfi_offset 25, -11
 816 001a AF93      		push r26
 817               	.LCFI56:
 818               		.cfi_def_cfa_offset 13
 819               		.cfi_offset 26, -12
GAS LISTING /tmp/ccLYh1sj.s 			page 22


 820 001c BF93      		push r27
 821               	.LCFI57:
 822               		.cfi_def_cfa_offset 14
 823               		.cfi_offset 27, -13
 824 001e EF93      		push r30
 825               	.LCFI58:
 826               		.cfi_def_cfa_offset 15
 827               		.cfi_offset 30, -14
 828 0020 FF93      		push r31
 829               	.LCFI59:
 830               		.cfi_def_cfa_offset 16
 831               		.cfi_offset 31, -15
 832               	/* prologue: Signal */
 833               	/* frame size = 0 */
 834               	/* stack size = 15 */
 835               	.L__stack_usage = 15
 333:funsape/peripheral/timer1.cpp **** }
 836               		.loc 1 333 0
 837 0022 0E94 0000 		call _Z22timer1OverflowCallbackv
 838               	.LVL56:
 839               	/* epilogue start */
 840               		.loc 1 334 0
 841 0026 FF91      		pop r31
 842 0028 EF91      		pop r30
 843 002a BF91      		pop r27
 844 002c AF91      		pop r26
 845 002e 9F91      		pop r25
 846 0030 8F91      		pop r24
 847 0032 7F91      		pop r23
 848 0034 6F91      		pop r22
 849 0036 5F91      		pop r21
 850 0038 4F91      		pop r20
 851 003a 3F91      		pop r19
 852 003c 2F91      		pop r18
 853 003e 0F90      		pop r0
 854 0040 0FBE      		out __SREG__,r0
 855 0042 0F90      		pop r0
 856 0044 1F90      		pop r1
 857 0046 1895      		reti
 858               		.cfi_endproc
 859               	.LFE106:
 861               		.section	.text._GLOBAL__sub_I__ZN6Timer19_instanceE,"ax",@progbits
 863               	_GLOBAL__sub_I__ZN6Timer19_instanceE:
 864               	.LFB108:
 865               		.loc 1 334 0
 866               		.cfi_startproc
 867               	/* prologue: function */
 868               	/* frame size = 0 */
 869               	/* stack size = 0 */
 870               	.L__stack_usage = 0
 871               		.loc 1 334 0
 872 0000 6FEF      		ldi r22,lo8(-1)
 873 0002 7FEF      		ldi r23,lo8(-1)
 874 0004 81E0      		ldi r24,lo8(1)
 875 0006 90E0      		ldi r25,0
 876 0008 0E94 0000 		call _Z41__static_initialization_and_destruction_0ii
 877               	.LVL57:
GAS LISTING /tmp/ccLYh1sj.s 			page 23


 878               	/* epilogue start */
 879 000c 0895      		ret
 880               		.cfi_endproc
 881               	.LFE108:
 883               		.global __do_global_ctors
 884               		.section .ctors,"a",@progbits
 885               		.p2align	1
 886 0000 0000      		.word	gs(_GLOBAL__sub_I__ZN6Timer19_instanceE)
 887               		.section	.text._GLOBAL__sub_D__ZN6Timer19_instanceE,"ax",@progbits
 889               	_GLOBAL__sub_D__ZN6Timer19_instanceE:
 890               	.LFB109:
 891               		.loc 1 334 0
 892               		.cfi_startproc
 893               	/* prologue: function */
 894               	/* frame size = 0 */
 895               	/* stack size = 0 */
 896               	.L__stack_usage = 0
 897               		.loc 1 334 0
 898 0000 6FEF      		ldi r22,lo8(-1)
 899 0002 7FEF      		ldi r23,lo8(-1)
 900 0004 90E0      		ldi r25,0
 901 0006 80E0      		ldi r24,0
 902 0008 0E94 0000 		call _Z41__static_initialization_and_destruction_0ii
 903               	.LVL58:
 904               	/* epilogue start */
 905 000c 0895      		ret
 906               		.cfi_endproc
 907               	.LFE109:
 909               		.global __do_global_dtors
 910               		.section .dtors,"a",@progbits
 911               		.p2align	1
 912 0000 0000      		.word	gs(_GLOBAL__sub_D__ZN6Timer19_instanceE)
 913               	.global	_ZN6Timer19_instanceE
 914               		.section	.bss._ZN6Timer19_instanceE,"aw",@nobits
 917               	_ZN6Timer19_instanceE:
 918 0000 0000 0000 		.zero	5
 918      00
 919               		.text
 920               	.Letext0:
 921               		.file 2 "/usr/lib/avr/include/stdint.h"
 922               		.file 3 "funsape/peripheral/../config/atmega328p.hpp"
 923               		.file 4 "/usr/lib/avr/include/stdio.h"
 924               		.file 5 "funsape/peripheral/../globalDefines.hpp"
 925               		.file 6 "funsape/peripheral/../util/debug.hpp"
 926               		.file 7 "funsape/peripheral/timer1.hpp"
GAS LISTING /tmp/ccLYh1sj.s 			page 24


DEFINED SYMBOLS
                            *ABS*:0000000000000000 timer1.cpp
     /tmp/ccLYh1sj.s:2      *ABS*:000000000000003e __SP_H__
     /tmp/ccLYh1sj.s:3      *ABS*:000000000000003d __SP_L__
     /tmp/ccLYh1sj.s:4      *ABS*:000000000000003f __SREG__
     /tmp/ccLYh1sj.s:5      *ABS*:0000000000000000 __tmp_reg__
     /tmp/ccLYh1sj.s:6      *ABS*:0000000000000001 __zero_reg__
     /tmp/ccLYh1sj.s:13     .text._ZN6Timer1C2Ev:0000000000000000 _ZN6Timer1C2Ev
     /tmp/ccLYh1sj.s:13     .text._ZN6Timer1C2Ev:0000000000000000 _ZN6Timer1C1Ev
     /tmp/ccLYh1sj.s:46     .text._ZN6Timer1D2Ev:0000000000000000 _ZN6Timer1D2Ev
     /tmp/ccLYh1sj.s:46     .text._ZN6Timer1D2Ev:0000000000000000 _ZN6Timer1D1Ev
     /tmp/ccLYh1sj.s:65     .text._Z41__static_initialization_and_destruction_0ii:0000000000000000 _Z41__static_initialization_and_destruction_0ii
     /tmp/ccLYh1sj.s:917    .bss._ZN6Timer19_instanceE:0000000000000000 _ZN6Timer19_instanceE
     /tmp/ccLYh1sj.s:101    .text._ZN6Timer14initENS_4ModeENS_11ClockSourceE:0000000000000000 _ZN6Timer14initENS_4ModeENS_11ClockSourceE
     /tmp/ccLYh1sj.s:190    .text._ZN6Timer114setClockSourceENS_11ClockSourceE:0000000000000000 _ZN6Timer114setClockSourceENS_11ClockSourceE
     /tmp/ccLYh1sj.s:230    .text._ZN6Timer119setInputCaptureModeE4Edgeb:0000000000000000 _ZN6Timer119setInputCaptureModeE4Edgeb
     /tmp/ccLYh1sj.s:285    .text._ZN6Timer17setModeENS_4ModeE:0000000000000000 _ZN6Timer17setModeENS_4ModeE
     /tmp/ccLYh1sj.s:362    .text._ZN6Timer113setOutputModeENS_10OutputModeES0_:0000000000000000 _ZN6Timer113setOutputModeENS_10OutputModeES0_
     /tmp/ccLYh1sj.s:416    .text._Z22timer1CompareACallbackv:0000000000000000 _Z22timer1CompareACallbackv
     /tmp/ccLYh1sj.s:433    .text._Z22timer1CompareBCallbackv:0000000000000000 _Z22timer1CompareBCallbackv
     /tmp/ccLYh1sj.s:450    .text._Z26timer1InputCaptureCallbackv:0000000000000000 _Z26timer1InputCaptureCallbackv
     /tmp/ccLYh1sj.s:467    .text._Z22timer1OverflowCallbackv:0000000000000000 _Z22timer1OverflowCallbackv
     /tmp/ccLYh1sj.s:484    .text.__vector_10:0000000000000000 __vector_10
     /tmp/ccLYh1sj.s:579    .text.__vector_11:0000000000000000 __vector_11
     /tmp/ccLYh1sj.s:674    .text.__vector_12:0000000000000000 __vector_12
     /tmp/ccLYh1sj.s:769    .text.__vector_13:0000000000000000 __vector_13
     /tmp/ccLYh1sj.s:863    .text._GLOBAL__sub_I__ZN6Timer19_instanceE:0000000000000000 _GLOBAL__sub_I__ZN6Timer19_instanceE
     /tmp/ccLYh1sj.s:889    .text._GLOBAL__sub_D__ZN6Timer19_instanceE:0000000000000000 _GLOBAL__sub_D__ZN6Timer19_instanceE

UNDEFINED SYMBOLS
__do_global_ctors
__do_global_dtors
__do_clear_bss
