GAS LISTING /tmp/ccAleHQb.s 			page 1


   1               		.file	"timer0.cpp"
   2               	__SP_H__ = 0x3e
   3               	__SP_L__ = 0x3d
   4               	__SREG__ = 0x3f
   5               	__tmp_reg__ = 0
   6               	__zero_reg__ = 1
   7               		.text
   8               	.Ltext0:
   9               		.cfi_sections	.debug_frame
  10               		.section	.text._ZN6Timer0C2Ev,"ax",@progbits
  11               	.global	_ZN6Timer0C2Ev
  13               	_ZN6Timer0C2Ev:
  14               	.LFB84:
  15               		.file 1 "funsape/peripheral/timer0.cpp"
   1:funsape/peripheral/timer0.cpp **** //!
   2:funsape/peripheral/timer0.cpp **** //! ****************************************************************************
   3:funsape/peripheral/timer0.cpp **** //! @file           timer0.cpp
   4:funsape/peripheral/timer0.cpp **** //! @author         Leandro Schwarz (bladabuska+funsapeavr8lib@gmail.com)
   5:funsape/peripheral/timer0.cpp **** //! @brief          TIMER0 peripheral control.
   6:funsape/peripheral/timer0.cpp **** //! @details        This file provides peripheral control for the TIMER0 module
   7:funsape/peripheral/timer0.cpp **** //!                     for the FunSAPE++ AVR8 Library.
   8:funsape/peripheral/timer0.cpp **** //! @date           2026-04-03
   9:funsape/peripheral/timer0.cpp **** //! @version        26.04
  10:funsape/peripheral/timer0.cpp **** //! @copyright      MIT License
  11:funsape/peripheral/timer0.cpp **** //! @note           No notes at this time.
  12:funsape/peripheral/timer0.cpp **** //! @todo           No items in todo list yet.
  13:funsape/peripheral/timer0.cpp **** //! @bug            No bugs detected yet.
  14:funsape/peripheral/timer0.cpp **** //! ****************************************************************************
  15:funsape/peripheral/timer0.cpp **** //! @attention
  16:funsape/peripheral/timer0.cpp **** //!
  17:funsape/peripheral/timer0.cpp **** //! MIT License
  18:funsape/peripheral/timer0.cpp **** //!
  19:funsape/peripheral/timer0.cpp **** //! Copyright (c) 2026 Leandro Schwarz
  20:funsape/peripheral/timer0.cpp **** //!
  21:funsape/peripheral/timer0.cpp **** //! Permission is hereby granted, free of charge, to any person obtaining a copy
  22:funsape/peripheral/timer0.cpp **** //!     of this software and associated documentation files (the "Software"), to
  23:funsape/peripheral/timer0.cpp **** //!     deal in the Software without restriction, including without limitation
  24:funsape/peripheral/timer0.cpp **** //!     the rights to use, copy, modify, merge, publish, distribute, sublicense,
  25:funsape/peripheral/timer0.cpp **** //!     and/or sell copies of the Software, and to permit persons to whom the
  26:funsape/peripheral/timer0.cpp **** //!     Software is furnished to do so, subject to the following conditions:
  27:funsape/peripheral/timer0.cpp **** //!
  28:funsape/peripheral/timer0.cpp **** //! The above copyright notice and this permission notice shall be included in
  29:funsape/peripheral/timer0.cpp **** //!     all copies or substantial portions of the Software.
  30:funsape/peripheral/timer0.cpp **** //!
  31:funsape/peripheral/timer0.cpp **** //! THE SOFTWARE IS PROVIDED "AS IS", WITHOUT WARRANTY OF ANY KIND, EXPRESS OR
  32:funsape/peripheral/timer0.cpp **** //!     IMPLIED, INCLUDING BUT NOT LIMITED TO THE WARRANTIES OF MERCHANTABILITY,
  33:funsape/peripheral/timer0.cpp **** //!     FITNESS FOR A PARTICULAR PURPOSE AND NONINFRINGEMENT. IN NO EVENT SHALL
  34:funsape/peripheral/timer0.cpp **** //!     THE AUTHORS OR COPYRIGHT HOLDERS BE LIABLE FOR ANY CLAIM, DAMAGES OR
  35:funsape/peripheral/timer0.cpp **** //!     OTHER LIABILITY, WHETHER IN AN ACTION OF CONTRACT, TORT OR OTHERWISE,
  36:funsape/peripheral/timer0.cpp **** //!     ARISING FROM, OUT OF OR IN CONNECTION WITH THE SOFTWARE OR THE USE OR
  37:funsape/peripheral/timer0.cpp **** //!     OTHER DEALINGS IN THE SOFTWARE.
  38:funsape/peripheral/timer0.cpp **** //!
  39:funsape/peripheral/timer0.cpp **** //! ****************************************************************************
  40:funsape/peripheral/timer0.cpp **** //!
  41:funsape/peripheral/timer0.cpp **** 
  42:funsape/peripheral/timer0.cpp **** // =============================================================================
  43:funsape/peripheral/timer0.cpp **** // System file dependencies
GAS LISTING /tmp/ccAleHQb.s 			page 2


  44:funsape/peripheral/timer0.cpp **** // =============================================================================
  45:funsape/peripheral/timer0.cpp **** 
  46:funsape/peripheral/timer0.cpp **** #include "timer0.hpp"
  47:funsape/peripheral/timer0.cpp **** #if !defined(__TIMER0_HPP)
  48:funsape/peripheral/timer0.cpp **** #    error Error 1 - Header file (timer0.hpp) is missing or corrupted!
  49:funsape/peripheral/timer0.cpp **** #elif __TIMER0_HPP != 2604
  50:funsape/peripheral/timer0.cpp **** #    error Error 6 - Build mismatch between header file (timer0.hpp) and source file (timer0.cpp)!
  51:funsape/peripheral/timer0.cpp **** #endif
  52:funsape/peripheral/timer0.cpp **** 
  53:funsape/peripheral/timer0.cpp **** // =============================================================================
  54:funsape/peripheral/timer0.cpp **** // File exclusive - Constants
  55:funsape/peripheral/timer0.cpp **** // =============================================================================
  56:funsape/peripheral/timer0.cpp **** 
  57:funsape/peripheral/timer0.cpp **** // NONE
  58:funsape/peripheral/timer0.cpp **** 
  59:funsape/peripheral/timer0.cpp **** // =============================================================================
  60:funsape/peripheral/timer0.cpp **** // File exclusive - New data types
  61:funsape/peripheral/timer0.cpp **** // =============================================================================
  62:funsape/peripheral/timer0.cpp **** 
  63:funsape/peripheral/timer0.cpp **** // NONE
  64:funsape/peripheral/timer0.cpp **** 
  65:funsape/peripheral/timer0.cpp **** // =============================================================================
  66:funsape/peripheral/timer0.cpp **** // File exclusive - Macro-functions
  67:funsape/peripheral/timer0.cpp **** // =============================================================================
  68:funsape/peripheral/timer0.cpp **** 
  69:funsape/peripheral/timer0.cpp **** // NONE
  70:funsape/peripheral/timer0.cpp **** 
  71:funsape/peripheral/timer0.cpp **** // =============================================================================
  72:funsape/peripheral/timer0.cpp **** // Global variables
  73:funsape/peripheral/timer0.cpp **** // =============================================================================
  74:funsape/peripheral/timer0.cpp **** 
  75:funsape/peripheral/timer0.cpp **** Timer0 Timer0::_instance;
  76:funsape/peripheral/timer0.cpp **** 
  77:funsape/peripheral/timer0.cpp **** // =============================================================================
  78:funsape/peripheral/timer0.cpp **** // Static functions declarations
  79:funsape/peripheral/timer0.cpp **** // =============================================================================
  80:funsape/peripheral/timer0.cpp **** 
  81:funsape/peripheral/timer0.cpp **** // NONE
  82:funsape/peripheral/timer0.cpp **** 
  83:funsape/peripheral/timer0.cpp **** // =============================================================================
  84:funsape/peripheral/timer0.cpp **** // Public function definitions
  85:funsape/peripheral/timer0.cpp **** // =============================================================================
  86:funsape/peripheral/timer0.cpp **** 
  87:funsape/peripheral/timer0.cpp **** // NONE
  88:funsape/peripheral/timer0.cpp **** 
  89:funsape/peripheral/timer0.cpp **** // =============================================================================
  90:funsape/peripheral/timer0.cpp **** // Class constructors
  91:funsape/peripheral/timer0.cpp **** // =============================================================================
  92:funsape/peripheral/timer0.cpp **** 
  93:funsape/peripheral/timer0.cpp **** Timer0::Timer0() :
  16               		.loc 1 93 0
  17               		.cfi_startproc
  18               	.LVL0:
  19               	/* prologue: function */
  20               	/* frame size = 0 */
  21               	/* stack size = 0 */
  22               	.L__stack_usage = 0
GAS LISTING /tmp/ccAleHQb.s 			page 3


  23 0000 FC01      		movw r30,r24
  24               	.LBB2:
  94:funsape/peripheral/timer0.cpp ****     _isInitialized(false),
  95:funsape/peripheral/timer0.cpp ****     _lastError(Error::NONE),
  96:funsape/peripheral/timer0.cpp ****     _clockSource(Timer0::ClockSource::DISABLED),
  97:funsape/peripheral/timer0.cpp ****     _mode(Timer0::Mode::NORMAL)
  25               		.loc 1 97 0
  26 0002 8081      		ld r24,Z
  27               	.LVL1:
  28 0004 8E7F      		andi r24,lo8(~(1<<0))
  29 0006 8083      		st Z,r24
  30 0008 1282      		std Z+2,__zero_reg__
  31 000a 1182      		std Z+1,__zero_reg__
  32 000c 1382      		std Z+3,__zero_reg__
  33 000e 1482      		std Z+4,__zero_reg__
  34               	/* epilogue start */
  35               	.LBE2:
  98:funsape/peripheral/timer0.cpp **** {
  99:funsape/peripheral/timer0.cpp ****     // Mark passage for debugging purpose
 100:funsape/peripheral/timer0.cpp ****     debugMark(PSTR("Timer0::Timer0(void)"), Debug::CodeIndex::TIMER0_MODULE);
 101:funsape/peripheral/timer0.cpp **** 
 102:funsape/peripheral/timer0.cpp ****     // Returns successfully
 103:funsape/peripheral/timer0.cpp ****     this->_lastError = Error::NONE;
 104:funsape/peripheral/timer0.cpp ****     debugMessage(Error::NONE, Debug::CodeIndex::TIMER0_MODULE);
 105:funsape/peripheral/timer0.cpp ****     return;
 106:funsape/peripheral/timer0.cpp **** }
  36               		.loc 1 106 0
  37 0010 0895      		ret
  38               		.cfi_endproc
  39               	.LFE84:
  41               	.global	_ZN6Timer0C1Ev
  42               		.set	_ZN6Timer0C1Ev,_ZN6Timer0C2Ev
  43               		.section	.text._ZN6Timer0D2Ev,"ax",@progbits
  44               	.global	_ZN6Timer0D2Ev
  46               	_ZN6Timer0D2Ev:
  47               	.LFB87:
 107:funsape/peripheral/timer0.cpp **** 
 108:funsape/peripheral/timer0.cpp **** Timer0::~Timer0()
  48               		.loc 1 108 0
  49               		.cfi_startproc
  50               	.LVL2:
  51               	/* prologue: function */
  52               	/* frame size = 0 */
  53               	/* stack size = 0 */
  54               	.L__stack_usage = 0
  55               	/* epilogue start */
 109:funsape/peripheral/timer0.cpp **** {
 110:funsape/peripheral/timer0.cpp ****     // Mark passage for debugging purpose
 111:funsape/peripheral/timer0.cpp ****     debugMark(PSTR("Timer0::~Timer0(void)"), Debug::CodeIndex::TIMER0_MODULE);
 112:funsape/peripheral/timer0.cpp **** 
 113:funsape/peripheral/timer0.cpp ****     // Returns successfully
 114:funsape/peripheral/timer0.cpp ****     debugMessage(Error::NONE, Debug::CodeIndex::TIMER0_MODULE);
 115:funsape/peripheral/timer0.cpp ****     return;
 116:funsape/peripheral/timer0.cpp **** }
  56               		.loc 1 116 0
  57 0000 0895      		ret
  58               		.cfi_endproc
GAS LISTING /tmp/ccAleHQb.s 			page 4


  59               	.LFE87:
  61               	.global	_ZN6Timer0D1Ev
  62               		.set	_ZN6Timer0D1Ev,_ZN6Timer0D2Ev
  63               		.section	.text._Z41__static_initialization_and_destruction_0ii,"ax",@progbits
  65               	_Z41__static_initialization_and_destruction_0ii:
  66               	.LFB99:
 117:funsape/peripheral/timer0.cpp **** 
 118:funsape/peripheral/timer0.cpp **** // =============================================================================
 119:funsape/peripheral/timer0.cpp **** // Class own methods - Public
 120:funsape/peripheral/timer0.cpp **** // =============================================================================
 121:funsape/peripheral/timer0.cpp **** 
 122:funsape/peripheral/timer0.cpp **** //     ///////////////////     CONTROL AND STATUS     ///////////////////     //
 123:funsape/peripheral/timer0.cpp **** 
 124:funsape/peripheral/timer0.cpp **** bool_t Timer0::init(const Timer0::Mode mode_p, const Timer0::ClockSource clockSource_p)
 125:funsape/peripheral/timer0.cpp **** {
 126:funsape/peripheral/timer0.cpp ****     // Mark passage for debugging purpose
 127:funsape/peripheral/timer0.cpp ****     debugMark(PSTR("Timer0::init(const Timer0::Mode, const Timer0::ClockSource)"), Debug::CodeIndex
 128:funsape/peripheral/timer0.cpp **** 
 129:funsape/peripheral/timer0.cpp ****     // Local variables
 130:funsape/peripheral/timer0.cpp ****     uint8_t auxTccr0A   = MCU_TIMER0_CTRL_A_REG;
 131:funsape/peripheral/timer0.cpp ****     uint8_t auxTccr0B   = MCU_TIMER0_CTRL_B_REG;
 132:funsape/peripheral/timer0.cpp ****     uint8_t aux8        = 0;
 133:funsape/peripheral/timer0.cpp **** 
 134:funsape/peripheral/timer0.cpp ****     // Configure mode
 135:funsape/peripheral/timer0.cpp ****     aux8 = (uint8_t)mode_p;
 136:funsape/peripheral/timer0.cpp ****     clrMaskOffset(auxTccr0A, MCU_TIMER0_MODE_BIT_0_MASK, MCU_TIMER0_MODE_BIT_0_POS);
 137:funsape/peripheral/timer0.cpp ****     clrMaskOffset(auxTccr0B, MCU_TIMER0_MODE_BIT_2_MASK, MCU_TIMER0_MODE_BIT_2_POS);
 138:funsape/peripheral/timer0.cpp ****     setMaskOffset(auxTccr0A, (aux8 & 0x03), MCU_TIMER0_MODE_BIT_0_POS);
 139:funsape/peripheral/timer0.cpp ****     setMaskOffset(auxTccr0B, (aux8 >> 2), MCU_TIMER0_MODE_BIT_2_POS);
 140:funsape/peripheral/timer0.cpp ****     // Configure clock source
 141:funsape/peripheral/timer0.cpp ****     clrMaskOffset(auxTccr0B, MCU_TIMER0_CLOCK_BIT_MASK, MCU_TIMER0_CLOCK_BIT_POS);
 142:funsape/peripheral/timer0.cpp ****     setMaskOffset(auxTccr0B, ((uint8_t)clockSource_p), MCU_TIMER0_CLOCK_BIT_POS);
 143:funsape/peripheral/timer0.cpp **** 
 144:funsape/peripheral/timer0.cpp ****     // Update registers
 145:funsape/peripheral/timer0.cpp ****     MCU_TIMER0_CTRL_A_REG          = auxTccr0A;
 146:funsape/peripheral/timer0.cpp ****     MCU_TIMER0_CTRL_B_REG          = auxTccr0B;
 147:funsape/peripheral/timer0.cpp **** 
 148:funsape/peripheral/timer0.cpp ****     // Update class members
 149:funsape/peripheral/timer0.cpp ****     this->_mode             = mode_p;
 150:funsape/peripheral/timer0.cpp ****     this->_clockSource      = clockSource_p;
 151:funsape/peripheral/timer0.cpp ****     this->_isInitialized    = true;
 152:funsape/peripheral/timer0.cpp **** 
 153:funsape/peripheral/timer0.cpp ****     // Returns successfully
 154:funsape/peripheral/timer0.cpp ****     this->_lastError = Error::NONE;
 155:funsape/peripheral/timer0.cpp ****     debugMessage(Error::NONE, Debug::CodeIndex::TIMER0_MODULE);
 156:funsape/peripheral/timer0.cpp ****     return true;
 157:funsape/peripheral/timer0.cpp **** }
 158:funsape/peripheral/timer0.cpp **** 
 159:funsape/peripheral/timer0.cpp **** bool_t Timer0::setClockSource(const Timer0::ClockSource clockSource_p)
 160:funsape/peripheral/timer0.cpp **** {
 161:funsape/peripheral/timer0.cpp ****     // Mark passage for debugging purpose
 162:funsape/peripheral/timer0.cpp ****     debugMark(PSTR("Timer0::setClockSource(const Timer0::ClockSource)"), Debug::CodeIndex::TIMER0_M
 163:funsape/peripheral/timer0.cpp **** 
 164:funsape/peripheral/timer0.cpp ****     // Local variables
 165:funsape/peripheral/timer0.cpp ****     uint8_t auxTccr0B = MCU_TIMER0_CTRL_B_REG;
 166:funsape/peripheral/timer0.cpp **** 
 167:funsape/peripheral/timer0.cpp ****     // Configure clock source
GAS LISTING /tmp/ccAleHQb.s 			page 5


 168:funsape/peripheral/timer0.cpp ****     clrMaskOffset(auxTccr0B, MCU_TIMER0_CLOCK_BIT_MASK, MCU_TIMER0_CLOCK_BIT_POS);
 169:funsape/peripheral/timer0.cpp ****     setMaskOffset(auxTccr0B, ((uint8_t)clockSource_p), MCU_TIMER0_CLOCK_BIT_POS);
 170:funsape/peripheral/timer0.cpp **** 
 171:funsape/peripheral/timer0.cpp ****     // Update registers
 172:funsape/peripheral/timer0.cpp ****     MCU_TIMER0_CTRL_B_REG          = auxTccr0B;
 173:funsape/peripheral/timer0.cpp **** 
 174:funsape/peripheral/timer0.cpp ****     // Update class members
 175:funsape/peripheral/timer0.cpp ****     this->_clockSource      = clockSource_p;
 176:funsape/peripheral/timer0.cpp **** 
 177:funsape/peripheral/timer0.cpp ****     // Returns successfully
 178:funsape/peripheral/timer0.cpp ****     this->_lastError = Error::NONE;
 179:funsape/peripheral/timer0.cpp ****     debugMessage(Error::NONE, Debug::CodeIndex::TIMER0_MODULE);
 180:funsape/peripheral/timer0.cpp ****     return true;
 181:funsape/peripheral/timer0.cpp **** }
 182:funsape/peripheral/timer0.cpp **** 
 183:funsape/peripheral/timer0.cpp **** bool_t Timer0::setMode(const Timer0::Mode mode_p)
 184:funsape/peripheral/timer0.cpp **** {
 185:funsape/peripheral/timer0.cpp ****     // Mark passage for debugging purpose
 186:funsape/peripheral/timer0.cpp ****     debugMark(PSTR("Timer0::setMode(const Timer0::Mode)"), Debug::CodeIndex::TIMER0_MODULE);
 187:funsape/peripheral/timer0.cpp **** 
 188:funsape/peripheral/timer0.cpp ****     // Local variables
 189:funsape/peripheral/timer0.cpp ****     uint8_t auxTccr0A = MCU_TIMER0_CTRL_A_REG;
 190:funsape/peripheral/timer0.cpp ****     uint8_t auxTccr0B = MCU_TIMER0_CTRL_B_REG;
 191:funsape/peripheral/timer0.cpp ****     uint8_t aux8 = 0;
 192:funsape/peripheral/timer0.cpp **** 
 193:funsape/peripheral/timer0.cpp ****     // Configure mode
 194:funsape/peripheral/timer0.cpp ****     aux8 = (uint8_t)mode_p;
 195:funsape/peripheral/timer0.cpp ****     clrMaskOffset(auxTccr0A, MCU_TIMER0_MODE_BIT_0_MASK, MCU_TIMER0_MODE_BIT_0_POS);
 196:funsape/peripheral/timer0.cpp ****     clrMaskOffset(auxTccr0B, MCU_TIMER0_MODE_BIT_2_MASK, MCU_TIMER0_MODE_BIT_2_POS);
 197:funsape/peripheral/timer0.cpp ****     setMaskOffset(auxTccr0A, (aux8 & 0x03), MCU_TIMER0_MODE_BIT_0_POS);
 198:funsape/peripheral/timer0.cpp ****     setMaskOffset(auxTccr0B, (aux8 >> 2), MCU_TIMER0_MODE_BIT_2_POS);
 199:funsape/peripheral/timer0.cpp **** 
 200:funsape/peripheral/timer0.cpp ****     // Update registers
 201:funsape/peripheral/timer0.cpp ****     MCU_TIMER0_CTRL_A_REG          = auxTccr0A;
 202:funsape/peripheral/timer0.cpp ****     MCU_TIMER0_CTRL_B_REG          = auxTccr0B;
 203:funsape/peripheral/timer0.cpp **** 
 204:funsape/peripheral/timer0.cpp ****     // Update class members
 205:funsape/peripheral/timer0.cpp ****     this->_mode     = mode_p;
 206:funsape/peripheral/timer0.cpp **** 
 207:funsape/peripheral/timer0.cpp ****     // Returns successfully
 208:funsape/peripheral/timer0.cpp ****     this->_lastError = Error::NONE;
 209:funsape/peripheral/timer0.cpp ****     debugMessage(Error::NONE, Debug::CodeIndex::TIMER0_MODULE);
 210:funsape/peripheral/timer0.cpp ****     return true;
 211:funsape/peripheral/timer0.cpp **** }
 212:funsape/peripheral/timer0.cpp **** 
 213:funsape/peripheral/timer0.cpp **** bool_t Timer0::setOutputMode(const Timer0::OutputMode compA_p, const Timer0::OutputMode compB_p)
 214:funsape/peripheral/timer0.cpp **** {
 215:funsape/peripheral/timer0.cpp ****     // Mark passage for debugging purpose
 216:funsape/peripheral/timer0.cpp ****     debugMark(PSTR("Timer0::setOutputMode(const Timer0::OutputMode, const Timer0::OutputMode)"),
 217:funsape/peripheral/timer0.cpp ****             Debug::CodeIndex::TIMER0_MODULE);
 218:funsape/peripheral/timer0.cpp **** 
 219:funsape/peripheral/timer0.cpp ****     // Local variables
 220:funsape/peripheral/timer0.cpp ****     uint8_t auxTccr0A = MCU_TIMER0_CTRL_A_REG;
 221:funsape/peripheral/timer0.cpp **** 
 222:funsape/peripheral/timer0.cpp ****     // Configure outputs
 223:funsape/peripheral/timer0.cpp ****     clrMaskOffset(auxTccr0A, MCU_TIMER0_OUTPUT_A_MODE_BIT_MASK, MCU_TIMER0_OUTPUT_A_MODE_BIT_POS);
 224:funsape/peripheral/timer0.cpp ****     setMaskOffset(auxTccr0A, ((uint8_t)compA_p), MCU_TIMER0_OUTPUT_A_MODE_BIT_POS);
GAS LISTING /tmp/ccAleHQb.s 			page 6


 225:funsape/peripheral/timer0.cpp ****     clrMaskOffset(auxTccr0A, MCU_TIMER0_OUTPUT_B_MODE_BIT_MASK, MCU_TIMER0_OUTPUT_B_MODE_BIT_POS);
 226:funsape/peripheral/timer0.cpp ****     setMaskOffset(auxTccr0A, ((uint8_t)compB_p), MCU_TIMER0_OUTPUT_B_MODE_BIT_POS);
 227:funsape/peripheral/timer0.cpp **** 
 228:funsape/peripheral/timer0.cpp ****     // Update registers
 229:funsape/peripheral/timer0.cpp ****     MCU_TIMER0_CTRL_A_REG          = auxTccr0A;
 230:funsape/peripheral/timer0.cpp **** 
 231:funsape/peripheral/timer0.cpp ****     // Returns successfully
 232:funsape/peripheral/timer0.cpp ****     this->_lastError = Error::NONE;
 233:funsape/peripheral/timer0.cpp ****     debugMessage(Error::NONE, Debug::CodeIndex::TIMER0_MODULE);
 234:funsape/peripheral/timer0.cpp ****     return true;
 235:funsape/peripheral/timer0.cpp **** }
 236:funsape/peripheral/timer0.cpp **** 
 237:funsape/peripheral/timer0.cpp **** // =============================================================================
 238:funsape/peripheral/timer0.cpp **** // Class own methods - Private
 239:funsape/peripheral/timer0.cpp **** // =============================================================================
 240:funsape/peripheral/timer0.cpp **** 
 241:funsape/peripheral/timer0.cpp **** // NONE
 242:funsape/peripheral/timer0.cpp **** 
 243:funsape/peripheral/timer0.cpp **** // =============================================================================
 244:funsape/peripheral/timer0.cpp **** // Class own methods - Protected
 245:funsape/peripheral/timer0.cpp **** // =============================================================================
 246:funsape/peripheral/timer0.cpp **** 
 247:funsape/peripheral/timer0.cpp **** // NONE
 248:funsape/peripheral/timer0.cpp **** 
 249:funsape/peripheral/timer0.cpp **** // =============================================================================
 250:funsape/peripheral/timer0.cpp **** // Static functions definitions
 251:funsape/peripheral/timer0.cpp **** // =============================================================================
 252:funsape/peripheral/timer0.cpp **** 
 253:funsape/peripheral/timer0.cpp **** // NONE
 254:funsape/peripheral/timer0.cpp **** 
 255:funsape/peripheral/timer0.cpp **** // =============================================================================
 256:funsape/peripheral/timer0.cpp **** // Interrupt callback functions
 257:funsape/peripheral/timer0.cpp **** // =============================================================================
 258:funsape/peripheral/timer0.cpp **** 
 259:funsape/peripheral/timer0.cpp **** void weakened timer0CompareACallback(void)
 260:funsape/peripheral/timer0.cpp **** {
 261:funsape/peripheral/timer0.cpp ****     return;
 262:funsape/peripheral/timer0.cpp **** }
 263:funsape/peripheral/timer0.cpp **** 
 264:funsape/peripheral/timer0.cpp **** void weakened timer0CompareBCallback(void)
 265:funsape/peripheral/timer0.cpp **** {
 266:funsape/peripheral/timer0.cpp ****     return;
 267:funsape/peripheral/timer0.cpp **** }
 268:funsape/peripheral/timer0.cpp **** 
 269:funsape/peripheral/timer0.cpp **** void weakened timer0OverflowCallback(void)
 270:funsape/peripheral/timer0.cpp **** {
 271:funsape/peripheral/timer0.cpp ****     return;
 272:funsape/peripheral/timer0.cpp **** }
 273:funsape/peripheral/timer0.cpp **** 
 274:funsape/peripheral/timer0.cpp **** // =============================================================================
 275:funsape/peripheral/timer0.cpp **** // Interrupt handlers
 276:funsape/peripheral/timer0.cpp **** // =============================================================================
 277:funsape/peripheral/timer0.cpp **** 
 278:funsape/peripheral/timer0.cpp **** //!
 279:funsape/peripheral/timer0.cpp **** //! @cond
 280:funsape/peripheral/timer0.cpp **** //!
 281:funsape/peripheral/timer0.cpp **** 
GAS LISTING /tmp/ccAleHQb.s 			page 7


 282:funsape/peripheral/timer0.cpp **** ISR(TIMER0_COMPA_vect)
 283:funsape/peripheral/timer0.cpp **** {
 284:funsape/peripheral/timer0.cpp ****     timer0CompareACallback();
 285:funsape/peripheral/timer0.cpp **** }
 286:funsape/peripheral/timer0.cpp **** 
 287:funsape/peripheral/timer0.cpp **** ISR(TIMER0_COMPB_vect)
 288:funsape/peripheral/timer0.cpp **** {
 289:funsape/peripheral/timer0.cpp ****     timer0CompareBCallback();
 290:funsape/peripheral/timer0.cpp **** }
 291:funsape/peripheral/timer0.cpp **** 
 292:funsape/peripheral/timer0.cpp **** ISR(TIMER0_OVF_vect)
 293:funsape/peripheral/timer0.cpp **** {
 294:funsape/peripheral/timer0.cpp ****     timer0OverflowCallback();
 295:funsape/peripheral/timer0.cpp **** }
  67               		.loc 1 295 0
  68               		.cfi_startproc
  69               	.LVL3:
  70               	/* prologue: function */
  71               	/* frame size = 0 */
  72               	/* stack size = 0 */
  73               	.L__stack_usage = 0
  74               		.loc 1 295 0
  75 0000 0197      		sbiw r24,1
  76 0002 01F0      		breq .L5
  77               	.LVL4:
  78               	.L3:
  79               	/* epilogue start */
  80 0004 0895      		ret
  81               	.LVL5:
  82               	.L5:
  83               		.loc 1 295 0 is_stmt 0 discriminator 1
  84 0006 6F3F      		cpi r22,-1
  85 0008 7F4F      		sbci r23,-1
  86               	.LVL6:
  87 000a 01F4      		brne .L3
  75:funsape/peripheral/timer0.cpp **** 
  88               		.loc 1 75 0 is_stmt 1
  89 000c 80E0      		ldi r24,lo8(_ZN6Timer09_instanceE)
  90 000e 90E0      		ldi r25,hi8(_ZN6Timer09_instanceE)
  91 0010 0E94 0000 		call _ZN6Timer0C1Ev
  92               	.LVL7:
  93               		.loc 1 295 0
  94 0014 00C0      		rjmp .L3
  95               		.cfi_endproc
  96               	.LFE99:
  98               		.section	.text._ZN6Timer04initENS_4ModeENS_11ClockSourceE,"ax",@progbits
  99               	.global	_ZN6Timer04initENS_4ModeENS_11ClockSourceE
 101               	_ZN6Timer04initENS_4ModeENS_11ClockSourceE:
 102               	.LFB89:
 125:funsape/peripheral/timer0.cpp ****     // Mark passage for debugging purpose
 103               		.loc 1 125 0
 104               		.cfi_startproc
 105               	.LVL8:
 106               	/* prologue: function */
 107               	/* frame size = 0 */
 108               	/* stack size = 0 */
 109               	.L__stack_usage = 0
GAS LISTING /tmp/ccAleHQb.s 			page 8


 110 0000 FC01      		movw r30,r24
 130:funsape/peripheral/timer0.cpp ****     uint8_t auxTccr0B   = MCU_TIMER0_CTRL_B_REG;
 111               		.loc 1 130 0
 112 0002 84B5      		in r24,0x24
 113               	.LVL9:
 131:funsape/peripheral/timer0.cpp ****     uint8_t aux8        = 0;
 114               		.loc 1 131 0
 115 0004 95B5      		in r25,0x25
 116               	.LVL10:
 136:funsape/peripheral/timer0.cpp ****     clrMaskOffset(auxTccr0B, MCU_TIMER0_MODE_BIT_2_MASK, MCU_TIMER0_MODE_BIT_2_POS);
 117               		.loc 1 136 0
 118 0006 8C7F      		andi r24,lo8(-4)
 119               	.LVL11:
 137:funsape/peripheral/timer0.cpp ****     setMaskOffset(auxTccr0A, (aux8 & 0x03), MCU_TIMER0_MODE_BIT_0_POS);
 120               		.loc 1 137 0
 121 0008 977F      		andi r25,lo8(-9)
 122               	.LVL12:
 138:funsape/peripheral/timer0.cpp ****     setMaskOffset(auxTccr0B, (aux8 >> 2), MCU_TIMER0_MODE_BIT_2_POS);
 123               		.loc 1 138 0
 124 000a 262F      		mov r18,r22
 125 000c 2370      		andi r18,lo8(3)
 126 000e 822B      		or r24,r18
 127               	.LVL13:
 139:funsape/peripheral/timer0.cpp ****     // Configure clock source
 128               		.loc 1 139 0
 129 0010 262F      		mov r18,r22
 130 0012 30E0      		ldi r19,0
 131 0014 3595      		asr r19
 132 0016 2795      		ror r18
 133 0018 3595      		asr r19
 134 001a 2795      		ror r18
 135 001c 220F      		lsl r18
 136 001e 331F      		rol r19
 137 0020 220F      		lsl r18
 138 0022 331F      		rol r19
 139 0024 220F      		lsl r18
 140 0026 331F      		rol r19
 141 0028 922B      		or r25,r18
 142               	.LVL14:
 141:funsape/peripheral/timer0.cpp ****     setMaskOffset(auxTccr0B, ((uint8_t)clockSource_p), MCU_TIMER0_CLOCK_BIT_POS);
 143               		.loc 1 141 0
 144 002a 987F      		andi r25,lo8(-8)
 145               	.LVL15:
 142:funsape/peripheral/timer0.cpp **** 
 146               		.loc 1 142 0
 147 002c 942B      		or r25,r20
 148               	.LVL16:
 145:funsape/peripheral/timer0.cpp ****     MCU_TIMER0_CTRL_B_REG          = auxTccr0B;
 149               		.loc 1 145 0
 150 002e 84BD      		out 0x24,r24
 146:funsape/peripheral/timer0.cpp **** 
 151               		.loc 1 146 0
 152 0030 95BD      		out 0x25,r25
 149:funsape/peripheral/timer0.cpp ****     this->_clockSource      = clockSource_p;
 153               		.loc 1 149 0
 154 0032 6483      		std Z+4,r22
 150:funsape/peripheral/timer0.cpp ****     this->_isInitialized    = true;
GAS LISTING /tmp/ccAleHQb.s 			page 9


 155               		.loc 1 150 0
 156 0034 4383      		std Z+3,r20
 151:funsape/peripheral/timer0.cpp **** 
 157               		.loc 1 151 0
 158 0036 8081      		ld r24,Z
 159               	.LVL17:
 160 0038 8160      		ori r24,lo8(1<<0)
 161 003a 8083      		st Z,r24
 154:funsape/peripheral/timer0.cpp ****     debugMessage(Error::NONE, Debug::CodeIndex::TIMER0_MODULE);
 162               		.loc 1 154 0
 163 003c 1282      		std Z+2,__zero_reg__
 164 003e 1182      		std Z+1,__zero_reg__
 165               	.LVL18:
 157:funsape/peripheral/timer0.cpp **** 
 166               		.loc 1 157 0
 167 0040 81E0      		ldi r24,lo8(1)
 168               	/* epilogue start */
 169 0042 0895      		ret
 170               		.cfi_endproc
 171               	.LFE89:
 173               		.section	.text._ZN6Timer014setClockSourceENS_11ClockSourceE,"ax",@progbits
 174               	.global	_ZN6Timer014setClockSourceENS_11ClockSourceE
 176               	_ZN6Timer014setClockSourceENS_11ClockSourceE:
 177               	.LFB90:
 160:funsape/peripheral/timer0.cpp ****     // Mark passage for debugging purpose
 178               		.loc 1 160 0
 179               		.cfi_startproc
 180               	.LVL19:
 181               	/* prologue: function */
 182               	/* frame size = 0 */
 183               	/* stack size = 0 */
 184               	.L__stack_usage = 0
 185 0000 FC01      		movw r30,r24
 165:funsape/peripheral/timer0.cpp **** 
 186               		.loc 1 165 0
 187 0002 95B5      		in r25,0x25
 188               	.LVL20:
 168:funsape/peripheral/timer0.cpp ****     setMaskOffset(auxTccr0B, ((uint8_t)clockSource_p), MCU_TIMER0_CLOCK_BIT_POS);
 189               		.loc 1 168 0
 190 0004 987F      		andi r25,lo8(-8)
 191               	.LVL21:
 169:funsape/peripheral/timer0.cpp **** 
 192               		.loc 1 169 0
 193 0006 962B      		or r25,r22
 194               	.LVL22:
 172:funsape/peripheral/timer0.cpp **** 
 195               		.loc 1 172 0
 196 0008 95BD      		out 0x25,r25
 175:funsape/peripheral/timer0.cpp **** 
 197               		.loc 1 175 0
 198 000a 6383      		std Z+3,r22
 178:funsape/peripheral/timer0.cpp ****     debugMessage(Error::NONE, Debug::CodeIndex::TIMER0_MODULE);
 199               		.loc 1 178 0
 200 000c 1282      		std Z+2,__zero_reg__
 201 000e 1182      		std Z+1,__zero_reg__
 202               	.LVL23:
 181:funsape/peripheral/timer0.cpp **** 
GAS LISTING /tmp/ccAleHQb.s 			page 10


 203               		.loc 1 181 0
 204 0010 81E0      		ldi r24,lo8(1)
 205               	.LVL24:
 206               	/* epilogue start */
 207 0012 0895      		ret
 208               		.cfi_endproc
 209               	.LFE90:
 211               		.section	.text._ZN6Timer07setModeENS_4ModeE,"ax",@progbits
 212               	.global	_ZN6Timer07setModeENS_4ModeE
 214               	_ZN6Timer07setModeENS_4ModeE:
 215               	.LFB91:
 184:funsape/peripheral/timer0.cpp ****     // Mark passage for debugging purpose
 216               		.loc 1 184 0
 217               		.cfi_startproc
 218               	.LVL25:
 219               	/* prologue: function */
 220               	/* frame size = 0 */
 221               	/* stack size = 0 */
 222               	.L__stack_usage = 0
 223 0000 FC01      		movw r30,r24
 189:funsape/peripheral/timer0.cpp ****     uint8_t auxTccr0B = MCU_TIMER0_CTRL_B_REG;
 224               		.loc 1 189 0
 225 0002 24B5      		in r18,0x24
 226               	.LVL26:
 190:funsape/peripheral/timer0.cpp ****     uint8_t aux8 = 0;
 227               		.loc 1 190 0
 228 0004 95B5      		in r25,0x25
 229               	.LVL27:
 195:funsape/peripheral/timer0.cpp ****     clrMaskOffset(auxTccr0B, MCU_TIMER0_MODE_BIT_2_MASK, MCU_TIMER0_MODE_BIT_2_POS);
 230               		.loc 1 195 0
 231 0006 2C7F      		andi r18,lo8(-4)
 232               	.LVL28:
 196:funsape/peripheral/timer0.cpp ****     setMaskOffset(auxTccr0A, (aux8 & 0x03), MCU_TIMER0_MODE_BIT_0_POS);
 233               		.loc 1 196 0
 234 0008 977F      		andi r25,lo8(-9)
 235               	.LVL29:
 197:funsape/peripheral/timer0.cpp ****     setMaskOffset(auxTccr0B, (aux8 >> 2), MCU_TIMER0_MODE_BIT_2_POS);
 236               		.loc 1 197 0
 237 000a 862F      		mov r24,r22
 238               	.LVL30:
 239 000c 8370      		andi r24,lo8(3)
 240 000e 282B      		or r18,r24
 241               	.LVL31:
 198:funsape/peripheral/timer0.cpp **** 
 242               		.loc 1 198 0
 243 0010 462F      		mov r20,r22
 244 0012 50E0      		ldi r21,0
 245 0014 5595      		asr r21
 246 0016 4795      		ror r20
 247 0018 5595      		asr r21
 248 001a 4795      		ror r20
 249 001c 440F      		lsl r20
 250 001e 551F      		rol r21
 251 0020 440F      		lsl r20
 252 0022 551F      		rol r21
 253 0024 440F      		lsl r20
 254 0026 551F      		rol r21
GAS LISTING /tmp/ccAleHQb.s 			page 11


 255 0028 942B      		or r25,r20
 256               	.LVL32:
 201:funsape/peripheral/timer0.cpp ****     MCU_TIMER0_CTRL_B_REG          = auxTccr0B;
 257               		.loc 1 201 0
 258 002a 24BD      		out 0x24,r18
 202:funsape/peripheral/timer0.cpp **** 
 259               		.loc 1 202 0
 260 002c 95BD      		out 0x25,r25
 205:funsape/peripheral/timer0.cpp **** 
 261               		.loc 1 205 0
 262 002e 6483      		std Z+4,r22
 208:funsape/peripheral/timer0.cpp ****     debugMessage(Error::NONE, Debug::CodeIndex::TIMER0_MODULE);
 263               		.loc 1 208 0
 264 0030 1282      		std Z+2,__zero_reg__
 265 0032 1182      		std Z+1,__zero_reg__
 266               	.LVL33:
 211:funsape/peripheral/timer0.cpp **** 
 267               		.loc 1 211 0
 268 0034 81E0      		ldi r24,lo8(1)
 269               	/* epilogue start */
 270 0036 0895      		ret
 271               		.cfi_endproc
 272               	.LFE91:
 274               		.section	.text._ZN6Timer013setOutputModeENS_10OutputModeES0_,"ax",@progbits
 275               	.global	_ZN6Timer013setOutputModeENS_10OutputModeES0_
 277               	_ZN6Timer013setOutputModeENS_10OutputModeES0_:
 278               	.LFB92:
 214:funsape/peripheral/timer0.cpp ****     // Mark passage for debugging purpose
 279               		.loc 1 214 0
 280               		.cfi_startproc
 281               	.LVL34:
 282               	/* prologue: function */
 283               	/* frame size = 0 */
 284               	/* stack size = 0 */
 285               	.L__stack_usage = 0
 220:funsape/peripheral/timer0.cpp **** 
 286               		.loc 1 220 0
 287 0000 24B5      		in r18,0x24
 288               	.LVL35:
 223:funsape/peripheral/timer0.cpp ****     setMaskOffset(auxTccr0A, ((uint8_t)compA_p), MCU_TIMER0_OUTPUT_A_MODE_BIT_POS);
 289               		.loc 1 223 0
 290 0002 2F73      		andi r18,lo8(63)
 291               	.LVL36:
 224:funsape/peripheral/timer0.cpp ****     clrMaskOffset(auxTccr0A, MCU_TIMER0_OUTPUT_B_MODE_BIT_MASK, MCU_TIMER0_OUTPUT_B_MODE_BIT_POS);
 292               		.loc 1 224 0
 293 0004 6295      		swap r22
 294               	.LVL37:
 295 0006 660F      		lsl r22
 296 0008 660F      		lsl r22
 297 000a 607C      		andi r22,lo8(-64)
 298 000c 622B      		or r22,r18
 299               	.LVL38:
 225:funsape/peripheral/timer0.cpp ****     setMaskOffset(auxTccr0A, ((uint8_t)compB_p), MCU_TIMER0_OUTPUT_B_MODE_BIT_POS);
 300               		.loc 1 225 0
 301 000e 6F7C      		andi r22,lo8(-49)
 302               	.LVL39:
 226:funsape/peripheral/timer0.cpp **** 
GAS LISTING /tmp/ccAleHQb.s 			page 12


 303               		.loc 1 226 0
 304 0010 20E1      		ldi r18,lo8(16)
 305 0012 429F      		mul r20,r18
 306 0014 A001      		movw r20,r0
 307 0016 1124      		clr __zero_reg__
 308               	.LVL40:
 309 0018 462B      		or r20,r22
 310               	.LVL41:
 229:funsape/peripheral/timer0.cpp **** 
 311               		.loc 1 229 0
 312 001a 44BD      		out 0x24,r20
 232:funsape/peripheral/timer0.cpp ****     debugMessage(Error::NONE, Debug::CodeIndex::TIMER0_MODULE);
 313               		.loc 1 232 0
 314 001c FC01      		movw r30,r24
 315 001e 1282      		std Z+2,__zero_reg__
 316 0020 1182      		std Z+1,__zero_reg__
 317               	.LVL42:
 235:funsape/peripheral/timer0.cpp **** 
 318               		.loc 1 235 0
 319 0022 81E0      		ldi r24,lo8(1)
 320               	.LVL43:
 321               	/* epilogue start */
 322 0024 0895      		ret
 323               		.cfi_endproc
 324               	.LFE92:
 326               		.section	.text._Z22timer0CompareACallbackv,"ax",@progbits
 327               		.weak	_Z22timer0CompareACallbackv
 329               	_Z22timer0CompareACallbackv:
 330               	.LFB93:
 260:funsape/peripheral/timer0.cpp ****     return;
 331               		.loc 1 260 0
 332               		.cfi_startproc
 333               	/* prologue: function */
 334               	/* frame size = 0 */
 335               	/* stack size = 0 */
 336               	.L__stack_usage = 0
 337               	/* epilogue start */
 262:funsape/peripheral/timer0.cpp **** 
 338               		.loc 1 262 0
 339 0000 0895      		ret
 340               		.cfi_endproc
 341               	.LFE93:
 343               		.section	.text._Z22timer0CompareBCallbackv,"ax",@progbits
 344               		.weak	_Z22timer0CompareBCallbackv
 346               	_Z22timer0CompareBCallbackv:
 347               	.LFB94:
 265:funsape/peripheral/timer0.cpp ****     return;
 348               		.loc 1 265 0
 349               		.cfi_startproc
 350               	/* prologue: function */
 351               	/* frame size = 0 */
 352               	/* stack size = 0 */
 353               	.L__stack_usage = 0
 354               	/* epilogue start */
 267:funsape/peripheral/timer0.cpp **** 
 355               		.loc 1 267 0
 356 0000 0895      		ret
GAS LISTING /tmp/ccAleHQb.s 			page 13


 357               		.cfi_endproc
 358               	.LFE94:
 360               		.section	.text._Z22timer0OverflowCallbackv,"ax",@progbits
 361               		.weak	_Z22timer0OverflowCallbackv
 363               	_Z22timer0OverflowCallbackv:
 364               	.LFB95:
 270:funsape/peripheral/timer0.cpp ****     return;
 365               		.loc 1 270 0
 366               		.cfi_startproc
 367               	/* prologue: function */
 368               	/* frame size = 0 */
 369               	/* stack size = 0 */
 370               	.L__stack_usage = 0
 371               	/* epilogue start */
 272:funsape/peripheral/timer0.cpp **** 
 372               		.loc 1 272 0
 373 0000 0895      		ret
 374               		.cfi_endproc
 375               	.LFE95:
 377               		.section	.text.__vector_14,"ax",@progbits
 378               	.global	__vector_14
 380               	__vector_14:
 381               	.LFB96:
 283:funsape/peripheral/timer0.cpp ****     timer0CompareACallback();
 382               		.loc 1 283 0
 383               		.cfi_startproc
 384 0000 1F92      		push r1
 385               	.LCFI0:
 386               		.cfi_def_cfa_offset 3
 387               		.cfi_offset 1, -2
 388 0002 0F92      		push r0
 389               	.LCFI1:
 390               		.cfi_def_cfa_offset 4
 391               		.cfi_offset 0, -3
 392 0004 0FB6      		in r0,__SREG__
 393 0006 0F92      		push r0
 394 0008 1124      		clr __zero_reg__
 395 000a 2F93      		push r18
 396               	.LCFI2:
 397               		.cfi_def_cfa_offset 5
 398               		.cfi_offset 18, -4
 399 000c 3F93      		push r19
 400               	.LCFI3:
 401               		.cfi_def_cfa_offset 6
 402               		.cfi_offset 19, -5
 403 000e 4F93      		push r20
 404               	.LCFI4:
 405               		.cfi_def_cfa_offset 7
 406               		.cfi_offset 20, -6
 407 0010 5F93      		push r21
 408               	.LCFI5:
 409               		.cfi_def_cfa_offset 8
 410               		.cfi_offset 21, -7
 411 0012 6F93      		push r22
 412               	.LCFI6:
 413               		.cfi_def_cfa_offset 9
 414               		.cfi_offset 22, -8
GAS LISTING /tmp/ccAleHQb.s 			page 14


 415 0014 7F93      		push r23
 416               	.LCFI7:
 417               		.cfi_def_cfa_offset 10
 418               		.cfi_offset 23, -9
 419 0016 8F93      		push r24
 420               	.LCFI8:
 421               		.cfi_def_cfa_offset 11
 422               		.cfi_offset 24, -10
 423 0018 9F93      		push r25
 424               	.LCFI9:
 425               		.cfi_def_cfa_offset 12
 426               		.cfi_offset 25, -11
 427 001a AF93      		push r26
 428               	.LCFI10:
 429               		.cfi_def_cfa_offset 13
 430               		.cfi_offset 26, -12
 431 001c BF93      		push r27
 432               	.LCFI11:
 433               		.cfi_def_cfa_offset 14
 434               		.cfi_offset 27, -13
 435 001e EF93      		push r30
 436               	.LCFI12:
 437               		.cfi_def_cfa_offset 15
 438               		.cfi_offset 30, -14
 439 0020 FF93      		push r31
 440               	.LCFI13:
 441               		.cfi_def_cfa_offset 16
 442               		.cfi_offset 31, -15
 443               	/* prologue: Signal */
 444               	/* frame size = 0 */
 445               	/* stack size = 15 */
 446               	.L__stack_usage = 15
 284:funsape/peripheral/timer0.cpp **** }
 447               		.loc 1 284 0
 448 0022 0E94 0000 		call _Z22timer0CompareACallbackv
 449               	.LVL44:
 450               	/* epilogue start */
 285:funsape/peripheral/timer0.cpp **** 
 451               		.loc 1 285 0
 452 0026 FF91      		pop r31
 453 0028 EF91      		pop r30
 454 002a BF91      		pop r27
 455 002c AF91      		pop r26
 456 002e 9F91      		pop r25
 457 0030 8F91      		pop r24
 458 0032 7F91      		pop r23
 459 0034 6F91      		pop r22
 460 0036 5F91      		pop r21
 461 0038 4F91      		pop r20
 462 003a 3F91      		pop r19
 463 003c 2F91      		pop r18
 464 003e 0F90      		pop r0
 465 0040 0FBE      		out __SREG__,r0
 466 0042 0F90      		pop r0
 467 0044 1F90      		pop r1
 468 0046 1895      		reti
 469               		.cfi_endproc
GAS LISTING /tmp/ccAleHQb.s 			page 15


 470               	.LFE96:
 472               		.section	.text.__vector_15,"ax",@progbits
 473               	.global	__vector_15
 475               	__vector_15:
 476               	.LFB97:
 288:funsape/peripheral/timer0.cpp ****     timer0CompareBCallback();
 477               		.loc 1 288 0
 478               		.cfi_startproc
 479 0000 1F92      		push r1
 480               	.LCFI14:
 481               		.cfi_def_cfa_offset 3
 482               		.cfi_offset 1, -2
 483 0002 0F92      		push r0
 484               	.LCFI15:
 485               		.cfi_def_cfa_offset 4
 486               		.cfi_offset 0, -3
 487 0004 0FB6      		in r0,__SREG__
 488 0006 0F92      		push r0
 489 0008 1124      		clr __zero_reg__
 490 000a 2F93      		push r18
 491               	.LCFI16:
 492               		.cfi_def_cfa_offset 5
 493               		.cfi_offset 18, -4
 494 000c 3F93      		push r19
 495               	.LCFI17:
 496               		.cfi_def_cfa_offset 6
 497               		.cfi_offset 19, -5
 498 000e 4F93      		push r20
 499               	.LCFI18:
 500               		.cfi_def_cfa_offset 7
 501               		.cfi_offset 20, -6
 502 0010 5F93      		push r21
 503               	.LCFI19:
 504               		.cfi_def_cfa_offset 8
 505               		.cfi_offset 21, -7
 506 0012 6F93      		push r22
 507               	.LCFI20:
 508               		.cfi_def_cfa_offset 9
 509               		.cfi_offset 22, -8
 510 0014 7F93      		push r23
 511               	.LCFI21:
 512               		.cfi_def_cfa_offset 10
 513               		.cfi_offset 23, -9
 514 0016 8F93      		push r24
 515               	.LCFI22:
 516               		.cfi_def_cfa_offset 11
 517               		.cfi_offset 24, -10
 518 0018 9F93      		push r25
 519               	.LCFI23:
 520               		.cfi_def_cfa_offset 12
 521               		.cfi_offset 25, -11
 522 001a AF93      		push r26
 523               	.LCFI24:
 524               		.cfi_def_cfa_offset 13
 525               		.cfi_offset 26, -12
 526 001c BF93      		push r27
 527               	.LCFI25:
GAS LISTING /tmp/ccAleHQb.s 			page 16


 528               		.cfi_def_cfa_offset 14
 529               		.cfi_offset 27, -13
 530 001e EF93      		push r30
 531               	.LCFI26:
 532               		.cfi_def_cfa_offset 15
 533               		.cfi_offset 30, -14
 534 0020 FF93      		push r31
 535               	.LCFI27:
 536               		.cfi_def_cfa_offset 16
 537               		.cfi_offset 31, -15
 538               	/* prologue: Signal */
 539               	/* frame size = 0 */
 540               	/* stack size = 15 */
 541               	.L__stack_usage = 15
 289:funsape/peripheral/timer0.cpp **** }
 542               		.loc 1 289 0
 543 0022 0E94 0000 		call _Z22timer0CompareBCallbackv
 544               	.LVL45:
 545               	/* epilogue start */
 290:funsape/peripheral/timer0.cpp **** 
 546               		.loc 1 290 0
 547 0026 FF91      		pop r31
 548 0028 EF91      		pop r30
 549 002a BF91      		pop r27
 550 002c AF91      		pop r26
 551 002e 9F91      		pop r25
 552 0030 8F91      		pop r24
 553 0032 7F91      		pop r23
 554 0034 6F91      		pop r22
 555 0036 5F91      		pop r21
 556 0038 4F91      		pop r20
 557 003a 3F91      		pop r19
 558 003c 2F91      		pop r18
 559 003e 0F90      		pop r0
 560 0040 0FBE      		out __SREG__,r0
 561 0042 0F90      		pop r0
 562 0044 1F90      		pop r1
 563 0046 1895      		reti
 564               		.cfi_endproc
 565               	.LFE97:
 567               		.section	.text.__vector_16,"ax",@progbits
 568               	.global	__vector_16
 570               	__vector_16:
 571               	.LFB98:
 293:funsape/peripheral/timer0.cpp ****     timer0OverflowCallback();
 572               		.loc 1 293 0
 573               		.cfi_startproc
 574 0000 1F92      		push r1
 575               	.LCFI28:
 576               		.cfi_def_cfa_offset 3
 577               		.cfi_offset 1, -2
 578 0002 0F92      		push r0
 579               	.LCFI29:
 580               		.cfi_def_cfa_offset 4
 581               		.cfi_offset 0, -3
 582 0004 0FB6      		in r0,__SREG__
 583 0006 0F92      		push r0
GAS LISTING /tmp/ccAleHQb.s 			page 17


 584 0008 1124      		clr __zero_reg__
 585 000a 2F93      		push r18
 586               	.LCFI30:
 587               		.cfi_def_cfa_offset 5
 588               		.cfi_offset 18, -4
 589 000c 3F93      		push r19
 590               	.LCFI31:
 591               		.cfi_def_cfa_offset 6
 592               		.cfi_offset 19, -5
 593 000e 4F93      		push r20
 594               	.LCFI32:
 595               		.cfi_def_cfa_offset 7
 596               		.cfi_offset 20, -6
 597 0010 5F93      		push r21
 598               	.LCFI33:
 599               		.cfi_def_cfa_offset 8
 600               		.cfi_offset 21, -7
 601 0012 6F93      		push r22
 602               	.LCFI34:
 603               		.cfi_def_cfa_offset 9
 604               		.cfi_offset 22, -8
 605 0014 7F93      		push r23
 606               	.LCFI35:
 607               		.cfi_def_cfa_offset 10
 608               		.cfi_offset 23, -9
 609 0016 8F93      		push r24
 610               	.LCFI36:
 611               		.cfi_def_cfa_offset 11
 612               		.cfi_offset 24, -10
 613 0018 9F93      		push r25
 614               	.LCFI37:
 615               		.cfi_def_cfa_offset 12
 616               		.cfi_offset 25, -11
 617 001a AF93      		push r26
 618               	.LCFI38:
 619               		.cfi_def_cfa_offset 13
 620               		.cfi_offset 26, -12
 621 001c BF93      		push r27
 622               	.LCFI39:
 623               		.cfi_def_cfa_offset 14
 624               		.cfi_offset 27, -13
 625 001e EF93      		push r30
 626               	.LCFI40:
 627               		.cfi_def_cfa_offset 15
 628               		.cfi_offset 30, -14
 629 0020 FF93      		push r31
 630               	.LCFI41:
 631               		.cfi_def_cfa_offset 16
 632               		.cfi_offset 31, -15
 633               	/* prologue: Signal */
 634               	/* frame size = 0 */
 635               	/* stack size = 15 */
 636               	.L__stack_usage = 15
 294:funsape/peripheral/timer0.cpp **** }
 637               		.loc 1 294 0
 638 0022 0E94 0000 		call _Z22timer0OverflowCallbackv
 639               	.LVL46:
GAS LISTING /tmp/ccAleHQb.s 			page 18


 640               	/* epilogue start */
 641               		.loc 1 295 0
 642 0026 FF91      		pop r31
 643 0028 EF91      		pop r30
 644 002a BF91      		pop r27
 645 002c AF91      		pop r26
 646 002e 9F91      		pop r25
 647 0030 8F91      		pop r24
 648 0032 7F91      		pop r23
 649 0034 6F91      		pop r22
 650 0036 5F91      		pop r21
 651 0038 4F91      		pop r20
 652 003a 3F91      		pop r19
 653 003c 2F91      		pop r18
 654 003e 0F90      		pop r0
 655 0040 0FBE      		out __SREG__,r0
 656 0042 0F90      		pop r0
 657 0044 1F90      		pop r1
 658 0046 1895      		reti
 659               		.cfi_endproc
 660               	.LFE98:
 662               		.section	.text._GLOBAL__sub_I__ZN6Timer09_instanceE,"ax",@progbits
 664               	_GLOBAL__sub_I__ZN6Timer09_instanceE:
 665               	.LFB100:
 666               		.loc 1 295 0
 667               		.cfi_startproc
 668               	/* prologue: function */
 669               	/* frame size = 0 */
 670               	/* stack size = 0 */
 671               	.L__stack_usage = 0
 672               		.loc 1 295 0
 673 0000 6FEF      		ldi r22,lo8(-1)
 674 0002 7FEF      		ldi r23,lo8(-1)
 675 0004 81E0      		ldi r24,lo8(1)
 676 0006 90E0      		ldi r25,0
 677 0008 0E94 0000 		call _Z41__static_initialization_and_destruction_0ii
 678               	.LVL47:
 679               	/* epilogue start */
 680 000c 0895      		ret
 681               		.cfi_endproc
 682               	.LFE100:
 684               		.global __do_global_ctors
 685               		.section .ctors,"a",@progbits
 686               		.p2align	1
 687 0000 0000      		.word	gs(_GLOBAL__sub_I__ZN6Timer09_instanceE)
 688               		.section	.text._GLOBAL__sub_D__ZN6Timer09_instanceE,"ax",@progbits
 690               	_GLOBAL__sub_D__ZN6Timer09_instanceE:
 691               	.LFB101:
 692               		.loc 1 295 0
 693               		.cfi_startproc
 694               	/* prologue: function */
 695               	/* frame size = 0 */
 696               	/* stack size = 0 */
 697               	.L__stack_usage = 0
 698               		.loc 1 295 0
 699 0000 6FEF      		ldi r22,lo8(-1)
 700 0002 7FEF      		ldi r23,lo8(-1)
GAS LISTING /tmp/ccAleHQb.s 			page 19


 701 0004 90E0      		ldi r25,0
 702 0006 80E0      		ldi r24,0
 703 0008 0E94 0000 		call _Z41__static_initialization_and_destruction_0ii
 704               	.LVL48:
 705               	/* epilogue start */
 706 000c 0895      		ret
 707               		.cfi_endproc
 708               	.LFE101:
 710               		.global __do_global_dtors
 711               		.section .dtors,"a",@progbits
 712               		.p2align	1
 713 0000 0000      		.word	gs(_GLOBAL__sub_D__ZN6Timer09_instanceE)
 714               	.global	_ZN6Timer09_instanceE
 715               		.section	.bss._ZN6Timer09_instanceE,"aw",@nobits
 718               	_ZN6Timer09_instanceE:
 719 0000 0000 0000 		.zero	5
 719      00
 720               		.text
 721               	.Letext0:
 722               		.file 2 "/usr/lib/avr/include/stdint.h"
 723               		.file 3 "funsape/peripheral/../config/atmega328p.hpp"
 724               		.file 4 "/usr/lib/avr/include/stdio.h"
 725               		.file 5 "funsape/peripheral/../globalDefines.hpp"
 726               		.file 6 "funsape/peripheral/../util/debug.hpp"
 727               		.file 7 "funsape/peripheral/timer0.hpp"
GAS LISTING /tmp/ccAleHQb.s 			page 20


DEFINED SYMBOLS
                            *ABS*:0000000000000000 timer0.cpp
     /tmp/ccAleHQb.s:2      *ABS*:000000000000003e __SP_H__
     /tmp/ccAleHQb.s:3      *ABS*:000000000000003d __SP_L__
     /tmp/ccAleHQb.s:4      *ABS*:000000000000003f __SREG__
     /tmp/ccAleHQb.s:5      *ABS*:0000000000000000 __tmp_reg__
     /tmp/ccAleHQb.s:6      *ABS*:0000000000000001 __zero_reg__
     /tmp/ccAleHQb.s:13     .text._ZN6Timer0C2Ev:0000000000000000 _ZN6Timer0C2Ev
     /tmp/ccAleHQb.s:13     .text._ZN6Timer0C2Ev:0000000000000000 _ZN6Timer0C1Ev
     /tmp/ccAleHQb.s:46     .text._ZN6Timer0D2Ev:0000000000000000 _ZN6Timer0D2Ev
     /tmp/ccAleHQb.s:46     .text._ZN6Timer0D2Ev:0000000000000000 _ZN6Timer0D1Ev
     /tmp/ccAleHQb.s:65     .text._Z41__static_initialization_and_destruction_0ii:0000000000000000 _Z41__static_initialization_and_destruction_0ii
     /tmp/ccAleHQb.s:718    .bss._ZN6Timer09_instanceE:0000000000000000 _ZN6Timer09_instanceE
     /tmp/ccAleHQb.s:101    .text._ZN6Timer04initENS_4ModeENS_11ClockSourceE:0000000000000000 _ZN6Timer04initENS_4ModeENS_11ClockSourceE
     /tmp/ccAleHQb.s:176    .text._ZN6Timer014setClockSourceENS_11ClockSourceE:0000000000000000 _ZN6Timer014setClockSourceENS_11ClockSourceE
     /tmp/ccAleHQb.s:214    .text._ZN6Timer07setModeENS_4ModeE:0000000000000000 _ZN6Timer07setModeENS_4ModeE
     /tmp/ccAleHQb.s:277    .text._ZN6Timer013setOutputModeENS_10OutputModeES0_:0000000000000000 _ZN6Timer013setOutputModeENS_10OutputModeES0_
     /tmp/ccAleHQb.s:329    .text._Z22timer0CompareACallbackv:0000000000000000 _Z22timer0CompareACallbackv
     /tmp/ccAleHQb.s:346    .text._Z22timer0CompareBCallbackv:0000000000000000 _Z22timer0CompareBCallbackv
     /tmp/ccAleHQb.s:363    .text._Z22timer0OverflowCallbackv:0000000000000000 _Z22timer0OverflowCallbackv
     /tmp/ccAleHQb.s:380    .text.__vector_14:0000000000000000 __vector_14
     /tmp/ccAleHQb.s:475    .text.__vector_15:0000000000000000 __vector_15
     /tmp/ccAleHQb.s:570    .text.__vector_16:0000000000000000 __vector_16
     /tmp/ccAleHQb.s:664    .text._GLOBAL__sub_I__ZN6Timer09_instanceE:0000000000000000 _GLOBAL__sub_I__ZN6Timer09_instanceE
     /tmp/ccAleHQb.s:690    .text._GLOBAL__sub_D__ZN6Timer09_instanceE:0000000000000000 _GLOBAL__sub_D__ZN6Timer09_instanceE

UNDEFINED SYMBOLS
__do_global_ctors
__do_global_dtors
__do_clear_bss
